#
# There is insufficient memory for the Java Runtime Environment to continue.
# Native memory allocation (malloc) failed to allocate 1611824 bytes. Error detail: Chunk::new
# Possible reasons:
#   The system is out of physical RAM or swap space
#   This process is running with CompressedOops enabled, and the Java Heap may be blocking the growth of the native heap
# Possible solutions:
#   Reduce memory load on the system
#   Increase physical memory or swap space
#   Check if swap backing store is full
#   Decrease Java heap size (-Xmx/-Xms)
#   Decrease number of Java threads
#   Decrease Java thread stack sizes (-Xss)
#   Set larger code cache with -XX:ReservedCodeCacheSize=
#   JVM is running with Unscaled Compressed Oops mode in which the Java heap is
#     placed in the first 4GB address space. The Java Heap base address is the
#     maximum limit for the native heap growth. Please use -XX:HeapBaseMinAddress
#     to set the Java Heap base and to place the Java Heap above 4GB virtual address.
# This output file may be truncated or incomplete.
#
#  Out of Memory Error (arena.cpp:191), pid=12976, tid=22148
#
# JRE version: OpenJDK Runtime Environment Microsoft-12574423 (17.0.17+10) (build 17.0.17+10-LTS)
# Java VM: OpenJDK 64-Bit Server VM Microsoft-12574423 (17.0.17+10-LTS, mixed mode, sharing, tiered, compressed oops, compressed class ptrs, g1 gc, windows-amd64)
# No core dump will be written. Minidumps are not enabled by default on client versions of Windows
#

---------------  S U M M A R Y ------------

Command Line: --module-path=C:\Users\HP\.m2\repository\org\openjfx\javafx-base\17.0.2\javafx-base-17.0.2-win.jar;C:\Users\HP\.m2\repository\org\openjfx\javafx-base\17.0.2\javafx-base-17.0.2.jar;C:\Users\HP\.m2\repository\org\openjfx\javafx-controls\17.0.2\javafx-controls-17.0.2-win.jar;C:\Users\HP\.m2\repository\org\openjfx\javafx-controls\17.0.2\javafx-controls-17.0.2.jar;C:\Users\HP\.m2\repository\org\openjfx\javafx-fxml\17.0.2\javafx-fxml-17.0.2-win.jar;C:\Users\HP\.m2\repository\org\openjfx\javafx-fxml\17.0.2\javafx-fxml-17.0.2.jar;C:\Users\HP\.m2\repository\org\openjfx\javafx-graphics\17.0.2\javafx-graphics-17.0.2-win.jar;C:\Users\HP\.m2\repository\org\openjfx\javafx-graphics\17.0.2\javafx-graphics-17.0.2.jar --add-modules=javafx.base,javafx.controls,javafx.fxml,javafx.graphics tech.HTECH.ui.AppJavaFX

Host: Intel(R) Core(TM) i5-1035G1 CPU @ 1.00GHz, 8 cores, 7G,  Windows 11 , 64 bit Build 22621 (10.0.22621.3235)
Time: Thu Feb  5 12:43:06 2026 Afr. centrale Ouest elapsed time: 5.305868 seconds (0d 0h 0m 5s)

---------------  T H R E A D  ---------------

Current thread (0x00000229f023f590):  JavaThread "C2 CompilerThread1" daemon [_thread_in_native, id=22148, stack(0x00000066c7e00000,0x00000066c7f00000)]


Current CompileTask:
C2:5306 3251       4       java.lang.CompoundEnumeration::next (58 bytes)

Stack: [0x00000066c7e00000,0x00000066c7f00000]
Native frames: (J=compiled Java code, j=interpreted, Vv=VM code, C=native code)
V  [jvm.dll+0x68c459]  (no source info available)
V  [jvm.dll+0x845e09]  (no source info available)
V  [jvm.dll+0x847b78]  (no source info available)
V  [jvm.dll+0x848203]  (no source info available)
V  [jvm.dll+0x24cf6f]  (no source info available)
V  [jvm.dll+0xaecb6]  (no source info available)
V  [jvm.dll+0xaf35c]  (no source info available)
V  [jvm.dll+0x37157e]  (no source info available)
V  [jvm.dll+0x1c0703]  (no source info available)
V  [jvm.dll+0x21e080]  (no source info available)
V  [jvm.dll+0x21d36d]  (no source info available)
V  [jvm.dll+0x1a8ce6]  (no source info available)
V  [jvm.dll+0x22db1b]  (no source info available)
V  [jvm.dll+0x22bca6]  (no source info available)
V  [jvm.dll+0x7fb65b]  (no source info available)
V  [jvm.dll+0x7f5a5c]  (no source info available)
V  [jvm.dll+0x68d9f7]  (no source info available)
C  [ucrtbase.dll+0x29363]  (no source info available)
C  [KERNEL32.DLL+0x1257d]  (no source info available)
C  [ntdll.dll+0x5aa58]  (no source info available)


---------------  P R O C E S S  ---------------

Threads class SMR info:
_java_thread_list=0x00000229f0e15b30, length=22, elements={
0x0000022986955ef0, 0x00000229a4c4bba0, 0x00000229a4c4d620, 0x00000229a4c60af0,
0x00000229a4c634c0, 0x00000229a4c6a060, 0x00000229a4c6b1c0, 0x00000229a4c6f3b0,
0x00000229a4c952c0, 0x00000229ea008810, 0x00000229ea11d470, 0x00000229ea274f10,
0x00000229ea737070, 0x00000229ea8127f0, 0x00000229ea81b850, 0x00000229ea9a2240,
0x00000229ea98d650, 0x00000229f0047480, 0x00000229f0cbfdc0, 0x00000229f0cc2130,
0x00000229f023f590, 0x00000229f0cc1c20
}

Java Threads: ( => current thread )
  0x0000022986955ef0 JavaThread "main" [_thread_blocked, id=20164, stack(0x00000066c5600000,0x00000066c5700000)]
  0x00000229a4c4bba0 JavaThread "Reference Handler" daemon [_thread_blocked, id=11540, stack(0x00000066c5d00000,0x00000066c5e00000)]
  0x00000229a4c4d620 JavaThread "Finalizer" daemon [_thread_blocked, id=2528, stack(0x00000066c5e00000,0x00000066c5f00000)]
  0x00000229a4c60af0 JavaThread "Signal Dispatcher" daemon [_thread_blocked, id=18292, stack(0x00000066c5f00000,0x00000066c6000000)]
  0x00000229a4c634c0 JavaThread "Attach Listener" daemon [_thread_blocked, id=1324, stack(0x00000066c6000000,0x00000066c6100000)]
  0x00000229a4c6a060 JavaThread "Service Thread" daemon [_thread_blocked, id=15828, stack(0x00000066c6100000,0x00000066c6200000)]
  0x00000229a4c6b1c0 JavaThread "Monitor Deflation Thread" daemon [_thread_blocked, id=1020, stack(0x00000066c6200000,0x00000066c6300000)]
  0x00000229a4c6f3b0 JavaThread "C2 CompilerThread0" daemon [_thread_in_native, id=7760, stack(0x00000066c6300000,0x00000066c6400000)]
  0x00000229a4c952c0 JavaThread "C1 CompilerThread0" daemon [_thread_in_native, id=15028, stack(0x00000066c6400000,0x00000066c6500000)]
  0x00000229ea008810 JavaThread "Sweeper thread" daemon [_thread_blocked, id=10452, stack(0x00000066c6500000,0x00000066c6600000)]
  0x00000229ea11d470 JavaThread "Common-Cleaner" daemon [_thread_blocked, id=168, stack(0x00000066c6600000,0x00000066c6700000)]
  0x00000229ea274f10 JavaThread "Notification Thread" daemon [_thread_blocked, id=21360, stack(0x00000066c6800000,0x00000066c6900000)]
  0x00000229ea737070 JavaThread "QuantumRenderer-0" daemon [_thread_in_native, id=7872, stack(0x00000066c6a00000,0x00000066c6b00000)]
  0x00000229ea8127f0 JavaThread "InvokeLaterDispatcher" daemon [_thread_blocked, id=14980, stack(0x00000066c6b00000,0x00000066c6c00000)]
  0x00000229ea81b850 JavaThread "JavaFX Application Thread" [_thread_blocked, id=18796, stack(0x00000066c6c00000,0x00000066c6d00000)]
  0x00000229ea9a2240 JavaThread "JavaFX-Launcher" [_thread_blocked, id=12808, stack(0x00000066c7100000,0x00000066c7200000)]
  0x00000229ea98d650 JavaThread "Thread-2" daemon [_thread_in_native, id=17716, stack(0x00000066c7000000,0x00000066c7100000)]
  0x00000229f0047480 JavaThread "Prism Font Disposer" daemon [_thread_blocked, id=2996, stack(0x00000066c7a00000,0x00000066c7b00000)]
  0x00000229f0cbfdc0 JavaThread "Cleaner-0" daemon [_thread_blocked, id=10528, stack(0x00000066c7d00000,0x00000066c7e00000)]
  0x00000229f0cc2130 JavaThread "Thread-3" [_thread_in_native, id=15656, stack(0x00000066c6700000,0x00000066c6800000)]
=>0x00000229f023f590 JavaThread "C2 CompilerThread1" daemon [_thread_in_native, id=22148, stack(0x00000066c7e00000,0x00000066c7f00000)]
  0x00000229f0cc1c20 JavaThread "JavaCPP Deallocator" daemon [_thread_blocked, id=11948, stack(0x00000066c8600000,0x00000066c8700000)]

Other Threads:
  0x00000229a4c46790 VMThread "VM Thread" [stack: 0x00000066c5c00000,0x00000066c5d00000] [id=6324]
  0x0000022986957190 WatcherThread [stack: 0x00000066c6900000,0x00000066c6a00000] [id=21536]
  0x00000229869b0200 GCTaskThread "GC Thread#0" [stack: 0x00000066c5700000,0x00000066c5800000] [id=21412]
  0x00000229ea7546e0 GCTaskThread "GC Thread#1" [stack: 0x00000066c7200000,0x00000066c7300000] [id=18876]
  0x00000229ea753600 GCTaskThread "GC Thread#2" [stack: 0x00000066c7300000,0x00000066c7400000] [id=21852]
  0x00000229ea7538d0 GCTaskThread "GC Thread#3" [stack: 0x00000066c7400000,0x00000066c7500000] [id=14372]
  0x00000229ea753060 GCTaskThread "GC Thread#4" [stack: 0x00000066c7500000,0x00000066c7600000] [id=5408]
  0x00000229ea753ba0 GCTaskThread "GC Thread#5" [stack: 0x00000066c7600000,0x00000066c7700000] [id=9960]
  0x00000229ea753e70 GCTaskThread "GC Thread#6" [stack: 0x00000066c7b00000,0x00000066c7c00000] [id=9436]
  0x00000229ea754140 GCTaskThread "GC Thread#7" [stack: 0x00000066c7c00000,0x00000066c7d00000] [id=15356]
  0x00000229869c0aa0 ConcurrentGCThread "G1 Main Marker" [stack: 0x00000066c5800000,0x00000066c5900000] [id=15448]
  0x00000229869c1c60 ConcurrentGCThread "G1 Conc#0" [stack: 0x00000066c5900000,0x00000066c5a00000] [id=4092]
  0x00000229f3e87100 ConcurrentGCThread "G1 Conc#1" [stack: 0x00000066c8700000,0x00000066c8800000] [id=12220]
  0x00000229a4afbdc0 ConcurrentGCThread "G1 Refine#0" [stack: 0x00000066c5a00000,0x00000066c5b00000] [id=6080]
  0x00000229a4afc610 ConcurrentGCThread "G1 Service" [stack: 0x00000066c5b00000,0x00000066c5c00000] [id=21976]

Threads with active compile tasks:
C2 CompilerThread0  5618 3379       4       jdk.internal.loader.URLClassPath$1::next (59 bytes)
C1 CompilerThread0  5618 4110       2       javafx.scene.Parent::doComputeGeomBounds (430 bytes)
C2 CompilerThread1  5619 3251       4       java.lang.CompoundEnumeration::next (58 bytes)

VM state: not at safepoint (normal execution)

VM Mutex/Monitor currently owned by a thread: None

Heap address: 0x0000000083600000, size: 1994 MB, Compressed Oops mode: 32-bit

CDS archive(s) mapped at: [0x00000229a5000000-0x00000229a5bb0000-0x00000229a5bb0000), size 12255232, SharedBaseAddress: 0x00000229a5000000, ArchiveRelocationMode: 1.
Compressed class space mapped at: 0x00000229a6000000-0x00000229e6000000, reserved size: 1073741824
Narrow klass base: 0x00000229a5000000, Narrow klass shift: 0, Narrow klass range: 0x100000000

GC Precious Log:
 CPUs: 8 total, 8 available
 Memory: 7973M
 Large Page Support: Disabled
 NUMA Support: Disabled
 Compressed Oops: Enabled (32-bit)
 Heap Region Size: 1M
 Heap Min Capacity: 8M
 Heap Initial Capacity: 126M
 Heap Max Capacity: 1994M
 Pre-touch: Disabled
 Parallel Workers: 8
 Concurrent Workers: 2
 Concurrent Refinement Workers: 8
 Periodic GC: Disabled

Heap:
 garbage-first heap   total 78848K, used 19939K [0x0000000083600000, 0x0000000100000000)
  region size 1024K, 3 young (3072K), 1 survivors (1024K)
 Metaspace       used 24150K, committed 24384K, reserved 1114112K
  class space    used 2945K, committed 3072K, reserved 1048576K

Heap Regions: E=young(eden), S=young(survivor), O=old, HS=humongous(starts), HC=humongous(continues), CS=collection set, F=free, OA=open archive, CA=closed archive, TAMS=top-at-mark-start (previous, next)
|   0|0x0000000083600000, 0x0000000083700000, 0x0000000083700000|100%| O|  |TAMS 0x0000000083700000, 0x0000000083600000| Untracked 
|   1|0x0000000083700000, 0x0000000083800000, 0x0000000083800000|100%| O|  |TAMS 0x0000000083800000, 0x0000000083700000| Untracked 
|   2|0x0000000083800000, 0x0000000083900000, 0x0000000083900000|100%| O|  |TAMS 0x0000000083900000, 0x0000000083800000| Untracked 
|   3|0x0000000083900000, 0x0000000083a00000, 0x0000000083a00000|100%| O|  |TAMS 0x0000000083a00000, 0x0000000083900000| Untracked 
|   4|0x0000000083a00000, 0x0000000083b00000, 0x0000000083b00000|100%|HS|  |TAMS 0x0000000083b00000, 0x0000000083a00000| Complete 
|   5|0x0000000083b00000, 0x0000000083c00000, 0x0000000083c00000|100%|HC|  |TAMS 0x0000000083c00000, 0x0000000083b00000| Complete 
|   6|0x0000000083c00000, 0x0000000083d00000, 0x0000000083d00000|100%| O|  |TAMS 0x0000000083d00000, 0x0000000083c00000| Untracked 
|   7|0x0000000083d00000, 0x0000000083e00000, 0x0000000083e00000|100%| O|  |TAMS 0x0000000083e00000, 0x0000000083d00000| Untracked 
|   8|0x0000000083e00000, 0x0000000083f00000, 0x0000000083f00000|100%| O|  |TAMS 0x0000000083f00000, 0x0000000083e00000| Untracked 
|   9|0x0000000083f00000, 0x0000000084000000, 0x0000000084000000|100%| O|  |TAMS 0x0000000084000000, 0x0000000083f00000| Untracked 
|  10|0x0000000084000000, 0x0000000084100000, 0x0000000084100000|100%| O|  |TAMS 0x00000000840c3600, 0x0000000084000000| Untracked 
|  11|0x0000000084100000, 0x0000000084200000, 0x0000000084200000|100%| O|  |TAMS 0x0000000084100000, 0x0000000084100000| Untracked 
|  12|0x0000000084200000, 0x0000000084300000, 0x0000000084300000|100%| O|  |TAMS 0x0000000084200000, 0x0000000084200000| Untracked 
|  13|0x0000000084300000, 0x0000000084400000, 0x0000000084400000|100%| O|  |TAMS 0x0000000084300000, 0x0000000084300000| Untracked 
|  14|0x0000000084400000, 0x0000000084500000, 0x0000000084500000|100%| O|  |TAMS 0x0000000084400000, 0x0000000084400000| Untracked 
|  15|0x0000000084500000, 0x0000000084600000, 0x0000000084600000|100%| O|  |TAMS 0x0000000084500000, 0x0000000084500000| Untracked 
|  16|0x0000000084600000, 0x000000008463c000, 0x0000000084700000| 23%| O|  |TAMS 0x0000000084600000, 0x0000000084600000| Untracked 
|  17|0x0000000084700000, 0x0000000084800000, 0x0000000084800000|100%| O|  |TAMS 0x0000000084700000, 0x0000000084700000| Untracked 
|  18|0x0000000084800000, 0x0000000084900000, 0x0000000084900000|100%| O|  |TAMS 0x0000000084800000, 0x0000000084800000| Untracked 
|  19|0x0000000084900000, 0x0000000084900000, 0x0000000084a00000|  0%| F|  |TAMS 0x0000000084900000, 0x0000000084900000| Untracked 
|  20|0x0000000084a00000, 0x0000000084a00000, 0x0000000084b00000|  0%| F|  |TAMS 0x0000000084a00000, 0x0000000084a00000| Untracked 
|  21|0x0000000084b00000, 0x0000000084b00000, 0x0000000084c00000|  0%| F|  |TAMS 0x0000000084b00000, 0x0000000084b00000| Untracked 
|  22|0x0000000084c00000, 0x0000000084c00000, 0x0000000084d00000|  0%| F|  |TAMS 0x0000000084c00000, 0x0000000084c00000| Untracked 
|  23|0x0000000084d00000, 0x0000000084d00000, 0x0000000084e00000|  0%| F|  |TAMS 0x0000000084d00000, 0x0000000084d00000| Untracked 
|  24|0x0000000084e00000, 0x0000000084e00000, 0x0000000084f00000|  0%| F|  |TAMS 0x0000000084e00000, 0x0000000084e00000| Untracked 
|  25|0x0000000084f00000, 0x0000000084f00000, 0x0000000085000000|  0%| F|  |TAMS 0x0000000084f00000, 0x0000000084f00000| Untracked 
|  26|0x0000000085000000, 0x0000000085000000, 0x0000000085100000|  0%| F|  |TAMS 0x0000000085000000, 0x0000000085000000| Untracked 
|  27|0x0000000085100000, 0x0000000085100000, 0x0000000085200000|  0%| F|  |TAMS 0x0000000085100000, 0x0000000085100000| Untracked 
|  28|0x0000000085200000, 0x0000000085200000, 0x0000000085300000|  0%| F|  |TAMS 0x0000000085200000, 0x0000000085200000| Untracked 
|  29|0x0000000085300000, 0x0000000085300000, 0x0000000085400000|  0%| F|  |TAMS 0x0000000085300000, 0x0000000085300000| Untracked 
|  30|0x0000000085400000, 0x0000000085400000, 0x0000000085500000|  0%| F|  |TAMS 0x0000000085400000, 0x0000000085400000| Untracked 
|  31|0x0000000085500000, 0x0000000085500000, 0x0000000085600000|  0%| F|  |TAMS 0x0000000085500000, 0x0000000085500000| Untracked 
|  32|0x0000000085600000, 0x0000000085600000, 0x0000000085700000|  0%| F|  |TAMS 0x0000000085600000, 0x0000000085600000| Untracked 
|  33|0x0000000085700000, 0x0000000085700000, 0x0000000085800000|  0%| F|  |TAMS 0x0000000085700000, 0x0000000085700000| Untracked 
|  34|0x0000000085800000, 0x0000000085800000, 0x0000000085900000|  0%| F|  |TAMS 0x0000000085800000, 0x0000000085800000| Untracked 
|  35|0x0000000085900000, 0x0000000085900000, 0x0000000085a00000|  0%| F|  |TAMS 0x0000000085900000, 0x0000000085900000| Untracked 
|  36|0x0000000085a00000, 0x0000000085a00000, 0x0000000085b00000|  0%| F|  |TAMS 0x0000000085a00000, 0x0000000085a00000| Untracked 
|  37|0x0000000085b00000, 0x0000000085b00000, 0x0000000085c00000|  0%| F|  |TAMS 0x0000000085b00000, 0x0000000085b00000| Untracked 
|  38|0x0000000085c00000, 0x0000000085c00000, 0x0000000085d00000|  0%| F|  |TAMS 0x0000000085c00000, 0x0000000085c00000| Untracked 
|  39|0x0000000085d00000, 0x0000000085d00000, 0x0000000085e00000|  0%| F|  |TAMS 0x0000000085d00000, 0x0000000085d00000| Untracked 
|  40|0x0000000085e00000, 0x0000000085e00000, 0x0000000085f00000|  0%| F|  |TAMS 0x0000000085e00000, 0x0000000085e00000| Untracked 
|  41|0x0000000085f00000, 0x0000000085f00000, 0x0000000086000000|  0%| F|  |TAMS 0x0000000085f00000, 0x0000000085f00000| Untracked 
|  42|0x0000000086000000, 0x0000000086000000, 0x0000000086100000|  0%| F|  |TAMS 0x0000000086000000, 0x0000000086000000| Untracked 
|  43|0x0000000086100000, 0x0000000086100000, 0x0000000086200000|  0%| F|  |TAMS 0x0000000086100000, 0x0000000086100000| Untracked 
|  44|0x0000000086200000, 0x0000000086200000, 0x0000000086300000|  0%| F|  |TAMS 0x0000000086200000, 0x0000000086200000| Untracked 
|  45|0x0000000086300000, 0x0000000086300000, 0x0000000086400000|  0%| F|  |TAMS 0x0000000086300000, 0x0000000086300000| Untracked 
|  46|0x0000000086400000, 0x0000000086400000, 0x0000000086500000|  0%| F|  |TAMS 0x0000000086400000, 0x0000000086400000| Untracked 
|  47|0x0000000086500000, 0x0000000086500000, 0x0000000086600000|  0%| F|  |TAMS 0x0000000086500000, 0x0000000086500000| Untracked 
|  48|0x0000000086600000, 0x0000000086600000, 0x0000000086700000|  0%| F|  |TAMS 0x0000000086600000, 0x0000000086600000| Untracked 
|  49|0x0000000086700000, 0x0000000086700000, 0x0000000086800000|  0%| F|  |TAMS 0x0000000086700000, 0x0000000086700000| Untracked 
|  50|0x0000000086800000, 0x0000000086800000, 0x0000000086900000|  0%| F|  |TAMS 0x0000000086800000, 0x0000000086800000| Untracked 
|  51|0x0000000086900000, 0x0000000086900000, 0x0000000086a00000|  0%| F|  |TAMS 0x0000000086900000, 0x0000000086900000| Untracked 
|  52|0x0000000086a00000, 0x0000000086a00000, 0x0000000086b00000|  0%| F|  |TAMS 0x0000000086a00000, 0x0000000086a00000| Untracked 
|  53|0x0000000086b00000, 0x0000000086b00000, 0x0000000086c00000|  0%| F|  |TAMS 0x0000000086b00000, 0x0000000086b00000| Untracked 
|  54|0x0000000086c00000, 0x0000000086c00000, 0x0000000086d00000|  0%| F|  |TAMS 0x0000000086c00000, 0x0000000086c00000| Untracked 
|  55|0x0000000086d00000, 0x0000000086d00000, 0x0000000086e00000|  0%| F|  |TAMS 0x0000000086d00000, 0x0000000086d00000| Untracked 
|  56|0x0000000086e00000, 0x0000000086e00000, 0x0000000086f00000|  0%| F|  |TAMS 0x0000000086e00000, 0x0000000086e00000| Untracked 
|  57|0x0000000086f00000, 0x0000000086f00000, 0x0000000087000000|  0%| F|  |TAMS 0x0000000086f00000, 0x0000000086f00000| Untracked 
|  58|0x0000000087000000, 0x0000000087000000, 0x0000000087100000|  0%| F|  |TAMS 0x0000000087000000, 0x0000000087000000| Untracked 
|  59|0x0000000087100000, 0x0000000087100000, 0x0000000087200000|  0%| F|  |TAMS 0x0000000087100000, 0x0000000087100000| Untracked 
|  60|0x0000000087200000, 0x0000000087200000, 0x0000000087300000|  0%| F|  |TAMS 0x0000000087200000, 0x0000000087200000| Untracked 
|  61|0x0000000087300000, 0x0000000087300000, 0x0000000087400000|  0%| F|  |TAMS 0x0000000087300000, 0x0000000087300000| Untracked 
|  62|0x0000000087400000, 0x0000000087400000, 0x0000000087500000|  0%| F|  |TAMS 0x0000000087400000, 0x0000000087400000| Untracked 
|  63|0x0000000087500000, 0x0000000087500000, 0x0000000087600000|  0%| F|  |TAMS 0x0000000087500000, 0x0000000087500000| Untracked 
|  64|0x0000000087600000, 0x0000000087600000, 0x0000000087700000|  0%| F|  |TAMS 0x0000000087600000, 0x0000000087600000| Untracked 
|  65|0x0000000087700000, 0x0000000087700000, 0x0000000087800000|  0%| F|  |TAMS 0x0000000087700000, 0x0000000087700000| Untracked 
|  66|0x0000000087800000, 0x0000000087800000, 0x0000000087900000|  0%| F|  |TAMS 0x0000000087800000, 0x0000000087800000| Untracked 
|  67|0x0000000087900000, 0x0000000087900000, 0x0000000087a00000|  0%| F|  |TAMS 0x0000000087900000, 0x0000000087900000| Untracked 
|  68|0x0000000087a00000, 0x0000000087a00000, 0x0000000087b00000|  0%| F|  |TAMS 0x0000000087a00000, 0x0000000087a00000| Untracked 
|  69|0x0000000087b00000, 0x0000000087b00000, 0x0000000087c00000|  0%| F|  |TAMS 0x0000000087b00000, 0x0000000087b00000| Untracked 
|  70|0x0000000087c00000, 0x0000000087c00000, 0x0000000087d00000|  0%| F|  |TAMS 0x0000000087c00000, 0x0000000087c00000| Untracked 
| 115|0x000000008a900000, 0x000000008a900000, 0x000000008aa00000|  0%| F|  |TAMS 0x000000008a900000, 0x000000008a900000| Untracked 
| 116|0x000000008aa00000, 0x000000008aa00000, 0x000000008ab00000|  0%| F|  |TAMS 0x000000008aa00000, 0x000000008aa00000| Untracked 
| 117|0x000000008ab00000, 0x000000008ab80000, 0x000000008ac00000| 50%| E|  |TAMS 0x000000008ab00000, 0x000000008ab00000| Complete 
| 118|0x000000008ac00000, 0x000000008ad00000, 0x000000008ad00000|100%| E|CS|TAMS 0x000000008ac00000, 0x000000008ac00000| Complete 
| 119|0x000000008ad00000, 0x000000008ad3cda0, 0x000000008ae00000| 23%| S|CS|TAMS 0x000000008ad00000, 0x000000008ad00000| Complete 
| 125|0x000000008b300000, 0x000000008b400000, 0x000000008b400000|100%| E|CS|TAMS 0x000000008b300000, 0x000000008b300000| Complete 

Card table byte_map: [0x000002299dbd0000,0x000002299dfc0000] _byte_map_base: 0x000002299d7b5000

Marking Bits (Prev, Next): (CMBitMap*) 0x00000229869b0870, (CMBitMap*) 0x00000229869b0830
 Prev Bits: [0x00000229a02e0000, 0x00000229a2208000)
 Next Bits: [0x000002299e3b0000, 0x00000229a02d8000)

Polling page: 0x00000229845f0000

Metaspace:

Usage:
  Non-class:     20.71 MB used.
      Class:      2.88 MB used.
       Both:     23.59 MB used.

Virtual space:
  Non-class space:       64.00 MB reserved,      20.81 MB ( 33%) committed,  1 nodes.
      Class space:        1.00 GB reserved,       3.00 MB ( <1%) committed,  1 nodes.
             Both:        1.06 GB reserved,      23.81 MB (  2%) committed. 

Chunk freelists:
   Non-Class:  11.12 MB
       Class:  12.94 MB
        Both:  24.07 MB

MaxMetaspaceSize: unlimited
CompressedClassSpaceSize: 1.00 GB
Initial GC threshold: 21.00 MB
Current GC threshold: 37.62 MB
CDS: on
MetaspaceReclaimPolicy: balanced
 - commit_granule_bytes: 65536.
 - commit_granule_words: 8192.
 - virtual_space_node_default_size: 8388608.
 - enlarge_chunks_in_place: 1.
 - new_chunks_are_fully_committed: 0.
 - uncommit_free_chunks: 1.
 - use_allocation_guard: 0.
 - handle_deallocations: 1.


Internal statistics:

num_allocs_failed_limit: 17.
num_arena_births: 228.
num_arena_deaths: 0.
num_vsnodes_births: 2.
num_vsnodes_deaths: 0.
num_space_committed: 379.
num_space_uncommitted: 0.
num_chunks_returned_to_freelist: 17.
num_chunks_taken_from_freelist: 1017.
num_chunk_merges: 17.
num_chunk_splits: 767.
num_chunks_enlarged: 621.
num_inconsistent_stats: 0.

CodeHeap 'non-profiled nmethods': size=120000Kb used=1563Kb max_used=1563Kb free=118436Kb
 bounds [0x0000022995f80000, 0x00000229961f0000, 0x000002299d4b0000]
CodeHeap 'profiled nmethods': size=120000Kb used=8208Kb max_used=8208Kb free=111791Kb
 bounds [0x000002298e4b0000, 0x000002298ecc0000, 0x00000229959e0000]
CodeHeap 'non-nmethods': size=5760Kb used=1915Kb max_used=1915Kb free=3844Kb
 bounds [0x00000229959e0000, 0x0000022995c50000, 0x0000022995f80000]
 total_blobs=5396 nmethods=4059 adapters=1249
 compilation: enabled
              stopped_count=0, restarted_count=0
 full_count=0

Compilation events (20 events):
Event: 5.292 Thread 0x00000229a4c952c0 3799       2       java.io.File::getName (42 bytes)
Event: 5.293 Thread 0x00000229a4c952c0 nmethod 3799 0x000002298ec1e390 code [0x000002298ec1e560, 0x000002298ec1e7d8]
Event: 5.293 Thread 0x00000229a4c952c0 3800       2       jdk.internal.loader.NativeLibraries::loadLibrary (55 bytes)
Event: 5.294 Thread 0x00000229a4c952c0 nmethod 3800 0x000002298ec1ea10 code [0x000002298ec1ec00, 0x000002298ec1ef98]
Event: 5.294 Thread 0x00000229a4c952c0 3801       2       jdk.internal.loader.NativeLibraries$1::<init> (15 bytes)
Event: 5.294 Thread 0x00000229a4c952c0 nmethod 3801 0x000002298ec1f190 code [0x000002298ec1f320, 0x000002298ec1f4d8]
Event: 5.294 Thread 0x00000229a4c952c0 3803   !   2       jdk.internal.loader.NativeLibraries$1::run (29 bytes)
Event: 5.294 Thread 0x00000229a4c952c0 nmethod 3803 0x000002298ec1f590 code [0x000002298ec1f7a0, 0x000002298ec1fb68]
Event: 5.294 Thread 0x00000229a4c952c0 3802       2       jdk.internal.loader.NativeLibraries$1::run (5 bytes)
Event: 5.295 Thread 0x00000229a4c952c0 nmethod 3802 0x000002298ec1ff10 code [0x000002298ec20100, 0x000002298ec20408]
Event: 5.295 Thread 0x00000229a4c952c0 3794       1       com.sun.javafx.sg.prism.NGNode::isDepthTest (5 bytes)
Event: 5.295 Thread 0x00000229a4c952c0 nmethod 3794 0x00000229960f6210 code [0x00000229960f63a0, 0x00000229960f6478]
Event: 5.295 Thread 0x00000229a4c952c0 3796       1       com.sun.prism.impl.BaseContext::getPerspectiveTransformNoClone (5 bytes)
Event: 5.295 Thread 0x00000229a4c952c0 nmethod 3796 0x00000229960f6510 code [0x00000229960f66a0, 0x00000229960f6778]
Event: 5.295 Thread 0x00000229a4c952c0 3798       1       com.sun.javafx.sg.prism.NGNode::getEffectFilter (5 bytes)
Event: 5.295 Thread 0x00000229a4c952c0 nmethod 3798 0x00000229960f6810 code [0x00000229960f69a0, 0x00000229960f6a78]
Event: 5.302 Thread 0x00000229a4c952c0 3805       2       com.sun.javafx.sg.prism.NGGroup::getOrderedChildren (22 bytes)
Event: 5.303 Thread 0x00000229a4c952c0 nmethod 3805 0x000002298ec20690 code [0x000002298ec20840, 0x000002298ec209a8]
Event: 5.303 Thread 0x00000229a4c952c0 3806       2       com.sun.prism.impl.BaseGraphics::validateTransformAndPaint (71 bytes)
Event: 5.303 Thread 0x00000229a4c952c0 nmethod 3806 0x000002298ec20a90 code [0x000002298ec20c40, 0x000002298ec20e28]

GC Heap History (12 events):
Event: 0.798 GC heap before
{Heap before GC invocations=0 (full 0):
 garbage-first heap   total 129024K, used 22528K [0x0000000083600000, 0x0000000100000000)
  region size 1024K, 23 young (23552K), 0 survivors (0K)
 Metaspace       used 4354K, committed 4544K, reserved 1114112K
  class space    used 493K, committed 576K, reserved 1048576K
}
Event: 0.801 GC heap after
{Heap after GC invocations=1 (full 0):
 garbage-first heap   total 129024K, used 3296K [0x0000000083600000, 0x0000000100000000)
  region size 1024K, 3 young (3072K), 3 survivors (3072K)
 Metaspace       used 4354K, committed 4544K, reserved 1114112K
  class space    used 493K, committed 576K, reserved 1048576K
}
Event: 1.531 GC heap before
{Heap before GC invocations=1 (full 0):
 garbage-first heap   total 129024K, used 35040K [0x0000000083600000, 0x0000000100000000)
  region size 1024K, 35 young (35840K), 3 survivors (3072K)
 Metaspace       used 12284K, committed 12544K, reserved 1114112K
  class space    used 1721K, committed 1856K, reserved 1048576K
}
Event: 1.538 GC heap after
{Heap after GC invocations=2 (full 0):
 garbage-first heap   total 129024K, used 8867K [0x0000000083600000, 0x0000000100000000)
  region size 1024K, 5 young (5120K), 5 survivors (5120K)
 Metaspace       used 12284K, committed 12544K, reserved 1114112K
  class space    used 1721K, committed 1856K, reserved 1048576K
}
Event: 4.314 GC heap before
{Heap before GC invocations=2 (full 0):
 garbage-first heap   total 129024K, used 77475K [0x0000000083600000, 0x0000000100000000)
  region size 1024K, 71 young (72704K), 5 survivors (5120K)
 Metaspace       used 17284K, committed 17536K, reserved 1114112K
  class space    used 2579K, committed 2688K, reserved 1048576K
}
Event: 4.321 GC heap after
{Heap after GC invocations=3 (full 0):
 garbage-first heap   total 129024K, used 14093K [0x0000000083600000, 0x0000000100000000)
  region size 1024K, 3 young (3072K), 3 survivors (3072K)
 Metaspace       used 17284K, committed 17536K, reserved 1114112K
  class space    used 2579K, committed 2688K, reserved 1048576K
}
Event: 4.695 GC heap before
{Heap before GC invocations=3 (full 0):
 garbage-first heap   total 129024K, used 87821K [0x0000000083600000, 0x0000000100000000)
  region size 1024K, 75 young (76800K), 3 survivors (3072K)
 Metaspace       used 18661K, committed 19008K, reserved 1114112K
  class space    used 2827K, committed 3008K, reserved 1048576K
}
Event: 4.699 GC heap after
{Heap after GC invocations=4 (full 0):
 garbage-first heap   total 129024K, used 16207K [0x0000000083600000, 0x0000000100000000)
  region size 1024K, 6 young (6144K), 6 survivors (6144K)
 Metaspace       used 18661K, committed 19008K, reserved 1114112K
  class space    used 2827K, committed 3008K, reserved 1048576K
}
Event: 5.019 GC heap before
{Heap before GC invocations=4 (full 0):
 garbage-first heap   total 129024K, used 86863K [0x0000000083600000, 0x0000000100000000)
  region size 1024K, 75 young (76800K), 6 survivors (6144K)
 Metaspace       used 18926K, committed 19200K, reserved 1114112K
  class space    used 2860K, committed 3008K, reserved 1048576K
}
Event: 5.023 GC heap after
{Heap after GC invocations=5 (full 0):
 garbage-first heap   total 129024K, used 17684K [0x0000000083600000, 0x0000000100000000)
  region size 1024K, 7 young (7168K), 7 survivors (7168K)
 Metaspace       used 18926K, committed 19200K, reserved 1114112K
  class space    used 2860K, committed 3008K, reserved 1048576K
}
Event: 5.095 GC heap before
{Heap before GC invocations=5 (full 0):
 garbage-first heap   total 129024K, used 27924K [0x0000000083600000, 0x0000000100000000)
  region size 1024K, 13 young (13312K), 7 survivors (7168K)
 Metaspace       used 21204K, committed 21504K, reserved 1114112K
  class space    used 2892K, committed 3072K, reserved 1048576K
}
Event: 5.099 GC heap after
{Heap after GC invocations=6 (full 0):
 garbage-first heap   total 129024K, used 21274K [0x0000000083600000, 0x0000000100000000)
  region size 1024K, 5 young (5120K), 5 survivors (5120K)
 Metaspace       used 21204K, committed 21504K, reserved 1114112K
  class space    used 2892K, committed 3072K, reserved 1048576K
}

Dll operation events (20 events):
Event: 4.529 Loaded shared library C:\Program Files\Microsoft\jdk-17.0.17.10-hotspot\bin\api-ms-win-core-debug-l1-1-0.dll
Event: 4.555 Loaded shared library C:\Program Files\Microsoft\jdk-17.0.17.10-hotspot\bin\api-ms-win-core-rtlsupport-l1-1-0.dll
Event: 4.581 Loaded shared library C:\Program Files\Microsoft\jdk-17.0.17.10-hotspot\bin\api-ms-win-core-processthreads-l1-1-1.dll
Event: 4.606 Loaded shared library C:\Program Files\Microsoft\jdk-17.0.17.10-hotspot\bin\api-ms-win-core-file-l1-2-0.dll
Event: 4.629 Loaded shared library C:\Program Files\Microsoft\jdk-17.0.17.10-hotspot\bin\api-ms-win-core-profile-l1-1-0.dll
Event: 4.650 Loaded shared library C:\Program Files\Microsoft\jdk-17.0.17.10-hotspot\bin\api-ms-win-core-memory-l1-1-0.dll
Event: 4.677 Loaded shared library C:\Program Files\Microsoft\jdk-17.0.17.10-hotspot\bin\api-ms-win-core-util-l1-1-0.dll
Event: 4.706 Loaded shared library C:\Program Files\Microsoft\jdk-17.0.17.10-hotspot\bin\api-ms-win-core-interlocked-l1-1-0.dll
Event: 4.727 Loaded shared library C:\Program Files\Microsoft\jdk-17.0.17.10-hotspot\bin\ucrtbase.dll
Event: 4.746 Loaded shared library C:\Program Files\Microsoft\jdk-17.0.17.10-hotspot\bin\vcruntime140.dll
Event: 4.765 Loaded shared library C:\Program Files\Microsoft\jdk-17.0.17.10-hotspot\bin\vcruntime140_1.dll
Event: 4.783 Loaded shared library C:\Program Files\Microsoft\jdk-17.0.17.10-hotspot\bin\msvcp140.dll
Event: 4.803 Loaded shared library C:\Windows\System32\msvcp140_1.dll
Event: 4.823 Loaded shared library C:\Windows\System32\concrt140.dll
Event: 4.844 Loaded shared library C:\Windows\System32\vcomp140.dll
Event: 4.924 Loaded shared library C:\Users\HP\.javacpp\cache\openblas-0.3.28-1.5.11-windows-x86_64.jar\org\bytedeco\openblas\windows-x86_64\libopenblas_nolapack.dll
Event: 5.035 Loaded shared library C:\Users\HP\.javacpp\cache\openblas-0.3.28-1.5.11-windows-x86_64.jar\org\bytedeco\openblas\windows-x86_64\jniopenblas_nolapack.dll
Event: 5.051 Loaded shared library C:\Users\HP\.javacpp\cache\javacpp-1.5.11-windows-x86_64.jar\org\bytedeco\javacpp\windows-x86_64\jnijavacpp.dll
Event: 5.166 Loaded shared library C:\Users\HP\.javacpp\cache\openblas-0.3.28-1.5.11-windows-x86_64.jar\org\bytedeco\openblas\windows-x86_64\libopenblas.dll
Event: 5.184 Loaded shared library C:\Users\HP\.javacpp\cache\openblas-0.3.28-1.5.11-windows-x86_64.jar\org\bytedeco\openblas\windows-x86_64\jniopenblas.dll

Deoptimization events (20 events):
Event: 5.244 Thread 0x00000229f0cc2130 DEOPT PACKING pc=0x000002298eb695e0 sp=0x00000066c67fd590
Event: 5.244 Thread 0x00000229f0cc2130 DEOPT UNPACKING pc=0x0000022995a3ace3 sp=0x00000066c67fcaa8 mode 0
Event: 5.246 Thread 0x00000229f0cc2130 DEOPT PACKING pc=0x000002298eb1ca92 sp=0x00000066c67fd7e0
Event: 5.246 Thread 0x00000229f0cc2130 DEOPT UNPACKING pc=0x0000022995a3ace3 sp=0x00000066c67fcc80 mode 0
Event: 5.249 Thread 0x00000229ea737070 Uncommon trap: trap_request=0xffffffbe fr.pc=0x0000022996062864 relative=0x00000000000004a4
Event: 5.249 Thread 0x00000229ea737070 Uncommon trap: reason=profile_predicate action=maybe_recompile pc=0x0000022996062864 method=java.lang.PublicMethods$MethodList.filter([Ljava/lang/reflect/Method;Ljava/lang/String;[Ljava/lang/Class;Z)Ljava/lang/PublicMethods$MethodList; @ 21 c2
Event: 5.249 Thread 0x00000229ea737070 DEOPT PACKING pc=0x0000022996062864 sp=0x00000066c6afc3b0
Event: 5.249 Thread 0x00000229ea737070 DEOPT UNPACKING pc=0x0000022995a3a1a3 sp=0x00000066c6afc348 mode 2
Event: 5.259 Thread 0x00000229f0cc2130 DEOPT PACKING pc=0x000002298eb1ca92 sp=0x00000066c67fd7e0
Event: 5.259 Thread 0x00000229f0cc2130 DEOPT UNPACKING pc=0x0000022995a3ace3 sp=0x00000066c67fcc80 mode 0
Event: 5.270 Thread 0x00000229f0cc2130 DEOPT PACKING pc=0x000002298eb1ca92 sp=0x00000066c67fd7e0
Event: 5.270 Thread 0x00000229f0cc2130 DEOPT UNPACKING pc=0x0000022995a3ace3 sp=0x00000066c67fcc80 mode 0
Event: 5.279 Thread 0x00000229f0cc2130 DEOPT PACKING pc=0x000002298eb695e0 sp=0x00000066c67fd590
Event: 5.279 Thread 0x00000229f0cc2130 DEOPT UNPACKING pc=0x0000022995a3ace3 sp=0x00000066c67fcaa8 mode 0
Event: 5.283 Thread 0x00000229f0cc2130 DEOPT PACKING pc=0x000002298e9824df sp=0x00000066c67fd6b0
Event: 5.283 Thread 0x00000229f0cc2130 DEOPT UNPACKING pc=0x0000022995a3ace3 sp=0x00000066c67fcb38 mode 0
Event: 5.289 Thread 0x00000229f0cc2130 DEOPT PACKING pc=0x000002298eb1ca92 sp=0x00000066c67fd7e0
Event: 5.289 Thread 0x00000229f0cc2130 DEOPT UNPACKING pc=0x0000022995a3ace3 sp=0x00000066c67fcc80 mode 0
Event: 5.301 Thread 0x00000229f0cc2130 DEOPT PACKING pc=0x000002298eb1ca92 sp=0x00000066c67fd7e0
Event: 5.301 Thread 0x00000229f0cc2130 DEOPT UNPACKING pc=0x0000022995a3ace3 sp=0x00000066c67fcc80 mode 0

Classes loaded (20 events):
Event: 4.530 Loading class java/util/concurrent/locks/ReentrantReadWriteLock$Sync$HoldCounter
Event: 4.530 Loading class java/util/concurrent/locks/ReentrantReadWriteLock$Sync$HoldCounter done
Event: 4.636 Loading class java/text/FieldPosition$Delegate
Event: 4.637 Loading class java/text/FieldPosition$Delegate done
Event: 4.669 Loading class jdk/internal/icu/impl/UCharacterProperty
Event: 4.670 Loading class jdk/internal/icu/impl/UCharacterProperty done
Event: 4.670 Loading class jdk/internal/icu/impl/UCharacterProperty$1
Event: 4.670 Loading class jdk/internal/icu/impl/UCharacterProperty$BiDiIntProperty
Event: 4.670 Loading class jdk/internal/icu/impl/UCharacterProperty$IntProperty
Event: 4.670 Loading class jdk/internal/icu/impl/UCharacterProperty$IntProperty done
Event: 4.670 Loading class jdk/internal/icu/impl/UCharacterProperty$BiDiIntProperty done
Event: 4.670 Loading class jdk/internal/icu/impl/UCharacterProperty$1 done
Event: 4.673 Loading class jdk/internal/icu/impl/UCharacterProperty$IsAcceptable
Event: 4.673 Loading class jdk/internal/icu/impl/UCharacterProperty$IsAcceptable done
Event: 4.673 Loading class jdk/internal/icu/util/VersionInfo
Event: 4.673 Loading class jdk/internal/icu/util/VersionInfo done
Event: 4.678 Loading class java/lang/CharacterData01
Event: 4.679 Loading class java/lang/CharacterData01 done
Event: 5.028 Loading class java/util/ComparableTimSort
Event: 5.028 Loading class java/util/ComparableTimSort done

Classes unloaded (0 events):
No events

Classes redefined (0 events):
No events

Internal exceptions (20 events):
Event: 3.665 Thread 0x00000229ea81b850 Exception <a 'java/lang/NoSuchMethodError'{0x000000008ae6e068}: 'long java.lang.invoke.DirectMethodHandle$Holder.invokeStatic(java.lang.Object, java.lang.Object, java.lang.Object)'> (0x000000008ae6e068) 
thrown [s\src\hotspot\share\interpreter\linkResolver.cpp, line 759]
Event: 3.666 Thread 0x00000229ea81b850 Exception <a 'java/lang/NoSuchMethodError'{0x000000008ae71810}: 'long java.lang.invoke.DirectMethodHandle$Holder.invokeStaticInit(java.lang.Object, java.lang.Object, java.lang.Object)'> (0x000000008ae71810) 
thrown [s\src\hotspot\share\interpreter\linkResolver.cpp, line 759]
Event: 3.670 Thread 0x00000229ea81b850 Exception <a 'java/lang/NoSuchMethodError'{0x000000008ae895d8}: 'java.lang.Object java.lang.invoke.DirectMethodHandle$Holder.newInvokeSpecial(java.lang.Object, java.lang.Object, long)'> (0x000000008ae895d8) 
thrown [s\src\hotspot\share\interpreter\linkResolver.cpp, line 759]
Event: 3.670 Thread 0x00000229ea81b850 Exception <a 'java/lang/NoSuchMethodError'{0x000000008ae8d148}: 'java.lang.Object java.lang.invoke.Invokers$Holder.linkToTargetMethod(java.lang.Object, long, java.lang.Object)'> (0x000000008ae8d148) 
thrown [s\src\hotspot\share\interpreter\linkResolver.cpp, line 759]
Event: 3.883 Thread 0x00000229ea81b850 Exception <a 'java/lang/NoSuchMethodError'{0x000000008ad52450}: 'void java.lang.invoke.DirectMethodHandle$Holder.invokeVirtual(java.lang.Object, java.lang.Object)'> (0x000000008ad52450) 
thrown [s\src\hotspot\share\interpreter\linkResolver.cpp, line 759]
Event: 3.917 Thread 0x00000229f0cc2130 Exception <a 'java/lang/NoSuchMethodError'{0x000000008aa04050}: 'int java.lang.invoke.DirectMethodHandle$Holder.invokeStaticInit(java.lang.Object, java.lang.Object, java.lang.Object, java.lang.Object)'> (0x000000008aa04050) 
thrown [s\src\hotspot\share\interpreter\linkResolver.cpp, line 759]
Event: 3.919 Thread 0x00000229f0cc2130 Exception <a 'java/lang/NoSuchMethodError'{0x000000008aa0d2c0}: 'java.lang.Object java.lang.invoke.DirectMethodHandle$Holder.invokeInterface(java.lang.Object, java.lang.Object)'> (0x000000008aa0d2c0) 
thrown [s\src\hotspot\share\interpreter\linkResolver.cpp, line 759]
Event: 3.919 Thread 0x00000229f0cc2130 Exception <a 'java/lang/IncompatibleClassChangeError'{0x000000008aa10810}: Found class java.lang.Object, but interface was expected> (0x000000008aa10810) 
thrown [s\src\hotspot\share\interpreter\linkResolver.cpp, line 826]
Event: 4.072 Thread 0x00000229ea81b850 Exception <a 'java/lang/NoSuchMethodError'{0x0000000089c7eda8}: 'void java.lang.invoke.DirectMethodHandle$Holder.invokeSpecial(java.lang.Object, java.lang.Object, java.lang.Object, java.lang.Object, java.lang.Object, java.lang.Object)'> (0x0000000089c7eda8) 
thrown [s\src\hotspot\share\interpreter\linkResolver.cpp, line 759]
Event: 4.140 Thread 0x00000229ea81b850 Exception <a 'java/io/FileNotFoundException'{0x00000000892f1eb0}> (0x00000000892f1eb0) 
thrown [s\src\hotspot\share\prims\jni.cpp, line 516]
Event: 4.215 Thread 0x00000229ea81b850 Exception <a 'java/lang/ClassNotFoundException'{0x00000000880cb060}: com/sun/javafx/scene/control/skin/resources/controls> (0x00000000880cb060) 
thrown [s\src\hotspot\share\prims\jni.cpp, line 535]
Event: 4.217 Thread 0x00000229ea81b850 Exception <a 'java/lang/ClassNotFoundException'{0x00000000880d8fd0}: com/sun/javafx/scene/control/skin/resources/controls_fr> (0x00000000880d8fd0) 
thrown [s\src\hotspot\share\prims\jni.cpp, line 535]
Event: 4.218 Thread 0x00000229ea81b850 Exception <a 'java/lang/ClassNotFoundException'{0x00000000880e6cd8}: com/sun/javafx/scene/control/skin/resources/controls_fr_FR> (0x00000000880e6cd8) 
thrown [s\src\hotspot\share\prims\jni.cpp, line 535]
Event: 4.765 Thread 0x00000229ea81b850 Exception <a 'java/io/FileNotFoundException'{0x000000008b3e25e8}> (0x000000008b3e25e8) 
thrown [s\src\hotspot\share\prims\jni.cpp, line 516]
Event: 4.865 Thread 0x00000229ea81b850 Exception <a 'java/io/FileNotFoundException'{0x000000008a0ff8f0}> (0x000000008a0ff8f0) 
thrown [s\src\hotspot\share\prims\jni.cpp, line 516]
Event: 4.935 Thread 0x00000229ea81b850 Exception <a 'java/io/FileNotFoundException'{0x00000000882ad7a8}> (0x00000000882ad7a8) 
thrown [s\src\hotspot\share\prims\jni.cpp, line 516]
Event: 4.935 Thread 0x00000229ea81b850 Exception <a 'java/io/FileNotFoundException'{0x00000000882aed88}> (0x00000000882aed88) 
thrown [s\src\hotspot\share\prims\jni.cpp, line 516]
Event: 4.936 Thread 0x00000229ea81b850 Exception <a 'java/io/FileNotFoundException'{0x00000000882b3680}> (0x00000000882b3680) 
thrown [s\src\hotspot\share\prims\jni.cpp, line 516]
Event: 4.936 Thread 0x00000229ea81b850 Exception <a 'java/io/FileNotFoundException'{0x00000000882b4c58}> (0x00000000882b4c58) 
thrown [s\src\hotspot\share\prims\jni.cpp, line 516]
Event: 5.201 Thread 0x00000229ea737070 Exception <a 'java/lang/NoSuchMethodError'{0x00000000879413a0}: 'java.lang.Object java.lang.invoke.DirectMethodHandle$Holder.invokeStaticInit(java.lang.Object, int)'> (0x00000000879413a0) 
thrown [s\src\hotspot\share\interpreter\linkResolver.cpp, line 759]

VM Operations (20 events):
Event: 5.018 Executing VM operation: G1CollectForAllocation
Event: 5.023 Executing VM operation: G1CollectForAllocation done
Event: 5.095 Executing VM operation: CollectForMetadataAllocation
Event: 5.099 Executing VM operation: CollectForMetadataAllocation done
Event: 5.102 Executing VM operation: CollectForMetadataAllocation
Event: 5.103 Executing VM operation: CollectForMetadataAllocation done
Event: 5.106 Executing VM operation: CollectForMetadataAllocation
Event: 5.106 Executing VM operation: CollectForMetadataAllocation done
Event: 5.109 Executing VM operation: CollectForMetadataAllocation
Event: 5.109 Executing VM operation: CollectForMetadataAllocation done
Event: 5.112 Executing VM operation: CollectForMetadataAllocation
Event: 5.112 Executing VM operation: CollectForMetadataAllocation done
Event: 5.115 Executing VM operation: G1PauseRemark
Event: 5.120 Executing VM operation: G1PauseRemark done
Event: 5.120 Executing VM operation: CollectForMetadataAllocation
Event: 5.127 Executing VM operation: CollectForMetadataAllocation done
Event: 5.133 Executing VM operation: G1PauseCleanup
Event: 5.142 Executing VM operation: G1PauseCleanup done
Event: 5.238 Executing VM operation: HandshakeAllThreads
Event: 5.238 Executing VM operation: HandshakeAllThreads done

Memory protections (0 events):
No events

Nmethod flushes (0 events):
No events

Events (20 events):
Event: 0.053 Thread 0x0000022986955ef0 Thread added: 0x00000229a4c634c0
Event: 0.053 Thread 0x0000022986955ef0 Thread added: 0x00000229a4c6a060
Event: 0.053 Thread 0x0000022986955ef0 Thread added: 0x00000229a4c6b1c0
Event: 0.053 Thread 0x0000022986955ef0 Thread added: 0x00000229a4c6f3b0
Event: 0.054 Thread 0x0000022986955ef0 Thread added: 0x00000229a4c952c0
Event: 0.054 Thread 0x0000022986955ef0 Thread added: 0x00000229ea008810
Event: 0.202 Thread 0x0000022986955ef0 Thread added: 0x00000229ea11d470
Event: 0.253 Thread 0x00000229a4c952c0 Thread added: 0x00000229ea152cb0
Event: 0.290 Thread 0x0000022986955ef0 Thread added: 0x00000229ea274f10
Event: 0.571 Thread 0x0000022986955ef0 Thread added: 0x00000229ea737070
Event: 0.619 Thread 0x0000022986955ef0 Thread added: 0x00000229ea8127f0
Event: 0.624 Thread 0x0000022986955ef0 Thread added: 0x00000229ea81b850
Event: 0.692 Thread 0x0000022986955ef0 Thread added: 0x00000229ea9a2240
Event: 0.703 Thread 0x00000229ea98d650 Thread added: 0x00000229ea98d650
Event: 1.308 Thread 0x00000229ea81b850 Thread added: 0x00000229f0047480
Event: 1.593 Thread 0x00000229ea737070 Thread added: 0x00000229f0cbfdc0
Event: 2.574 Thread 0x00000229ea152cb0 Thread exited: 0x00000229ea152cb0
Event: 3.883 Thread 0x00000229ea81b850 Thread added: 0x00000229f0cc2130
Event: 3.922 Thread 0x00000229a4c952c0 Thread added: 0x00000229f023f590
Event: 5.045 Thread 0x00000229f0cc2130 Thread added: 0x00000229f0cc1c20


Dynamic libraries:
0x00007ff677b60000 - 0x00007ff677b6e000 	C:\Program Files\Microsoft\jdk-17.0.17.10-hotspot\bin\java.exe
0x00007ffe70070000 - 0x00007ffe70286000 	C:\WINDOWS\SYSTEM32\ntdll.dll
0x00007ffe6fe80000 - 0x00007ffe6ff44000 	C:\WINDOWS\System32\KERNEL32.DLL
0x00007ffe6d380000 - 0x00007ffe6d726000 	C:\WINDOWS\System32\KERNELBASE.dll
0x00007ffe6d8c0000 - 0x00007ffe6d9d1000 	C:\WINDOWS\System32\ucrtbase.dll
0x00007ffe4bc40000 - 0x00007ffe4bc58000 	C:\Program Files\Microsoft\jdk-17.0.17.10-hotspot\bin\jli.dll
0x00007ffe4bc60000 - 0x00007ffe4bc7e000 	C:\Program Files\Microsoft\jdk-17.0.17.10-hotspot\bin\VCRUNTIME140.dll
0x00007ffe6e0e0000 - 0x00007ffe6e28d000 	C:\WINDOWS\System32\USER32.dll
0x00007ffe4d790000 - 0x00007ffe4da23000 	C:\WINDOWS\WinSxS\amd64_microsoft.windows.common-controls_6595b64144ccf1df_6.0.22621.3235_none_270f74e173860f98\COMCTL32.dll
0x00007ffe6da60000 - 0x00007ffe6da86000 	C:\WINDOWS\System32\win32u.dll
0x00007ffe6ff50000 - 0x00007ffe6fff7000 	C:\WINDOWS\System32\msvcrt.dll
0x00007ffe6f280000 - 0x00007ffe6f2a9000 	C:\WINDOWS\System32\GDI32.dll
0x00007ffe6dc00000 - 0x00007ffe6dd18000 	C:\WINDOWS\System32\gdi32full.dll
0x00007ffe6d730000 - 0x00007ffe6d7ca000 	C:\WINDOWS\System32\msvcp_win.dll
0x00007ffe6de00000 - 0x00007ffe6de31000 	C:\WINDOWS\System32\IMM32.DLL
0x00007ffe64f10000 - 0x00007ffe64f1c000 	C:\Program Files\Microsoft\jdk-17.0.17.10-hotspot\bin\vcruntime140_1.dll
0x00007ffe41d80000 - 0x00007ffe41e09000 	C:\Program Files\Microsoft\jdk-17.0.17.10-hotspot\bin\msvcp140.dll
0x00007ffe09840000 - 0x00007ffe0a4ba000 	C:\Program Files\Microsoft\jdk-17.0.17.10-hotspot\bin\server\jvm.dll
0x00007ffe6f790000 - 0x00007ffe6f842000 	C:\WINDOWS\System32\ADVAPI32.dll
0x00007ffe6fdd0000 - 0x00007ffe6fe78000 	C:\WINDOWS\System32\sechost.dll
0x00007ffe6d7d0000 - 0x00007ffe6d7f8000 	C:\WINDOWS\System32\bcrypt.dll
0x00007ffe6f5a0000 - 0x00007ffe6f6b5000 	C:\WINDOWS\System32\RPCRT4.dll
0x00007ffe6f200000 - 0x00007ffe6f271000 	C:\WINDOWS\System32\WS2_32.dll
0x00007ffe62890000 - 0x00007ffe628c4000 	C:\WINDOWS\SYSTEM32\WINMM.dll
0x00007ffe6d250000 - 0x00007ffe6d29d000 	C:\WINDOWS\SYSTEM32\POWRPROF.dll
0x00007ffe5ff00000 - 0x00007ffe5ff0a000 	C:\WINDOWS\SYSTEM32\VERSION.dll
0x00007ffe6d230000 - 0x00007ffe6d243000 	C:\WINDOWS\SYSTEM32\UMPDC.dll
0x00007ffe6c3c0000 - 0x00007ffe6c3d8000 	C:\WINDOWS\SYSTEM32\kernel.appcore.dll
0x00007ffe56350000 - 0x00007ffe5635a000 	C:\Program Files\Microsoft\jdk-17.0.17.10-hotspot\bin\jimage.dll
0x00007ffe67260000 - 0x00007ffe67493000 	C:\WINDOWS\SYSTEM32\DBGHELP.DLL
0x00007ffe6ed00000 - 0x00007ffe6f088000 	C:\WINDOWS\System32\combase.dll
0x00007ffe6de40000 - 0x00007ffe6df17000 	C:\WINDOWS\System32\OLEAUT32.dll
0x00007ffe4e9d0000 - 0x00007ffe4ea02000 	C:\WINDOWS\SYSTEM32\dbgcore.DLL
0x00007ffe6d9e0000 - 0x00007ffe6da5a000 	C:\WINDOWS\System32\bcryptPrimitives.dll
0x00007ffe41d50000 - 0x00007ffe41d76000 	C:\Program Files\Microsoft\jdk-17.0.17.10-hotspot\bin\java.dll
0x00007ffe41c70000 - 0x00007ffe41d46000 	C:\Program Files\Microsoft\jdk-17.0.17.10-hotspot\bin\jsvml.dll
0x00007ffe6e450000 - 0x00007ffe6ecad000 	C:\WINDOWS\System32\SHELL32.dll
0x00007ffe6b2e0000 - 0x00007ffe6bbd8000 	C:\WINDOWS\SYSTEM32\windows.storage.dll
0x00007ffe6b1a0000 - 0x00007ffe6b2de000 	C:\WINDOWS\SYSTEM32\wintypes.dll
0x00007ffe6f4a0000 - 0x00007ffe6f593000 	C:\WINDOWS\System32\SHCORE.dll
0x00007ffe6f440000 - 0x00007ffe6f49e000 	C:\WINDOWS\System32\shlwapi.dll
0x00007ffe6d2b0000 - 0x00007ffe6d2d6000 	C:\WINDOWS\SYSTEM32\profapi.dll
0x00007ffe4bc20000 - 0x00007ffe4bc3b000 	C:\Program Files\Microsoft\jdk-17.0.17.10-hotspot\bin\net.dll
0x00007ffe62af0000 - 0x00007ffe62c27000 	C:\WINDOWS\SYSTEM32\WINHTTP.dll
0x00007ffe6c840000 - 0x00007ffe6c8a9000 	C:\WINDOWS\system32\mswsock.dll
0x00007ffe4b950000 - 0x00007ffe4b966000 	C:\Program Files\Microsoft\jdk-17.0.17.10-hotspot\bin\nio.dll
0x00007ffe41c50000 - 0x00007ffe41c68000 	C:\Program Files\Microsoft\jdk-17.0.17.10-hotspot\bin\zip.dll
0x00000229868d0000 - 0x00000229868d3000 	C:\Users\HP\.openjfx\cache\17.0.2-ea\api-ms-win-core-console-l1-1-0.dll
0x00000229868e0000 - 0x00000229868e3000 	C:\Users\HP\.openjfx\cache\17.0.2-ea\api-ms-win-core-console-l1-2-0.dll
0x00000229a4ca0000 - 0x00000229a4ca3000 	C:\Users\HP\.openjfx\cache\17.0.2-ea\api-ms-win-core-datetime-l1-1-0.dll
0x00000229a4cb0000 - 0x00000229a4cb3000 	C:\Users\HP\.openjfx\cache\17.0.2-ea\api-ms-win-core-debug-l1-1-0.dll
0x00000229a4cc0000 - 0x00000229a4cc3000 	C:\Users\HP\.openjfx\cache\17.0.2-ea\api-ms-win-core-errorhandling-l1-1-0.dll
0x00000229a4cd0000 - 0x00000229a4cd4000 	C:\Users\HP\.openjfx\cache\17.0.2-ea\api-ms-win-core-file-l1-1-0.dll
0x00000229a4ce0000 - 0x00000229a4ce3000 	C:\Users\HP\.openjfx\cache\17.0.2-ea\api-ms-win-core-file-l1-2-0.dll
0x00000229a4cf0000 - 0x00000229a4cf3000 	C:\Users\HP\.openjfx\cache\17.0.2-ea\api-ms-win-core-file-l2-1-0.dll
0x00000229a4d00000 - 0x00000229a4d03000 	C:\Users\HP\.openjfx\cache\17.0.2-ea\api-ms-win-core-handle-l1-1-0.dll
0x00000229a4d10000 - 0x00000229a4d13000 	C:\Users\HP\.openjfx\cache\17.0.2-ea\api-ms-win-core-heap-l1-1-0.dll
0x00000229a4d20000 - 0x00000229a4d23000 	C:\Users\HP\.openjfx\cache\17.0.2-ea\api-ms-win-core-interlocked-l1-1-0.dll
0x00000229a4d30000 - 0x00000229a4d33000 	C:\Users\HP\.openjfx\cache\17.0.2-ea\api-ms-win-core-libraryloader-l1-1-0.dll
0x00000229a4d40000 - 0x00000229a4d43000 	C:\Users\HP\.openjfx\cache\17.0.2-ea\api-ms-win-core-localization-l1-2-0.dll
0x00000229a4d50000 - 0x00000229a4d53000 	C:\Users\HP\.openjfx\cache\17.0.2-ea\api-ms-win-core-memory-l1-1-0.dll
0x00000229a4d60000 - 0x00000229a4d63000 	C:\Users\HP\.openjfx\cache\17.0.2-ea\api-ms-win-core-namedpipe-l1-1-0.dll
0x00000229a4d70000 - 0x00000229a4d73000 	C:\Users\HP\.openjfx\cache\17.0.2-ea\api-ms-win-core-processenvironment-l1-1-0.dll
0x00000229a4d80000 - 0x00000229a4d83000 	C:\Users\HP\.openjfx\cache\17.0.2-ea\api-ms-win-core-processthreads-l1-1-0.dll
0x00000229a4d90000 - 0x00000229a4d93000 	C:\Users\HP\.openjfx\cache\17.0.2-ea\api-ms-win-core-processthreads-l1-1-1.dll
0x00000229a4da0000 - 0x00000229a4da3000 	C:\Users\HP\.openjfx\cache\17.0.2-ea\api-ms-win-core-profile-l1-1-0.dll
0x00000229a4db0000 - 0x00000229a4db3000 	C:\Users\HP\.openjfx\cache\17.0.2-ea\api-ms-win-core-rtlsupport-l1-1-0.dll
0x00000229a4dc0000 - 0x00000229a4dc3000 	C:\Users\HP\.openjfx\cache\17.0.2-ea\api-ms-win-core-string-l1-1-0.dll
0x00000229a4dd0000 - 0x00000229a4dd3000 	C:\Users\HP\.openjfx\cache\17.0.2-ea\api-ms-win-core-synch-l1-1-0.dll
0x00000229a4de0000 - 0x00000229a4de3000 	C:\Users\HP\.openjfx\cache\17.0.2-ea\api-ms-win-core-synch-l1-2-0.dll
0x00000229a4df0000 - 0x00000229a4df3000 	C:\Users\HP\.openjfx\cache\17.0.2-ea\api-ms-win-core-sysinfo-l1-1-0.dll
0x00000229a4e00000 - 0x00000229a4e03000 	C:\Users\HP\.openjfx\cache\17.0.2-ea\api-ms-win-core-timezone-l1-1-0.dll
0x00000229a4e10000 - 0x00000229a4e13000 	C:\Users\HP\.openjfx\cache\17.0.2-ea\api-ms-win-core-util-l1-1-0.dll
0x00000229a4e20000 - 0x00000229a4e23000 	C:\Users\HP\.openjfx\cache\17.0.2-ea\api-ms-win-crt-conio-l1-1-0.dll
0x00000229a4e30000 - 0x00000229a4e34000 	C:\Users\HP\.openjfx\cache\17.0.2-ea\api-ms-win-crt-convert-l1-1-0.dll
0x00000229a4e40000 - 0x00000229a4e43000 	C:\Users\HP\.openjfx\cache\17.0.2-ea\api-ms-win-crt-environment-l1-1-0.dll
0x00000229a4e50000 - 0x00000229a4e53000 	C:\Users\HP\.openjfx\cache\17.0.2-ea\api-ms-win-crt-filesystem-l1-1-0.dll
0x00000229a4e60000 - 0x00000229a4e63000 	C:\Users\HP\.openjfx\cache\17.0.2-ea\api-ms-win-crt-heap-l1-1-0.dll
0x00000229a4e70000 - 0x00000229a4e73000 	C:\Users\HP\.openjfx\cache\17.0.2-ea\api-ms-win-crt-locale-l1-1-0.dll
0x00000229a4e80000 - 0x00000229a4e85000 	C:\Users\HP\.openjfx\cache\17.0.2-ea\api-ms-win-crt-math-l1-1-0.dll
0x00000229a4e90000 - 0x00000229a4e95000 	C:\Users\HP\.openjfx\cache\17.0.2-ea\api-ms-win-crt-multibyte-l1-1-0.dll
0x00000229a4ea0000 - 0x00000229a4eb0000 	C:\Users\HP\.openjfx\cache\17.0.2-ea\api-ms-win-crt-private-l1-1-0.dll
0x00000229a4eb0000 - 0x00000229a4eb3000 	C:\Users\HP\.openjfx\cache\17.0.2-ea\api-ms-win-crt-process-l1-1-0.dll
0x00000229a4ec0000 - 0x00000229a4ec4000 	C:\Users\HP\.openjfx\cache\17.0.2-ea\api-ms-win-crt-runtime-l1-1-0.dll
0x00000229a4ed0000 - 0x00000229a4ed4000 	C:\Users\HP\.openjfx\cache\17.0.2-ea\api-ms-win-crt-stdio-l1-1-0.dll
0x00000229a4ee0000 - 0x00000229a4ee4000 	C:\Users\HP\.openjfx\cache\17.0.2-ea\api-ms-win-crt-string-l1-1-0.dll
0x00000229a4ef0000 - 0x00000229a4ef3000 	C:\Users\HP\.openjfx\cache\17.0.2-ea\api-ms-win-crt-time-l1-1-0.dll
0x00000229a4f00000 - 0x00000229a4f03000 	C:\Users\HP\.openjfx\cache\17.0.2-ea\api-ms-win-crt-utility-l1-1-0.dll
0x00007ffe3ec00000 - 0x00007ffe3ecfc000 	C:\Users\HP\.openjfx\cache\17.0.2-ea\ucrtbase.dll
0x00007ffe41be0000 - 0x00007ffe41bfa000 	C:\Users\HP\.openjfx\cache\17.0.2-ea\vcruntime140.dll
0x00007ffe49490000 - 0x00007ffe4949c000 	C:\Users\HP\.openjfx\cache\17.0.2-ea\vcruntime140_1.dll
0x00007ffe3eb70000 - 0x00007ffe3ebfd000 	C:\Users\HP\.openjfx\cache\17.0.2-ea\msvcp140.dll
0x00007ffe41bb0000 - 0x00007ffe41bda000 	C:\Users\HP\.openjfx\cache\17.0.2-ea\prism_d3d.dll
0x00007ffe177f0000 - 0x00007ffe17999000 	C:\WINDOWS\system32\d3d9.dll
0x00007ffe677d0000 - 0x00007ffe677fb000 	C:\WINDOWS\SYSTEM32\dwmapi.dll
0x00007ffe674a0000 - 0x00007ffe674d9000 	C:\WINDOWS\SYSTEM32\dxcore.dll
0x00007ffe670b0000 - 0x00007ffe6715b000 	C:\WINDOWS\system32\uxtheme.dll
0x00007ffe240b0000 - 0x00007ffe2425c000 	C:\WINDOWS\System32\DriverStore\FileRepository\iigd_dch.inf_amd64_9b53505f87f3498b\igdumdim64.dll
0x00007ffe6df20000 - 0x00007ffe6e0bf000 	C:\WINDOWS\System32\ole32.dll
0x00007ffdbe990000 - 0x00007ffdc31f4000 	C:\WINDOWS\System32\DriverStore\FileRepository\iigd_dch.inf_amd64_9b53505f87f3498b\igd9dxva64.dll
0x00007ffe6f8b0000 - 0x00007ffe6fd24000 	C:\WINDOWS\System32\SETUPAPI.dll
0x00007ffe6cf80000 - 0x00007ffe6cfce000 	C:\WINDOWS\SYSTEM32\cfgmgr32.dll
0x00007ffe5d860000 - 0x00007ffe5dc69000 	C:\WINDOWS\System32\DriverStore\FileRepository\iigd_dch.inf_amd64_9b53505f87f3498b\igdgmm64.dll
0x00007ffe62c30000 - 0x00007ffe62c7a000 	C:\WINDOWS\SYSTEM32\directxdatabasehelper.dll
0x00007ffe419d0000 - 0x00007ffe41a12000 	C:\Users\HP\.openjfx\cache\17.0.2-ea\glass.dll
0x00007ffe6f2b0000 - 0x00007ffe6f3a9000 	C:\WINDOWS\System32\COMDLG32.dll
0x00007ffe6f0a0000 - 0x00007ffe6f1f4000 	C:\WINDOWS\System32\MSCTF.dll
0x00007ffe0cad0000 - 0x00007ffe0caf7000 	C:\WINDOWS\System32\DriverStore\FileRepository\iigd_dch.inf_amd64_9b53505f87f3498b\igdinfo64.dll
0x00007ffe58fd0000 - 0x00007ffe5d654000 	C:\WINDOWS\System32\DriverStore\FileRepository\iigd_dch.inf_amd64_9b53505f87f3498b\igc64.dll
0x00007ffe41b90000 - 0x00007ffe41ba4000 	C:\Users\HP\.openjfx\cache\17.0.2-ea\javafx_font.dll
0x00007ffe659a0000 - 0x00007ffe65c14000 	C:\WINDOWS\SYSTEM32\dwrite.dll
0x00007ffe6f6c0000 - 0x00007ffe6f770000 	C:\WINDOWS\System32\clbcatq.dll
0x00007ffe65740000 - 0x00007ffe658f0000 	C:\WINDOWS\SYSTEM32\WindowsCodecs.dll
0x00007ffe3d350000 - 0x00007ffe3d3ae000 	C:\WINDOWS\system32\dataexchange.dll
0x00007ffe60570000 - 0x00007ffe607ff000 	C:\WINDOWS\system32\twinapi.appcore.dll
0x00007ffe41f00000 - 0x00007ffe41f32000 	C:\Program Files\Common Files\Microsoft Shared\Ink\rtscom.dll
0x00007ffe50b20000 - 0x00007ffe50c6a000 	C:\WINDOWS\SYSTEM32\textinputframework.dll
0x00007ffe66ae0000 - 0x00007ffe66c14000 	C:\WINDOWS\SYSTEM32\CoreMessaging.dll
0x00007ffe61940000 - 0x00007ffe61cac000 	C:\WINDOWS\SYSTEM32\CoreUIComponents.dll
0x00007ffe6ca90000 - 0x00007ffe6ca9c000 	C:\WINDOWS\SYSTEM32\CRYPTBASE.DLL
0x00000229f14e0000 - 0x00000229f14e4000 	C:\Program Files\Microsoft\jdk-17.0.17.10-hotspot\bin\api-ms-win-crt-locale-l1-1-0.dll
0x00000229f14f0000 - 0x00000229f14f5000 	C:\Program Files\Microsoft\jdk-17.0.17.10-hotspot\bin\api-ms-win-crt-string-l1-1-0.dll
0x00000229f1500000 - 0x00000229f1505000 	C:\Program Files\Microsoft\jdk-17.0.17.10-hotspot\bin\api-ms-win-crt-stdio-l1-1-0.dll
0x00000229f1510000 - 0x00000229f1516000 	C:\Program Files\Microsoft\jdk-17.0.17.10-hotspot\bin\api-ms-win-crt-math-l1-1-0.dll
0x00000229f1520000 - 0x00000229f1524000 	C:\Program Files\Microsoft\jdk-17.0.17.10-hotspot\bin\api-ms-win-crt-heap-l1-1-0.dll
0x00000229f1530000 - 0x00000229f1535000 	C:\Program Files\Microsoft\jdk-17.0.17.10-hotspot\bin\api-ms-win-crt-runtime-l1-1-0.dll
0x00000229f1540000 - 0x00000229f1545000 	C:\Program Files\Microsoft\jdk-17.0.17.10-hotspot\bin\api-ms-win-crt-convert-l1-1-0.dll
0x00000229f1550000 - 0x00000229f1554000 	C:\Program Files\Microsoft\jdk-17.0.17.10-hotspot\bin\api-ms-win-crt-environment-l1-1-0.dll

dbghelp: loaded successfully - version: 4.0.5 - missing functions: none
symbol engine: initialized successfully - sym options: 0x614 - pdb path: .;C:\Program Files\Microsoft\jdk-17.0.17.10-hotspot\bin;C:\WINDOWS\SYSTEM32;C:\WINDOWS\WinSxS\amd64_microsoft.windows.common-controls_6595b64144ccf1df_6.0.22621.3235_none_270f74e173860f98;C:\Program Files\Microsoft\jdk-17.0.17.10-hotspot\bin\server;C:\Users\HP\.openjfx\cache\17.0.2-ea;C:\WINDOWS\System32\DriverStore\FileRepository\iigd_dch.inf_amd64_9b53505f87f3498b;C:\Program Files\Common Files\Microsoft Shared\Ink;C:\Users\HP\.javacpp\cache\openblas-0.3.28-1.5.11-windows-x86_64.jar\org\bytedeco\openblas\windows-x86_64;C:\Users\HP\.javacpp\cache\javacpp-1.5.11-windows-x86_64.jar\org\bytedeco\javacpp\windows-x86_64;C:\Users\HP\.javacpp\cache\opencv-4.10.0-1.5.11-windows-x86_64.jar\org\bytedeco\opencv\windows-x86_64

VM Arguments:
jvm_args: --module-path=C:\Users\HP\.m2\repository\org\openjfx\javafx-base\17.0.2\javafx-base-17.0.2-win.jar;C:\Users\HP\.m2\repository\org\openjfx\javafx-base\17.0.2\javafx-base-17.0.2.jar;C:\Users\HP\.m2\repository\org\openjfx\javafx-controls\17.0.2\javafx-controls-17.0.2-win.jar;C:\Users\HP\.m2\repository\org\openjfx\javafx-controls\17.0.2\javafx-controls-17.0.2.jar;C:\Users\HP\.m2\repository\org\openjfx\javafx-fxml\17.0.2\javafx-fxml-17.0.2-win.jar;C:\Users\HP\.m2\repository\org\openjfx\javafx-fxml\17.0.2\javafx-fxml-17.0.2.jar;C:\Users\HP\.m2\repository\org\openjfx\javafx-graphics\17.0.2\javafx-graphics-17.0.2-win.jar;C:\Users\HP\.m2\repository\org\openjfx\javafx-graphics\17.0.2\javafx-graphics-17.0.2.jar --add-modules=javafx.base,javafx.controls,javafx.fxml,javafx.graphics 
java_command: tech.HTECH.ui.AppJavaFX
java_class_path (initial): D:\Dossier Harold\CompFaceModule\target\classes;C:\Users\HP\.m2\repository\ch\qos\logback\logback-classic\1.5.8\logback-classic-1.5.8.jar;C:\Users\HP\.m2\repository\ch\qos\logback\logback-core\1.5.8\logback-core-1.5.8.jar;C:\Users\HP\.m2\repository\net\imagej\ij\1.53f\ij-1.53f.jar;C:\Users\HP\.m2\repository\org\bytedeco\artoolkitplus\2.3.1-1.5.9\artoolkitplus-2.3.1-1.5.9-android-arm.jar;C:\Users\HP\.m2\repository\org\bytedeco\artoolkitplus\2.3.1-1.5.9\artoolkitplus-2.3.1-1.5.9-android-arm64.jar;C:\Users\HP\.m2\repository\org\bytedeco\artoolkitplus\2.3.1-1.5.9\artoolkitplus-2.3.1-1.5.9-android-x86.jar;C:\Users\HP\.m2\repository\org\bytedeco\artoolkitplus\2.3.1-1.5.9\artoolkitplus-2.3.1-1.5.9-android-x86_64.jar;C:\Users\HP\.m2\repository\org\bytedeco\artoolkitplus\2.3.1-1.5.9\artoolkitplus-2.3.1-1.5.9-linux-arm64.jar;C:\Users\HP\.m2\repository\org\bytedeco\artoolkitplus\2.3.1-1.5.9\artoolkitplus-2.3.1-1.5.9-linux-armhf.jar;C:\Users\HP\.m2\repository\org\bytedeco\artoolkitplus\2.3.1-1.5.9\artoolkitplus-2.3.1-1.5.9-linux-ppc64le.jar;C:\Users\HP\.m2\repository\org\bytedeco\artoolkitplus\2.3.1-1.5.9\artoolkitplus-2.3.1-1.5.9-linux-x86.jar;C:\Users\HP\.m2\repository\org\bytedeco\artoolkitplus\2.3.1-1.5.9\artoolkitplus-2.3.1-1.5.9-linux-x86_64.jar;C:\Users\HP\.m2\repository\org\bytedeco\artoolkitplus\2.3.1-1.5.9\artoolkitplus-2.3.1-1.5.9-macosx-x86_64.jar;C:\Users\HP\.m2\repository\org\bytedeco\artoolkitplus\2.3.1-1.5.9\artoolkitplus-2.3.1-1.5.9-windows-x86.jar;C:\Users\HP\.m2\repository\org\bytedeco\artoolkitplus\2.3.1-1.5.9\artoolkitplus-2.3.1-1.5.9-windows-x86_64.jar;C:\Users\HP\.m2\repository\org\bytedeco\artoolkitplus\2.3.1-1.5.9\artoolkitplus-2.3.1-1.5.9.jar;C:\Users\HP\.m2\repository\org\bytedeco\artoolkitplus-platform\2.3.1-1.5.9\artoolkitplus-platform-2.3.1-1.5.9.jar;C:\Users\HP\.m2\repository\org\bytedeco\ffmpeg\7.1-1.5.11\ffmpeg-7.1-1.5.11-android-arm64.jar;C:\Users\HP\.m2\repository\org\bytedeco\ffmpeg\7.1-1.5.11\ffmpeg-7.1-1.5.11-an
Launcher Type: SUN_STANDARD

[Global flags]
     intx CICompilerCount                          = 4                                         {product} {ergonomic}
     uint ConcGCThreads                            = 2                                         {product} {ergonomic}
     uint G1ConcRefinementThreads                  = 8                                         {product} {ergonomic}
   size_t G1HeapRegionSize                         = 1048576                                   {product} {ergonomic}
    uintx GCDrainStackTargetSize                   = 64                                        {product} {ergonomic}
   size_t InitialHeapSize                          = 132120576                                 {product} {ergonomic}
   size_t MarkStackSize                            = 4194304                                   {product} {ergonomic}
   size_t MaxHeapSize                              = 2090860544                                {product} {ergonomic}
   size_t MaxNewSize                               = 1254096896                                {product} {ergonomic}
   size_t MinHeapDeltaBytes                        = 1048576                                   {product} {ergonomic}
   size_t MinHeapSize                              = 8388608                                   {product} {ergonomic}
    uintx NonNMethodCodeHeapSize                   = 5839372                                {pd product} {ergonomic}
    uintx NonProfiledCodeHeapSize                  = 122909434                              {pd product} {ergonomic}
    uintx ProfiledCodeHeapSize                     = 122909434                              {pd product} {ergonomic}
    uintx ReservedCodeCacheSize                    = 251658240                              {pd product} {ergonomic}
     bool SegmentedCodeCache                       = true                                      {product} {ergonomic}
   size_t SoftMaxHeapSize                          = 2090860544                             {manageable} {ergonomic}
     bool UseCompressedClassPointers               = true                           {product lp64_product} {ergonomic}
     bool UseCompressedOops                        = true                           {product lp64_product} {ergonomic}
     bool UseG1GC                                  = true                                      {product} {ergonomic}
     bool UseLargePagesIndividualAllocation        = false                                  {pd product} {ergonomic}

Logging:
Log output configuration:
 #0: stdout all=warning uptime,level,tags
 #1: stderr all=off uptime,level,tags

Environment Variables:
JAVA_HOME=C:\Program Files\Microsoft\jdk-17.0.17.10-hotspot\
PATH=C:\Program Files\Microsoft\jdk-17.0.17.10-hotspot\bin;C:\WINDOWS\system32;C:\WINDOWS;C:\WINDOWS\System32\Wbem;C:\WINDOWS\System32\WindowsPowerShell\v1.0\;C:\WINDOWS\System32\OpenSSH\;C:\Program Files (x86)\dotnet\;C:\Program Files (x86)\HP\HP OCR\DB_Lib\;C:\Program Files\HP\Common\HPDestPlgIn\;C:\Program Files (x86)\HP\Common\HPDestPlgIn\;C:\Program Files\Git\cmd;C:\Program Files\nodejs\;C:\xampp\php;C:\ProgramData\ComposerSetup\bin;C:\Users\HP\AppData\Local\Programs\Python\Python312\Scripts\;C:\Users\HP\AppData\Local\Programs\Python\Python312\;C:\Users\HP\AppData\Local\Programs\Python\Launcher\;C:\Program Files\Microsoft\jdk-17.0.17.10-hotspot\bin;C:\WINDOWS\system32;C:\WINDOWS;C:\WINDOWS\System32\Wbem;C:\WINDOWS\System32\WindowsPowerShell\v1.0\;C:\WINDOWS\System32\OpenSSH\;C:\Program Files (x86)\dotnet\;C:\Program Files (x86)\HP\HP OCR\DB_Lib\;C:\Program Files\HP\Common\HPDestPlgIn\;C:\Program Files (x86)\HP\Common\HPDestPlgIn\;C:\Program Files\Git\cmd;C:\Users\HP\AppData\Local\Microsoft\WindowsApps;C:\Program Files\HP\Common\HPDestPlgIn\;C:\Program Files (x86)\HP\Common\HPDestPlgIn\;C:\Users\HP\AppData\Local\Programs\Antigravity\bin;C:\Users\HP\AppData\Local\Programs\Microsoft VS Code\bin;C:\Program Files\JetBrains\IntelliJ IDEA 2025.3.1.1\bin;E:\CompFaceModule\apache-maven-3.9.9\bin;C:\Program Files (x86)\Apache\apache-maven-3.9.12\bin;C:\Users\HP\AppData\Roaming\npm;C:\Users\HP\AppData\Roaming\Composer\vendor\bin;c:\Users\HP\.antigravity\extensions\vscjava.vscode-java-debug-0.58.5-universal\bundled\scripts\noConfigScripts;c:\Users\HP\.antigravity\extensions\ms-python.debugpy-2025.18.0-win32-x64\bundled\scripts\noConfigScripts
USERNAME=HP
LANG=en_US.UTF-8
OS=Windows_NT
PROCESSOR_IDENTIFIER=Intel64 Family 6 Model 126 Stepping 5, GenuineIntel
TMP=C:\Users\HP\AppData\Local\Temp
TEMP=C:\Users\HP\AppData\Local\Temp



Periodic native trim disabled


---------------  S Y S T E M  ---------------

OS:
 Windows 11 , 64 bit Build 22621 (10.0.22621.3235)
OS uptime: 0 days 2:52 hours

CPU: total 8 (initial active 8) (4 cores per cpu, 2 threads per core) family 6 model 126 stepping 5 microcode 0xa0, cx8, cmov, fxsr, ht, mmx, 3dnowpref, sse, sse2, sse3, ssse3, sse4.1, sse4.2, popcnt, lzcnt, tsc, tscinvbit, avx, avx2, aes, erms, clmul, bmi1, bmi2, adx, avx512f, avx512dq, avx512cd, avx512bw, avx512vl, sha, fma, vzeroupper, avx512_vpopcntdq, avx512_vpclmulqdq, avx512_vaes, avx512_vnni, clflush, clflushopt, avx512_vbmi2, avx512_vbmi
Processor Information for the first 8 processors :
  Max Mhz: 1190, Current Mhz: 991, Mhz Limit: 987

Memory: 4k page, system-wide physical 7973M (729M free)
TotalPageFile size 25767M (AvailPageFile size 199M)
current process WorkingSet (physical memory assigned to process): 253M, peak: 270M
current process commit charge ("private bytes"): 2090M, peak: 2090M

vm_info: OpenJDK 64-Bit Server VM (17.0.17+10-LTS) for windows-amd64 JRE (17.0.17+10-LTS), built on Oct 13 2025 22:19:56 by "MicrosoftCorporation" with unknown MS VC++:1944

END.
