#
# There is insufficient memory for the Java Runtime Environment to continue.
# Native memory allocation (mmap) failed to map 44040192 bytes. Error detail: G1 virtual space
# Possible reasons:
#   The system is out of physical RAM or swap space
#   This process is running with CompressedOops enabled, and the Java Heap may be blocking the growth of the native heap
# Possible solutions:
#   Reduce memory load on the system
#   Increase physical memory or swap space
#   Check if swap backing store is full
#   Decrease Java heap size (-Xmx/-Xms)
#   Decrease number of Java threads
#   Decrease Java thread stack sizes (-Xss)
#   Set larger code cache with -XX:ReservedCodeCacheSize=
#   JVM is running with Unscaled Compressed Oops mode in which the Java heap is
#     placed in the first 4GB address space. The Java Heap base address is the
#     maximum limit for the native heap growth. Please use -XX:HeapBaseMinAddress
#     to set the Java Heap base and to place the Java Heap above 4GB virtual address.
# This output file may be truncated or incomplete.
#
#  Out of Memory Error (os_windows.cpp:3690), pid=2732, tid=4976
#
# JRE version: OpenJDK Runtime Environment Microsoft-12574423 (17.0.17+10) (build 17.0.17+10-LTS)
# Java VM: OpenJDK 64-Bit Server VM Microsoft-12574423 (17.0.17+10-LTS, mixed mode, sharing, tiered, compressed oops, compressed class ptrs, g1 gc, windows-amd64)
# No core dump will be written. Minidumps are not enabled by default on client versions of Windows
#

---------------  S U M M A R Y ------------

Command Line: --module-path=C:\Users\HP\.m2\repository\org\openjfx\javafx-base\17.0.2\javafx-base-17.0.2-win.jar;C:\Users\HP\.m2\repository\org\openjfx\javafx-base\17.0.2\javafx-base-17.0.2.jar;C:\Users\HP\.m2\repository\org\openjfx\javafx-controls\17.0.2\javafx-controls-17.0.2-win.jar;C:\Users\HP\.m2\repository\org\openjfx\javafx-controls\17.0.2\javafx-controls-17.0.2.jar;C:\Users\HP\.m2\repository\org\openjfx\javafx-fxml\17.0.2\javafx-fxml-17.0.2-win.jar;C:\Users\HP\.m2\repository\org\openjfx\javafx-fxml\17.0.2\javafx-fxml-17.0.2.jar;C:\Users\HP\.m2\repository\org\openjfx\javafx-graphics\17.0.2\javafx-graphics-17.0.2-win.jar;C:\Users\HP\.m2\repository\org\openjfx\javafx-graphics\17.0.2\javafx-graphics-17.0.2.jar --add-modules=javafx.base,javafx.controls,javafx.fxml,javafx.graphics tech.HTECH.ui.AppJavaFX

Host: Intel(R) Core(TM) i5-1035G1 CPU @ 1.00GHz, 8 cores, 7G,  Windows 11 , 64 bit Build 22621 (10.0.22621.3235)
Time: Thu Feb  5 12:59:18 2026 Afr. centrale Ouest elapsed time: 14.366117 seconds (0d 0h 0m 14s)

---------------  T H R E A D  ---------------

Current thread (0x00000153f98d8380):  VMThread "VM Thread" [stack: 0x00000023d8800000,0x00000023d8900000] [id=4976]

Stack: [0x00000023d8800000,0x00000023d8900000]
Native frames: (J=compiled Java code, j=interpreted, Vv=VM code, C=native code)
V  [jvm.dll+0x68c459]  (no source info available)
V  [jvm.dll+0x845e09]  (no source info available)
V  [jvm.dll+0x847b78]  (no source info available)
V  [jvm.dll+0x848203]  (no source info available)
V  [jvm.dll+0x24cf6f]  (no source info available)
V  [jvm.dll+0x68b859]  (no source info available)
V  [jvm.dll+0x67fe1a]  (no source info available)
V  [jvm.dll+0x3100f0]  (no source info available)
V  [jvm.dll+0x30ff92]  (no source info available)
V  [jvm.dll+0x3174e9]  (no source info available)
V  [jvm.dll+0x3697c9]  (no source info available)
V  [jvm.dll+0x3699fd]  (no source info available)
V  [jvm.dll+0x2e68fa]  (no source info available)
V  [jvm.dll+0x2e4cf1]  (no source info available)
V  [jvm.dll+0x2e448c]  (no source info available)
V  [jvm.dll+0x328e1b]  (no source info available)
V  [jvm.dll+0x84ca8d]  (no source info available)
V  [jvm.dll+0x84d7a3]  (no source info available)
V  [jvm.dll+0x84dcd4]  (no source info available)
V  [jvm.dll+0x84e0b8]  (no source info available)
V  [jvm.dll+0x84e1ae]  (no source info available)
V  [jvm.dll+0x7f5a5c]  (no source info available)
V  [jvm.dll+0x68d9f7]  (no source info available)
C  [ucrtbase.dll+0x29363]  (no source info available)
C  [KERNEL32.DLL+0x1257d]  (no source info available)
C  [ntdll.dll+0x5aa58]  (no source info available)

VM_Operation (0x00000023da9ff1d0): G1CollectForAllocation, mode: safepoint, requested by thread 0x00000153ff668320


---------------  P R O C E S S  ---------------

Threads class SMR info:
_java_thread_list=0x00000153c775fbc0, length=29, elements={
0x00000153d940e9e0, 0x00000153f98dc8d0, 0x00000153f98dd490, 0x00000153f98f0c00,
0x00000153f98f59e0, 0x00000153f98f63a0, 0x00000153f98f6d60, 0x00000153f98f9a60,
0x00000153f9907980, 0x00000153f9978070, 0x00000153f9a85b90, 0x00000153f9b560f0,
0x00000153fe1fcee0, 0x00000153fe3b80d0, 0x00000153fe41a040, 0x00000153fe580120,
0x00000153fe573ea0, 0x00000153ff4284d0, 0x00000153ff669760, 0x00000153ff668320,
0x00000153ff669c70, 0x00000153ff66a180, 0x00000153ff667e10, 0x00000153ff667900,
0x00000153ff66aba0, 0x00000153ff668d40, 0x00000153ff669250, 0x00000153c7a18ae0,
0x00000153c7a1dbe0
}

Java Threads: ( => current thread )
  0x00000153d940e9e0 JavaThread "main" [_thread_blocked, id=8164, stack(0x00000023d8200000,0x00000023d8300000)]
  0x00000153f98dc8d0 JavaThread "Reference Handler" daemon [_thread_blocked, id=18692, stack(0x00000023d8900000,0x00000023d8a00000)]
  0x00000153f98dd490 JavaThread "Finalizer" daemon [_thread_blocked, id=5916, stack(0x00000023d8a00000,0x00000023d8b00000)]
  0x00000153f98f0c00 JavaThread "Signal Dispatcher" daemon [_thread_blocked, id=16028, stack(0x00000023d8b00000,0x00000023d8c00000)]
  0x00000153f98f59e0 JavaThread "Attach Listener" daemon [_thread_blocked, id=22412, stack(0x00000023d8c00000,0x00000023d8d00000)]
  0x00000153f98f63a0 JavaThread "Service Thread" daemon [_thread_blocked, id=16108, stack(0x00000023d8d00000,0x00000023d8e00000)]
  0x00000153f98f6d60 JavaThread "Monitor Deflation Thread" daemon [_thread_blocked, id=20044, stack(0x00000023d8e00000,0x00000023d8f00000)]
  0x00000153f98f9a60 JavaThread "C2 CompilerThread0" daemon [_thread_blocked, id=15860, stack(0x00000023d8f00000,0x00000023d9000000)]
  0x00000153f9907980 JavaThread "C1 CompilerThread0" daemon [_thread_blocked, id=14016, stack(0x00000023d9000000,0x00000023d9100000)]
  0x00000153f9978070 JavaThread "Sweeper thread" daemon [_thread_blocked, id=20252, stack(0x00000023d9100000,0x00000023d9200000)]
  0x00000153f9a85b90 JavaThread "Common-Cleaner" daemon [_thread_blocked, id=7508, stack(0x00000023d9200000,0x00000023d9300000)]
  0x00000153f9b560f0 JavaThread "Notification Thread" daemon [_thread_blocked, id=3608, stack(0x00000023d9300000,0x00000023d9400000)]
  0x00000153fe1fcee0 JavaThread "QuantumRenderer-0" daemon [_thread_blocked, id=16764, stack(0x00000023d9500000,0x00000023d9600000)]
  0x00000153fe3b80d0 JavaThread "InvokeLaterDispatcher" daemon [_thread_blocked, id=15552, stack(0x00000023d9600000,0x00000023d9700000)]
  0x00000153fe41a040 JavaThread "JavaFX Application Thread" [_thread_in_native, id=11404, stack(0x00000023d9700000,0x00000023d9800000)]
  0x00000153fe580120 JavaThread "JavaFX-Launcher" [_thread_blocked, id=10528, stack(0x00000023d9c00000,0x00000023d9d00000)]
  0x00000153fe573ea0 JavaThread "Thread-2" daemon [_thread_blocked, id=14560, stack(0x00000023d9b00000,0x00000023d9c00000)]
  0x00000153ff4284d0 JavaThread "Prism Font Disposer" daemon [_thread_blocked, id=21468, stack(0x00000023da500000,0x00000023da600000)]
  0x00000153ff669760 JavaThread "Cleaner-0" daemon [_thread_blocked, id=3680, stack(0x00000023da800000,0x00000023da900000)]
  0x00000153ff668320 JavaThread "Thread-3" [_thread_blocked, id=8848, stack(0x00000023da900000,0x00000023daa00000)]
  0x00000153ff669c70 JavaThread "JavaCPP Deallocator" daemon [_thread_blocked, id=19012, stack(0x00000023db100000,0x00000023db200000)]
  0x00000153ff66a180 JavaThread "pool-2-thread-1" [_thread_blocked, id=20996, stack(0x00000023dc100000,0x00000023dc200000)]
  0x00000153ff667e10 JavaThread "pool-2-thread-2" [_thread_blocked, id=4524, stack(0x00000023dc200000,0x00000023dc300000)]
  0x00000153ff667900 JavaThread "pool-2-thread-3" [_thread_blocked, id=10684, stack(0x00000023dc300000,0x00000023dc400000)]
  0x00000153ff66aba0 JavaThread "pool-2-thread-4" [_thread_blocked, id=2796, stack(0x00000023dc400000,0x00000023dc500000)]
  0x00000153ff668d40 JavaThread "pool-2-thread-5" [_thread_blocked, id=9984, stack(0x00000023dc500000,0x00000023dc600000)]
  0x00000153ff669250 JavaThread "pool-2-thread-6" [_thread_blocked, id=18144, stack(0x00000023dc600000,0x00000023dc700000)]
  0x00000153c7a18ae0 JavaThread "pool-2-thread-7" [_thread_blocked, id=12092, stack(0x00000023dc700000,0x00000023dc800000)]
  0x00000153c7a1dbe0 JavaThread "pool-2-thread-8" [_thread_blocked, id=14296, stack(0x00000023dc800000,0x00000023dc900000)]

Other Threads:
=>0x00000153f98d8380 VMThread "VM Thread" [stack: 0x00000023d8800000,0x00000023d8900000] [id=4976]
  0x00000153f9b565d0 WatcherThread [stack: 0x00000023d9400000,0x00000023d9500000] [id=296]
  0x00000153d9570960 GCTaskThread "GC Thread#0" [stack: 0x00000023d8300000,0x00000023d8400000] [id=20528]
  0x00000153fe6d8820 GCTaskThread "GC Thread#1" [stack: 0x00000023d9d00000,0x00000023d9e00000] [id=15356]
  0x00000153ff08d670 GCTaskThread "GC Thread#2" [stack: 0x00000023d9e00000,0x00000023d9f00000] [id=11980]
  0x00000153fe7f3380 GCTaskThread "GC Thread#3" [stack: 0x00000023d9f00000,0x00000023da000000] [id=20076]
  0x00000153fe7f1760 GCTaskThread "GC Thread#4" [stack: 0x00000023da000000,0x00000023da100000] [id=3928]
  0x00000153fe7f30b0 GCTaskThread "GC Thread#5" [stack: 0x00000023da100000,0x00000023da200000] [id=840]
  0x00000153fe7f2b10 GCTaskThread "GC Thread#6" [stack: 0x00000023da600000,0x00000023da700000] [id=12148]
  0x00000153fe7f2de0 GCTaskThread "GC Thread#7" [stack: 0x00000023da700000,0x00000023da800000] [id=14144]
  0x00000153d9581200 ConcurrentGCThread "G1 Main Marker" [stack: 0x00000023d8400000,0x00000023d8500000] [id=15984]
  0x00000153d9581c20 ConcurrentGCThread "G1 Conc#0" [stack: 0x00000023d8500000,0x00000023d8600000] [id=20128]
  0x00000153c767a130 ConcurrentGCThread "G1 Conc#1" [stack: 0x00000023db200000,0x00000023db300000] [id=22272]
  0x00000153d95aec90 ConcurrentGCThread "G1 Refine#0" [stack: 0x00000023d8600000,0x00000023d8700000] [id=9732]
  0x00000153c7ab4f60 ConcurrentGCThread "G1 Refine#1" [stack: 0x00000023dba00000,0x00000023dbb00000] [id=5092]
  0x00000153c7ab7060 ConcurrentGCThread "G1 Refine#2" [stack: 0x00000023dbb00000,0x00000023dbc00000] [id=7540]
  0x00000153c7ab6d60 ConcurrentGCThread "G1 Refine#3" [stack: 0x00000023dbc00000,0x00000023dbd00000] [id=15648]
  0x00000153f9791f50 ConcurrentGCThread "G1 Service" [stack: 0x00000023d8700000,0x00000023d8800000] [id=15788]

Threads with active compile tasks:
C2 CompilerThread0  14435 4968       4       com.sun.marlin.Renderer::_endRendering (2473 bytes)

VM state: at safepoint (normal execution)

VM Mutex/Monitor currently owned by a thread:  ([mutex/lock_event])
[0x00000153d9511eb0] Threads_lock - owner thread: 0x00000153f98d8380
[0x00000153d9512f90] Heap_lock - owner thread: 0x00000153ff668320

Heap address: 0x0000000083600000, size: 1994 MB, Compressed Oops mode: 32-bit

CDS archive(s) mapped at: [0x0000015380000000-0x0000015380bb0000-0x0000015380bb0000), size 12255232, SharedBaseAddress: 0x0000015380000000, ArchiveRelocationMode: 1.
Compressed class space mapped at: 0x0000015381000000-0x00000153c1000000, reserved size: 1073741824
Narrow klass base: 0x0000015380000000, Narrow klass shift: 0, Narrow klass range: 0x100000000

GC Precious Log:
 CPUs: 8 total, 8 available
 Memory: 7973M
 Large Page Support: Disabled
 NUMA Support: Disabled
 Compressed Oops: Enabled (32-bit)
 Heap Region Size: 1M
 Heap Min Capacity: 8M
 Heap Initial Capacity: 126M
 Heap Max Capacity: 1994M
 Pre-touch: Disabled
 Parallel Workers: 8
 Concurrent Workers: 2
 Concurrent Refinement Workers: 8
 Periodic GC: Disabled

Heap:
 garbage-first heap   total 142336K, used 30244K [0x0000000083600000, 0x0000000100000000)
  region size 1024K, 2 young (2048K), 2 survivors (2048K)
 Metaspace       used 30310K, committed 30528K, reserved 1114112K
  class space    used 3606K, committed 3712K, reserved 1048576K

Heap Regions: E=young(eden), S=young(survivor), O=old, HS=humongous(starts), HC=humongous(continues), CS=collection set, F=free, OA=open archive, CA=closed archive, TAMS=top-at-mark-start (previous, next)
|   0|0x0000000083600000, 0x0000000083700000, 0x0000000083700000|100%| O|  |TAMS 0x0000000083700000, 0x0000000083700000| Untracked 
|   1|0x0000000083700000, 0x0000000083800000, 0x0000000083800000|100%| O|  |TAMS 0x0000000083800000, 0x0000000083800000| Untracked 
|   2|0x0000000083800000, 0x0000000083900000, 0x0000000083900000|100%| O|  |TAMS 0x0000000083900000, 0x0000000083900000| Untracked 
|   3|0x0000000083900000, 0x0000000083a00000, 0x0000000083a00000|100%| O|  |TAMS 0x0000000083a00000, 0x0000000083a00000| Untracked 
|   4|0x0000000083a00000, 0x0000000083b00000, 0x0000000083b00000|100%|HS|  |TAMS 0x0000000083b00000, 0x0000000083b00000| Untracked 
|   5|0x0000000083b00000, 0x0000000083c00000, 0x0000000083c00000|100%|HC|  |TAMS 0x0000000083c00000, 0x0000000083c00000| Untracked 
|   6|0x0000000083c00000, 0x0000000083d00000, 0x0000000083d00000|100%| O|  |TAMS 0x0000000083d00000, 0x0000000083d00000| Untracked 
|   7|0x0000000083d00000, 0x0000000083deb298, 0x0000000083e00000| 91%| O|  |TAMS 0x0000000083d00000, 0x0000000083deb298| Untracked 
|   8|0x0000000083e00000, 0x0000000083efffe8, 0x0000000083f00000| 99%| O|  |TAMS 0x0000000083efffe8, 0x0000000083efffe8| Untracked 
|   9|0x0000000083f00000, 0x0000000084000000, 0x0000000084000000|100%| O|  |TAMS 0x0000000084000000, 0x0000000084000000| Untracked 
|  10|0x0000000084000000, 0x00000000840d97a8, 0x0000000084100000| 84%| O|  |TAMS 0x0000000084000000, 0x00000000840d97a8| Untracked 
|  11|0x0000000084100000, 0x0000000084200000, 0x0000000084200000|100%| O|  |TAMS 0x0000000084200000, 0x0000000084200000| Untracked 
|  12|0x0000000084200000, 0x0000000084300000, 0x0000000084300000|100%| O|  |TAMS 0x0000000084300000, 0x0000000084300000| Untracked 
|  13|0x0000000084300000, 0x0000000084400000, 0x0000000084400000|100%| O|  |TAMS 0x0000000084400000, 0x0000000084400000| Untracked 
|  14|0x0000000084400000, 0x0000000084500000, 0x0000000084500000|100%| O|  |TAMS 0x0000000084500000, 0x0000000084500000| Untracked 
|  15|0x0000000084500000, 0x0000000084600000, 0x0000000084600000|100%| O|  |TAMS 0x0000000084600000, 0x0000000084600000| Untracked 
|  16|0x0000000084600000, 0x00000000846eed90, 0x0000000084700000| 93%| O|  |TAMS 0x0000000084600000, 0x00000000846eed90| Untracked 
|  17|0x0000000084700000, 0x0000000084800000, 0x0000000084800000|100%| O|  |TAMS 0x0000000084800000, 0x0000000084800000| Untracked 
|  18|0x0000000084800000, 0x00000000848c1320, 0x0000000084900000| 75%| O|  |TAMS 0x0000000084800000, 0x00000000848c1320| Untracked 
|  19|0x0000000084900000, 0x00000000849c06d8, 0x0000000084a00000| 75%| O|  |TAMS 0x0000000084900000, 0x00000000849c06d8| Untracked 
|  20|0x0000000084a00000, 0x0000000084ac0030, 0x0000000084b00000| 75%| O|  |TAMS 0x0000000084a00000, 0x0000000084ac0030| Untracked 
|  21|0x0000000084b00000, 0x0000000084bc0030, 0x0000000084c00000| 75%| O|  |TAMS 0x0000000084b00000, 0x0000000084bc0030| Untracked 
|  22|0x0000000084c00000, 0x0000000084cc0070, 0x0000000084d00000| 75%| O|  |TAMS 0x0000000084c00000, 0x0000000084cc0070| Untracked 
|  23|0x0000000084d00000, 0x0000000084dc0030, 0x0000000084e00000| 75%| O|  |TAMS 0x0000000084d00000, 0x0000000084dc0030| Untracked 
|  24|0x0000000084e00000, 0x0000000084ec13d0, 0x0000000084f00000| 75%| O|  |TAMS 0x0000000084e00000, 0x0000000084ec13d0| Untracked 
|  25|0x0000000084f00000, 0x0000000084fc00c0, 0x0000000085000000| 75%| O|  |TAMS 0x0000000084f00000, 0x0000000084fc00c0| Untracked 
|  26|0x0000000085000000, 0x00000000850c0030, 0x0000000085100000| 75%| O|  |TAMS 0x0000000085000000, 0x00000000850c0030| Untracked 
|  27|0x0000000085100000, 0x00000000851c0030, 0x0000000085200000| 75%| O|  |TAMS 0x0000000085100000, 0x00000000851c0030| Untracked 
|  28|0x0000000085200000, 0x00000000852c0030, 0x0000000085300000| 75%| O|  |TAMS 0x0000000085200000, 0x00000000852c0030| Untracked 
|  29|0x0000000085300000, 0x00000000853c0c68, 0x0000000085400000| 75%| O|  |TAMS 0x0000000085300000, 0x00000000853c0c68| Untracked 
|  30|0x0000000085400000, 0x00000000854c0d60, 0x0000000085500000| 75%| O|  |TAMS 0x0000000085400000, 0x00000000854c0d60| Untracked 
|  31|0x0000000085500000, 0x0000000085500000, 0x0000000085600000|  0%| F|  |TAMS 0x0000000085500000, 0x0000000085500000| Untracked 
|  32|0x0000000085600000, 0x0000000085600000, 0x0000000085700000|  0%| F|  |TAMS 0x0000000085600000, 0x0000000085600000| Untracked 
|  33|0x0000000085700000, 0x0000000085700000, 0x0000000085800000|  0%| F|  |TAMS 0x0000000085700000, 0x0000000085700000| Untracked 
|  34|0x0000000085800000, 0x0000000085800000, 0x0000000085900000|  0%| F|  |TAMS 0x0000000085800000, 0x0000000085800000| Untracked 
|  35|0x0000000085900000, 0x0000000085900000, 0x0000000085a00000|  0%| F|  |TAMS 0x0000000085900000, 0x0000000085900000| Untracked 
|  36|0x0000000085a00000, 0x0000000085a00000, 0x0000000085b00000|  0%| F|  |TAMS 0x0000000085a00000, 0x0000000085a00000| Untracked 
|  37|0x0000000085b00000, 0x0000000085b00000, 0x0000000085c00000|  0%| F|  |TAMS 0x0000000085b00000, 0x0000000085b00000| Untracked 
|  38|0x0000000085c00000, 0x0000000085c00000, 0x0000000085d00000|  0%| F|  |TAMS 0x0000000085c00000, 0x0000000085c00000| Untracked 
|  39|0x0000000085d00000, 0x0000000085d00000, 0x0000000085e00000|  0%| F|  |TAMS 0x0000000085d00000, 0x0000000085d00000| Untracked 
|  40|0x0000000085e00000, 0x0000000085e00000, 0x0000000085f00000|  0%| F|  |TAMS 0x0000000085e00000, 0x0000000085e00000| Untracked 
|  41|0x0000000085f00000, 0x0000000085f00000, 0x0000000086000000|  0%| F|  |TAMS 0x0000000085f00000, 0x0000000085f00000| Untracked 
|  42|0x0000000086000000, 0x0000000086000000, 0x0000000086100000|  0%| F|  |TAMS 0x0000000086000000, 0x0000000086000000| Untracked 
|  43|0x0000000086100000, 0x0000000086151040, 0x0000000086200000| 31%| S|CS|TAMS 0x0000000086100000, 0x0000000086100000| Complete 
|  44|0x0000000086200000, 0x0000000086300000, 0x0000000086300000|100%| S|CS|TAMS 0x0000000086200000, 0x0000000086200000| Complete 
|  45|0x0000000086300000, 0x0000000086300000, 0x0000000086400000|  0%| F|  |TAMS 0x0000000086300000, 0x0000000086300000| Untracked 
|  46|0x0000000086400000, 0x0000000086400000, 0x0000000086500000|  0%| F|  |TAMS 0x0000000086400000, 0x0000000086400000| Untracked 
|  47|0x0000000086500000, 0x0000000086500000, 0x0000000086600000|  0%| F|  |TAMS 0x0000000086500000, 0x0000000086500000| Untracked 
|  48|0x0000000086600000, 0x0000000086600000, 0x0000000086700000|  0%| F|  |TAMS 0x0000000086600000, 0x0000000086600000| Untracked 
|  49|0x0000000086700000, 0x0000000086700000, 0x0000000086800000|  0%| F|  |TAMS 0x0000000086700000, 0x0000000086700000| Untracked 
|  50|0x0000000086800000, 0x0000000086800000, 0x0000000086900000|  0%| F|  |TAMS 0x0000000086800000, 0x0000000086800000| Untracked 
|  51|0x0000000086900000, 0x0000000086900000, 0x0000000086a00000|  0%| F|  |TAMS 0x0000000086900000, 0x0000000086900000| Untracked 
|  52|0x0000000086a00000, 0x0000000086a00000, 0x0000000086b00000|  0%| F|  |TAMS 0x0000000086a00000, 0x0000000086a00000| Untracked 
|  53|0x0000000086b00000, 0x0000000086bc01f0, 0x0000000086c00000| 75%| O|  |TAMS 0x0000000086b00000, 0x0000000086bc01f0| Untracked 
|  54|0x0000000086c00000, 0x0000000086c00000, 0x0000000086d00000|  0%| F|  |TAMS 0x0000000086c00000, 0x0000000086c00000| Untracked 
|  55|0x0000000086d00000, 0x0000000086d00000, 0x0000000086e00000|  0%| F|  |TAMS 0x0000000086d00000, 0x0000000086d00000| Untracked 
|  56|0x0000000086e00000, 0x0000000086e00000, 0x0000000086f00000|  0%| F|  |TAMS 0x0000000086e00000, 0x0000000086e00000| Untracked 
|  57|0x0000000086f00000, 0x0000000086f00000, 0x0000000087000000|  0%| F|  |TAMS 0x0000000086f00000, 0x0000000086f00000| Untracked 
|  58|0x0000000087000000, 0x0000000087000000, 0x0000000087100000|  0%| F|  |TAMS 0x0000000087000000, 0x0000000087000000| Untracked 
|  59|0x0000000087100000, 0x0000000087100000, 0x0000000087200000|  0%| F|  |TAMS 0x0000000087100000, 0x0000000087100000| Untracked 
|  60|0x0000000087200000, 0x0000000087200000, 0x0000000087300000|  0%| F|  |TAMS 0x0000000087200000, 0x0000000087200000| Untracked 
|  61|0x0000000087300000, 0x0000000087300000, 0x0000000087400000|  0%| F|  |TAMS 0x0000000087300000, 0x0000000087300000| Untracked 
|  62|0x0000000087400000, 0x0000000087400000, 0x0000000087500000|  0%| F|  |TAMS 0x0000000087400000, 0x0000000087400000| Untracked 
|  63|0x0000000087500000, 0x0000000087500000, 0x0000000087600000|  0%| F|  |TAMS 0x0000000087500000, 0x0000000087500000| Untracked 
|  64|0x0000000087600000, 0x0000000087600000, 0x0000000087700000|  0%| F|  |TAMS 0x0000000087600000, 0x0000000087600000| Untracked 
|  65|0x0000000087700000, 0x0000000087700000, 0x0000000087800000|  0%| F|  |TAMS 0x0000000087700000, 0x0000000087700000| Untracked 
|  66|0x0000000087800000, 0x0000000087800000, 0x0000000087900000|  0%| F|  |TAMS 0x0000000087800000, 0x0000000087800000| Untracked 
|  67|0x0000000087900000, 0x0000000087900000, 0x0000000087a00000|  0%| F|  |TAMS 0x0000000087900000, 0x0000000087900000| Untracked 
|  68|0x0000000087a00000, 0x0000000087a00000, 0x0000000087b00000|  0%| F|  |TAMS 0x0000000087a00000, 0x0000000087a00000| Untracked 
|  69|0x0000000087b00000, 0x0000000087b00000, 0x0000000087c00000|  0%| F|  |TAMS 0x0000000087b00000, 0x0000000087b00000| Untracked 
|  70|0x0000000087c00000, 0x0000000087c00000, 0x0000000087d00000|  0%| F|  |TAMS 0x0000000087c00000, 0x0000000087c00000| Untracked 
|  71|0x0000000087d00000, 0x0000000087d00000, 0x0000000087e00000|  0%| F|  |TAMS 0x0000000087d00000, 0x0000000087d00000| Untracked 
|  72|0x0000000087e00000, 0x0000000087e00000, 0x0000000087f00000|  0%| F|  |TAMS 0x0000000087e00000, 0x0000000087e00000| Untracked 
|  73|0x0000000087f00000, 0x0000000087f00000, 0x0000000088000000|  0%| F|  |TAMS 0x0000000087f00000, 0x0000000087f00000| Untracked 
|  74|0x0000000088000000, 0x0000000088000000, 0x0000000088100000|  0%| F|  |TAMS 0x0000000088000000, 0x0000000088000000| Untracked 
|  75|0x0000000088100000, 0x0000000088100000, 0x0000000088200000|  0%| F|  |TAMS 0x0000000088100000, 0x0000000088100000| Untracked 
|  76|0x0000000088200000, 0x0000000088200000, 0x0000000088300000|  0%| F|  |TAMS 0x0000000088200000, 0x0000000088200000| Untracked 
|  77|0x0000000088300000, 0x0000000088300000, 0x0000000088400000|  0%| F|  |TAMS 0x0000000088300000, 0x0000000088300000| Untracked 
|  78|0x0000000088400000, 0x0000000088400000, 0x0000000088500000|  0%| F|  |TAMS 0x0000000088400000, 0x0000000088400000| Untracked 
|  79|0x0000000088500000, 0x0000000088500000, 0x0000000088600000|  0%| F|  |TAMS 0x0000000088500000, 0x0000000088500000| Untracked 
|  80|0x0000000088600000, 0x0000000088600000, 0x0000000088700000|  0%| F|  |TAMS 0x0000000088600000, 0x0000000088600000| Untracked 
|  81|0x0000000088700000, 0x0000000088700000, 0x0000000088800000|  0%| F|  |TAMS 0x0000000088700000, 0x0000000088700000| Untracked 
|  82|0x0000000088800000, 0x0000000088800000, 0x0000000088900000|  0%| F|  |TAMS 0x0000000088800000, 0x0000000088800000| Untracked 
|  83|0x0000000088900000, 0x0000000088900000, 0x0000000088a00000|  0%| F|  |TAMS 0x0000000088900000, 0x0000000088900000| Untracked 
|  84|0x0000000088a00000, 0x0000000088a00000, 0x0000000088b00000|  0%| F|  |TAMS 0x0000000088a00000, 0x0000000088a00000| Untracked 
|  85|0x0000000088b00000, 0x0000000088b00000, 0x0000000088c00000|  0%| F|  |TAMS 0x0000000088b00000, 0x0000000088b00000| Untracked 
|  86|0x0000000088c00000, 0x0000000088c00000, 0x0000000088d00000|  0%| F|  |TAMS 0x0000000088c00000, 0x0000000088c00000| Untracked 
|  87|0x0000000088d00000, 0x0000000088d00000, 0x0000000088e00000|  0%| F|  |TAMS 0x0000000088d00000, 0x0000000088d00000| Untracked 
|  88|0x0000000088e00000, 0x0000000088e00000, 0x0000000088f00000|  0%| F|  |TAMS 0x0000000088e00000, 0x0000000088e00000| Untracked 
|  89|0x0000000088f00000, 0x0000000088f00000, 0x0000000089000000|  0%| F|  |TAMS 0x0000000088f00000, 0x0000000088f00000| Untracked 
|  90|0x0000000089000000, 0x0000000089000000, 0x0000000089100000|  0%| F|  |TAMS 0x0000000089000000, 0x0000000089000000| Untracked 
|  91|0x0000000089100000, 0x0000000089100000, 0x0000000089200000|  0%| F|  |TAMS 0x0000000089100000, 0x0000000089100000| Untracked 
|  92|0x0000000089200000, 0x0000000089200000, 0x0000000089300000|  0%| F|  |TAMS 0x0000000089200000, 0x0000000089200000| Untracked 
|  93|0x0000000089300000, 0x0000000089300000, 0x0000000089400000|  0%| F|  |TAMS 0x0000000089300000, 0x0000000089300000| Untracked 
|  94|0x0000000089400000, 0x0000000089400000, 0x0000000089500000|  0%| F|  |TAMS 0x0000000089400000, 0x0000000089400000| Untracked 
|  95|0x0000000089500000, 0x0000000089500000, 0x0000000089600000|  0%| F|  |TAMS 0x0000000089500000, 0x0000000089500000| Untracked 
|  96|0x0000000089600000, 0x0000000089600000, 0x0000000089700000|  0%| F|  |TAMS 0x0000000089600000, 0x0000000089600000| Untracked 
|  97|0x0000000089700000, 0x0000000089700000, 0x0000000089800000|  0%| F|  |TAMS 0x0000000089700000, 0x0000000089700000| Untracked 
|  98|0x0000000089800000, 0x0000000089800000, 0x0000000089900000|  0%| F|  |TAMS 0x0000000089800000, 0x0000000089800000| Untracked 
|  99|0x0000000089900000, 0x0000000089900000, 0x0000000089a00000|  0%| F|  |TAMS 0x0000000089900000, 0x0000000089900000| Untracked 
| 100|0x0000000089a00000, 0x0000000089a00000, 0x0000000089b00000|  0%| F|  |TAMS 0x0000000089a00000, 0x0000000089a00000| Untracked 
| 101|0x0000000089b00000, 0x0000000089b00000, 0x0000000089c00000|  0%| F|  |TAMS 0x0000000089b00000, 0x0000000089b00000| Untracked 
| 102|0x0000000089c00000, 0x0000000089c00000, 0x0000000089d00000|  0%| F|  |TAMS 0x0000000089c00000, 0x0000000089c00000| Untracked 
| 103|0x0000000089d00000, 0x0000000089d00000, 0x0000000089e00000|  0%| F|  |TAMS 0x0000000089d00000, 0x0000000089d00000| Untracked 
| 104|0x0000000089e00000, 0x0000000089e00000, 0x0000000089f00000|  0%| F|  |TAMS 0x0000000089e00000, 0x0000000089e00000| Untracked 
| 105|0x0000000089f00000, 0x0000000089f00000, 0x000000008a000000|  0%| F|  |TAMS 0x0000000089f00000, 0x0000000089f00000| Untracked 
| 106|0x000000008a000000, 0x000000008a000000, 0x000000008a100000|  0%| F|  |TAMS 0x000000008a000000, 0x000000008a000000| Untracked 
| 107|0x000000008a100000, 0x000000008a100000, 0x000000008a200000|  0%| F|  |TAMS 0x000000008a100000, 0x000000008a100000| Untracked 
| 108|0x000000008a200000, 0x000000008a200000, 0x000000008a300000|  0%| F|  |TAMS 0x000000008a200000, 0x000000008a200000| Untracked 
| 109|0x000000008a300000, 0x000000008a300000, 0x000000008a400000|  0%| F|  |TAMS 0x000000008a300000, 0x000000008a300000| Untracked 
| 110|0x000000008a400000, 0x000000008a400000, 0x000000008a500000|  0%| F|  |TAMS 0x000000008a400000, 0x000000008a400000| Untracked 
| 111|0x000000008a500000, 0x000000008a500000, 0x000000008a600000|  0%| F|  |TAMS 0x000000008a500000, 0x000000008a500000| Untracked 
| 112|0x000000008a600000, 0x000000008a600000, 0x000000008a700000|  0%| F|  |TAMS 0x000000008a600000, 0x000000008a600000| Untracked 
| 113|0x000000008a700000, 0x000000008a700000, 0x000000008a800000|  0%| F|  |TAMS 0x000000008a700000, 0x000000008a700000| Untracked 
| 114|0x000000008a800000, 0x000000008a800000, 0x000000008a900000|  0%| F|  |TAMS 0x000000008a800000, 0x000000008a800000| Untracked 
| 115|0x000000008a900000, 0x000000008a900000, 0x000000008aa00000|  0%| F|  |TAMS 0x000000008a900000, 0x000000008a900000| Untracked 
| 116|0x000000008aa00000, 0x000000008aa00000, 0x000000008ab00000|  0%| F|  |TAMS 0x000000008aa00000, 0x000000008aa00000| Untracked 
| 117|0x000000008ab00000, 0x000000008ab00000, 0x000000008ac00000|  0%| F|  |TAMS 0x000000008ab00000, 0x000000008ab00000| Untracked 
| 118|0x000000008ac00000, 0x000000008ac00000, 0x000000008ad00000|  0%| F|  |TAMS 0x000000008ac00000, 0x000000008ac00000| Untracked 
| 119|0x000000008ad00000, 0x000000008ad00000, 0x000000008ae00000|  0%| F|  |TAMS 0x000000008ad00000, 0x000000008ad00000| Untracked 
| 120|0x000000008ae00000, 0x000000008ae00000, 0x000000008af00000|  0%| F|  |TAMS 0x000000008ae00000, 0x000000008ae00000| Untracked 
| 121|0x000000008af00000, 0x000000008af00000, 0x000000008b000000|  0%| F|  |TAMS 0x000000008af00000, 0x000000008af00000| Untracked 
| 122|0x000000008b000000, 0x000000008b000000, 0x000000008b100000|  0%| F|  |TAMS 0x000000008b000000, 0x000000008b000000| Untracked 
| 123|0x000000008b100000, 0x000000008b100000, 0x000000008b200000|  0%| F|  |TAMS 0x000000008b100000, 0x000000008b100000| Untracked 
| 124|0x000000008b200000, 0x000000008b200000, 0x000000008b300000|  0%| F|  |TAMS 0x000000008b200000, 0x000000008b200000| Untracked 
| 125|0x000000008b300000, 0x000000008b300000, 0x000000008b400000|  0%| F|  |TAMS 0x000000008b300000, 0x000000008b300000| Untracked 
| 126|0x000000008b400000, 0x000000008b400000, 0x000000008b500000|  0%| F|  |TAMS 0x000000008b400000, 0x000000008b400000| Untracked 
| 127|0x000000008b500000, 0x000000008b500000, 0x000000008b600000|  0%| F|  |TAMS 0x000000008b500000, 0x000000008b500000| Untracked 
| 128|0x000000008b600000, 0x000000008b600000, 0x000000008b700000|  0%| F|  |TAMS 0x000000008b600000, 0x000000008b600000| Untracked 
| 129|0x000000008b700000, 0x000000008b700000, 0x000000008b800000|  0%| F|  |TAMS 0x000000008b700000, 0x000000008b700000| Untracked 
| 130|0x000000008b800000, 0x000000008b800000, 0x000000008b900000|  0%| F|  |TAMS 0x000000008b800000, 0x000000008b800000| Untracked 
| 131|0x000000008b900000, 0x000000008b900000, 0x000000008ba00000|  0%| F|  |TAMS 0x000000008b900000, 0x000000008b900000| Untracked 
| 132|0x000000008ba00000, 0x000000008ba00000, 0x000000008bb00000|  0%| F|  |TAMS 0x000000008ba00000, 0x000000008ba00000| Untracked 
| 133|0x000000008bb00000, 0x000000008bb00000, 0x000000008bc00000|  0%| F|  |TAMS 0x000000008bb00000, 0x000000008bb00000| Untracked 
| 134|0x000000008bc00000, 0x000000008bc00000, 0x000000008bd00000|  0%| F|  |TAMS 0x000000008bc00000, 0x000000008bc00000| Untracked 
| 135|0x000000008bd00000, 0x000000008bd00000, 0x000000008be00000|  0%| F|  |TAMS 0x000000008bd00000, 0x000000008bd00000| Untracked 
| 136|0x000000008be00000, 0x000000008be00000, 0x000000008bf00000|  0%| F|  |TAMS 0x000000008be00000, 0x000000008be00000| Untracked 
| 137|0x000000008bf00000, 0x000000008bf00000, 0x000000008c000000|  0%| F|  |TAMS 0x000000008bf00000, 0x000000008bf00000| Untracked 
| 138|0x000000008c000000, 0x000000008c000000, 0x000000008c100000|  0%| F|  |TAMS 0x000000008c000000, 0x000000008c000000| Untracked 

Card table byte_map: [0x00000153f27d0000,0x00000153f2bc0000] _byte_map_base: 0x00000153f23b5000

Marking Bits (Prev, Next): (CMBitMap*) 0x00000153d9570f90, (CMBitMap*) 0x00000153d9570fd0
 Prev Bits: [0x00000153f2fb0000, 0x00000153f4ed8000)
 Next Bits: [0x00000153f4ee0000, 0x00000153f6e08000)

Polling page: 0x00000153d95b0000

Metaspace:

Usage:
  Non-class:     26.08 MB used.
      Class:      3.52 MB used.
       Both:     29.60 MB used.

Virtual space:
  Non-class space:       64.00 MB reserved,      26.19 MB ( 41%) committed,  1 nodes.
      Class space:        1.00 GB reserved,       3.62 MB ( <1%) committed,  1 nodes.
             Both:        1.06 GB reserved,      29.81 MB (  3%) committed. 

Chunk freelists:
   Non-Class:  5.70 MB
       Class:  12.39 MB
        Both:  18.10 MB

MaxMetaspaceSize: unlimited
CompressedClassSpaceSize: 1.00 GB
Initial GC threshold: 21.00 MB
Current GC threshold: 49.69 MB
CDS: on
MetaspaceReclaimPolicy: balanced
 - commit_granule_bytes: 65536.
 - commit_granule_words: 8192.
 - virtual_space_node_default_size: 8388608.
 - enlarge_chunks_in_place: 1.
 - new_chunks_are_fully_committed: 0.
 - uncommit_free_chunks: 1.
 - use_allocation_guard: 0.
 - handle_deallocations: 1.


Internal statistics:

num_allocs_failed_limit: 15.
num_arena_births: 238.
num_arena_deaths: 0.
num_vsnodes_births: 2.
num_vsnodes_deaths: 0.
num_space_committed: 475.
num_space_uncommitted: 0.
num_chunks_returned_to_freelist: 15.
num_chunks_taken_from_freelist: 1210.
num_chunk_merges: 15.
num_chunk_splits: 927.
num_chunks_enlarged: 764.
num_inconsistent_stats: 0.

CodeHeap 'non-profiled nmethods': size=120000Kb used=1927Kb max_used=1927Kb free=118072Kb
 bounds [0x00000153ea440000, 0x00000153ea6b0000, 0x00000153f1970000]
CodeHeap 'profiled nmethods': size=120000Kb used=10002Kb max_used=10002Kb free=109997Kb
 bounds [0x00000153e2970000, 0x00000153e3340000, 0x00000153e9ea0000]
CodeHeap 'non-nmethods': size=5760Kb used=2013Kb max_used=2046Kb free=3747Kb
 bounds [0x00000153e9ea0000, 0x00000153ea110000, 0x00000153ea440000]
 total_blobs=6410 nmethods=4952 adapters=1370
 compilation: enabled
              stopped_count=0, restarted_count=0
 full_count=0

Compilation events (20 events):
Event: 14.310 Thread 0x00000153f9907980 5014       3       com.sun.prism.impl.shape.DMarlinPrismUtils::feedConsumer (902 bytes)
Event: 14.315 Thread 0x00000153f9907980 nmethod 5014 0x00000153e3322910 code [0x00000153e3322de0, 0x00000153e33254c8]
Event: 14.315 Thread 0x00000153f9907980 5015       3       com.sun.marlin.Renderer::dispose (356 bytes)
Event: 14.317 Thread 0x00000153f9907980 nmethod 5015 0x00000153e3326110 code [0x00000153e33263c0, 0x00000153e3326ec8]
Event: 14.318 Thread 0x00000153f9907980 5016       3       com.sun.marlin.RendererContext::dispose (93 bytes)
Event: 14.318 Thread 0x00000153f9907980 nmethod 5016 0x00000153e3327310 code [0x00000153e33274e0, 0x00000153e3327758]
Event: 14.318 Thread 0x00000153f9907980 5010       3       com.sun.prism.impl.BaseContext::validateMaskTexture (274 bytes)
Event: 14.324 Thread 0x00000153f9907980 nmethod 5010 0x00000153e3327890 code [0x00000153e3327b60, 0x00000153e3328d78]
Event: 14.324 Thread 0x00000153f9907980 5009       3       com.sun.prism.impl.VertexBuffer::addQuad (132 bytes)
Event: 14.324 Thread 0x00000153f9907980 nmethod 5009 0x00000153e3329290 code [0x00000153e3329480, 0x00000153e33299a8]
Event: 14.324 Thread 0x00000153f9907980 5017       3       com.sun.prism.impl.ps.BaseShaderGraphics::renderShape (255 bytes)
Event: 14.326 Thread 0x00000153f9907980 nmethod 5017 0x00000153e3329b90 code [0x00000153e3329dc0, 0x00000153e332a748]
Event: 14.326 Thread 0x00000153f9907980 5011       3       com.sun.prism.impl.BaseContext::updateMaskTexture (465 bytes)
Event: 14.329 Thread 0x00000153f9907980 nmethod 5011 0x00000153e332ab10 code [0x00000153e332ae00, 0x00000153e332c108]
Event: 14.329 Thread 0x00000153f9907980 5018       2       java.io.File::getAbsolutePath (8 bytes)
Event: 14.329 Thread 0x00000153f9907980 nmethod 5018 0x00000153e332c790 code [0x00000153e332c940, 0x00000153e332ca68]
Event: 14.337 Thread 0x00000153f9907980 5019       3       javafx.scene.Node::doUpdatePeer (361 bytes)
Event: 14.343 Thread 0x00000153f9907980 nmethod 5019 0x00000153e332cb10 code [0x00000153e332d3a0, 0x00000153e3332e18]
Event: 14.356 Thread 0x00000153f9907980 5020       2       ij.process.ImageProcessor::<init> (65 bytes)
Event: 14.357 Thread 0x00000153f9907980 nmethod 5020 0x00000153e3334690 code [0x00000153e3334840, 0x00000153e3334a78]

GC Heap History (20 events):
Event: 12.178 GC heap after
{Heap after GC invocations=12 (full 0):
 garbage-first heap   total 71680K, used 18436K [0x0000000083600000, 0x0000000100000000)
  region size 1024K, 3 young (3072K), 3 survivors (3072K)
 Metaspace       used 26923K, committed 27136K, reserved 1114112K
  class space    used 3391K, committed 3520K, reserved 1048576K
}
Event: 12.187 GC heap before
{Heap before GC invocations=12 (full 0):
 garbage-first heap   total 71680K, used 19460K [0x0000000083600000, 0x0000000100000000)
  region size 1024K, 4 young (4096K), 3 survivors (3072K)
 Metaspace       used 27067K, committed 27392K, reserved 1114112K
  class space    used 3407K, committed 3584K, reserved 1048576K
}
Event: 12.190 GC heap after
{Heap after GC invocations=13 (full 0):
 garbage-first heap   total 71680K, used 18412K [0x0000000083600000, 0x0000000100000000)
  region size 1024K, 1 young (1024K), 1 survivors (1024K)
 Metaspace       used 27067K, committed 27392K, reserved 1114112K
  class space    used 3407K, committed 3584K, reserved 1048576K
}
Event: 12.825 GC heap before
{Heap before GC invocations=13 (full 0):
 garbage-first heap   total 71680K, used 56300K [0x0000000083600000, 0x0000000100000000)
  region size 1024K, 40 young (40960K), 1 survivors (1024K)
 Metaspace       used 30111K, committed 30336K, reserved 1114112K
  class space    used 3603K, committed 3712K, reserved 1048576K
}
Event: 12.827 GC heap after
{Heap after GC invocations=14 (full 0):
 garbage-first heap   total 71680K, used 20712K [0x0000000083600000, 0x0000000100000000)
  region size 1024K, 3 young (3072K), 3 survivors (3072K)
 Metaspace       used 30111K, committed 30336K, reserved 1114112K
  class space    used 3603K, committed 3712K, reserved 1048576K
}
Event: 13.082 GC heap before
{Heap before GC invocations=14 (full 0):
 garbage-first heap   total 71680K, used 56552K [0x0000000083600000, 0x0000000100000000)
  region size 1024K, 39 young (39936K), 3 survivors (3072K)
 Metaspace       used 30169K, committed 30400K, reserved 1114112K
  class space    used 3605K, committed 3712K, reserved 1048576K
}
Event: 13.085 GC heap after
{Heap after GC invocations=15 (full 0):
 garbage-first heap   total 71680K, used 23035K [0x0000000083600000, 0x0000000100000000)
  region size 1024K, 5 young (5120K), 5 survivors (5120K)
 Metaspace       used 30169K, committed 30400K, reserved 1114112K
  class space    used 3605K, committed 3712K, reserved 1048576K
}
Event: 13.363 GC heap before
{Heap before GC invocations=15 (full 0):
 garbage-first heap   total 71680K, used 55803K [0x0000000083600000, 0x0000000100000000)
  region size 1024K, 38 young (38912K), 5 survivors (5120K)
 Metaspace       used 30217K, committed 30464K, reserved 1114112K
  class space    used 3605K, committed 3712K, reserved 1048576K
}
Event: 13.365 GC heap after
{Heap after GC invocations=16 (full 0):
 garbage-first heap   total 71680K, used 25509K [0x0000000083600000, 0x0000000100000000)
  region size 1024K, 5 young (5120K), 5 survivors (5120K)
 Metaspace       used 30217K, committed 30464K, reserved 1114112K
  class space    used 3605K, committed 3712K, reserved 1048576K
}
Event: 13.413 GC heap before
{Heap before GC invocations=16 (full 0):
 garbage-first heap   total 71680K, used 30629K [0x0000000083600000, 0x0000000100000000)
  region size 1024K, 11 young (11264K), 5 survivors (5120K)
 Metaspace       used 30228K, committed 30528K, reserved 1114112K
  class space    used 3605K, committed 3712K, reserved 1048576K
}
Event: 13.443 GC heap after
{Heap after GC invocations=17 (full 1):
 garbage-first heap   total 71680K, used 23770K [0x0000000083600000, 0x0000000100000000)
  region size 1024K, 0 young (0K), 0 survivors (0K)
 Metaspace       used 30228K, committed 30528K, reserved 1114112K
  class space    used 3605K, committed 3712K, reserved 1048576K
}
Event: 13.711 GC heap before
{Heap before GC invocations=17 (full 1):
 garbage-first heap   total 71680K, used 54490K [0x0000000083600000, 0x0000000100000000)
  region size 1024K, 30 young (30720K), 0 survivors (0K)
 Metaspace       used 30266K, committed 30528K, reserved 1114112K
  class space    used 3606K, committed 3712K, reserved 1048576K
}
Event: 13.713 GC heap after
{Heap after GC invocations=18 (full 1):
 garbage-first heap   total 71680K, used 26074K [0x0000000083600000, 0x0000000100000000)
  region size 1024K, 3 young (3072K), 3 survivors (3072K)
 Metaspace       used 30266K, committed 30528K, reserved 1114112K
  class space    used 3606K, committed 3712K, reserved 1048576K
}
Event: 13.927 GC heap before
{Heap before GC invocations=18 (full 1):
 garbage-first heap   total 71680K, used 52698K [0x0000000083600000, 0x0000000100000000)
  region size 1024K, 30 young (30720K), 3 survivors (3072K)
 Metaspace       used 30289K, committed 30528K, reserved 1114112K
  class space    used 3606K, committed 3712K, reserved 1048576K
}
Event: 13.929 GC heap after
{Heap after GC invocations=19 (full 1):
 garbage-first heap   total 71680K, used 27354K [0x0000000083600000, 0x0000000100000000)
  region size 1024K, 4 young (4096K), 4 survivors (4096K)
 Metaspace       used 30289K, committed 30528K, reserved 1114112K
  class space    used 3606K, committed 3712K, reserved 1048576K
}
Event: 14.091 GC heap before
{Heap before GC invocations=19 (full 1):
 garbage-first heap   total 71680K, used 52954K [0x0000000083600000, 0x0000000100000000)
  region size 1024K, 31 young (31744K), 4 survivors (4096K)
 Metaspace       used 30295K, committed 30528K, reserved 1114112K
  class space    used 3606K, committed 3712K, reserved 1048576K
}
Event: 14.092 GC heap after
{Heap after GC invocations=20 (full 1):
 garbage-first heap   total 71680K, used 28890K [0x0000000083600000, 0x0000000100000000)
  region size 1024K, 4 young (4096K), 4 survivors (4096K)
 Metaspace       used 30295K, committed 30528K, reserved 1114112K
  class space    used 3606K, committed 3712K, reserved 1048576K
}
Event: 14.188 GC heap before
{Heap before GC invocations=20 (full 1):
 garbage-first heap   total 71680K, used 45274K [0x0000000083600000, 0x0000000100000000)
  region size 1024K, 22 young (22528K), 4 survivors (4096K)
 Metaspace       used 30306K, committed 30528K, reserved 1114112K
  class space    used 3606K, committed 3712K, reserved 1048576K
}
Event: 14.216 GC heap after
{Heap after GC invocations=21 (full 2):
 garbage-first heap   total 71680K, used 28896K [0x0000000083600000, 0x0000000100000000)
  region size 1024K, 0 young (0K), 0 survivors (0K)
 Metaspace       used 30306K, committed 30528K, reserved 1114112K
  class space    used 3606K, committed 3712K, reserved 1048576K
}
Event: 14.358 GC heap before
{Heap before GC invocations=21 (full 2):
 garbage-first heap   total 71680K, used 52448K [0x0000000083600000, 0x0000000100000000)
  region size 1024K, 24 young (24576K), 0 survivors (0K)
 Metaspace       used 30310K, committed 30528K, reserved 1114112K
  class space    used 3606K, committed 3712K, reserved 1048576K
}

Dll operation events (20 events):
Event: 11.538 Loaded shared library C:\Users\HP\.javacpp\cache\opencv-4.10.0-1.5.11-windows-x86_64.jar\org\bytedeco\opencv\windows-x86_64\opencv_imgproc4100.dll
Event: 11.563 Loaded shared library C:\Users\HP\.javacpp\cache\opencv-4.10.0-1.5.11-windows-x86_64.jar\org\bytedeco\opencv\windows-x86_64\jniopencv_core.dll
Event: 11.680 Loaded shared library C:\Users\HP\.javacpp\cache\opencv-4.10.0-1.5.11-windows-x86_64.jar\org\bytedeco\opencv\windows-x86_64\jniopencv_imgproc.dll
Event: 11.705 Loaded shared library C:\Users\HP\.javacpp\cache\opencv-4.10.0-1.5.11-windows-x86_64.jar\org\bytedeco\opencv\windows-x86_64\opencv_imgcodecs4100.dll
Event: 11.715 Loaded shared library C:\Users\HP\.javacpp\cache\opencv-4.10.0-1.5.11-windows-x86_64.jar\org\bytedeco\opencv\windows-x86_64\jniopencv_imgcodecs.dll
Event: 11.895 Loaded shared library C:\Users\HP\.javacpp\cache\opencv-4.10.0-1.5.11-windows-x86_64.jar\org\bytedeco\opencv\windows-x86_64\opencv_videoio4100.dll
Event: 11.906 Loaded shared library C:\Users\HP\.javacpp\cache\opencv-4.10.0-1.5.11-windows-x86_64.jar\org\bytedeco\opencv\windows-x86_64\jniopencv_videoio.dll
Event: 11.926 Loaded shared library C:\Users\HP\.javacpp\cache\opencv-4.10.0-1.5.11-windows-x86_64.jar\org\bytedeco\opencv\windows-x86_64\opencv_highgui4100.dll
Event: 11.939 Loaded shared library C:\Users\HP\.javacpp\cache\opencv-4.10.0-1.5.11-windows-x86_64.jar\org\bytedeco\opencv\windows-x86_64\jniopencv_highgui.dll
Event: 11.958 Loaded shared library C:\Users\HP\.javacpp\cache\opencv-4.10.0-1.5.11-windows-x86_64.jar\org\bytedeco\opencv\windows-x86_64\opencv_flann4100.dll
Event: 11.967 Loaded shared library C:\Users\HP\.javacpp\cache\opencv-4.10.0-1.5.11-windows-x86_64.jar\org\bytedeco\opencv\windows-x86_64\jniopencv_flann.dll
Event: 11.995 Loaded shared library C:\Users\HP\.javacpp\cache\opencv-4.10.0-1.5.11-windows-x86_64.jar\org\bytedeco\opencv\windows-x86_64\opencv_features2d4100.dll
Event: 12.010 Loaded shared library C:\Users\HP\.javacpp\cache\opencv-4.10.0-1.5.11-windows-x86_64.jar\org\bytedeco\opencv\windows-x86_64\jniopencv_features2d.dll
Event: 12.035 Loaded shared library C:\Users\HP\.javacpp\cache\opencv-4.10.0-1.5.11-windows-x86_64.jar\org\bytedeco\opencv\windows-x86_64\opencv_calib3d4100.dll
Event: 12.044 Loaded shared library C:\Users\HP\.javacpp\cache\opencv-4.10.0-1.5.11-windows-x86_64.jar\org\bytedeco\opencv\windows-x86_64\jniopencv_calib3d.dll
Event: 12.080 Loaded shared library C:\Users\HP\.javacpp\cache\opencv-4.10.0-1.5.11-windows-x86_64.jar\org\bytedeco\opencv\windows-x86_64\opencv_dnn4100.dll
Event: 12.093 Loaded shared library C:\Users\HP\.javacpp\cache\opencv-4.10.0-1.5.11-windows-x86_64.jar\org\bytedeco\opencv\windows-x86_64\jniopencv_dnn.dll
Event: 12.162 Loaded shared library C:\Users\HP\.javacpp\cache\opencv-4.10.0-1.5.11-windows-x86_64.jar\org\bytedeco\opencv\windows-x86_64\opencv_objdetect4100.dll
Event: 12.169 Loaded shared library C:\Users\HP\.javacpp\cache\opencv-4.10.0-1.5.11-windows-x86_64.jar\org\bytedeco\opencv\windows-x86_64\jniopencv_objdetect.dll
Event: 12.496 Loaded shared library C:\Program Files\Microsoft\jdk-17.0.17.10-hotspot\bin\awt.dll

Deoptimization events (20 events):
Event: 14.187 Thread 0x00000153ff668320 DEOPT PACKING pc=0x00000153e31e3748 sp=0x00000023da9ff4d0
Event: 14.187 Thread 0x00000153ff668320 DEOPT UNPACKING pc=0x00000153e9eface3 sp=0x00000023da9fe950 mode 0
Event: 14.228 Thread 0x00000153fe1fcee0 DEOPT PACKING pc=0x00000153e3200299 sp=0x00000023d95fb5d0
Event: 14.228 Thread 0x00000153fe1fcee0 DEOPT UNPACKING pc=0x00000153e9eface3 sp=0x00000023d95faad0 mode 0
Event: 14.241 Thread 0x00000153ff668320 DEOPT PACKING pc=0x00000153e320b7dd sp=0x00000023da9ff4d0
Event: 14.242 Thread 0x00000153ff668320 DEOPT UNPACKING pc=0x00000153e9eface3 sp=0x00000023da9fe940 mode 0
Event: 14.242 Thread 0x00000153ff668320 DEOPT PACKING pc=0x00000153e31e3748 sp=0x00000023da9ff4d0
Event: 14.242 Thread 0x00000153ff668320 DEOPT UNPACKING pc=0x00000153e9eface3 sp=0x00000023da9fe950 mode 0
Event: 14.264 Thread 0x00000153ff668320 DEOPT PACKING pc=0x00000153e320b7dd sp=0x00000023da9ff4d0
Event: 14.264 Thread 0x00000153ff668320 DEOPT UNPACKING pc=0x00000153e9eface3 sp=0x00000023da9fe940 mode 0
Event: 14.265 Thread 0x00000153ff668320 DEOPT PACKING pc=0x00000153e31e3748 sp=0x00000023da9ff4d0
Event: 14.265 Thread 0x00000153ff668320 DEOPT UNPACKING pc=0x00000153e9eface3 sp=0x00000023da9fe950 mode 0
Event: 14.290 Thread 0x00000153ff668320 DEOPT PACKING pc=0x00000153e320b7dd sp=0x00000023da9ff4d0
Event: 14.290 Thread 0x00000153ff668320 DEOPT UNPACKING pc=0x00000153e9eface3 sp=0x00000023da9fe940 mode 0
Event: 14.290 Thread 0x00000153ff668320 DEOPT PACKING pc=0x00000153e31e3748 sp=0x00000023da9ff4d0
Event: 14.290 Thread 0x00000153ff668320 DEOPT UNPACKING pc=0x00000153e9eface3 sp=0x00000023da9fe950 mode 0
Event: 14.324 Thread 0x00000153ff668320 DEOPT PACKING pc=0x00000153e320b7dd sp=0x00000023da9ff4d0
Event: 14.324 Thread 0x00000153ff668320 DEOPT UNPACKING pc=0x00000153e9eface3 sp=0x00000023da9fe940 mode 0
Event: 14.324 Thread 0x00000153ff668320 DEOPT PACKING pc=0x00000153e31e3748 sp=0x00000023da9ff4d0
Event: 14.324 Thread 0x00000153ff668320 DEOPT UNPACKING pc=0x00000153e9eface3 sp=0x00000023da9fe950 mode 0

Classes loaded (20 events):
Event: 12.550 Loading class java/awt/color/ICC_ProfileRGB
Event: 12.550 Loading class java/awt/color/ICC_ProfileRGB done
Event: 12.550 Loading class sun/java2d/cmm/ProfileDeferralInfo
Event: 12.550 Loading class sun/java2d/cmm/ProfileDeferralInfo done
Event: 12.550 Loading class java/awt/color/ICC_ProfileGray
Event: 12.550 Loading class java/awt/color/ICC_ProfileGray done
Event: 12.559 Loading class java/awt/image/DataBufferByte
Event: 12.559 Loading class java/awt/image/DataBufferByte done
Event: 12.573 Loading class java/util/concurrent/SynchronousQueue
Event: 12.573 Loading class java/util/concurrent/SynchronousQueue done
Event: 12.573 Loading class java/util/concurrent/SynchronousQueue$TransferStack
Event: 12.573 Loading class java/util/concurrent/SynchronousQueue$Transferer
Event: 12.574 Loading class java/util/concurrent/SynchronousQueue$Transferer done
Event: 12.574 Loading class java/util/concurrent/SynchronousQueue$TransferStack done
Event: 12.574 Loading class java/util/concurrent/SynchronousQueue$TransferStack$SNode
Event: 12.574 Loading class java/util/concurrent/SynchronousQueue$TransferStack$SNode done
Event: 13.443 Loading class java/lang/ref/Finalizer$2
Event: 13.443 Loading class java/lang/ref/Finalizer$2 done
Event: 13.444 Loading class java/lang/ref/Finalizer$1
Event: 13.444 Loading class java/lang/ref/Finalizer$1 done

Classes unloaded (0 events):
No events

Classes redefined (0 events):
No events

Internal exceptions (20 events):
Event: 9.665 Thread 0x00000153fe41a040 Exception <a 'java/lang/NoSuchMethodError'{0x000000008affeb10}: 'java.lang.Object java.lang.invoke.Invokers$Holder.linkToTargetMethod(java.lang.Object, long, java.lang.Object)'> (0x000000008affeb10) 
thrown [s\src\hotspot\share\interpreter\linkResolver.cpp, line 759]
Event: 9.889 Thread 0x00000153fe41a040 Exception <a 'java/lang/NoSuchMethodError'{0x000000008ad42090}: 'void java.lang.invoke.DirectMethodHandle$Holder.invokeVirtual(java.lang.Object, java.lang.Object)'> (0x000000008ad42090) 
thrown [s\src\hotspot\share\interpreter\linkResolver.cpp, line 759]
Event: 9.925 Thread 0x00000153ff668320 Exception <a 'java/lang/NoSuchMethodError'{0x000000008abbb680}: 'int java.lang.invoke.DirectMethodHandle$Holder.invokeStaticInit(java.lang.Object, java.lang.Object, java.lang.Object, java.lang.Object)'> (0x000000008abbb680) 
thrown [s\src\hotspot\share\interpreter\linkResolver.cpp, line 759]
Event: 9.926 Thread 0x00000153ff668320 Exception <a 'java/lang/NoSuchMethodError'{0x000000008abc48f0}: 'java.lang.Object java.lang.invoke.DirectMethodHandle$Holder.invokeInterface(java.lang.Object, java.lang.Object)'> (0x000000008abc48f0) 
thrown [s\src\hotspot\share\interpreter\linkResolver.cpp, line 759]
Event: 9.927 Thread 0x00000153ff668320 Exception <a 'java/lang/IncompatibleClassChangeError'{0x000000008abc7e40}: Found class java.lang.Object, but interface was expected> (0x000000008abc7e40) 
thrown [s\src\hotspot\share\interpreter\linkResolver.cpp, line 826]
Event: 10.065 Thread 0x00000153fe41a040 Exception <a 'java/lang/NoSuchMethodError'{0x0000000089bcfa30}: 'void java.lang.invoke.DirectMethodHandle$Holder.invokeSpecial(java.lang.Object, java.lang.Object, java.lang.Object, java.lang.Object, java.lang.Object, java.lang.Object)'> (0x0000000089bcfa30) 
thrown [s\src\hotspot\share\interpreter\linkResolver.cpp, line 759]
Event: 10.126 Thread 0x00000153fe41a040 Exception <a 'java/io/FileNotFoundException'{0x00000000893c47f0}> (0x00000000893c47f0) 
thrown [s\src\hotspot\share\prims\jni.cpp, line 516]
Event: 10.185 Thread 0x00000153fe41a040 Exception <a 'java/lang/ClassNotFoundException'{0x00000000881ec478}: com/sun/javafx/scene/control/skin/resources/controls> (0x00000000881ec478) 
thrown [s\src\hotspot\share\prims\jni.cpp, line 535]
Event: 10.185 Thread 0x00000153fe41a040 Exception <a 'java/lang/ClassNotFoundException'{0x00000000881fa3e8}: com/sun/javafx/scene/control/skin/resources/controls_fr> (0x00000000881fa3e8) 
thrown [s\src\hotspot\share\prims\jni.cpp, line 535]
Event: 10.186 Thread 0x00000153fe41a040 Exception <a 'java/lang/ClassNotFoundException'{0x00000000880da1c8}: com/sun/javafx/scene/control/skin/resources/controls_fr_FR> (0x00000000880da1c8) 
thrown [s\src\hotspot\share\prims\jni.cpp, line 535]
Event: 10.845 Thread 0x00000153fe41a040 Exception <a 'java/io/FileNotFoundException'{0x000000008b2bec80}> (0x000000008b2bec80) 
thrown [s\src\hotspot\share\prims\jni.cpp, line 516]
Event: 11.421 Thread 0x00000153fe41a040 Exception <a 'java/io/FileNotFoundException'{0x0000000086c9f248}> (0x0000000086c9f248) 
thrown [s\src\hotspot\share\prims\jni.cpp, line 516]
Event: 11.971 Thread 0x00000153fe41a040 Exception <a 'java/io/FileNotFoundException'{0x00000000855b2da8}> (0x00000000855b2da8) 
thrown [s\src\hotspot\share\prims\jni.cpp, line 516]
Event: 11.972 Thread 0x00000153fe41a040 Exception <a 'java/io/FileNotFoundException'{0x00000000855b4388}> (0x00000000855b4388) 
thrown [s\src\hotspot\share\prims\jni.cpp, line 516]
Event: 12.001 Thread 0x00000153fe41a040 Exception <a 'java/io/FileNotFoundException'{0x0000000085483348}> (0x0000000085483348) 
thrown [s\src\hotspot\share\prims\jni.cpp, line 516]
Event: 12.001 Thread 0x00000153fe41a040 Exception <a 'java/io/FileNotFoundException'{0x0000000085484920}> (0x0000000085484920) 
thrown [s\src\hotspot\share\prims\jni.cpp, line 516]
Event: 12.249 Thread 0x00000153fe1fcee0 Exception <a 'java/lang/NoSuchMethodError'{0x0000000087897980}: 'java.lang.Object java.lang.invoke.DirectMethodHandle$Holder.invokeStaticInit(java.lang.Object, int)'> (0x0000000087897980) 
thrown [s\src\hotspot\share\interpreter\linkResolver.cpp, line 759]
Event: 12.476 Thread 0x00000153ff668320 Exception <a 'java/lang/ClassNotFoundException'{0x00000000874fb028}: sun/awt/resources/spi/awtProvider> (0x00000000874fb028) 
thrown [s\src\hotspot\share\classfile\systemDictionary.cpp, line 256]
Event: 12.500 Thread 0x00000153ff668320 Exception <a 'java/io/FileNotFoundException'{0x00000000874fe120}> (0x00000000874fe120) 
thrown [s\src\hotspot\share\prims\jni.cpp, line 516]
Event: 12.501 Thread 0x00000153ff668320 Exception <a 'java/io/FileNotFoundException'{0x00000000874ff620}> (0x00000000874ff620) 
thrown [s\src\hotspot\share\prims\jni.cpp, line 516]

VM Operations (20 events):
Event: 12.824 Executing VM operation: G1CollectForAllocation done
Event: 12.824 Executing VM operation: G1CollectForAllocation
Event: 12.827 Executing VM operation: G1CollectForAllocation done
Event: 13.082 Executing VM operation: G1CollectForAllocation
Event: 13.085 Executing VM operation: G1CollectForAllocation done
Event: 13.363 Executing VM operation: G1CollectForAllocation
Event: 13.365 Executing VM operation: G1CollectForAllocation done
Event: 13.412 Executing VM operation: G1CollectFull
Event: 13.443 Executing VM operation: G1CollectFull done
Event: 13.711 Executing VM operation: G1CollectForAllocation
Event: 13.713 Executing VM operation: G1CollectForAllocation done
Event: 13.927 Executing VM operation: G1CollectForAllocation
Event: 13.929 Executing VM operation: G1CollectForAllocation done
Event: 14.091 Executing VM operation: G1CollectForAllocation
Event: 14.091 Executing VM operation: G1CollectForAllocation done
Event: 14.091 Executing VM operation: G1CollectForAllocation
Event: 14.092 Executing VM operation: G1CollectForAllocation done
Event: 14.188 Executing VM operation: G1CollectFull
Event: 14.216 Executing VM operation: G1CollectFull done
Event: 14.358 Executing VM operation: G1CollectForAllocation

Memory protections (0 events):
No events

Nmethod flushes (0 events):
No events

Events (20 events):
Event: 0.773 Thread 0x00000153d940e9e0 Thread added: 0x00000153fe3b80d0
Event: 0.777 Thread 0x00000153d940e9e0 Thread added: 0x00000153fe41a040
Event: 0.881 Thread 0x00000153d940e9e0 Thread added: 0x00000153fe580120
Event: 0.894 Thread 0x00000153fe573ea0 Thread added: 0x00000153fe573ea0
Event: 1.644 Thread 0x00000153fe41a040 Thread added: 0x00000153ff4284d0
Event: 2.006 Thread 0x00000153fe1fcee0 Thread added: 0x00000153ff669760
Event: 9.890 Thread 0x00000153fe41a040 Thread added: 0x00000153ff668320
Event: 10.911 Thread 0x00000153ff668320 Thread added: 0x00000153ff669c70
Event: 12.574 Thread 0x00000153ff668320 Thread added: 0x00000153ff66a180
Event: 12.574 Thread 0x00000153ff668320 Thread added: 0x00000153ff667e10
Event: 12.575 Thread 0x00000153ff668320 Thread added: 0x00000153ff667900
Event: 12.575 Thread 0x00000153ff668320 Thread added: 0x00000153ff66aba0
Event: 12.575 Thread 0x00000153ff668320 Thread added: 0x00000153ff668d40
Event: 12.579 Thread 0x00000153ff668320 Thread added: 0x00000153ff669250
Event: 12.579 Thread 0x00000153ff668320 Thread added: 0x00000153c7a18ae0
Event: 12.580 Thread 0x00000153ff668320 Thread added: 0x00000153c7a1dbe0
Event: 13.444 Thread 0x00000153ff668320 Thread added: 0x00000153c7a19f20
Event: 13.445 Thread 0x00000153c7a19f20 Thread exited: 0x00000153c7a19f20
Event: 14.216 Thread 0x00000153ff668320 Thread added: 0x00000153c7a176a0
Event: 14.217 Thread 0x00000153c7a176a0 Thread exited: 0x00000153c7a176a0


Dynamic libraries:
0x00007ff677b60000 - 0x00007ff677b6e000 	C:\Program Files\Microsoft\jdk-17.0.17.10-hotspot\bin\java.exe
0x00007ffe70070000 - 0x00007ffe70286000 	C:\WINDOWS\SYSTEM32\ntdll.dll
0x00007ffe6fe80000 - 0x00007ffe6ff44000 	C:\WINDOWS\System32\KERNEL32.DLL
0x00007ffe6d380000 - 0x00007ffe6d726000 	C:\WINDOWS\System32\KERNELBASE.dll
0x00007ffe6d8c0000 - 0x00007ffe6d9d1000 	C:\WINDOWS\System32\ucrtbase.dll
0x00007ffe4bc40000 - 0x00007ffe4bc58000 	C:\Program Files\Microsoft\jdk-17.0.17.10-hotspot\bin\jli.dll
0x00007ffe4bc60000 - 0x00007ffe4bc7e000 	C:\Program Files\Microsoft\jdk-17.0.17.10-hotspot\bin\VCRUNTIME140.dll
0x00007ffe6e0e0000 - 0x00007ffe6e28d000 	C:\WINDOWS\System32\USER32.dll
0x00007ffe6da60000 - 0x00007ffe6da86000 	C:\WINDOWS\System32\win32u.dll
0x00007ffe4d790000 - 0x00007ffe4da23000 	C:\WINDOWS\WinSxS\amd64_microsoft.windows.common-controls_6595b64144ccf1df_6.0.22621.3235_none_270f74e173860f98\COMCTL32.dll
0x00007ffe6f280000 - 0x00007ffe6f2a9000 	C:\WINDOWS\System32\GDI32.dll
0x00007ffe6ff50000 - 0x00007ffe6fff7000 	C:\WINDOWS\System32\msvcrt.dll
0x00007ffe6dc00000 - 0x00007ffe6dd18000 	C:\WINDOWS\System32\gdi32full.dll
0x00007ffe6d730000 - 0x00007ffe6d7ca000 	C:\WINDOWS\System32\msvcp_win.dll
0x00007ffe6de00000 - 0x00007ffe6de31000 	C:\WINDOWS\System32\IMM32.DLL
0x00007ffe64f10000 - 0x00007ffe64f1c000 	C:\Program Files\Microsoft\jdk-17.0.17.10-hotspot\bin\vcruntime140_1.dll
0x00007ffe41d80000 - 0x00007ffe41e09000 	C:\Program Files\Microsoft\jdk-17.0.17.10-hotspot\bin\msvcp140.dll
0x00007ffe09840000 - 0x00007ffe0a4ba000 	C:\Program Files\Microsoft\jdk-17.0.17.10-hotspot\bin\server\jvm.dll
0x00007ffe6f790000 - 0x00007ffe6f842000 	C:\WINDOWS\System32\ADVAPI32.dll
0x00007ffe6fdd0000 - 0x00007ffe6fe78000 	C:\WINDOWS\System32\sechost.dll
0x00007ffe6d7d0000 - 0x00007ffe6d7f8000 	C:\WINDOWS\System32\bcrypt.dll
0x00007ffe6f5a0000 - 0x00007ffe6f6b5000 	C:\WINDOWS\System32\RPCRT4.dll
0x00007ffe6f200000 - 0x00007ffe6f271000 	C:\WINDOWS\System32\WS2_32.dll
0x00007ffe6d250000 - 0x00007ffe6d29d000 	C:\WINDOWS\SYSTEM32\POWRPROF.dll
0x00007ffe5ff00000 - 0x00007ffe5ff0a000 	C:\WINDOWS\SYSTEM32\VERSION.dll
0x00007ffe62890000 - 0x00007ffe628c4000 	C:\WINDOWS\SYSTEM32\WINMM.dll
0x00007ffe6d230000 - 0x00007ffe6d243000 	C:\WINDOWS\SYSTEM32\UMPDC.dll
0x00007ffe6c3c0000 - 0x00007ffe6c3d8000 	C:\WINDOWS\SYSTEM32\kernel.appcore.dll
0x00007ffe56350000 - 0x00007ffe5635a000 	C:\Program Files\Microsoft\jdk-17.0.17.10-hotspot\bin\jimage.dll
0x00007ffe67260000 - 0x00007ffe67493000 	C:\WINDOWS\SYSTEM32\DBGHELP.DLL
0x00007ffe6ed00000 - 0x00007ffe6f088000 	C:\WINDOWS\System32\combase.dll
0x00007ffe6de40000 - 0x00007ffe6df17000 	C:\WINDOWS\System32\OLEAUT32.dll
0x00007ffe4e9d0000 - 0x00007ffe4ea02000 	C:\WINDOWS\SYSTEM32\dbgcore.DLL
0x00007ffe6d9e0000 - 0x00007ffe6da5a000 	C:\WINDOWS\System32\bcryptPrimitives.dll
0x00007ffe41d50000 - 0x00007ffe41d76000 	C:\Program Files\Microsoft\jdk-17.0.17.10-hotspot\bin\java.dll
0x00007ffe41c70000 - 0x00007ffe41d46000 	C:\Program Files\Microsoft\jdk-17.0.17.10-hotspot\bin\jsvml.dll
0x00007ffe6e450000 - 0x00007ffe6ecad000 	C:\WINDOWS\System32\SHELL32.dll
0x00007ffe6b2e0000 - 0x00007ffe6bbd8000 	C:\WINDOWS\SYSTEM32\windows.storage.dll
0x00007ffe6b1a0000 - 0x00007ffe6b2de000 	C:\WINDOWS\SYSTEM32\wintypes.dll
0x00007ffe6f4a0000 - 0x00007ffe6f593000 	C:\WINDOWS\System32\SHCORE.dll
0x00007ffe6f440000 - 0x00007ffe6f49e000 	C:\WINDOWS\System32\shlwapi.dll
0x00007ffe6d2b0000 - 0x00007ffe6d2d6000 	C:\WINDOWS\SYSTEM32\profapi.dll
0x00007ffe4bc20000 - 0x00007ffe4bc3b000 	C:\Program Files\Microsoft\jdk-17.0.17.10-hotspot\bin\net.dll
0x00007ffe62af0000 - 0x00007ffe62c27000 	C:\WINDOWS\SYSTEM32\WINHTTP.dll
0x00007ffe6c840000 - 0x00007ffe6c8a9000 	C:\WINDOWS\system32\mswsock.dll
0x00007ffe4b950000 - 0x00007ffe4b966000 	C:\Program Files\Microsoft\jdk-17.0.17.10-hotspot\bin\nio.dll
0x00007ffe41c50000 - 0x00007ffe41c68000 	C:\Program Files\Microsoft\jdk-17.0.17.10-hotspot\bin\zip.dll
0x00000153f9d70000 - 0x00000153f9d73000 	C:\Users\HP\.openjfx\cache\17.0.2-ea\api-ms-win-core-console-l1-1-0.dll
0x00000153f9d80000 - 0x00000153f9d83000 	C:\Users\HP\.openjfx\cache\17.0.2-ea\api-ms-win-core-console-l1-2-0.dll
0x00000153f9d90000 - 0x00000153f9d93000 	C:\Users\HP\.openjfx\cache\17.0.2-ea\api-ms-win-core-datetime-l1-1-0.dll
0x00000153f9da0000 - 0x00000153f9da3000 	C:\Users\HP\.openjfx\cache\17.0.2-ea\api-ms-win-core-debug-l1-1-0.dll
0x00000153f9db0000 - 0x00000153f9db3000 	C:\Users\HP\.openjfx\cache\17.0.2-ea\api-ms-win-core-errorhandling-l1-1-0.dll
0x00000153f9dc0000 - 0x00000153f9dc4000 	C:\Users\HP\.openjfx\cache\17.0.2-ea\api-ms-win-core-file-l1-1-0.dll
0x00000153f9dd0000 - 0x00000153f9dd3000 	C:\Users\HP\.openjfx\cache\17.0.2-ea\api-ms-win-core-file-l1-2-0.dll
0x00000153f9de0000 - 0x00000153f9de3000 	C:\Users\HP\.openjfx\cache\17.0.2-ea\api-ms-win-core-file-l2-1-0.dll
0x00000153f9df0000 - 0x00000153f9df3000 	C:\Users\HP\.openjfx\cache\17.0.2-ea\api-ms-win-core-handle-l1-1-0.dll
0x00000153f9e00000 - 0x00000153f9e03000 	C:\Users\HP\.openjfx\cache\17.0.2-ea\api-ms-win-core-heap-l1-1-0.dll
0x00000153f9e10000 - 0x00000153f9e13000 	C:\Users\HP\.openjfx\cache\17.0.2-ea\api-ms-win-core-interlocked-l1-1-0.dll
0x00000153f9e20000 - 0x00000153f9e23000 	C:\Users\HP\.openjfx\cache\17.0.2-ea\api-ms-win-core-libraryloader-l1-1-0.dll
0x00000153f9e30000 - 0x00000153f9e33000 	C:\Users\HP\.openjfx\cache\17.0.2-ea\api-ms-win-core-localization-l1-2-0.dll
0x00000153f9e40000 - 0x00000153f9e43000 	C:\Users\HP\.openjfx\cache\17.0.2-ea\api-ms-win-core-memory-l1-1-0.dll
0x00000153f9e50000 - 0x00000153f9e53000 	C:\Users\HP\.openjfx\cache\17.0.2-ea\api-ms-win-core-namedpipe-l1-1-0.dll
0x00000153f9e60000 - 0x00000153f9e63000 	C:\Users\HP\.openjfx\cache\17.0.2-ea\api-ms-win-core-processenvironment-l1-1-0.dll
0x00000153f9e70000 - 0x00000153f9e73000 	C:\Users\HP\.openjfx\cache\17.0.2-ea\api-ms-win-core-processthreads-l1-1-0.dll
0x00000153f9e80000 - 0x00000153f9e83000 	C:\Users\HP\.openjfx\cache\17.0.2-ea\api-ms-win-core-processthreads-l1-1-1.dll
0x00000153f9e90000 - 0x00000153f9e93000 	C:\Users\HP\.openjfx\cache\17.0.2-ea\api-ms-win-core-profile-l1-1-0.dll
0x00000153f9ea0000 - 0x00000153f9ea3000 	C:\Users\HP\.openjfx\cache\17.0.2-ea\api-ms-win-core-rtlsupport-l1-1-0.dll
0x00000153f9eb0000 - 0x00000153f9eb3000 	C:\Users\HP\.openjfx\cache\17.0.2-ea\api-ms-win-core-string-l1-1-0.dll
0x00000153f9ec0000 - 0x00000153f9ec3000 	C:\Users\HP\.openjfx\cache\17.0.2-ea\api-ms-win-core-synch-l1-1-0.dll
0x00000153f9ed0000 - 0x00000153f9ed3000 	C:\Users\HP\.openjfx\cache\17.0.2-ea\api-ms-win-core-synch-l1-2-0.dll
0x00000153f9ee0000 - 0x00000153f9ee3000 	C:\Users\HP\.openjfx\cache\17.0.2-ea\api-ms-win-core-sysinfo-l1-1-0.dll
0x00000153f9ef0000 - 0x00000153f9ef3000 	C:\Users\HP\.openjfx\cache\17.0.2-ea\api-ms-win-core-timezone-l1-1-0.dll
0x00000153f9f00000 - 0x00000153f9f03000 	C:\Users\HP\.openjfx\cache\17.0.2-ea\api-ms-win-core-util-l1-1-0.dll
0x00000153f9f10000 - 0x00000153f9f13000 	C:\Users\HP\.openjfx\cache\17.0.2-ea\api-ms-win-crt-conio-l1-1-0.dll
0x00000153f9f20000 - 0x00000153f9f24000 	C:\Users\HP\.openjfx\cache\17.0.2-ea\api-ms-win-crt-convert-l1-1-0.dll
0x00000153f9f30000 - 0x00000153f9f33000 	C:\Users\HP\.openjfx\cache\17.0.2-ea\api-ms-win-crt-environment-l1-1-0.dll
0x00000153f9f40000 - 0x00000153f9f43000 	C:\Users\HP\.openjfx\cache\17.0.2-ea\api-ms-win-crt-filesystem-l1-1-0.dll
0x00000153f9f50000 - 0x00000153f9f53000 	C:\Users\HP\.openjfx\cache\17.0.2-ea\api-ms-win-crt-heap-l1-1-0.dll
0x00000153f9f60000 - 0x00000153f9f63000 	C:\Users\HP\.openjfx\cache\17.0.2-ea\api-ms-win-crt-locale-l1-1-0.dll
0x00000153f9f70000 - 0x00000153f9f75000 	C:\Users\HP\.openjfx\cache\17.0.2-ea\api-ms-win-crt-math-l1-1-0.dll
0x00000153f9f80000 - 0x00000153f9f85000 	C:\Users\HP\.openjfx\cache\17.0.2-ea\api-ms-win-crt-multibyte-l1-1-0.dll
0x00000153f9f90000 - 0x00000153f9fa0000 	C:\Users\HP\.openjfx\cache\17.0.2-ea\api-ms-win-crt-private-l1-1-0.dll
0x00000153f9fa0000 - 0x00000153f9fa3000 	C:\Users\HP\.openjfx\cache\17.0.2-ea\api-ms-win-crt-process-l1-1-0.dll
0x00000153f9fb0000 - 0x00000153f9fb4000 	C:\Users\HP\.openjfx\cache\17.0.2-ea\api-ms-win-crt-runtime-l1-1-0.dll
0x00000153f9fc0000 - 0x00000153f9fc4000 	C:\Users\HP\.openjfx\cache\17.0.2-ea\api-ms-win-crt-stdio-l1-1-0.dll
0x00000153f9fd0000 - 0x00000153f9fd4000 	C:\Users\HP\.openjfx\cache\17.0.2-ea\api-ms-win-crt-string-l1-1-0.dll
0x00000153f9fe0000 - 0x00000153f9fe3000 	C:\Users\HP\.openjfx\cache\17.0.2-ea\api-ms-win-crt-time-l1-1-0.dll
0x00000153f9ff0000 - 0x00000153f9ff3000 	C:\Users\HP\.openjfx\cache\17.0.2-ea\api-ms-win-crt-utility-l1-1-0.dll
0x00007ffe3ec00000 - 0x00007ffe3ecfc000 	C:\Users\HP\.openjfx\cache\17.0.2-ea\ucrtbase.dll
0x00007ffe41be0000 - 0x00007ffe41bfa000 	C:\Users\HP\.openjfx\cache\17.0.2-ea\vcruntime140.dll
0x00007ffe49490000 - 0x00007ffe4949c000 	C:\Users\HP\.openjfx\cache\17.0.2-ea\vcruntime140_1.dll
0x00007ffe3eb70000 - 0x00007ffe3ebfd000 	C:\Users\HP\.openjfx\cache\17.0.2-ea\msvcp140.dll
0x00007ffe41bb0000 - 0x00007ffe41bda000 	C:\Users\HP\.openjfx\cache\17.0.2-ea\prism_d3d.dll
0x00007ffe177f0000 - 0x00007ffe17999000 	C:\WINDOWS\system32\d3d9.dll
0x00007ffe677d0000 - 0x00007ffe677fb000 	C:\WINDOWS\SYSTEM32\dwmapi.dll
0x00007ffe674a0000 - 0x00007ffe674d9000 	C:\WINDOWS\SYSTEM32\dxcore.dll
0x00007ffe670b0000 - 0x00007ffe6715b000 	C:\WINDOWS\system32\uxtheme.dll
0x00007ffe251c0000 - 0x00007ffe2536c000 	C:\WINDOWS\System32\DriverStore\FileRepository\iigd_dch.inf_amd64_9b53505f87f3498b\igdumdim64.dll
0x00007ffe6df20000 - 0x00007ffe6e0bf000 	C:\WINDOWS\System32\ole32.dll
0x00007ffdbe990000 - 0x00007ffdc31f4000 	C:\WINDOWS\System32\DriverStore\FileRepository\iigd_dch.inf_amd64_9b53505f87f3498b\igd9dxva64.dll
0x00007ffe6f8b0000 - 0x00007ffe6fd24000 	C:\WINDOWS\System32\SETUPAPI.dll
0x00007ffe6cf80000 - 0x00007ffe6cfce000 	C:\WINDOWS\SYSTEM32\cfgmgr32.dll
0x00007ffe5d860000 - 0x00007ffe5dc69000 	C:\WINDOWS\System32\DriverStore\FileRepository\iigd_dch.inf_amd64_9b53505f87f3498b\igdgmm64.dll
0x00007ffe62c30000 - 0x00007ffe62c7a000 	C:\WINDOWS\SYSTEM32\directxdatabasehelper.dll
0x00007ffe419d0000 - 0x00007ffe41a12000 	C:\Users\HP\.openjfx\cache\17.0.2-ea\glass.dll
0x00007ffe6f2b0000 - 0x00007ffe6f3a9000 	C:\WINDOWS\System32\COMDLG32.dll
0x00007ffe6f0a0000 - 0x00007ffe6f1f4000 	C:\WINDOWS\System32\MSCTF.dll
0x00007ffe0cad0000 - 0x00007ffe0caf7000 	C:\WINDOWS\System32\DriverStore\FileRepository\iigd_dch.inf_amd64_9b53505f87f3498b\igdinfo64.dll
0x00007ffe58fd0000 - 0x00007ffe5d654000 	C:\WINDOWS\System32\DriverStore\FileRepository\iigd_dch.inf_amd64_9b53505f87f3498b\igc64.dll
0x00007ffe41b90000 - 0x00007ffe41ba4000 	C:\Users\HP\.openjfx\cache\17.0.2-ea\javafx_font.dll
0x00007ffe659a0000 - 0x00007ffe65c14000 	C:\WINDOWS\SYSTEM32\dwrite.dll
0x00007ffe6f6c0000 - 0x00007ffe6f770000 	C:\WINDOWS\System32\clbcatq.dll
0x00007ffe65740000 - 0x00007ffe658f0000 	C:\WINDOWS\SYSTEM32\WindowsCodecs.dll
0x00007ffe3d350000 - 0x00007ffe3d3ae000 	C:\WINDOWS\system32\dataexchange.dll
0x00007ffe60570000 - 0x00007ffe607ff000 	C:\WINDOWS\system32\twinapi.appcore.dll
0x00007ffe49530000 - 0x00007ffe49562000 	C:\Program Files\Common Files\Microsoft Shared\Ink\rtscom.dll
0x00007ffe50b20000 - 0x00007ffe50c6a000 	C:\WINDOWS\SYSTEM32\textinputframework.dll
0x00007ffe66ae0000 - 0x00007ffe66c14000 	C:\WINDOWS\SYSTEM32\CoreMessaging.dll
0x00007ffe61940000 - 0x00007ffe61cac000 	C:\WINDOWS\SYSTEM32\CoreUIComponents.dll
0x00007ffe6ca90000 - 0x00007ffe6ca9c000 	C:\WINDOWS\SYSTEM32\CRYPTBASE.DLL
0x00000153c5350000 - 0x00000153c5354000 	C:\Program Files\Microsoft\jdk-17.0.17.10-hotspot\bin\api-ms-win-crt-locale-l1-1-0.dll
0x00000153c5360000 - 0x00000153c5365000 	C:\Program Files\Microsoft\jdk-17.0.17.10-hotspot\bin\api-ms-win-crt-string-l1-1-0.dll
0x00000153c5370000 - 0x00000153c5375000 	C:\Program Files\Microsoft\jdk-17.0.17.10-hotspot\bin\api-ms-win-crt-stdio-l1-1-0.dll
0x00000153c5380000 - 0x00000153c5386000 	C:\Program Files\Microsoft\jdk-17.0.17.10-hotspot\bin\api-ms-win-crt-math-l1-1-0.dll
0x00000153c5390000 - 0x00000153c5394000 	C:\Program Files\Microsoft\jdk-17.0.17.10-hotspot\bin\api-ms-win-crt-heap-l1-1-0.dll
0x00000153c53a0000 - 0x00000153c53a5000 	C:\Program Files\Microsoft\jdk-17.0.17.10-hotspot\bin\api-ms-win-crt-runtime-l1-1-0.dll
0x00000153c53b0000 - 0x00000153c53b5000 	C:\Program Files\Microsoft\jdk-17.0.17.10-hotspot\bin\api-ms-win-crt-convert-l1-1-0.dll
0x00000153c53c0000 - 0x00000153c53c4000 	C:\Program Files\Microsoft\jdk-17.0.17.10-hotspot\bin\api-ms-win-crt-environment-l1-1-0.dll

dbghelp: loaded successfully - version: 4.0.5 - missing functions: none
symbol engine: initialized successfully - sym options: 0x614 - pdb path: .;C:\Program Files\Microsoft\jdk-17.0.17.10-hotspot\bin;C:\WINDOWS\SYSTEM32;C:\WINDOWS\WinSxS\amd64_microsoft.windows.common-controls_6595b64144ccf1df_6.0.22621.3235_none_270f74e173860f98;C:\Program Files\Microsoft\jdk-17.0.17.10-hotspot\bin\server;C:\Users\HP\.openjfx\cache\17.0.2-ea;C:\WINDOWS\System32\DriverStore\FileRepository\iigd_dch.inf_amd64_9b53505f87f3498b;C:\Program Files\Common Files\Microsoft Shared\Ink;C:\Users\HP\.javacpp\cache\openblas-0.3.28-1.5.11-windows-x86_64.jar\org\bytedeco\openblas\windows-x86_64;C:\Users\HP\.javacpp\cache\javacpp-1.5.11-windows-x86_64.jar\org\bytedeco\javacpp\windows-x86_64;C:\Users\HP\.javacpp\cache\opencv-4.10.0-1.5.11-windows-x86_64.jar\org\bytedeco\opencv\windows-x86_64

VM Arguments:
jvm_args: --module-path=C:\Users\HP\.m2\repository\org\openjfx\javafx-base\17.0.2\javafx-base-17.0.2-win.jar;C:\Users\HP\.m2\repository\org\openjfx\javafx-base\17.0.2\javafx-base-17.0.2.jar;C:\Users\HP\.m2\repository\org\openjfx\javafx-controls\17.0.2\javafx-controls-17.0.2-win.jar;C:\Users\HP\.m2\repository\org\openjfx\javafx-controls\17.0.2\javafx-controls-17.0.2.jar;C:\Users\HP\.m2\repository\org\openjfx\javafx-fxml\17.0.2\javafx-fxml-17.0.2-win.jar;C:\Users\HP\.m2\repository\org\openjfx\javafx-fxml\17.0.2\javafx-fxml-17.0.2.jar;C:\Users\HP\.m2\repository\org\openjfx\javafx-graphics\17.0.2\javafx-graphics-17.0.2-win.jar;C:\Users\HP\.m2\repository\org\openjfx\javafx-graphics\17.0.2\javafx-graphics-17.0.2.jar --add-modules=javafx.base,javafx.controls,javafx.fxml,javafx.graphics 
java_command: tech.HTECH.ui.AppJavaFX
java_class_path (initial): D:\Dossier Harold\CompFaceModule\target\classes;C:\Users\HP\.m2\repository\ch\qos\logback\logback-classic\1.5.8\logback-classic-1.5.8.jar;C:\Users\HP\.m2\repository\ch\qos\logback\logback-core\1.5.8\logback-core-1.5.8.jar;C:\Users\HP\.m2\repository\net\imagej\ij\1.53f\ij-1.53f.jar;C:\Users\HP\.m2\repository\org\bytedeco\artoolkitplus\2.3.1-1.5.9\artoolkitplus-2.3.1-1.5.9-android-arm.jar;C:\Users\HP\.m2\repository\org\bytedeco\artoolkitplus\2.3.1-1.5.9\artoolkitplus-2.3.1-1.5.9-android-arm64.jar;C:\Users\HP\.m2\repository\org\bytedeco\artoolkitplus\2.3.1-1.5.9\artoolkitplus-2.3.1-1.5.9-android-x86.jar;C:\Users\HP\.m2\repository\org\bytedeco\artoolkitplus\2.3.1-1.5.9\artoolkitplus-2.3.1-1.5.9-android-x86_64.jar;C:\Users\HP\.m2\repository\org\bytedeco\artoolkitplus\2.3.1-1.5.9\artoolkitplus-2.3.1-1.5.9-linux-arm64.jar;C:\Users\HP\.m2\repository\org\bytedeco\artoolkitplus\2.3.1-1.5.9\artoolkitplus-2.3.1-1.5.9-linux-armhf.jar;C:\Users\HP\.m2\repository\org\bytedeco\artoolkitplus\2.3.1-1.5.9\artoolkitplus-2.3.1-1.5.9-linux-ppc64le.jar;C:\Users\HP\.m2\repository\org\bytedeco\artoolkitplus\2.3.1-1.5.9\artoolkitplus-2.3.1-1.5.9-linux-x86.jar;C:\Users\HP\.m2\repository\org\bytedeco\artoolkitplus\2.3.1-1.5.9\artoolkitplus-2.3.1-1.5.9-linux-x86_64.jar;C:\Users\HP\.m2\repository\org\bytedeco\artoolkitplus\2.3.1-1.5.9\artoolkitplus-2.3.1-1.5.9-macosx-x86_64.jar;C:\Users\HP\.m2\repository\org\bytedeco\artoolkitplus\2.3.1-1.5.9\artoolkitplus-2.3.1-1.5.9-windows-x86.jar;C:\Users\HP\.m2\repository\org\bytedeco\artoolkitplus\2.3.1-1.5.9\artoolkitplus-2.3.1-1.5.9-windows-x86_64.jar;C:\Users\HP\.m2\repository\org\bytedeco\artoolkitplus\2.3.1-1.5.9\artoolkitplus-2.3.1-1.5.9.jar;C:\Users\HP\.m2\repository\org\bytedeco\artoolkitplus-platform\2.3.1-1.5.9\artoolkitplus-platform-2.3.1-1.5.9.jar;C:\Users\HP\.m2\repository\org\bytedeco\ffmpeg\7.1-1.5.11\ffmpeg-7.1-1.5.11-android-arm64.jar;C:\Users\HP\.m2\repository\org\bytedeco\ffmpeg\7.1-1.5.11\ffmpeg-7.1-1.5.11-an
Launcher Type: SUN_STANDARD

[Global flags]
     intx CICompilerCount                          = 4                                         {product} {ergonomic}
     uint ConcGCThreads                            = 2                                         {product} {ergonomic}
     uint G1ConcRefinementThreads                  = 8                                         {product} {ergonomic}
   size_t G1HeapRegionSize                         = 1048576                                   {product} {ergonomic}
    uintx GCDrainStackTargetSize                   = 64                                        {product} {ergonomic}
   size_t InitialHeapSize                          = 132120576                                 {product} {ergonomic}
   size_t MarkStackSize                            = 4194304                                   {product} {ergonomic}
   size_t MaxHeapSize                              = 2090860544                                {product} {ergonomic}
   size_t MaxNewSize                               = 1254096896                                {product} {ergonomic}
   size_t MinHeapDeltaBytes                        = 1048576                                   {product} {ergonomic}
   size_t MinHeapSize                              = 8388608                                   {product} {ergonomic}
    uintx NonNMethodCodeHeapSize                   = 5839372                                {pd product} {ergonomic}
    uintx NonProfiledCodeHeapSize                  = 122909434                              {pd product} {ergonomic}
    uintx ProfiledCodeHeapSize                     = 122909434                              {pd product} {ergonomic}
    uintx ReservedCodeCacheSize                    = 251658240                              {pd product} {ergonomic}
     bool SegmentedCodeCache                       = true                                      {product} {ergonomic}
   size_t SoftMaxHeapSize                          = 2090860544                             {manageable} {ergonomic}
     bool UseCompressedClassPointers               = true                           {product lp64_product} {ergonomic}
     bool UseCompressedOops                        = true                           {product lp64_product} {ergonomic}
     bool UseG1GC                                  = true                                      {product} {ergonomic}
     bool UseLargePagesIndividualAllocation        = false                                  {pd product} {ergonomic}

Logging:
Log output configuration:
 #0: stdout all=warning uptime,level,tags
 #1: stderr all=off uptime,level,tags

Environment Variables:
JAVA_HOME=C:\Program Files\Microsoft\jdk-17.0.17.10-hotspot\
PATH=C:\Program Files\Microsoft\jdk-17.0.17.10-hotspot\bin;C:\WINDOWS\system32;C:\WINDOWS;C:\WINDOWS\System32\Wbem;C:\WINDOWS\System32\WindowsPowerShell\v1.0\;C:\WINDOWS\System32\OpenSSH\;C:\Program Files (x86)\dotnet\;C:\Program Files (x86)\HP\HP OCR\DB_Lib\;C:\Program Files\HP\Common\HPDestPlgIn\;C:\Program Files (x86)\HP\Common\HPDestPlgIn\;C:\Program Files\Git\cmd;C:\Program Files\nodejs\;C:\xampp\php;C:\ProgramData\ComposerSetup\bin;C:\Users\HP\AppData\Local\Programs\Python\Python312\Scripts\;C:\Users\HP\AppData\Local\Programs\Python\Python312\;C:\Users\HP\AppData\Local\Programs\Python\Launcher\;C:\Program Files\Microsoft\jdk-17.0.17.10-hotspot\bin;C:\WINDOWS\system32;C:\WINDOWS;C:\WINDOWS\System32\Wbem;C:\WINDOWS\System32\WindowsPowerShell\v1.0\;C:\WINDOWS\System32\OpenSSH\;C:\Program Files (x86)\dotnet\;C:\Program Files (x86)\HP\HP OCR\DB_Lib\;C:\Program Files\HP\Common\HPDestPlgIn\;C:\Program Files (x86)\HP\Common\HPDestPlgIn\;C:\Program Files\Git\cmd;C:\Users\HP\AppData\Local\Microsoft\WindowsApps;C:\Program Files\HP\Common\HPDestPlgIn\;C:\Program Files (x86)\HP\Common\HPDestPlgIn\;C:\Users\HP\AppData\Local\Programs\Antigravity\bin;C:\Users\HP\AppData\Local\Programs\Microsoft VS Code\bin;C:\Program Files\JetBrains\IntelliJ IDEA 2025.3.1.1\bin;E:\CompFaceModule\apache-maven-3.9.9\bin;C:\Program Files (x86)\Apache\apache-maven-3.9.12\bin;C:\Users\HP\AppData\Roaming\npm;C:\Users\HP\AppData\Roaming\Composer\vendor\bin;c:\Users\HP\.antigravity\extensions\vscjava.vscode-java-debug-0.58.5-universal\bundled\scripts\noConfigScripts;c:\Users\HP\.antigravity\extensions\ms-python.debugpy-2025.18.0-win32-x64\bundled\scripts\noConfigScripts
USERNAME=HP
LANG=en_US.UTF-8
OS=Windows_NT
PROCESSOR_IDENTIFIER=Intel64 Family 6 Model 126 Stepping 5, GenuineIntel
TMP=C:\Users\HP\AppData\Local\Temp
TEMP=C:\Users\HP\AppData\Local\Temp



Periodic native trim disabled


---------------  S Y S T E M  ---------------

OS:
 Windows 11 , 64 bit Build 22621 (10.0.22621.3235)
OS uptime: 0 days 3:08 hours

CPU: total 8 (initial active 8) (4 cores per cpu, 2 threads per core) family 6 model 126 stepping 5 microcode 0xa0, cx8, cmov, fxsr, ht, mmx, 3dnowpref, sse, sse2, sse3, ssse3, sse4.1, sse4.2, popcnt, lzcnt, tsc, tscinvbit, avx, avx2, aes, erms, clmul, bmi1, bmi2, adx, avx512f, avx512dq, avx512cd, avx512bw, avx512vl, sha, fma, vzeroupper, avx512_vpopcntdq, avx512_vpclmulqdq, avx512_vaes, avx512_vnni, clflush, clflushopt, avx512_vbmi2, avx512_vbmi
Processor Information for the first 8 processors :
  Max Mhz: 1190, Current Mhz: 991, Mhz Limit: 987

Memory: 4k page, system-wide physical 7973M (303M free)
TotalPageFile size 25767M (AvailPageFile size 23M)
current process WorkingSet (physical memory assigned to process): 277M, peak: 279M
current process commit charge ("private bytes"): 2166M, peak: 2210M

vm_info: OpenJDK 64-Bit Server VM (17.0.17+10-LTS) for windows-amd64 JRE (17.0.17+10-LTS), built on Oct 13 2025 22:19:56 by "MicrosoftCorporation" with unknown MS VC++:1944

END.
