#
# There is insufficient memory for the Java Runtime Environment to continue.
# Native memory allocation (mmap) failed to map 80740352 bytes. Error detail: G1 virtual space
# Possible reasons:
#   The system is out of physical RAM or swap space
#   This process is running with CompressedOops enabled, and the Java Heap may be blocking the growth of the native heap
# Possible solutions:
#   Reduce memory load on the system
#   Increase physical memory or swap space
#   Check if swap backing store is full
#   Decrease Java heap size (-Xmx/-Xms)
#   Decrease number of Java threads
#   Decrease Java thread stack sizes (-Xss)
#   Set larger code cache with -XX:ReservedCodeCacheSize=
#   JVM is running with Unscaled Compressed Oops mode in which the Java heap is
#     placed in the first 4GB address space. The Java Heap base address is the
#     maximum limit for the native heap growth. Please use -XX:HeapBaseMinAddress
#     to set the Java Heap base and to place the Java Heap above 4GB virtual address.
# This output file may be truncated or incomplete.
#
#  Out of Memory Error (os_windows.cpp:3690), pid=5300, tid=20484
#
# JRE version: OpenJDK Runtime Environment Microsoft-12574423 (17.0.17+10) (build 17.0.17+10-LTS)
# Java VM: OpenJDK 64-Bit Server VM Microsoft-12574423 (17.0.17+10-LTS, mixed mode, sharing, tiered, compressed oops, compressed class ptrs, g1 gc, windows-amd64)
# No core dump will be written. Minidumps are not enabled by default on client versions of Windows
#

---------------  S U M M A R Y ------------

Command Line: --module-path=C:\Users\HP\.m2\repository\org\openjfx\javafx-base\17.0.2\javafx-base-17.0.2-win.jar;C:\Users\HP\.m2\repository\org\openjfx\javafx-base\17.0.2\javafx-base-17.0.2.jar;C:\Users\HP\.m2\repository\org\openjfx\javafx-controls\17.0.2\javafx-controls-17.0.2-win.jar;C:\Users\HP\.m2\repository\org\openjfx\javafx-controls\17.0.2\javafx-controls-17.0.2.jar;C:\Users\HP\.m2\repository\org\openjfx\javafx-fxml\17.0.2\javafx-fxml-17.0.2-win.jar;C:\Users\HP\.m2\repository\org\openjfx\javafx-fxml\17.0.2\javafx-fxml-17.0.2.jar;C:\Users\HP\.m2\repository\org\openjfx\javafx-graphics\17.0.2\javafx-graphics-17.0.2-win.jar;C:\Users\HP\.m2\repository\org\openjfx\javafx-graphics\17.0.2\javafx-graphics-17.0.2.jar --add-modules=javafx.base,javafx.controls,javafx.fxml,javafx.graphics tech.HTECH.ui.AppJavaFX

Host: Intel(R) Core(TM) i5-1035G1 CPU @ 1.00GHz, 8 cores, 7G,  Windows 11 , 64 bit Build 22621 (10.0.22621.3235)
Time: Thu Feb  5 14:00:09 2026 Afr. centrale Ouest elapsed time: 10.944425 seconds (0d 0h 0m 10s)

---------------  T H R E A D  ---------------

Current thread (0x000001cb7f3d6c30):  VMThread "VM Thread" [stack: 0x000000107a600000,0x000000107a700000] [id=20484]

Stack: [0x000000107a600000,0x000000107a700000]
Native frames: (J=compiled Java code, j=interpreted, Vv=VM code, C=native code)
V  [jvm.dll+0x68c459]  (no source info available)
V  [jvm.dll+0x845e09]  (no source info available)
V  [jvm.dll+0x847b78]  (no source info available)
V  [jvm.dll+0x848203]  (no source info available)
V  [jvm.dll+0x24cf6f]  (no source info available)
V  [jvm.dll+0x68b859]  (no source info available)
V  [jvm.dll+0x67fe1a]  (no source info available)
V  [jvm.dll+0x3100f0]  (no source info available)
V  [jvm.dll+0x30ff92]  (no source info available)
V  [jvm.dll+0x3174e9]  (no source info available)
V  [jvm.dll+0x3697c9]  (no source info available)
V  [jvm.dll+0x3699fd]  (no source info available)
V  [jvm.dll+0x2e68fa]  (no source info available)
V  [jvm.dll+0x2e4cf1]  (no source info available)
V  [jvm.dll+0x2e448c]  (no source info available)
V  [jvm.dll+0x328e1b]  (no source info available)
V  [jvm.dll+0x84ca8d]  (no source info available)
V  [jvm.dll+0x84d7a3]  (no source info available)
V  [jvm.dll+0x84dcd4]  (no source info available)
V  [jvm.dll+0x84e0b8]  (no source info available)
V  [jvm.dll+0x84e1ae]  (no source info available)
V  [jvm.dll+0x7f5a5c]  (no source info available)
V  [jvm.dll+0x68d9f7]  (no source info available)
C  [ucrtbase.dll+0x29363]  (no source info available)
C  [KERNEL32.DLL+0x1257d]  (no source info available)
C  [ntdll.dll+0x5aa58]  (no source info available)

VM_Operation (0x000000107c0fee30): G1CollectForAllocation, mode: safepoint, requested by thread 0x000001cb47722a40


---------------  P R O C E S S  ---------------

Threads class SMR info:
_java_thread_list=0x000001cb50b97320, length=29, elements={
0x000001cb60d7e990, 0x000001cb7f3db180, 0x000001cb7f3dbd40, 0x000001cb7f3f29c0,
0x000001cb7f3f3290, 0x000001cb7f3f4c60, 0x000001cb7f3f7630, 0x000001cb7f3fb820,
0x000001cb7f3fc220, 0x000001cb7f3fcc20, 0x000001cb7f52b430, 0x000001cb7f6aa2d0,
0x000001cb7f800310, 0x000001cb474318f0, 0x000001cb4743acc0, 0x000001cb47591850,
0x000001cb475f2a00, 0x000001cb4d3673b0, 0x000001cb4c196580, 0x000001cb47722a40,
0x000001cb50661610, 0x000001cb506648b0, 0x000001cb50662a50, 0x000001cb50662f60,
0x000001cb50663e90, 0x000001cb506643a0, 0x000001cb50ec54a0, 0x000001cb50ec7300,
0x000001cb50ec68e0
}

Java Threads: ( => current thread )
  0x000001cb60d7e990 JavaThread "main" [_thread_blocked, id=6612, stack(0x000000107a000000,0x000000107a100000)]
  0x000001cb7f3db180 JavaThread "Reference Handler" daemon [_thread_blocked, id=5276, stack(0x000000107a700000,0x000000107a800000)]
  0x000001cb7f3dbd40 JavaThread "Finalizer" daemon [_thread_blocked, id=7540, stack(0x000000107a800000,0x000000107a900000)]
  0x000001cb7f3f29c0 JavaThread "Signal Dispatcher" daemon [_thread_blocked, id=8032, stack(0x000000107a900000,0x000000107aa00000)]
  0x000001cb7f3f3290 JavaThread "Attach Listener" daemon [_thread_blocked, id=840, stack(0x000000107aa00000,0x000000107ab00000)]
  0x000001cb7f3f4c60 JavaThread "Service Thread" daemon [_thread_blocked, id=4076, stack(0x000000107ab00000,0x000000107ac00000)]
  0x000001cb7f3f7630 JavaThread "Monitor Deflation Thread" daemon [_thread_blocked, id=14660, stack(0x000000107ac00000,0x000000107ad00000)]
  0x000001cb7f3fb820 JavaThread "C2 CompilerThread0" daemon [_thread_blocked, id=15864, stack(0x000000107ad00000,0x000000107ae00000)]
  0x000001cb7f3fc220 JavaThread "C1 CompilerThread0" daemon [_thread_blocked, id=15204, stack(0x000000107ae00000,0x000000107af00000)]
  0x000001cb7f3fcc20 JavaThread "Sweeper thread" daemon [_thread_blocked, id=4976, stack(0x000000107af00000,0x000000107b000000)]
  0x000001cb7f52b430 JavaThread "Common-Cleaner" daemon [_thread_blocked, id=13956, stack(0x000000107b000000,0x000000107b100000)]
  0x000001cb7f6aa2d0 JavaThread "Notification Thread" daemon [_thread_blocked, id=2364, stack(0x000000107b300000,0x000000107b400000)]
  0x000001cb7f800310 JavaThread "QuantumRenderer-0" daemon [_thread_blocked, id=6824, stack(0x000000107b500000,0x000000107b600000)]
  0x000001cb474318f0 JavaThread "InvokeLaterDispatcher" daemon [_thread_blocked, id=21732, stack(0x000000107b100000,0x000000107b200000)]
  0x000001cb4743acc0 JavaThread "JavaFX Application Thread" [_thread_blocked, id=6888, stack(0x000000107b200000,0x000000107b300000)]
  0x000001cb47591850 JavaThread "JavaFX-Launcher" [_thread_blocked, id=8060, stack(0x000000107ba00000,0x000000107bb00000)]
  0x000001cb475f2a00 JavaThread "Thread-2" daemon [_thread_blocked, id=2376, stack(0x000000107b900000,0x000000107ba00000)]
  0x000001cb4d3673b0 JavaThread "Prism Font Disposer" daemon [_thread_blocked, id=22740, stack(0x000000107c400000,0x000000107c500000)]
  0x000001cb4c196580 JavaThread "Cleaner-0" daemon [_thread_blocked, id=1064, stack(0x000000107c700000,0x000000107c800000)]
  0x000001cb47722a40 JavaThread "Thread-3" [_thread_blocked, id=12380, stack(0x000000107c000000,0x000000107c100000)]
  0x000001cb50661610 JavaThread "JavaCPP Deallocator" daemon [_thread_blocked, id=7372, stack(0x000000107d100000,0x000000107d200000)]
  0x000001cb506648b0 JavaThread "pool-2-thread-1" [_thread_blocked, id=21536, stack(0x000000107dd00000,0x000000107de00000)]
  0x000001cb50662a50 JavaThread "pool-2-thread-2" [_thread_blocked, id=22244, stack(0x000000107de00000,0x000000107df00000)]
  0x000001cb50662f60 JavaThread "pool-2-thread-3" [_thread_blocked, id=3188, stack(0x000000107df00000,0x000000107e000000)]
  0x000001cb50663e90 JavaThread "pool-2-thread-4" [_thread_blocked, id=1888, stack(0x000000107e000000,0x000000107e100000)]
  0x000001cb506643a0 JavaThread "pool-2-thread-5" [_thread_blocked, id=11512, stack(0x000000107e100000,0x000000107e200000)]
  0x000001cb50ec54a0 JavaThread "pool-2-thread-6" [_thread_blocked, id=19432, stack(0x000000107e200000,0x000000107e300000)]
  0x000001cb50ec7300 JavaThread "pool-2-thread-7" [_thread_blocked, id=17032, stack(0x000000107e300000,0x000000107e400000)]
  0x000001cb50ec68e0 JavaThread "pool-2-thread-8" [_thread_blocked, id=12020, stack(0x000000107e400000,0x000000107e500000)]

Other Threads:
=>0x000001cb7f3d6c30 VMThread "VM Thread" [stack: 0x000000107a600000,0x000000107a700000] [id=20484]
  0x000001cb7f640870 WatcherThread [stack: 0x000000107b400000,0x000000107b500000] [id=7580]
  0x000001cb63150760 GCTaskThread "GC Thread#0" [stack: 0x000000107a100000,0x000000107a200000] [id=9960]
  0x000001cb4765f180 GCTaskThread "GC Thread#1" [stack: 0x000000107bb00000,0x000000107bc00000] [id=17720]
  0x000001cb4765f450 GCTaskThread "GC Thread#2" [stack: 0x000000107bc00000,0x000000107bd00000] [id=3248]
  0x000001cb4765f720 GCTaskThread "GC Thread#3" [stack: 0x000000107bd00000,0x000000107be00000] [id=12016]
  0x000001cb473c5d60 GCTaskThread "GC Thread#4" [stack: 0x000000107be00000,0x000000107bf00000] [id=9092]
  0x000001cb473c5220 GCTaskThread "GC Thread#5" [stack: 0x000000107bf00000,0x000000107c000000] [id=23080]
  0x000001cb473c57c0 GCTaskThread "GC Thread#6" [stack: 0x000000107c500000,0x000000107c600000] [id=8424]
  0x000001cb473c6300 GCTaskThread "GC Thread#7" [stack: 0x000000107c600000,0x000000107c700000] [id=2228]
  0x000001cb63161000 ConcurrentGCThread "G1 Main Marker" [stack: 0x000000107a200000,0x000000107a300000] [id=21240]
  0x000001cb631621c0 ConcurrentGCThread "G1 Conc#0" [stack: 0x000000107a300000,0x000000107a400000] [id=8660]
  0x000001cb4d06f1c0 ConcurrentGCThread "G1 Conc#1" [stack: 0x000000107d200000,0x000000107d300000] [id=12000]
  0x000001cb7f28bdc0 ConcurrentGCThread "G1 Refine#0" [stack: 0x000000107a400000,0x000000107a500000] [id=13828]
  0x000001cb7f28c800 ConcurrentGCThread "G1 Service" [stack: 0x000000107a500000,0x000000107a600000] [id=9308]

Threads with active compile tasks:
C2 CompilerThread0  11001 5215       4       com.sun.javafx.sg.prism.NGGroup::markCullRegions (201 bytes)

VM state: at safepoint (normal execution)

VM Mutex/Monitor currently owned by a thread:  ([mutex/lock_event])
[0x000001cb630f1650] Threads_lock - owner thread: 0x000001cb7f3d6c30
[0x000001cb630f2c40] Heap_lock - owner thread: 0x000001cb47722a40

Heap address: 0x0000000083600000, size: 1994 MB, Compressed Oops mode: 32-bit

CDS archive(s) mapped at: [0x000001cb02000000-0x000001cb02bb0000-0x000001cb02bb0000), size 12255232, SharedBaseAddress: 0x000001cb02000000, ArchiveRelocationMode: 1.
Compressed class space mapped at: 0x000001cb03000000-0x000001cb43000000, reserved size: 1073741824
Narrow klass base: 0x000001cb02000000, Narrow klass shift: 0, Narrow klass range: 0x100000000

GC Precious Log:
 CPUs: 8 total, 8 available
 Memory: 7973M
 Large Page Support: Disabled
 NUMA Support: Disabled
 Compressed Oops: Enabled (32-bit)
 Heap Region Size: 1M
 Heap Min Capacity: 8M
 Heap Initial Capacity: 126M
 Heap Max Capacity: 1994M
 Pre-touch: Disabled
 Parallel Workers: 8
 Concurrent Workers: 2
 Concurrent Refinement Workers: 8
 Periodic GC: Disabled

Heap:
 garbage-first heap   total 163840K, used 33160K [0x0000000083600000, 0x0000000100000000)
  region size 1024K, 4 young (4096K), 4 survivors (4096K)
 Metaspace       used 30550K, committed 30784K, reserved 1114112K
  class space    used 3603K, committed 3712K, reserved 1048576K

Heap Regions: E=young(eden), S=young(survivor), O=old, HS=humongous(starts), HC=humongous(continues), CS=collection set, F=free, OA=open archive, CA=closed archive, TAMS=top-at-mark-start (previous, next)
|   0|0x0000000083600000, 0x00000000836f2018, 0x0000000083700000| 94%| O|  |TAMS 0x0000000083600000, 0x0000000083600000| Untracked 
|   1|0x0000000083700000, 0x0000000083800000, 0x0000000083800000|100%| O|  |TAMS 0x0000000083800000, 0x0000000083700000| Untracked 
|   2|0x0000000083800000, 0x0000000083900000, 0x0000000083900000|100%| O|  |TAMS 0x0000000083900000, 0x0000000083800000| Untracked 
|   3|0x0000000083900000, 0x00000000839ffff8, 0x0000000083a00000| 99%| O|  |TAMS 0x00000000839ffff8, 0x0000000083900000| Untracked 
|   4|0x0000000083a00000, 0x0000000083b00000, 0x0000000083b00000|100%|HS|  |TAMS 0x0000000083b00000, 0x0000000083a00000| Untracked 
|   5|0x0000000083b00000, 0x0000000083c00000, 0x0000000083c00000|100%|HC|  |TAMS 0x0000000083c00000, 0x0000000083b00000| Untracked 
|   6|0x0000000083c00000, 0x0000000083d00000, 0x0000000083d00000|100%| O|  |TAMS 0x0000000083d00000, 0x0000000083c00000| Untracked 
|   7|0x0000000083d00000, 0x0000000083e00000, 0x0000000083e00000|100%| O|  |TAMS 0x0000000083e00000, 0x0000000083d00000| Untracked 
|   8|0x0000000083e00000, 0x0000000083f00000, 0x0000000083f00000|100%| O|  |TAMS 0x0000000083f00000, 0x0000000083e00000| Untracked 
|   9|0x0000000083f00000, 0x0000000083fff450, 0x0000000084000000| 99%| O|  |TAMS 0x0000000083fff450, 0x0000000083f00000| Untracked 
|  10|0x0000000084000000, 0x0000000084100000, 0x0000000084100000|100%| O|  |TAMS 0x0000000084100000, 0x0000000084000000| Untracked 
|  11|0x0000000084100000, 0x0000000084200000, 0x0000000084200000|100%| O|  |TAMS 0x0000000084200000, 0x0000000084100000| Untracked 
|  12|0x0000000084200000, 0x00000000842ffff0, 0x0000000084300000| 99%| O|  |TAMS 0x00000000842ffff0, 0x0000000084200000| Untracked 
|  13|0x0000000084300000, 0x00000000843ff6d8, 0x0000000084400000| 99%| O|  |TAMS 0x00000000843ff6d8, 0x0000000084300000| Untracked 
|  14|0x0000000084400000, 0x0000000084500000, 0x0000000084500000|100%| O|  |TAMS 0x0000000084500000, 0x0000000084400000| Untracked 
|  15|0x0000000084500000, 0x00000000845c5668, 0x0000000084600000| 77%| O|  |TAMS 0x0000000084500000, 0x0000000084500000| Untracked 
|  16|0x0000000084600000, 0x00000000846a8b40, 0x0000000084700000| 65%| O|  |TAMS 0x0000000084600000, 0x0000000084600000| Untracked 
|  17|0x0000000084700000, 0x0000000084800000, 0x0000000084800000|100%| O|  |TAMS 0x0000000084800000, 0x0000000084700000| Untracked 
|  18|0x0000000084800000, 0x0000000084900000, 0x0000000084900000|100%| O|  |TAMS 0x0000000084900000, 0x0000000084800000| Untracked 
|  19|0x0000000084900000, 0x0000000084a00000, 0x0000000084a00000|100%| O|  |TAMS 0x0000000084a00000, 0x0000000084900000| Untracked 
|  20|0x0000000084a00000, 0x0000000084a40200, 0x0000000084b00000| 25%| O|  |TAMS 0x0000000084a00000, 0x0000000084a00000| Untracked 
|  21|0x0000000084b00000, 0x0000000084bc0388, 0x0000000084c00000| 75%| O|  |TAMS 0x0000000084b00000, 0x0000000084b00000| Untracked 
|  22|0x0000000084c00000, 0x0000000084cc0150, 0x0000000084d00000| 75%| O|  |TAMS 0x0000000084c00000, 0x0000000084c00000| Untracked 
|  23|0x0000000084d00000, 0x0000000084dc0098, 0x0000000084e00000| 75%| O|  |TAMS 0x0000000084d00000, 0x0000000084d00000| Untracked 
|  24|0x0000000084e00000, 0x0000000084ec01c8, 0x0000000084f00000| 75%| O|  |TAMS 0x0000000084e00000, 0x0000000084e00000| Untracked 
|  25|0x0000000084f00000, 0x0000000084fc0030, 0x0000000085000000| 75%| O|  |TAMS 0x0000000084f00000, 0x0000000084f00000| Untracked 
|  26|0x0000000085000000, 0x00000000850c0090, 0x0000000085100000| 75%| O|  |TAMS 0x0000000085000000, 0x0000000085000000| Untracked 
|  27|0x0000000085100000, 0x00000000851c00d0, 0x0000000085200000| 75%| O|  |TAMS 0x0000000085100000, 0x0000000085100000| Untracked 
|  28|0x0000000085200000, 0x00000000852c0f90, 0x0000000085300000| 75%| O|  |TAMS 0x0000000085200000, 0x0000000085200000| Untracked 
|  29|0x0000000085300000, 0x00000000853c0558, 0x0000000085400000| 75%| O|  |TAMS 0x0000000085300000, 0x0000000085300000| Untracked 
|  30|0x0000000085400000, 0x0000000085440160, 0x0000000085500000| 25%| O|  |TAMS 0x0000000085400000, 0x0000000085400000| Untracked 
|  31|0x0000000085500000, 0x00000000855c0030, 0x0000000085600000| 75%| O|  |TAMS 0x0000000085500000, 0x0000000085500000| Untracked 
|  32|0x0000000085600000, 0x0000000085600000, 0x0000000085700000|  0%| F|  |TAMS 0x0000000085600000, 0x0000000085600000| Untracked 
|  33|0x0000000085700000, 0x00000000857c11b8, 0x0000000085800000| 75%| O|  |TAMS 0x0000000085700000, 0x0000000085700000| Untracked 
|  34|0x0000000085800000, 0x0000000085800000, 0x0000000085900000|  0%| F|  |TAMS 0x0000000085800000, 0x0000000085800000| Untracked 
|  35|0x0000000085900000, 0x00000000859400c0, 0x0000000085a00000| 25%| O|  |TAMS 0x0000000085900000, 0x0000000085900000| Untracked 
|  36|0x0000000085a00000, 0x0000000085a00000, 0x0000000085b00000|  0%| F|  |TAMS 0x0000000085a00000, 0x0000000085a00000| Untracked 
|  37|0x0000000085b00000, 0x0000000085b00000, 0x0000000085c00000|  0%| F|  |TAMS 0x0000000085b00000, 0x0000000085b00000| Untracked 
|  38|0x0000000085c00000, 0x0000000085c00000, 0x0000000085d00000|  0%| F|  |TAMS 0x0000000085c00000, 0x0000000085c00000| Untracked 
|  39|0x0000000085d00000, 0x0000000085d00000, 0x0000000085e00000|  0%| F|  |TAMS 0x0000000085d00000, 0x0000000085d00000| Untracked 
|  40|0x0000000085e00000, 0x0000000085e00000, 0x0000000085f00000|  0%| F|  |TAMS 0x0000000085e00000, 0x0000000085e00000| Untracked 
|  41|0x0000000085f00000, 0x0000000085f00000, 0x0000000086000000|  0%| F|  |TAMS 0x0000000085f00000, 0x0000000085f00000| Untracked 
|  42|0x0000000086000000, 0x0000000086000000, 0x0000000086100000|  0%| F|  |TAMS 0x0000000086000000, 0x0000000086000000| Untracked 
|  43|0x0000000086100000, 0x0000000086100000, 0x0000000086200000|  0%| F|  |TAMS 0x0000000086100000, 0x0000000086100000| Untracked 
|  44|0x0000000086200000, 0x0000000086300000, 0x0000000086300000|100%| S|CS|TAMS 0x0000000086200000, 0x0000000086200000| Complete 
|  45|0x0000000086300000, 0x0000000086400000, 0x0000000086400000|100%| S|CS|TAMS 0x0000000086300000, 0x0000000086300000| Complete 
|  46|0x0000000086400000, 0x0000000086400000, 0x0000000086500000|  0%| F|  |TAMS 0x0000000086400000, 0x0000000086400000| Untracked 
|  47|0x0000000086500000, 0x0000000086500000, 0x0000000086600000|  0%| F|  |TAMS 0x0000000086500000, 0x0000000086500000| Untracked 
|  48|0x0000000086600000, 0x0000000086700000, 0x0000000086700000|100%| S|CS|TAMS 0x0000000086600000, 0x0000000086600000| Complete 
|  49|0x0000000086700000, 0x0000000086800000, 0x0000000086800000|100%| S|CS|TAMS 0x0000000086700000, 0x0000000086700000| Complete 
|  50|0x0000000086800000, 0x0000000086800000, 0x0000000086900000|  0%| F|  |TAMS 0x0000000086800000, 0x0000000086800000| Untracked 
|  51|0x0000000086900000, 0x0000000086900000, 0x0000000086a00000|  0%| F|  |TAMS 0x0000000086900000, 0x0000000086900000| Untracked 
|  52|0x0000000086a00000, 0x0000000086a00000, 0x0000000086b00000|  0%| F|  |TAMS 0x0000000086a00000, 0x0000000086a00000| Untracked 
|  53|0x0000000086b00000, 0x0000000086b00000, 0x0000000086c00000|  0%| F|  |TAMS 0x0000000086b00000, 0x0000000086b00000| Untracked 
|  54|0x0000000086c00000, 0x0000000086c00000, 0x0000000086d00000|  0%| F|  |TAMS 0x0000000086c00000, 0x0000000086c00000| Untracked 
|  55|0x0000000086d00000, 0x0000000086d00000, 0x0000000086e00000|  0%| F|  |TAMS 0x0000000086d00000, 0x0000000086d00000| Untracked 
|  56|0x0000000086e00000, 0x0000000086e00000, 0x0000000086f00000|  0%| F|  |TAMS 0x0000000086e00000, 0x0000000086e00000| Untracked 
|  57|0x0000000086f00000, 0x0000000086f00000, 0x0000000087000000|  0%| F|  |TAMS 0x0000000086f00000, 0x0000000086f00000| Untracked 
|  58|0x0000000087000000, 0x0000000087000000, 0x0000000087100000|  0%| F|  |TAMS 0x0000000087000000, 0x0000000087000000| Untracked 
|  59|0x0000000087100000, 0x0000000087100000, 0x0000000087200000|  0%| F|  |TAMS 0x0000000087100000, 0x0000000087100000| Untracked 
|  60|0x0000000087200000, 0x0000000087200000, 0x0000000087300000|  0%| F|  |TAMS 0x0000000087200000, 0x0000000087200000| Untracked 
|  61|0x0000000087300000, 0x0000000087300000, 0x0000000087400000|  0%| F|  |TAMS 0x0000000087300000, 0x0000000087300000| Untracked 
|  62|0x0000000087400000, 0x0000000087400000, 0x0000000087500000|  0%| F|  |TAMS 0x0000000087400000, 0x0000000087400000| Untracked 
|  63|0x0000000087500000, 0x0000000087500000, 0x0000000087600000|  0%| F|  |TAMS 0x0000000087500000, 0x0000000087500000| Untracked 
|  64|0x0000000087600000, 0x0000000087600000, 0x0000000087700000|  0%| F|  |TAMS 0x0000000087600000, 0x0000000087600000| Untracked 
|  65|0x0000000087700000, 0x0000000087700000, 0x0000000087800000|  0%| F|  |TAMS 0x0000000087700000, 0x0000000087700000| Untracked 
|  66|0x0000000087800000, 0x0000000087800000, 0x0000000087900000|  0%| F|  |TAMS 0x0000000087800000, 0x0000000087800000| Untracked 
|  67|0x0000000087900000, 0x0000000087900000, 0x0000000087a00000|  0%| F|  |TAMS 0x0000000087900000, 0x0000000087900000| Untracked 
|  68|0x0000000087a00000, 0x0000000087a00000, 0x0000000087b00000|  0%| F|  |TAMS 0x0000000087a00000, 0x0000000087a00000| Untracked 
|  69|0x0000000087b00000, 0x0000000087b00000, 0x0000000087c00000|  0%| F|  |TAMS 0x0000000087b00000, 0x0000000087b00000| Untracked 
|  70|0x0000000087c00000, 0x0000000087c00000, 0x0000000087d00000|  0%| F|  |TAMS 0x0000000087c00000, 0x0000000087c00000| Untracked 
|  71|0x0000000087d00000, 0x0000000087d00000, 0x0000000087e00000|  0%| F|  |TAMS 0x0000000087d00000, 0x0000000087d00000| Untracked 
|  72|0x0000000087e00000, 0x0000000087e00000, 0x0000000087f00000|  0%| F|  |TAMS 0x0000000087e00000, 0x0000000087e00000| Untracked 
|  73|0x0000000087f00000, 0x0000000087f00000, 0x0000000088000000|  0%| F|  |TAMS 0x0000000087f00000, 0x0000000087f00000| Untracked 
|  74|0x0000000088000000, 0x0000000088000000, 0x0000000088100000|  0%| F|  |TAMS 0x0000000088000000, 0x0000000088000000| Untracked 
|  75|0x0000000088100000, 0x0000000088100000, 0x0000000088200000|  0%| F|  |TAMS 0x0000000088100000, 0x0000000088100000| Untracked 
|  76|0x0000000088200000, 0x0000000088200000, 0x0000000088300000|  0%| F|  |TAMS 0x0000000088200000, 0x0000000088200000| Untracked 
|  77|0x0000000088300000, 0x0000000088300000, 0x0000000088400000|  0%| F|  |TAMS 0x0000000088300000, 0x0000000088300000| Untracked 
|  78|0x0000000088400000, 0x0000000088400000, 0x0000000088500000|  0%| F|  |TAMS 0x0000000088400000, 0x0000000088400000| Untracked 
|  79|0x0000000088500000, 0x0000000088500000, 0x0000000088600000|  0%| F|  |TAMS 0x0000000088500000, 0x0000000088500000| Untracked 
|  80|0x0000000088600000, 0x0000000088600000, 0x0000000088700000|  0%| F|  |TAMS 0x0000000088600000, 0x0000000088600000| Untracked 
|  81|0x0000000088700000, 0x0000000088700000, 0x0000000088800000|  0%| F|  |TAMS 0x0000000088700000, 0x0000000088700000| Untracked 
|  82|0x0000000088800000, 0x0000000088800000, 0x0000000088900000|  0%| F|  |TAMS 0x0000000088800000, 0x0000000088800000| Untracked 
|  83|0x0000000088900000, 0x0000000088900000, 0x0000000088a00000|  0%| F|  |TAMS 0x0000000088900000, 0x0000000088900000| Untracked 
|  84|0x0000000088a00000, 0x0000000088a00000, 0x0000000088b00000|  0%| F|  |TAMS 0x0000000088a00000, 0x0000000088a00000| Untracked 
|  85|0x0000000088b00000, 0x0000000088b00000, 0x0000000088c00000|  0%| F|  |TAMS 0x0000000088b00000, 0x0000000088b00000| Untracked 
|  86|0x0000000088c00000, 0x0000000088c00000, 0x0000000088d00000|  0%| F|  |TAMS 0x0000000088c00000, 0x0000000088c00000| Untracked 
|  87|0x0000000088d00000, 0x0000000088d00000, 0x0000000088e00000|  0%| F|  |TAMS 0x0000000088d00000, 0x0000000088d00000| Untracked 
|  88|0x0000000088e00000, 0x0000000088e00000, 0x0000000088f00000|  0%| F|  |TAMS 0x0000000088e00000, 0x0000000088e00000| Untracked 
|  89|0x0000000088f00000, 0x0000000088f00000, 0x0000000089000000|  0%| F|  |TAMS 0x0000000088f00000, 0x0000000088f00000| Untracked 
|  90|0x0000000089000000, 0x0000000089000000, 0x0000000089100000|  0%| F|  |TAMS 0x0000000089000000, 0x0000000089000000| Untracked 
|  91|0x0000000089100000, 0x0000000089100000, 0x0000000089200000|  0%| F|  |TAMS 0x0000000089100000, 0x0000000089100000| Untracked 
|  92|0x0000000089200000, 0x0000000089200000, 0x0000000089300000|  0%| F|  |TAMS 0x0000000089200000, 0x0000000089200000| Untracked 
|  93|0x0000000089300000, 0x0000000089300000, 0x0000000089400000|  0%| F|  |TAMS 0x0000000089300000, 0x0000000089300000| Untracked 
|  94|0x0000000089400000, 0x0000000089400000, 0x0000000089500000|  0%| F|  |TAMS 0x0000000089400000, 0x0000000089400000| Untracked 
|  95|0x0000000089500000, 0x0000000089500000, 0x0000000089600000|  0%| F|  |TAMS 0x0000000089500000, 0x0000000089500000| Untracked 
|  96|0x0000000089600000, 0x0000000089600000, 0x0000000089700000|  0%| F|  |TAMS 0x0000000089600000, 0x0000000089600000| Untracked 
|  97|0x0000000089700000, 0x0000000089700000, 0x0000000089800000|  0%| F|  |TAMS 0x0000000089700000, 0x0000000089700000| Untracked 
|  98|0x0000000089800000, 0x0000000089800000, 0x0000000089900000|  0%| F|  |TAMS 0x0000000089800000, 0x0000000089800000| Untracked 
|  99|0x0000000089900000, 0x0000000089900000, 0x0000000089a00000|  0%| F|  |TAMS 0x0000000089900000, 0x0000000089900000| Untracked 
| 100|0x0000000089a00000, 0x0000000089a00000, 0x0000000089b00000|  0%| F|  |TAMS 0x0000000089a00000, 0x0000000089a00000| Untracked 
| 101|0x0000000089b00000, 0x0000000089b00000, 0x0000000089c00000|  0%| F|  |TAMS 0x0000000089b00000, 0x0000000089b00000| Untracked 
| 102|0x0000000089c00000, 0x0000000089c00000, 0x0000000089d00000|  0%| F|  |TAMS 0x0000000089c00000, 0x0000000089c00000| Untracked 
| 103|0x0000000089d00000, 0x0000000089d00000, 0x0000000089e00000|  0%| F|  |TAMS 0x0000000089d00000, 0x0000000089d00000| Untracked 
| 104|0x0000000089e00000, 0x0000000089e00000, 0x0000000089f00000|  0%| F|  |TAMS 0x0000000089e00000, 0x0000000089e00000| Untracked 
| 105|0x0000000089f00000, 0x0000000089f00000, 0x000000008a000000|  0%| F|  |TAMS 0x0000000089f00000, 0x0000000089f00000| Untracked 
| 106|0x000000008a000000, 0x000000008a000000, 0x000000008a100000|  0%| F|  |TAMS 0x000000008a000000, 0x000000008a000000| Untracked 
| 107|0x000000008a100000, 0x000000008a100000, 0x000000008a200000|  0%| F|  |TAMS 0x000000008a100000, 0x000000008a100000| Untracked 
| 108|0x000000008a200000, 0x000000008a200000, 0x000000008a300000|  0%| F|  |TAMS 0x000000008a200000, 0x000000008a200000| Untracked 
| 109|0x000000008a300000, 0x000000008a300000, 0x000000008a400000|  0%| F|  |TAMS 0x000000008a300000, 0x000000008a300000| Untracked 
| 110|0x000000008a400000, 0x000000008a400000, 0x000000008a500000|  0%| F|  |TAMS 0x000000008a400000, 0x000000008a400000| Untracked 
| 111|0x000000008a500000, 0x000000008a500000, 0x000000008a600000|  0%| F|  |TAMS 0x000000008a500000, 0x000000008a500000| Untracked 
| 112|0x000000008a600000, 0x000000008a600000, 0x000000008a700000|  0%| F|  |TAMS 0x000000008a600000, 0x000000008a600000| Untracked 
| 113|0x000000008a700000, 0x000000008a700000, 0x000000008a800000|  0%| F|  |TAMS 0x000000008a700000, 0x000000008a700000| Untracked 
| 114|0x000000008a800000, 0x000000008a800000, 0x000000008a900000|  0%| F|  |TAMS 0x000000008a800000, 0x000000008a800000| Untracked 
| 115|0x000000008a900000, 0x000000008a900000, 0x000000008aa00000|  0%| F|  |TAMS 0x000000008a900000, 0x000000008a900000| Untracked 
| 116|0x000000008aa00000, 0x000000008aa00000, 0x000000008ab00000|  0%| F|  |TAMS 0x000000008aa00000, 0x000000008aa00000| Untracked 
| 117|0x000000008ab00000, 0x000000008ab00000, 0x000000008ac00000|  0%| F|  |TAMS 0x000000008ab00000, 0x000000008ab00000| Untracked 
| 118|0x000000008ac00000, 0x000000008ac00000, 0x000000008ad00000|  0%| F|  |TAMS 0x000000008ac00000, 0x000000008ac00000| Untracked 
| 119|0x000000008ad00000, 0x000000008ad00000, 0x000000008ae00000|  0%| F|  |TAMS 0x000000008ad00000, 0x000000008ad00000| Untracked 
| 120|0x000000008ae00000, 0x000000008ae00000, 0x000000008af00000|  0%| F|  |TAMS 0x000000008ae00000, 0x000000008ae00000| Untracked 
| 121|0x000000008af00000, 0x000000008af00000, 0x000000008b000000|  0%| F|  |TAMS 0x000000008af00000, 0x000000008af00000| Untracked 
| 122|0x000000008b000000, 0x000000008b000000, 0x000000008b100000|  0%| F|  |TAMS 0x000000008b000000, 0x000000008b000000| Untracked 
| 123|0x000000008b100000, 0x000000008b100000, 0x000000008b200000|  0%| F|  |TAMS 0x000000008b100000, 0x000000008b100000| Untracked 
| 124|0x000000008b200000, 0x000000008b200000, 0x000000008b300000|  0%| F|  |TAMS 0x000000008b200000, 0x000000008b200000| Untracked 
| 125|0x000000008b300000, 0x000000008b300000, 0x000000008b400000|  0%| F|  |TAMS 0x000000008b300000, 0x000000008b300000| Untracked 
| 126|0x000000008b400000, 0x000000008b400000, 0x000000008b500000|  0%| F|  |TAMS 0x000000008b400000, 0x000000008b400000| Untracked 
| 127|0x000000008b500000, 0x000000008b500000, 0x000000008b600000|  0%| F|  |TAMS 0x000000008b500000, 0x000000008b500000| Untracked 
| 128|0x000000008b600000, 0x000000008b600000, 0x000000008b700000|  0%| F|  |TAMS 0x000000008b600000, 0x000000008b600000| Untracked 
| 129|0x000000008b700000, 0x000000008b700000, 0x000000008b800000|  0%| F|  |TAMS 0x000000008b700000, 0x000000008b700000| Untracked 
| 130|0x000000008b800000, 0x000000008b800000, 0x000000008b900000|  0%| F|  |TAMS 0x000000008b800000, 0x000000008b800000| Untracked 
| 131|0x000000008b900000, 0x000000008b900000, 0x000000008ba00000|  0%| F|  |TAMS 0x000000008b900000, 0x000000008b900000| Untracked 
| 132|0x000000008ba00000, 0x000000008ba00000, 0x000000008bb00000|  0%| F|  |TAMS 0x000000008ba00000, 0x000000008ba00000| Untracked 
| 133|0x000000008bb00000, 0x000000008bb00000, 0x000000008bc00000|  0%| F|  |TAMS 0x000000008bb00000, 0x000000008bb00000| Untracked 
| 134|0x000000008bc00000, 0x000000008bc00000, 0x000000008bd00000|  0%| F|  |TAMS 0x000000008bc00000, 0x000000008bc00000| Untracked 
| 135|0x000000008bd00000, 0x000000008bd00000, 0x000000008be00000|  0%| F|  |TAMS 0x000000008bd00000, 0x000000008bd00000| Untracked 
| 136|0x000000008be00000, 0x000000008be00000, 0x000000008bf00000|  0%| F|  |TAMS 0x000000008be00000, 0x000000008be00000| Untracked 
| 137|0x000000008bf00000, 0x000000008bf00000, 0x000000008c000000|  0%| F|  |TAMS 0x000000008bf00000, 0x000000008bf00000| Untracked 
| 138|0x000000008c000000, 0x000000008c000000, 0x000000008c100000|  0%| F|  |TAMS 0x000000008c000000, 0x000000008c000000| Untracked 
| 139|0x000000008c100000, 0x000000008c100000, 0x000000008c200000|  0%| F|  |TAMS 0x000000008c100000, 0x000000008c100000| Untracked 
| 140|0x000000008c200000, 0x000000008c200000, 0x000000008c300000|  0%| F|  |TAMS 0x000000008c200000, 0x000000008c200000| Untracked 
| 141|0x000000008c300000, 0x000000008c300000, 0x000000008c400000|  0%| F|  |TAMS 0x000000008c300000, 0x000000008c300000| Untracked 
| 142|0x000000008c400000, 0x000000008c400000, 0x000000008c500000|  0%| F|  |TAMS 0x000000008c400000, 0x000000008c400000| Untracked 
| 143|0x000000008c500000, 0x000000008c500000, 0x000000008c600000|  0%| F|  |TAMS 0x000000008c500000, 0x000000008c500000| Untracked 
| 144|0x000000008c600000, 0x000000008c600000, 0x000000008c700000|  0%| F|  |TAMS 0x000000008c600000, 0x000000008c600000| Untracked 
| 145|0x000000008c700000, 0x000000008c700000, 0x000000008c800000|  0%| F|  |TAMS 0x000000008c700000, 0x000000008c700000| Untracked 
| 146|0x000000008c800000, 0x000000008c800000, 0x000000008c900000|  0%| F|  |TAMS 0x000000008c800000, 0x000000008c800000| Untracked 
| 147|0x000000008c900000, 0x000000008c900000, 0x000000008ca00000|  0%| F|  |TAMS 0x000000008c900000, 0x000000008c900000| Untracked 
| 148|0x000000008ca00000, 0x000000008ca00000, 0x000000008cb00000|  0%| F|  |TAMS 0x000000008ca00000, 0x000000008ca00000| Untracked 
| 149|0x000000008cb00000, 0x000000008cb00000, 0x000000008cc00000|  0%| F|  |TAMS 0x000000008cb00000, 0x000000008cb00000| Untracked 
| 150|0x000000008cc00000, 0x000000008cc00000, 0x000000008cd00000|  0%| F|  |TAMS 0x000000008cc00000, 0x000000008cc00000| Untracked 
| 151|0x000000008cd00000, 0x000000008cd00000, 0x000000008ce00000|  0%| F|  |TAMS 0x000000008cd00000, 0x000000008cd00000| Untracked 
| 152|0x000000008ce00000, 0x000000008ce00000, 0x000000008cf00000|  0%| F|  |TAMS 0x000000008ce00000, 0x000000008ce00000| Untracked 
| 153|0x000000008cf00000, 0x000000008cf00000, 0x000000008d000000|  0%| F|  |TAMS 0x000000008cf00000, 0x000000008cf00000| Untracked 
| 154|0x000000008d000000, 0x000000008d000000, 0x000000008d100000|  0%| F|  |TAMS 0x000000008d000000, 0x000000008d000000| Untracked 
| 155|0x000000008d100000, 0x000000008d100000, 0x000000008d200000|  0%| F|  |TAMS 0x000000008d100000, 0x000000008d100000| Untracked 
| 156|0x000000008d200000, 0x000000008d200000, 0x000000008d300000|  0%| F|  |TAMS 0x000000008d200000, 0x000000008d200000| Untracked 
| 157|0x000000008d300000, 0x000000008d300000, 0x000000008d400000|  0%| F|  |TAMS 0x000000008d300000, 0x000000008d300000| Untracked 
| 158|0x000000008d400000, 0x000000008d400000, 0x000000008d500000|  0%| F|  |TAMS 0x000000008d400000, 0x000000008d400000| Untracked 
| 159|0x000000008d500000, 0x000000008d500000, 0x000000008d600000|  0%| F|  |TAMS 0x000000008d500000, 0x000000008d500000| Untracked 

Card table byte_map: [0x000001cb7a370000,0x000001cb7a760000] _byte_map_base: 0x000001cb79f55000

Marking Bits (Prev, Next): (CMBitMap*) 0x000001cb63150d90, (CMBitMap*) 0x000001cb63150dd0
 Prev Bits: [0x000001cb7ab50000, 0x000001cb7ca78000)
 Next Bits: [0x000001cb7ca80000, 0x000001cb7e9a8000)

Polling page: 0x000001cb60f30000

Metaspace:

Usage:
  Non-class:     26.32 MB used.
      Class:      3.52 MB used.
       Both:     29.83 MB used.

Virtual space:
  Non-class space:       64.00 MB reserved,      26.44 MB ( 41%) committed,  1 nodes.
      Class space:        1.00 GB reserved,       3.62 MB ( <1%) committed,  1 nodes.
             Both:        1.06 GB reserved,      30.06 MB (  3%) committed. 

Chunk freelists:
   Non-Class:  4.69 MB
       Class:  12.39 MB
        Both:  17.08 MB

MaxMetaspaceSize: unlimited
CompressedClassSpaceSize: 1.00 GB
Initial GC threshold: 21.00 MB
Current GC threshold: 49.94 MB
CDS: on
MetaspaceReclaimPolicy: balanced
 - commit_granule_bytes: 65536.
 - commit_granule_words: 8192.
 - virtual_space_node_default_size: 8388608.
 - enlarge_chunks_in_place: 1.
 - new_chunks_are_fully_committed: 0.
 - uncommit_free_chunks: 1.
 - use_allocation_guard: 0.
 - handle_deallocations: 1.


Internal statistics:

num_allocs_failed_limit: 19.
num_arena_births: 238.
num_arena_deaths: 0.
num_vsnodes_births: 2.
num_vsnodes_deaths: 0.
num_space_committed: 479.
num_space_uncommitted: 0.
num_chunks_returned_to_freelist: 19.
num_chunks_taken_from_freelist: 1209.
num_chunk_merges: 19.
num_chunk_splits: 933.
num_chunks_enlarged: 770.
num_inconsistent_stats: 0.

CodeHeap 'non-profiled nmethods': size=120000Kb used=2805Kb max_used=3131Kb free=117194Kb
 bounds [0x000001cb72720000, 0x000001cb72a40000, 0x000001cb79c50000]
CodeHeap 'profiled nmethods': size=120000Kb used=8558Kb max_used=10825Kb free=111442Kb
 bounds [0x000001cb6ac50000, 0x000001cb6b6f0000, 0x000001cb72180000]
CodeHeap 'non-nmethods': size=5760Kb used=2014Kb max_used=2059Kb free=3745Kb
 bounds [0x000001cb72180000, 0x000001cb723f0000, 0x000001cb72720000]
 total_blobs=5879 nmethods=4420 adapters=1370
 compilation: enabled
              stopped_count=0, restarted_count=0
 full_count=0

Compilation events (20 events):
Event: 10.772 Thread 0x000001cb7f3fc220 5219       3       java.nio.DirectByteBuffer::asFloatBuffer (179 bytes)
Event: 10.773 Thread 0x000001cb7f3fc220 nmethod 5219 0x000001cb6ae86410 code [0x000001cb6ae865e0, 0x000001cb6ae86978]
Event: 10.788 Thread 0x000001cb7f3fc220 5220       3       com.sun.javafx.sg.prism.NGRegion::hasOpaqueRegion (53 bytes)
Event: 10.789 Thread 0x000001cb7f3fc220 nmethod 5220 0x000001cb6ad65d90 code [0x000001cb6ad65f80, 0x000001cb6ad66548]
Event: 10.804 Thread 0x000001cb7f3fc220 5223       3       com.sun.javafx.sg.prism.NGNode::accumulateNodeDirtyRegion (63 bytes)
Event: 10.805 Thread 0x000001cb7f3fc220 nmethod 5223 0x000001cb6ae33d90 code [0x000001cb6ae33fa0, 0x000001cb6ae34558]
Event: 10.805 Thread 0x000001cb7f3fc220 5224       3       com.sun.javafx.sg.prism.EffectFilter::render (21 bytes)
Event: 10.805 Thread 0x000001cb7f3fc220 nmethod 5224 0x000001cb6ae8c710 code [0x000001cb6ae8c920, 0x000001cb6ae8cd48]
Event: 10.854 Thread 0x000001cb7f3fc220 5225       3       com.sun.javafx.geom.Shape::accumulate (527 bytes)
Event: 10.856 Thread 0x000001cb7f3fc220 nmethod 5225 0x000001cb6b6a0b90 code [0x000001cb6b6a0e80, 0x000001cb6b6a2568]
Event: 10.859 Thread 0x000001cb7f3fc220 5226       3       javafx.scene.Node::updateLocalBounds (67 bytes)
Event: 10.860 Thread 0x000001cb7f3fc220 nmethod 5226 0x000001cb6ac6ab10 code [0x000001cb6ac6ad60, 0x000001cb6ac6b888]
Event: 10.860 Thread 0x000001cb7f3fc220 5227       1       java.awt.color.ColorSpace::getNumComponents (5 bytes)
Event: 10.860 Thread 0x000001cb7f3fc220 nmethod 5227 0x000001cb7275fb10 code [0x000001cb7275fca0, 0x000001cb7275fd78]
Event: 10.891 Thread 0x000001cb7f3fc220 5228       3       javafx.scene.Node::computeLocalBounds (135 bytes)
Event: 10.894 Thread 0x000001cb7f3fc220 nmethod 5228 0x000001cb6b3eaa90 code [0x000001cb6b3eae20, 0x000001cb6b3ecbb8]
Event: 10.909 Thread 0x000001cb7f3fc220 5229       3       ij.process.ByteProcessor::setMinAndMax (394 bytes)
Event: 10.910 Thread 0x000001cb7f3fc220 nmethod 5229 0x000001cb6ac54810 code [0x000001cb6ac54b20, 0x000001cb6ac55f68]
Event: 10.910 Thread 0x000001cb7f3fc220 5230       3       java.awt.image.IndexColorModel::setRGBs (222 bytes)
Event: 10.912 Thread 0x000001cb7f3fc220 nmethod 5230 0x000001cb6ac78690 code [0x000001cb6ac788c0, 0x000001cb6ac79248]

GC Heap History (20 events):
Event: 7.683 GC heap after
{Heap after GC invocations=9 (full 0):
 garbage-first heap   total 81920K, used 18773K [0x0000000083600000, 0x0000000100000000)
  region size 1024K, 1 young (1024K), 1 survivors (1024K)
 Metaspace       used 24338K, committed 24576K, reserved 1114112K
  class space    used 2947K, committed 3072K, reserved 1048576K
}
Event: 8.009 GC heap before
{Heap before GC invocations=9 (full 0):
 garbage-first heap   total 81920K, used 64853K [0x0000000083600000, 0x0000000100000000)
  region size 1024K, 46 young (47104K), 1 survivors (1024K)
 Metaspace       used 24447K, committed 24704K, reserved 1114112K
  class space    used 2948K, committed 3072K, reserved 1048576K
}
Event: 8.011 GC heap after
{Heap after GC invocations=10 (full 0):
 garbage-first heap   total 163840K, used 18640K [0x0000000083600000, 0x0000000100000000)
  region size 1024K, 1 young (1024K), 1 survivors (1024K)
 Metaspace       used 24447K, committed 24704K, reserved 1114112K
  class space    used 2948K, committed 3072K, reserved 1048576K
}
Event: 9.467 GC heap before
{Heap before GC invocations=11 (full 0):
 garbage-first heap   total 78848K, used 78032K [0x0000000083600000, 0x0000000100000000)
  region size 1024K, 59 young (60416K), 1 survivors (1024K)
 Metaspace       used 30324K, committed 30592K, reserved 1114112K
  class space    used 3602K, committed 3712K, reserved 1048576K
}
Event: 9.471 GC heap after
{Heap after GC invocations=12 (full 0):
 garbage-first heap   total 81920K, used 20483K [0x0000000083600000, 0x0000000100000000)
  region size 1024K, 3 young (3072K), 3 survivors (3072K)
 Metaspace       used 30324K, committed 30592K, reserved 1114112K
  class space    used 3602K, committed 3712K, reserved 1048576K
}
Event: 9.472 GC heap before
{Heap before GC invocations=12 (full 0):
 garbage-first heap   total 81920K, used 21507K [0x0000000083600000, 0x0000000100000000)
  region size 1024K, 4 young (4096K), 3 survivors (3072K)
 Metaspace       used 30324K, committed 30592K, reserved 1114112K
  class space    used 3602K, committed 3712K, reserved 1048576K
}
Event: 9.475 GC heap after
{Heap after GC invocations=13 (full 0):
 garbage-first heap   total 81920K, used 20185K [0x0000000083600000, 0x0000000100000000)
  region size 1024K, 1 young (1024K), 1 survivors (1024K)
 Metaspace       used 30324K, committed 30592K, reserved 1114112K
  class space    used 3602K, committed 3712K, reserved 1048576K
}
Event: 9.773 GC heap before
{Heap before GC invocations=13 (full 0):
 garbage-first heap   total 81920K, used 65241K [0x0000000083600000, 0x0000000100000000)
  region size 1024K, 46 young (47104K), 1 survivors (1024K)
 Metaspace       used 30365K, committed 30592K, reserved 1114112K
  class space    used 3602K, committed 3712K, reserved 1048576K
}
Event: 9.775 GC heap after
{Heap after GC invocations=14 (full 0):
 garbage-first heap   total 81920K, used 23431K [0x0000000083600000, 0x0000000100000000)
  region size 1024K, 4 young (4096K), 4 survivors (4096K)
 Metaspace       used 30365K, committed 30592K, reserved 1114112K
  class space    used 3602K, committed 3712K, reserved 1048576K
}
Event: 9.983 GC heap before
{Heap before GC invocations=14 (full 0):
 garbage-first heap   total 81920K, used 61319K [0x0000000083600000, 0x0000000100000000)
  region size 1024K, 43 young (44032K), 4 survivors (4096K)
 Metaspace       used 30404K, committed 30656K, reserved 1114112K
  class space    used 3602K, committed 3712K, reserved 1048576K
}
Event: 10.012 GC heap after
{Heap after GC invocations=15 (full 1):
 garbage-first heap   total 81920K, used 23686K [0x0000000083600000, 0x0000000100000000)
  region size 1024K, 0 young (0K), 0 survivors (0K)
 Metaspace       used 30404K, committed 30656K, reserved 1114112K
  class space    used 3602K, committed 3712K, reserved 1048576K
}
Event: 10.280 GC heap before
{Heap before GC invocations=15 (full 1):
 garbage-first heap   total 81920K, used 63622K [0x0000000083600000, 0x0000000100000000)
  region size 1024K, 39 young (39936K), 0 survivors (0K)
 Metaspace       used 30453K, committed 30656K, reserved 1114112K
  class space    used 3603K, committed 3712K, reserved 1048576K
}
Event: 10.281 GC heap after
{Heap after GC invocations=16 (full 1):
 garbage-first heap   total 81920K, used 25990K [0x0000000083600000, 0x0000000100000000)
  region size 1024K, 3 young (3072K), 3 survivors (3072K)
 Metaspace       used 30453K, committed 30656K, reserved 1114112K
  class space    used 3603K, committed 3712K, reserved 1048576K
}
Event: 10.481 GC heap before
{Heap before GC invocations=16 (full 1):
 garbage-first heap   total 81920K, used 61830K [0x0000000083600000, 0x0000000100000000)
  region size 1024K, 39 young (39936K), 3 survivors (3072K)
 Metaspace       used 30503K, committed 30720K, reserved 1114112K
  class space    used 3603K, committed 3712K, reserved 1048576K
}
Event: 10.483 GC heap after
{Heap after GC invocations=17 (full 1):
 garbage-first heap   total 81920K, used 28550K [0x0000000083600000, 0x0000000100000000)
  region size 1024K, 5 young (5120K), 5 survivors (5120K)
 Metaspace       used 30503K, committed 30720K, reserved 1114112K
  class space    used 3603K, committed 3712K, reserved 1048576K
}
Event: 10.586 GC heap before
{Heap before GC invocations=17 (full 1):
 garbage-first heap   total 81920K, used 52102K [0x0000000083600000, 0x0000000100000000)
  region size 1024K, 30 young (30720K), 5 survivors (5120K)
 Metaspace       used 30512K, committed 30784K, reserved 1114112K
  class space    used 3603K, committed 3712K, reserved 1048576K
}
Event: 10.610 GC heap after
{Heap after GC invocations=18 (full 2):
 garbage-first heap   total 81920K, used 28807K [0x0000000083600000, 0x0000000100000000)
  region size 1024K, 0 young (0K), 0 survivors (0K)
 Metaspace       used 30512K, committed 30784K, reserved 1114112K
  class space    used 3603K, committed 3712K, reserved 1048576K
}
Event: 10.783 GC heap before
{Heap before GC invocations=18 (full 2):
 garbage-first heap   total 81920K, used 60551K [0x0000000083600000, 0x0000000100000000)
  region size 1024K, 32 young (32768K), 0 survivors (0K)
 Metaspace       used 30543K, committed 30784K, reserved 1114112K
  class space    used 3603K, committed 3712K, reserved 1048576K
}
Event: 10.784 GC heap after
{Heap after GC invocations=19 (full 2):
 garbage-first heap   total 81920K, used 30658K [0x0000000083600000, 0x0000000100000000)
  region size 1024K, 2 young (2048K), 2 survivors (2048K)
 Metaspace       used 30543K, committed 30784K, reserved 1114112K
  class space    used 3603K, committed 3712K, reserved 1048576K
}
Event: 10.936 GC heap before
{Heap before GC invocations=19 (full 2):
 garbage-first heap   total 81920K, used 60354K [0x0000000083600000, 0x0000000100000000)
  region size 1024K, 32 young (32768K), 2 survivors (2048K)
 Metaspace       used 30550K, committed 30784K, reserved 1114112K
  class space    used 3603K, committed 3712K, reserved 1048576K
}

Dll operation events (20 events):
Event: 8.054 Loaded shared library C:\Users\HP\.javacpp\cache\opencv-4.10.0-1.5.11-windows-x86_64.jar\org\bytedeco\opencv\windows-x86_64\opencv_imgproc4100.dll
Event: 8.087 Loaded shared library C:\Users\HP\.javacpp\cache\opencv-4.10.0-1.5.11-windows-x86_64.jar\org\bytedeco\opencv\windows-x86_64\jniopencv_core.dll
Event: 8.380 Loaded shared library C:\Users\HP\.javacpp\cache\opencv-4.10.0-1.5.11-windows-x86_64.jar\org\bytedeco\opencv\windows-x86_64\jniopencv_imgproc.dll
Event: 8.419 Loaded shared library C:\Users\HP\.javacpp\cache\opencv-4.10.0-1.5.11-windows-x86_64.jar\org\bytedeco\opencv\windows-x86_64\opencv_imgcodecs4100.dll
Event: 8.432 Loaded shared library C:\Users\HP\.javacpp\cache\opencv-4.10.0-1.5.11-windows-x86_64.jar\org\bytedeco\opencv\windows-x86_64\jniopencv_imgcodecs.dll
Event: 8.530 Loaded shared library C:\Users\HP\.javacpp\cache\opencv-4.10.0-1.5.11-windows-x86_64.jar\org\bytedeco\opencv\windows-x86_64\opencv_videoio4100.dll
Event: 8.544 Loaded shared library C:\Users\HP\.javacpp\cache\opencv-4.10.0-1.5.11-windows-x86_64.jar\org\bytedeco\opencv\windows-x86_64\jniopencv_videoio.dll
Event: 8.577 Loaded shared library C:\Users\HP\.javacpp\cache\opencv-4.10.0-1.5.11-windows-x86_64.jar\org\bytedeco\opencv\windows-x86_64\opencv_highgui4100.dll
Event: 8.587 Loaded shared library C:\Users\HP\.javacpp\cache\opencv-4.10.0-1.5.11-windows-x86_64.jar\org\bytedeco\opencv\windows-x86_64\jniopencv_highgui.dll
Event: 8.613 Loaded shared library C:\Users\HP\.javacpp\cache\opencv-4.10.0-1.5.11-windows-x86_64.jar\org\bytedeco\opencv\windows-x86_64\opencv_flann4100.dll
Event: 8.622 Loaded shared library C:\Users\HP\.javacpp\cache\opencv-4.10.0-1.5.11-windows-x86_64.jar\org\bytedeco\opencv\windows-x86_64\jniopencv_flann.dll
Event: 8.648 Loaded shared library C:\Users\HP\.javacpp\cache\opencv-4.10.0-1.5.11-windows-x86_64.jar\org\bytedeco\opencv\windows-x86_64\opencv_features2d4100.dll
Event: 8.660 Loaded shared library C:\Users\HP\.javacpp\cache\opencv-4.10.0-1.5.11-windows-x86_64.jar\org\bytedeco\opencv\windows-x86_64\jniopencv_features2d.dll
Event: 8.701 Loaded shared library C:\Users\HP\.javacpp\cache\opencv-4.10.0-1.5.11-windows-x86_64.jar\org\bytedeco\opencv\windows-x86_64\opencv_calib3d4100.dll
Event: 8.713 Loaded shared library C:\Users\HP\.javacpp\cache\opencv-4.10.0-1.5.11-windows-x86_64.jar\org\bytedeco\opencv\windows-x86_64\jniopencv_calib3d.dll
Event: 8.760 Loaded shared library C:\Users\HP\.javacpp\cache\opencv-4.10.0-1.5.11-windows-x86_64.jar\org\bytedeco\opencv\windows-x86_64\opencv_dnn4100.dll
Event: 8.772 Loaded shared library C:\Users\HP\.javacpp\cache\opencv-4.10.0-1.5.11-windows-x86_64.jar\org\bytedeco\opencv\windows-x86_64\jniopencv_dnn.dll
Event: 8.837 Loaded shared library C:\Users\HP\.javacpp\cache\opencv-4.10.0-1.5.11-windows-x86_64.jar\org\bytedeco\opencv\windows-x86_64\opencv_objdetect4100.dll
Event: 8.849 Loaded shared library C:\Users\HP\.javacpp\cache\opencv-4.10.0-1.5.11-windows-x86_64.jar\org\bytedeco\opencv\windows-x86_64\jniopencv_objdetect.dll
Event: 9.213 Loaded shared library C:\Program Files\Microsoft\jdk-17.0.17.10-hotspot\bin\awt.dll

Deoptimization events (20 events):
Event: 9.647 Thread 0x000001cb47722a40 DEOPT PACKING pc=0x000001cb6b68fdb9 sp=0x000000107c0feeb0
Event: 9.647 Thread 0x000001cb47722a40 DEOPT UNPACKING pc=0x000001cb721dace3 sp=0x000000107c0fe378 mode 0
Event: 9.681 Thread 0x000001cb47722a40 DEOPT PACKING pc=0x000001cb6b68f2d5 sp=0x000000107c0feea0
Event: 9.681 Thread 0x000001cb47722a40 DEOPT UNPACKING pc=0x000001cb721dace3 sp=0x000000107c0fe380 mode 0
Event: 9.715 Thread 0x000001cb47722a40 DEOPT PACKING pc=0x000001cb6b68f2d5 sp=0x000000107c0feea0
Event: 9.716 Thread 0x000001cb47722a40 DEOPT UNPACKING pc=0x000001cb721dace3 sp=0x000000107c0fe380 mode 0
Event: 9.862 Thread 0x000001cb47722a40 DEOPT PACKING pc=0x000001cb6ae5084a sp=0x000000107c0fe8a0
Event: 9.862 Thread 0x000001cb47722a40 DEOPT UNPACKING pc=0x000001cb721dace3 sp=0x000000107c0fdd40 mode 0
Event: 10.019 Thread 0x000001cb7f800310 Uncommon trap: trap_request=0xffffff6e fr.pc=0x000001cb72a15f44 relative=0x00000000000019c4
Event: 10.019 Thread 0x000001cb7f800310 Uncommon trap: reason=loop_limit_check action=maybe_recompile pc=0x000001cb72a15f44 method=com.sun.javafx.sg.prism.NGGroup.computeRenderRoot(Lcom/sun/javafx/sg/prism/NodePath;Lcom/sun/javafx/geom/RectBounds;ILcom/sun/javafx/geom/transform/BaseTransform;Lc
Event: 10.019 Thread 0x000001cb7f800310 DEOPT PACKING pc=0x000001cb72a15f44 sp=0x000000107b5fee30
Event: 10.019 Thread 0x000001cb7f800310 DEOPT UNPACKING pc=0x000001cb721da1a3 sp=0x000000107b5fed90 mode 2
Event: 10.065 Thread 0x000001cb47722a40 DEOPT PACKING pc=0x000001cb6b6a2846 sp=0x000000107c0fef90
Event: 10.065 Thread 0x000001cb47722a40 DEOPT UNPACKING pc=0x000001cb721dace3 sp=0x000000107c0fe418 mode 0
Event: 10.097 Thread 0x000001cb47722a40 DEOPT PACKING pc=0x000001cb6b6a173d sp=0x000000107c0ff0c0
Event: 10.097 Thread 0x000001cb47722a40 DEOPT UNPACKING pc=0x000001cb721dace3 sp=0x000000107c0fe5a0 mode 0
Event: 10.141 Thread 0x000001cb47722a40 DEOPT PACKING pc=0x000001cb6b6a2846 sp=0x000000107c0fef90
Event: 10.141 Thread 0x000001cb47722a40 DEOPT UNPACKING pc=0x000001cb721dace3 sp=0x000000107c0fe418 mode 0
Event: 10.178 Thread 0x000001cb47722a40 DEOPT PACKING pc=0x000001cb6b6a173d sp=0x000000107c0ff0c0
Event: 10.178 Thread 0x000001cb47722a40 DEOPT UNPACKING pc=0x000001cb721dace3 sp=0x000000107c0fe5a0 mode 0

Classes loaded (20 events):
Event: 9.262 Loading class java/awt/color/ICC_ProfileRGB
Event: 9.263 Loading class java/awt/color/ICC_ProfileRGB done
Event: 9.263 Loading class sun/java2d/cmm/ProfileDeferralInfo
Event: 9.263 Loading class sun/java2d/cmm/ProfileDeferralInfo done
Event: 9.263 Loading class java/awt/color/ICC_ProfileGray
Event: 9.263 Loading class java/awt/color/ICC_ProfileGray done
Event: 9.269 Loading class java/awt/image/DataBufferByte
Event: 9.269 Loading class java/awt/image/DataBufferByte done
Event: 9.279 Loading class java/util/concurrent/SynchronousQueue
Event: 9.279 Loading class java/util/concurrent/SynchronousQueue done
Event: 9.279 Loading class java/util/concurrent/SynchronousQueue$TransferStack
Event: 9.279 Loading class java/util/concurrent/SynchronousQueue$Transferer
Event: 9.279 Loading class java/util/concurrent/SynchronousQueue$Transferer done
Event: 9.279 Loading class java/util/concurrent/SynchronousQueue$TransferStack done
Event: 9.279 Loading class java/util/concurrent/SynchronousQueue$TransferStack$SNode
Event: 9.279 Loading class java/util/concurrent/SynchronousQueue$TransferStack$SNode done
Event: 10.012 Loading class java/lang/ref/Finalizer$2
Event: 10.012 Loading class java/lang/ref/Finalizer$2 done
Event: 10.012 Loading class java/lang/ref/Finalizer$1
Event: 10.012 Loading class java/lang/ref/Finalizer$1 done

Classes unloaded (0 events):
No events

Classes redefined (0 events):
No events

Internal exceptions (20 events):
Event: 5.631 Thread 0x000001cb4743acc0 Exception <a 'java/lang/NoSuchMethodError'{0x000000008af972c8}: 'java.lang.Object java.lang.invoke.Invokers$Holder.linkToTargetMethod(java.lang.Object, long, java.lang.Object)'> (0x000000008af972c8) 
thrown [s\src\hotspot\share\interpreter\linkResolver.cpp, line 759]
Event: 5.839 Thread 0x000001cb4743acc0 Exception <a 'java/lang/NoSuchMethodError'{0x000000008ae5c9e8}: 'void java.lang.invoke.DirectMethodHandle$Holder.invokeVirtual(java.lang.Object, java.lang.Object)'> (0x000000008ae5c9e8) 
thrown [s\src\hotspot\share\interpreter\linkResolver.cpp, line 759]
Event: 5.883 Thread 0x000001cb47722a40 Exception <a 'java/lang/NoSuchMethodError'{0x000000008ab82f28}: 'int java.lang.invoke.DirectMethodHandle$Holder.invokeStaticInit(java.lang.Object, java.lang.Object, java.lang.Object, java.lang.Object)'> (0x000000008ab82f28) 
thrown [s\src\hotspot\share\interpreter\linkResolver.cpp, line 759]
Event: 5.884 Thread 0x000001cb47722a40 Exception <a 'java/lang/NoSuchMethodError'{0x000000008ab8c198}: 'java.lang.Object java.lang.invoke.DirectMethodHandle$Holder.invokeInterface(java.lang.Object, java.lang.Object)'> (0x000000008ab8c198) 
thrown [s\src\hotspot\share\interpreter\linkResolver.cpp, line 759]
Event: 5.884 Thread 0x000001cb47722a40 Exception <a 'java/lang/IncompatibleClassChangeError'{0x000000008ab8f6e8}: Found class java.lang.Object, but interface was expected> (0x000000008ab8f6e8) 
thrown [s\src\hotspot\share\interpreter\linkResolver.cpp, line 826]
Event: 6.045 Thread 0x000001cb4743acc0 Exception <a 'java/lang/NoSuchMethodError'{0x0000000089e54728}: 'void java.lang.invoke.DirectMethodHandle$Holder.invokeSpecial(java.lang.Object, java.lang.Object, java.lang.Object, java.lang.Object, java.lang.Object, java.lang.Object)'> (0x0000000089e54728) 
thrown [s\src\hotspot\share\interpreter\linkResolver.cpp, line 759]
Event: 6.123 Thread 0x000001cb4743acc0 Exception <a 'java/io/FileNotFoundException'{0x00000000896e0818}> (0x00000000896e0818) 
thrown [s\src\hotspot\share\prims\jni.cpp, line 516]
Event: 6.221 Thread 0x000001cb4743acc0 Exception <a 'java/lang/ClassNotFoundException'{0x00000000883d9910}: com/sun/javafx/scene/control/skin/resources/controls> (0x00000000883d9910) 
thrown [s\src\hotspot\share\prims\jni.cpp, line 535]
Event: 6.222 Thread 0x000001cb4743acc0 Exception <a 'java/lang/ClassNotFoundException'{0x00000000883e7880}: com/sun/javafx/scene/control/skin/resources/controls_fr> (0x00000000883e7880) 
thrown [s\src\hotspot\share\prims\jni.cpp, line 535]
Event: 6.223 Thread 0x000001cb4743acc0 Exception <a 'java/lang/ClassNotFoundException'{0x00000000883f5588}: com/sun/javafx/scene/control/skin/resources/controls_fr_FR> (0x00000000883f5588) 
thrown [s\src\hotspot\share\prims\jni.cpp, line 535]
Event: 6.781 Thread 0x000001cb4743acc0 Exception <a 'java/io/FileNotFoundException'{0x000000008b3b31c0}> (0x000000008b3b31c0) 
thrown [s\src\hotspot\share\prims\jni.cpp, line 516]
Event: 6.887 Thread 0x000001cb4743acc0 Exception <a 'java/io/FileNotFoundException'{0x0000000089dd04d8}> (0x0000000089dd04d8) 
thrown [s\src\hotspot\share\prims\jni.cpp, line 516]
Event: 6.966 Thread 0x000001cb4743acc0 Exception <a 'java/io/FileNotFoundException'{0x0000000088dfcc18}> (0x0000000088dfcc18) 
thrown [s\src\hotspot\share\prims\jni.cpp, line 516]
Event: 6.967 Thread 0x000001cb4743acc0 Exception <a 'java/io/FileNotFoundException'{0x0000000088dfe1f8}> (0x0000000088dfe1f8) 
thrown [s\src\hotspot\share\prims\jni.cpp, line 516]
Event: 6.969 Thread 0x000001cb4743acc0 Exception <a 'java/io/FileNotFoundException'{0x0000000088202d38}> (0x0000000088202d38) 
thrown [s\src\hotspot\share\prims\jni.cpp, line 516]
Event: 6.969 Thread 0x000001cb4743acc0 Exception <a 'java/io/FileNotFoundException'{0x0000000088204310}> (0x0000000088204310) 
thrown [s\src\hotspot\share\prims\jni.cpp, line 516]
Event: 7.270 Thread 0x000001cb7f800310 Exception <a 'java/lang/NoSuchMethodError'{0x0000000087ea90d0}: 'java.lang.Object java.lang.invoke.DirectMethodHandle$Holder.invokeStaticInit(java.lang.Object, int)'> (0x0000000087ea90d0) 
thrown [s\src\hotspot\share\interpreter\linkResolver.cpp, line 759]
Event: 9.193 Thread 0x000001cb47722a40 Exception <a 'java/lang/ClassNotFoundException'{0x0000000085c97e78}: sun/awt/resources/spi/awtProvider> (0x0000000085c97e78) 
thrown [s\src\hotspot\share\classfile\systemDictionary.cpp, line 256]
Event: 9.216 Thread 0x000001cb47722a40 Exception <a 'java/io/FileNotFoundException'{0x0000000085c9af70}> (0x0000000085c9af70) 
thrown [s\src\hotspot\share\prims\jni.cpp, line 516]
Event: 9.216 Thread 0x000001cb47722a40 Exception <a 'java/io/FileNotFoundException'{0x0000000085c9c470}> (0x0000000085c9c470) 
thrown [s\src\hotspot\share\prims\jni.cpp, line 516]

VM Operations (20 events):
Event: 9.475 Executing VM operation: G1CollectForAllocation done
Event: 9.773 Executing VM operation: G1CollectForAllocation
Event: 9.775 Executing VM operation: G1CollectForAllocation done
Event: 9.982 Executing VM operation: G1CollectFull
Event: 10.012 Executing VM operation: G1CollectFull done
Event: 10.248 Executing VM operation: HandshakeAllThreads
Event: 10.248 Executing VM operation: HandshakeAllThreads done
Event: 10.280 Executing VM operation: G1CollectForAllocation
Event: 10.281 Executing VM operation: G1CollectForAllocation done
Event: 10.327 Executing VM operation: HandshakeAllThreads
Event: 10.327 Executing VM operation: HandshakeAllThreads done
Event: 10.373 Executing VM operation: HandshakeAllThreads
Event: 10.373 Executing VM operation: HandshakeAllThreads done
Event: 10.481 Executing VM operation: G1CollectForAllocation
Event: 10.483 Executing VM operation: G1CollectForAllocation done
Event: 10.586 Executing VM operation: G1CollectFull
Event: 10.610 Executing VM operation: G1CollectFull done
Event: 10.783 Executing VM operation: G1CollectForAllocation
Event: 10.785 Executing VM operation: G1CollectForAllocation done
Event: 10.936 Executing VM operation: G1CollectForAllocation

Memory protections (0 events):
No events

Nmethod flushes (20 events):
Event: 10.382 Thread 0x000001cb7f3fcc20 flushing osr nmethod 0x000001cb6b673590
Event: 10.382 Thread 0x000001cb7f3fcc20 flushing osr nmethod 0x000001cb6b674a90
Event: 10.382 Thread 0x000001cb7f3fcc20 flushing osr nmethod 0x000001cb6b676890
Event: 10.382 Thread 0x000001cb7f3fcc20 flushing osr nmethod 0x000001cb6b67a590
Event: 10.382 Thread 0x000001cb7f3fcc20 flushing  nmethod 0x000001cb6b67e110
Event: 10.382 Thread 0x000001cb7f3fcc20 flushing osr nmethod 0x000001cb6b67f190
Event: 10.382 Thread 0x000001cb7f3fcc20 flushing  nmethod 0x000001cb6b681710
Event: 10.382 Thread 0x000001cb7f3fcc20 flushing osr nmethod 0x000001cb6b682910
Event: 10.382 Thread 0x000001cb7f3fcc20 flushing osr nmethod 0x000001cb6b685210
Event: 10.382 Thread 0x000001cb7f3fcc20 flushing osr nmethod 0x000001cb6b688090
Event: 10.382 Thread 0x000001cb7f3fcc20 flushing osr nmethod 0x000001cb6b688f90
Event: 10.382 Thread 0x000001cb7f3fcc20 flushing  nmethod 0x000001cb6b689b10
Event: 10.382 Thread 0x000001cb7f3fcc20 flushing  nmethod 0x000001cb6b68ad10
Event: 10.382 Thread 0x000001cb7f3fcc20 flushing  nmethod 0x000001cb6b68c110
Event: 10.382 Thread 0x000001cb7f3fcc20 flushing  nmethod 0x000001cb6b68e910
Event: 10.382 Thread 0x000001cb7f3fcc20 flushing  nmethod 0x000001cb6b68f710
Event: 10.382 Thread 0x000001cb7f3fcc20 flushing osr nmethod 0x000001cb6b69b390
Event: 10.382 Thread 0x000001cb7f3fcc20 flushing osr nmethod 0x000001cb6b69d710
Event: 10.382 Thread 0x000001cb7f3fcc20 flushing  nmethod 0x000001cb6b6a0b90
Event: 10.382 Thread 0x000001cb7f3fcc20 flushing  nmethod 0x000001cb6b6a1e10

Events (20 events):
Event: 2.167 Thread 0x000001cb7f800310 Thread added: 0x000001cb4c196580
Event: 3.018 Thread 0x000001cb47722a40 Thread exited: 0x000001cb47722a40
Event: 5.840 Thread 0x000001cb4743acc0 Thread added: 0x000001cb47722a40
Event: 5.898 Thread 0x000001cb7f3fc220 Thread added: 0x000001cb475b2b80
Event: 5.967 Thread 0x000001cb7f3fc220 Thread added: 0x000001cb4be26870
Event: 7.144 Thread 0x000001cb47722a40 Thread added: 0x000001cb50661610
Event: 9.280 Thread 0x000001cb47722a40 Thread added: 0x000001cb506648b0
Event: 9.280 Thread 0x000001cb47722a40 Thread added: 0x000001cb50662a50
Event: 9.280 Thread 0x000001cb47722a40 Thread added: 0x000001cb50662f60
Event: 9.280 Thread 0x000001cb47722a40 Thread added: 0x000001cb50663e90
Event: 9.280 Thread 0x000001cb47722a40 Thread added: 0x000001cb506643a0
Event: 9.284 Thread 0x000001cb47722a40 Thread added: 0x000001cb50ec54a0
Event: 9.284 Thread 0x000001cb47722a40 Thread added: 0x000001cb50ec7300
Event: 9.285 Thread 0x000001cb47722a40 Thread added: 0x000001cb50ec68e0
Event: 10.013 Thread 0x000001cb47722a40 Thread added: 0x000001cb50ec7d20
Event: 10.014 Thread 0x000001cb50ec7d20 Thread exited: 0x000001cb50ec7d20
Event: 10.521 Thread 0x000001cb4be26870 Thread exited: 0x000001cb4be26870
Event: 10.532 Thread 0x000001cb475b2b80 Thread exited: 0x000001cb475b2b80
Event: 10.610 Thread 0x000001cb47722a40 Thread added: 0x000001cb50ec3640
Event: 10.611 Thread 0x000001cb50ec3640 Thread exited: 0x000001cb50ec3640


Dynamic libraries:
0x00007ff677b60000 - 0x00007ff677b6e000 	C:\Program Files\Microsoft\jdk-17.0.17.10-hotspot\bin\java.exe
0x00007ffe70070000 - 0x00007ffe70286000 	C:\WINDOWS\SYSTEM32\ntdll.dll
0x00007ffe6fe80000 - 0x00007ffe6ff44000 	C:\WINDOWS\System32\KERNEL32.DLL
0x00007ffe6d380000 - 0x00007ffe6d726000 	C:\WINDOWS\System32\KERNELBASE.dll
0x00007ffe6d8c0000 - 0x00007ffe6d9d1000 	C:\WINDOWS\System32\ucrtbase.dll
0x00007ffe4bc60000 - 0x00007ffe4bc7e000 	C:\Program Files\Microsoft\jdk-17.0.17.10-hotspot\bin\VCRUNTIME140.dll
0x00007ffe4bc40000 - 0x00007ffe4bc58000 	C:\Program Files\Microsoft\jdk-17.0.17.10-hotspot\bin\jli.dll
0x00007ffe6e0e0000 - 0x00007ffe6e28d000 	C:\WINDOWS\System32\USER32.dll
0x00007ffe6da60000 - 0x00007ffe6da86000 	C:\WINDOWS\System32\win32u.dll
0x00007ffe4d790000 - 0x00007ffe4da23000 	C:\WINDOWS\WinSxS\amd64_microsoft.windows.common-controls_6595b64144ccf1df_6.0.22621.3235_none_270f74e173860f98\COMCTL32.dll
0x00007ffe6ff50000 - 0x00007ffe6fff7000 	C:\WINDOWS\System32\msvcrt.dll
0x00007ffe6f280000 - 0x00007ffe6f2a9000 	C:\WINDOWS\System32\GDI32.dll
0x00007ffe6dc00000 - 0x00007ffe6dd18000 	C:\WINDOWS\System32\gdi32full.dll
0x00007ffe6d730000 - 0x00007ffe6d7ca000 	C:\WINDOWS\System32\msvcp_win.dll
0x00007ffe6de00000 - 0x00007ffe6de31000 	C:\WINDOWS\System32\IMM32.DLL
0x00007ffe64f10000 - 0x00007ffe64f1c000 	C:\Program Files\Microsoft\jdk-17.0.17.10-hotspot\bin\vcruntime140_1.dll
0x00007ffe41d80000 - 0x00007ffe41e09000 	C:\Program Files\Microsoft\jdk-17.0.17.10-hotspot\bin\msvcp140.dll
0x00007ffe09840000 - 0x00007ffe0a4ba000 	C:\Program Files\Microsoft\jdk-17.0.17.10-hotspot\bin\server\jvm.dll
0x00007ffe6f790000 - 0x00007ffe6f842000 	C:\WINDOWS\System32\ADVAPI32.dll
0x00007ffe6fdd0000 - 0x00007ffe6fe78000 	C:\WINDOWS\System32\sechost.dll
0x00007ffe6d7d0000 - 0x00007ffe6d7f8000 	C:\WINDOWS\System32\bcrypt.dll
0x00007ffe6f5a0000 - 0x00007ffe6f6b5000 	C:\WINDOWS\System32\RPCRT4.dll
0x00007ffe6f200000 - 0x00007ffe6f271000 	C:\WINDOWS\System32\WS2_32.dll
0x00007ffe6d250000 - 0x00007ffe6d29d000 	C:\WINDOWS\SYSTEM32\POWRPROF.dll
0x00007ffe62890000 - 0x00007ffe628c4000 	C:\WINDOWS\SYSTEM32\WINMM.dll
0x00007ffe5ff00000 - 0x00007ffe5ff0a000 	C:\WINDOWS\SYSTEM32\VERSION.dll
0x00007ffe6d230000 - 0x00007ffe6d243000 	C:\WINDOWS\SYSTEM32\UMPDC.dll
0x00007ffe6c3c0000 - 0x00007ffe6c3d8000 	C:\WINDOWS\SYSTEM32\kernel.appcore.dll
0x00007ffe56350000 - 0x00007ffe5635a000 	C:\Program Files\Microsoft\jdk-17.0.17.10-hotspot\bin\jimage.dll
0x00007ffe67260000 - 0x00007ffe67493000 	C:\WINDOWS\SYSTEM32\DBGHELP.DLL
0x00007ffe6ed00000 - 0x00007ffe6f088000 	C:\WINDOWS\System32\combase.dll
0x00007ffe6de40000 - 0x00007ffe6df17000 	C:\WINDOWS\System32\OLEAUT32.dll
0x00007ffe4e9d0000 - 0x00007ffe4ea02000 	C:\WINDOWS\SYSTEM32\dbgcore.DLL
0x00007ffe6d9e0000 - 0x00007ffe6da5a000 	C:\WINDOWS\System32\bcryptPrimitives.dll
0x00007ffe41d50000 - 0x00007ffe41d76000 	C:\Program Files\Microsoft\jdk-17.0.17.10-hotspot\bin\java.dll
0x00007ffe41c70000 - 0x00007ffe41d46000 	C:\Program Files\Microsoft\jdk-17.0.17.10-hotspot\bin\jsvml.dll
0x00007ffe6e450000 - 0x00007ffe6ecad000 	C:\WINDOWS\System32\SHELL32.dll
0x00007ffe6b2e0000 - 0x00007ffe6bbd8000 	C:\WINDOWS\SYSTEM32\windows.storage.dll
0x00007ffe6b1a0000 - 0x00007ffe6b2de000 	C:\WINDOWS\SYSTEM32\wintypes.dll
0x00007ffe6f4a0000 - 0x00007ffe6f593000 	C:\WINDOWS\System32\SHCORE.dll
0x00007ffe6f440000 - 0x00007ffe6f49e000 	C:\WINDOWS\System32\shlwapi.dll
0x00007ffe6d2b0000 - 0x00007ffe6d2d6000 	C:\WINDOWS\SYSTEM32\profapi.dll
0x00007ffe4bc20000 - 0x00007ffe4bc3b000 	C:\Program Files\Microsoft\jdk-17.0.17.10-hotspot\bin\net.dll
0x00007ffe62af0000 - 0x00007ffe62c27000 	C:\WINDOWS\SYSTEM32\WINHTTP.dll
0x00007ffe6c840000 - 0x00007ffe6c8a9000 	C:\WINDOWS\system32\mswsock.dll
0x00007ffe4b950000 - 0x00007ffe4b966000 	C:\Program Files\Microsoft\jdk-17.0.17.10-hotspot\bin\nio.dll
0x00007ffe41c50000 - 0x00007ffe41c68000 	C:\Program Files\Microsoft\jdk-17.0.17.10-hotspot\bin\zip.dll
0x000001cb60fa0000 - 0x000001cb60fa3000 	C:\Users\HP\.openjfx\cache\17.0.2-ea\api-ms-win-core-console-l1-1-0.dll
0x000001cb63050000 - 0x000001cb63053000 	C:\Users\HP\.openjfx\cache\17.0.2-ea\api-ms-win-core-console-l1-2-0.dll
0x000001cb63060000 - 0x000001cb63063000 	C:\Users\HP\.openjfx\cache\17.0.2-ea\api-ms-win-core-datetime-l1-1-0.dll
0x000001cb63070000 - 0x000001cb63073000 	C:\Users\HP\.openjfx\cache\17.0.2-ea\api-ms-win-core-debug-l1-1-0.dll
0x000001cb63080000 - 0x000001cb63083000 	C:\Users\HP\.openjfx\cache\17.0.2-ea\api-ms-win-core-errorhandling-l1-1-0.dll
0x000001cb7f830000 - 0x000001cb7f834000 	C:\Users\HP\.openjfx\cache\17.0.2-ea\api-ms-win-core-file-l1-1-0.dll
0x000001cb7f840000 - 0x000001cb7f843000 	C:\Users\HP\.openjfx\cache\17.0.2-ea\api-ms-win-core-file-l1-2-0.dll
0x000001cb7f850000 - 0x000001cb7f853000 	C:\Users\HP\.openjfx\cache\17.0.2-ea\api-ms-win-core-file-l2-1-0.dll
0x000001cb7f860000 - 0x000001cb7f863000 	C:\Users\HP\.openjfx\cache\17.0.2-ea\api-ms-win-core-handle-l1-1-0.dll
0x000001cb7f870000 - 0x000001cb7f873000 	C:\Users\HP\.openjfx\cache\17.0.2-ea\api-ms-win-core-heap-l1-1-0.dll
0x000001cb7f880000 - 0x000001cb7f883000 	C:\Users\HP\.openjfx\cache\17.0.2-ea\api-ms-win-core-interlocked-l1-1-0.dll
0x000001cb7f890000 - 0x000001cb7f893000 	C:\Users\HP\.openjfx\cache\17.0.2-ea\api-ms-win-core-libraryloader-l1-1-0.dll
0x000001cb7f8a0000 - 0x000001cb7f8a3000 	C:\Users\HP\.openjfx\cache\17.0.2-ea\api-ms-win-core-localization-l1-2-0.dll
0x000001cb7f8b0000 - 0x000001cb7f8b3000 	C:\Users\HP\.openjfx\cache\17.0.2-ea\api-ms-win-core-memory-l1-1-0.dll
0x000001cb7f8c0000 - 0x000001cb7f8c3000 	C:\Users\HP\.openjfx\cache\17.0.2-ea\api-ms-win-core-namedpipe-l1-1-0.dll
0x000001cb7f8d0000 - 0x000001cb7f8d3000 	C:\Users\HP\.openjfx\cache\17.0.2-ea\api-ms-win-core-processenvironment-l1-1-0.dll
0x000001cb7f8e0000 - 0x000001cb7f8e3000 	C:\Users\HP\.openjfx\cache\17.0.2-ea\api-ms-win-core-processthreads-l1-1-0.dll
0x000001cb7f8f0000 - 0x000001cb7f8f3000 	C:\Users\HP\.openjfx\cache\17.0.2-ea\api-ms-win-core-processthreads-l1-1-1.dll
0x000001cb7f900000 - 0x000001cb7f903000 	C:\Users\HP\.openjfx\cache\17.0.2-ea\api-ms-win-core-profile-l1-1-0.dll
0x000001cb7f910000 - 0x000001cb7f913000 	C:\Users\HP\.openjfx\cache\17.0.2-ea\api-ms-win-core-rtlsupport-l1-1-0.dll
0x000001cb7f920000 - 0x000001cb7f923000 	C:\Users\HP\.openjfx\cache\17.0.2-ea\api-ms-win-core-string-l1-1-0.dll
0x000001cb7f930000 - 0x000001cb7f933000 	C:\Users\HP\.openjfx\cache\17.0.2-ea\api-ms-win-core-synch-l1-1-0.dll
0x000001cb7f940000 - 0x000001cb7f943000 	C:\Users\HP\.openjfx\cache\17.0.2-ea\api-ms-win-core-synch-l1-2-0.dll
0x000001cb7f950000 - 0x000001cb7f953000 	C:\Users\HP\.openjfx\cache\17.0.2-ea\api-ms-win-core-sysinfo-l1-1-0.dll
0x000001cb7f960000 - 0x000001cb7f963000 	C:\Users\HP\.openjfx\cache\17.0.2-ea\api-ms-win-core-timezone-l1-1-0.dll
0x000001cb7f970000 - 0x000001cb7f973000 	C:\Users\HP\.openjfx\cache\17.0.2-ea\api-ms-win-core-util-l1-1-0.dll
0x000001cb7f980000 - 0x000001cb7f983000 	C:\Users\HP\.openjfx\cache\17.0.2-ea\api-ms-win-crt-conio-l1-1-0.dll
0x000001cb7f990000 - 0x000001cb7f994000 	C:\Users\HP\.openjfx\cache\17.0.2-ea\api-ms-win-crt-convert-l1-1-0.dll
0x000001cb7f9a0000 - 0x000001cb7f9a3000 	C:\Users\HP\.openjfx\cache\17.0.2-ea\api-ms-win-crt-environment-l1-1-0.dll
0x000001cb7f9b0000 - 0x000001cb7f9b3000 	C:\Users\HP\.openjfx\cache\17.0.2-ea\api-ms-win-crt-filesystem-l1-1-0.dll
0x000001cb7f9c0000 - 0x000001cb7f9c3000 	C:\Users\HP\.openjfx\cache\17.0.2-ea\api-ms-win-crt-heap-l1-1-0.dll
0x000001cb7f9d0000 - 0x000001cb7f9d3000 	C:\Users\HP\.openjfx\cache\17.0.2-ea\api-ms-win-crt-locale-l1-1-0.dll
0x000001cb7f9e0000 - 0x000001cb7f9e5000 	C:\Users\HP\.openjfx\cache\17.0.2-ea\api-ms-win-crt-math-l1-1-0.dll
0x000001cb7f9f0000 - 0x000001cb7f9f5000 	C:\Users\HP\.openjfx\cache\17.0.2-ea\api-ms-win-crt-multibyte-l1-1-0.dll
0x000001cb7fa00000 - 0x000001cb7fa10000 	C:\Users\HP\.openjfx\cache\17.0.2-ea\api-ms-win-crt-private-l1-1-0.dll
0x000001cb7fa10000 - 0x000001cb7fa13000 	C:\Users\HP\.openjfx\cache\17.0.2-ea\api-ms-win-crt-process-l1-1-0.dll
0x000001cb7fa20000 - 0x000001cb7fa24000 	C:\Users\HP\.openjfx\cache\17.0.2-ea\api-ms-win-crt-runtime-l1-1-0.dll
0x000001cb7fa30000 - 0x000001cb7fa34000 	C:\Users\HP\.openjfx\cache\17.0.2-ea\api-ms-win-crt-stdio-l1-1-0.dll
0x000001cb7fa40000 - 0x000001cb7fa44000 	C:\Users\HP\.openjfx\cache\17.0.2-ea\api-ms-win-crt-string-l1-1-0.dll
0x000001cb7fa50000 - 0x000001cb7fa53000 	C:\Users\HP\.openjfx\cache\17.0.2-ea\api-ms-win-crt-time-l1-1-0.dll
0x000001cb7fa60000 - 0x000001cb7fa63000 	C:\Users\HP\.openjfx\cache\17.0.2-ea\api-ms-win-crt-utility-l1-1-0.dll
0x00007ffe3ec00000 - 0x00007ffe3ecfc000 	C:\Users\HP\.openjfx\cache\17.0.2-ea\ucrtbase.dll
0x00007ffe41be0000 - 0x00007ffe41bfa000 	C:\Users\HP\.openjfx\cache\17.0.2-ea\vcruntime140.dll
0x00007ffe49490000 - 0x00007ffe4949c000 	C:\Users\HP\.openjfx\cache\17.0.2-ea\vcruntime140_1.dll
0x00007ffe3eb70000 - 0x00007ffe3ebfd000 	C:\Users\HP\.openjfx\cache\17.0.2-ea\msvcp140.dll
0x00007ffe41bb0000 - 0x00007ffe41bda000 	C:\Users\HP\.openjfx\cache\17.0.2-ea\prism_d3d.dll
0x00007ffe177f0000 - 0x00007ffe17999000 	C:\WINDOWS\system32\d3d9.dll
0x00007ffe677d0000 - 0x00007ffe677fb000 	C:\WINDOWS\SYSTEM32\dwmapi.dll
0x00007ffe674a0000 - 0x00007ffe674d9000 	C:\WINDOWS\SYSTEM32\dxcore.dll
0x00007ffe670b0000 - 0x00007ffe6715b000 	C:\WINDOWS\system32\uxtheme.dll
0x00007ffe29a30000 - 0x00007ffe29bdc000 	C:\WINDOWS\System32\DriverStore\FileRepository\iigd_dch.inf_amd64_9b53505f87f3498b\igdumdim64.dll
0x00007ffe6df20000 - 0x00007ffe6e0bf000 	C:\WINDOWS\System32\ole32.dll
0x00007ffda6e60000 - 0x00007ffdab6c4000 	C:\WINDOWS\System32\DriverStore\FileRepository\iigd_dch.inf_amd64_9b53505f87f3498b\igd9dxva64.dll
0x00007ffe6f8b0000 - 0x00007ffe6fd24000 	C:\WINDOWS\System32\SETUPAPI.dll
0x00007ffe6cf80000 - 0x00007ffe6cfce000 	C:\WINDOWS\SYSTEM32\cfgmgr32.dll
0x00007ffe5d860000 - 0x00007ffe5dc69000 	C:\WINDOWS\System32\DriverStore\FileRepository\iigd_dch.inf_amd64_9b53505f87f3498b\igdgmm64.dll
0x00007ffe62c30000 - 0x00007ffe62c7a000 	C:\WINDOWS\SYSTEM32\directxdatabasehelper.dll
0x00007ffe419d0000 - 0x00007ffe41a12000 	C:\Users\HP\.openjfx\cache\17.0.2-ea\glass.dll
0x00007ffe6f2b0000 - 0x00007ffe6f3a9000 	C:\WINDOWS\System32\COMDLG32.dll
0x00007ffe6f0a0000 - 0x00007ffe6f1f4000 	C:\WINDOWS\System32\MSCTF.dll
0x00007ffe0cad0000 - 0x00007ffe0caf7000 	C:\WINDOWS\System32\DriverStore\FileRepository\iigd_dch.inf_amd64_9b53505f87f3498b\igdinfo64.dll
0x00007ffe58fd0000 - 0x00007ffe5d654000 	C:\WINDOWS\System32\DriverStore\FileRepository\iigd_dch.inf_amd64_9b53505f87f3498b\igc64.dll
0x00007ffe41b90000 - 0x00007ffe41ba4000 	C:\Users\HP\.openjfx\cache\17.0.2-ea\javafx_font.dll
0x00007ffe659a0000 - 0x00007ffe65c14000 	C:\WINDOWS\SYSTEM32\dwrite.dll
0x00007ffe6f6c0000 - 0x00007ffe6f770000 	C:\WINDOWS\System32\clbcatq.dll
0x00007ffe65740000 - 0x00007ffe658f0000 	C:\WINDOWS\SYSTEM32\WindowsCodecs.dll
0x00007ffe3d350000 - 0x00007ffe3d3ae000 	C:\WINDOWS\system32\dataexchange.dll
0x00007ffe60570000 - 0x00007ffe607ff000 	C:\WINDOWS\system32\twinapi.appcore.dll
0x00007ffe47270000 - 0x00007ffe472a2000 	C:\Program Files\Common Files\Microsoft Shared\Ink\rtscom.dll
0x00007ffe50b20000 - 0x00007ffe50c6a000 	C:\WINDOWS\SYSTEM32\textinputframework.dll
0x00007ffe66ae0000 - 0x00007ffe66c14000 	C:\WINDOWS\SYSTEM32\CoreMessaging.dll
0x00007ffe61940000 - 0x00007ffe61cac000 	C:\WINDOWS\SYSTEM32\CoreUIComponents.dll
0x00007ffe6ca90000 - 0x00007ffe6ca9c000 	C:\WINDOWS\SYSTEM32\CRYPTBASE.DLL
0x000001cb4ddf0000 - 0x000001cb4ddf4000 	C:\Program Files\Microsoft\jdk-17.0.17.10-hotspot\bin\api-ms-win-crt-locale-l1-1-0.dll
0x000001cb4de00000 - 0x000001cb4de05000 	C:\Program Files\Microsoft\jdk-17.0.17.10-hotspot\bin\api-ms-win-crt-string-l1-1-0.dll
0x000001cb4de10000 - 0x000001cb4de15000 	C:\Program Files\Microsoft\jdk-17.0.17.10-hotspot\bin\api-ms-win-crt-stdio-l1-1-0.dll
0x000001cb4de20000 - 0x000001cb4de26000 	C:\Program Files\Microsoft\jdk-17.0.17.10-hotspot\bin\api-ms-win-crt-math-l1-1-0.dll
0x000001cb4de30000 - 0x000001cb4de34000 	C:\Program Files\Microsoft\jdk-17.0.17.10-hotspot\bin\api-ms-win-crt-heap-l1-1-0.dll
0x000001cb4de40000 - 0x000001cb4de45000 	C:\Program Files\Microsoft\jdk-17.0.17.10-hotspot\bin\api-ms-win-crt-runtime-l1-1-0.dll
0x000001cb4de70000 - 0x000001cb4de75000 	C:\Program Files\Microsoft\jdk-17.0.17.10-hotspot\bin\api-ms-win-crt-convert-l1-1-0.dll
0x000001cb4de80000 - 0x000001cb4de84000 	C:\Program Files\Microsoft\jdk-17.0.17.10-hotspot\bin\api-ms-win-crt-environment-l1-1-0.dll

dbghelp: loaded successfully - version: 4.0.5 - missing functions: none
symbol engine: initialized successfully - sym options: 0x614 - pdb path: .;C:\Program Files\Microsoft\jdk-17.0.17.10-hotspot\bin;C:\WINDOWS\SYSTEM32;C:\WINDOWS\WinSxS\amd64_microsoft.windows.common-controls_6595b64144ccf1df_6.0.22621.3235_none_270f74e173860f98;C:\Program Files\Microsoft\jdk-17.0.17.10-hotspot\bin\server;C:\Users\HP\.openjfx\cache\17.0.2-ea;C:\WINDOWS\System32\DriverStore\FileRepository\iigd_dch.inf_amd64_9b53505f87f3498b;C:\Program Files\Common Files\Microsoft Shared\Ink;C:\Users\HP\.javacpp\cache\openblas-0.3.28-1.5.11-windows-x86_64.jar\org\bytedeco\openblas\windows-x86_64;C:\Users\HP\.javacpp\cache\javacpp-1.5.11-windows-x86_64.jar\org\bytedeco\javacpp\windows-x86_64;C:\Users\HP\.javacpp\cache\opencv-4.10.0-1.5.11-windows-x86_64.jar\org\bytedeco\opencv\windows-x86_64

VM Arguments:
jvm_args: --module-path=C:\Users\HP\.m2\repository\org\openjfx\javafx-base\17.0.2\javafx-base-17.0.2-win.jar;C:\Users\HP\.m2\repository\org\openjfx\javafx-base\17.0.2\javafx-base-17.0.2.jar;C:\Users\HP\.m2\repository\org\openjfx\javafx-controls\17.0.2\javafx-controls-17.0.2-win.jar;C:\Users\HP\.m2\repository\org\openjfx\javafx-controls\17.0.2\javafx-controls-17.0.2.jar;C:\Users\HP\.m2\repository\org\openjfx\javafx-fxml\17.0.2\javafx-fxml-17.0.2-win.jar;C:\Users\HP\.m2\repository\org\openjfx\javafx-fxml\17.0.2\javafx-fxml-17.0.2.jar;C:\Users\HP\.m2\repository\org\openjfx\javafx-graphics\17.0.2\javafx-graphics-17.0.2-win.jar;C:\Users\HP\.m2\repository\org\openjfx\javafx-graphics\17.0.2\javafx-graphics-17.0.2.jar --add-modules=javafx.base,javafx.controls,javafx.fxml,javafx.graphics 
java_command: tech.HTECH.ui.AppJavaFX
java_class_path (initial): D:\Dossier Harold\CompFaceModule\target\classes;C:\Users\HP\.m2\repository\ch\qos\logback\logback-classic\1.5.8\logback-classic-1.5.8.jar;C:\Users\HP\.m2\repository\ch\qos\logback\logback-core\1.5.8\logback-core-1.5.8.jar;C:\Users\HP\.m2\repository\net\imagej\ij\1.53f\ij-1.53f.jar;C:\Users\HP\.m2\repository\org\bytedeco\artoolkitplus\2.3.1-1.5.9\artoolkitplus-2.3.1-1.5.9-android-arm.jar;C:\Users\HP\.m2\repository\org\bytedeco\artoolkitplus\2.3.1-1.5.9\artoolkitplus-2.3.1-1.5.9-android-arm64.jar;C:\Users\HP\.m2\repository\org\bytedeco\artoolkitplus\2.3.1-1.5.9\artoolkitplus-2.3.1-1.5.9-android-x86.jar;C:\Users\HP\.m2\repository\org\bytedeco\artoolkitplus\2.3.1-1.5.9\artoolkitplus-2.3.1-1.5.9-android-x86_64.jar;C:\Users\HP\.m2\repository\org\bytedeco\artoolkitplus\2.3.1-1.5.9\artoolkitplus-2.3.1-1.5.9-linux-arm64.jar;C:\Users\HP\.m2\repository\org\bytedeco\artoolkitplus\2.3.1-1.5.9\artoolkitplus-2.3.1-1.5.9-linux-armhf.jar;C:\Users\HP\.m2\repository\org\bytedeco\artoolkitplus\2.3.1-1.5.9\artoolkitplus-2.3.1-1.5.9-linux-ppc64le.jar;C:\Users\HP\.m2\repository\org\bytedeco\artoolkitplus\2.3.1-1.5.9\artoolkitplus-2.3.1-1.5.9-linux-x86.jar;C:\Users\HP\.m2\repository\org\bytedeco\artoolkitplus\2.3.1-1.5.9\artoolkitplus-2.3.1-1.5.9-linux-x86_64.jar;C:\Users\HP\.m2\repository\org\bytedeco\artoolkitplus\2.3.1-1.5.9\artoolkitplus-2.3.1-1.5.9-macosx-x86_64.jar;C:\Users\HP\.m2\repository\org\bytedeco\artoolkitplus\2.3.1-1.5.9\artoolkitplus-2.3.1-1.5.9-windows-x86.jar;C:\Users\HP\.m2\repository\org\bytedeco\artoolkitplus\2.3.1-1.5.9\artoolkitplus-2.3.1-1.5.9-windows-x86_64.jar;C:\Users\HP\.m2\repository\org\bytedeco\artoolkitplus\2.3.1-1.5.9\artoolkitplus-2.3.1-1.5.9.jar;C:\Users\HP\.m2\repository\org\bytedeco\artoolkitplus-platform\2.3.1-1.5.9\artoolkitplus-platform-2.3.1-1.5.9.jar;C:\Users\HP\.m2\repository\org\bytedeco\ffmpeg\7.1-1.5.11\ffmpeg-7.1-1.5.11-android-arm64.jar;C:\Users\HP\.m2\repository\org\bytedeco\ffmpeg\7.1-1.5.11\ffmpeg-7.1-1.5.11-an
Launcher Type: SUN_STANDARD

[Global flags]
     intx CICompilerCount                          = 4                                         {product} {ergonomic}
     uint ConcGCThreads                            = 2                                         {product} {ergonomic}
     uint G1ConcRefinementThreads                  = 8                                         {product} {ergonomic}
   size_t G1HeapRegionSize                         = 1048576                                   {product} {ergonomic}
    uintx GCDrainStackTargetSize                   = 64                                        {product} {ergonomic}
   size_t InitialHeapSize                          = 132120576                                 {product} {ergonomic}
   size_t MarkStackSize                            = 4194304                                   {product} {ergonomic}
   size_t MaxHeapSize                              = 2090860544                                {product} {ergonomic}
   size_t MaxNewSize                               = 1254096896                                {product} {ergonomic}
   size_t MinHeapDeltaBytes                        = 1048576                                   {product} {ergonomic}
   size_t MinHeapSize                              = 8388608                                   {product} {ergonomic}
    uintx NonNMethodCodeHeapSize                   = 5839372                                {pd product} {ergonomic}
    uintx NonProfiledCodeHeapSize                  = 122909434                              {pd product} {ergonomic}
    uintx ProfiledCodeHeapSize                     = 122909434                              {pd product} {ergonomic}
    uintx ReservedCodeCacheSize                    = 251658240                              {pd product} {ergonomic}
     bool SegmentedCodeCache                       = true                                      {product} {ergonomic}
   size_t SoftMaxHeapSize                          = 2090860544                             {manageable} {ergonomic}
     bool UseCompressedClassPointers               = true                           {product lp64_product} {ergonomic}
     bool UseCompressedOops                        = true                           {product lp64_product} {ergonomic}
     bool UseG1GC                                  = true                                      {product} {ergonomic}
     bool UseLargePagesIndividualAllocation        = false                                  {pd product} {ergonomic}

Logging:
Log output configuration:
 #0: stdout all=warning uptime,level,tags
 #1: stderr all=off uptime,level,tags

Environment Variables:
JAVA_HOME=C:\Program Files\Microsoft\jdk-17.0.17.10-hotspot\
PATH=C:\Program Files\Microsoft\jdk-17.0.17.10-hotspot\bin;C:\WINDOWS\system32;C:\WINDOWS;C:\WINDOWS\System32\Wbem;C:\WINDOWS\System32\WindowsPowerShell\v1.0\;C:\WINDOWS\System32\OpenSSH\;C:\Program Files (x86)\dotnet\;C:\Program Files (x86)\HP\HP OCR\DB_Lib\;C:\Program Files\HP\Common\HPDestPlgIn\;C:\Program Files (x86)\HP\Common\HPDestPlgIn\;C:\Program Files\Git\cmd;C:\Program Files\nodejs\;C:\xampp\php;C:\ProgramData\ComposerSetup\bin;C:\Users\HP\AppData\Local\Programs\Python\Python312\Scripts\;C:\Users\HP\AppData\Local\Programs\Python\Python312\;C:\Users\HP\AppData\Local\Programs\Python\Launcher\;C:\Program Files\Microsoft\jdk-17.0.17.10-hotspot\bin;C:\WINDOWS\system32;C:\WINDOWS;C:\WINDOWS\System32\Wbem;C:\WINDOWS\System32\WindowsPowerShell\v1.0\;C:\WINDOWS\System32\OpenSSH\;C:\Program Files (x86)\dotnet\;C:\Program Files (x86)\HP\HP OCR\DB_Lib\;C:\Program Files\HP\Common\HPDestPlgIn\;C:\Program Files (x86)\HP\Common\HPDestPlgIn\;C:\Program Files\Git\cmd;C:\Users\HP\AppData\Local\Microsoft\WindowsApps;C:\Program Files\HP\Common\HPDestPlgIn\;C:\Program Files (x86)\HP\Common\HPDestPlgIn\;C:\Users\HP\AppData\Local\Programs\Antigravity\bin;C:\Users\HP\AppData\Local\Programs\Microsoft VS Code\bin;C:\Program Files\JetBrains\IntelliJ IDEA 2025.3.1.1\bin;E:\CompFaceModule\apache-maven-3.9.9\bin;C:\Program Files (x86)\Apache\apache-maven-3.9.12\bin;C:\Users\HP\AppData\Roaming\npm;C:\Users\HP\AppData\Roaming\Composer\vendor\bin;c:\Users\HP\.antigravity\extensions\vscjava.vscode-java-debug-0.58.5-universal\bundled\scripts\noConfigScripts;c:\Users\HP\.antigravity\extensions\ms-python.debugpy-2025.18.0-win32-x64\bundled\scripts\noConfigScripts
USERNAME=HP
LANG=en_US.UTF-8
OS=Windows_NT
PROCESSOR_IDENTIFIER=Intel64 Family 6 Model 126 Stepping 5, GenuineIntel
TMP=C:\Users\HP\AppData\Local\Temp
TEMP=C:\Users\HP\AppData\Local\Temp



Periodic native trim disabled


---------------  S Y S T E M  ---------------

OS:
 Windows 11 , 64 bit Build 22621 (10.0.22621.3235)
OS uptime: 0 days 4:09 hours

CPU: total 8 (initial active 8) (4 cores per cpu, 2 threads per core) family 6 model 126 stepping 5 microcode 0xa0, cx8, cmov, fxsr, ht, mmx, 3dnowpref, sse, sse2, sse3, ssse3, sse4.1, sse4.2, popcnt, lzcnt, tsc, tscinvbit, avx, avx2, aes, erms, clmul, bmi1, bmi2, adx, avx512f, avx512dq, avx512cd, avx512bw, avx512vl, sha, fma, vzeroupper, avx512_vpopcntdq, avx512_vpclmulqdq, avx512_vaes, avx512_vnni, clflush, clflushopt, avx512_vbmi2, avx512_vbmi
Processor Information for the first 8 processors :
  Max Mhz: 1190, Current Mhz: 991, Mhz Limit: 987

Memory: 4k page, system-wide physical 7973M (668M free)
TotalPageFile size 25767M (AvailPageFile size 7M)
current process WorkingSet (physical memory assigned to process): 298M, peak: 305M
current process commit charge ("private bytes"): 2199M, peak: 2278M

vm_info: OpenJDK 64-Bit Server VM (17.0.17+10-LTS) for windows-amd64 JRE (17.0.17+10-LTS), built on Oct 13 2025 22:19:56 by "MicrosoftCorporation" with unknown MS VC++:1944

END.
