#
# There is insufficient memory for the Java Runtime Environment to continue.
# Native memory allocation (mmap) failed to map 59768832 bytes. Error detail: G1 virtual space
# Possible reasons:
#   The system is out of physical RAM or swap space
#   This process is running with CompressedOops enabled, and the Java Heap may be blocking the growth of the native heap
# Possible solutions:
#   Reduce memory load on the system
#   Increase physical memory or swap space
#   Check if swap backing store is full
#   Decrease Java heap size (-Xmx/-Xms)
#   Decrease number of Java threads
#   Decrease Java thread stack sizes (-Xss)
#   Set larger code cache with -XX:ReservedCodeCacheSize=
#   JVM is running with Unscaled Compressed Oops mode in which the Java heap is
#     placed in the first 4GB address space. The Java Heap base address is the
#     maximum limit for the native heap growth. Please use -XX:HeapBaseMinAddress
#     to set the Java Heap base and to place the Java Heap above 4GB virtual address.
# This output file may be truncated or incomplete.
#
#  Out of Memory Error (os_windows.cpp:3690), pid=6940, tid=1480
#
# JRE version: OpenJDK Runtime Environment Microsoft-12574423 (17.0.17+10) (build 17.0.17+10-LTS)
# Java VM: OpenJDK 64-Bit Server VM Microsoft-12574423 (17.0.17+10-LTS, mixed mode, sharing, tiered, compressed oops, compressed class ptrs, g1 gc, windows-amd64)
# No core dump will be written. Minidumps are not enabled by default on client versions of Windows
#

---------------  S U M M A R Y ------------

Command Line: --module-path=C:\Users\HP\.m2\repository\org\openjfx\javafx-base\17.0.2\javafx-base-17.0.2-win.jar;C:\Users\HP\.m2\repository\org\openjfx\javafx-base\17.0.2\javafx-base-17.0.2.jar;C:\Users\HP\.m2\repository\org\openjfx\javafx-controls\17.0.2\javafx-controls-17.0.2-win.jar;C:\Users\HP\.m2\repository\org\openjfx\javafx-controls\17.0.2\javafx-controls-17.0.2.jar;C:\Users\HP\.m2\repository\org\openjfx\javafx-fxml\17.0.2\javafx-fxml-17.0.2-win.jar;C:\Users\HP\.m2\repository\org\openjfx\javafx-fxml\17.0.2\javafx-fxml-17.0.2.jar;C:\Users\HP\.m2\repository\org\openjfx\javafx-graphics\17.0.2\javafx-graphics-17.0.2-win.jar;C:\Users\HP\.m2\repository\org\openjfx\javafx-graphics\17.0.2\javafx-graphics-17.0.2.jar --add-modules=javafx.base,javafx.controls,javafx.fxml,javafx.graphics tech.HTECH.ui.AppJavaFX

Host: Intel(R) Core(TM) i5-1035G1 CPU @ 1.00GHz, 8 cores, 7G,  Windows 11 , 64 bit Build 22621 (10.0.22621.3235)
Time: Thu Feb  5 12:31:07 2026 Afr. centrale Ouest elapsed time: 10.396712 seconds (0d 0h 0m 10s)

---------------  T H R E A D  ---------------

Current thread (0x000001c5be366fe0):  VMThread "VM Thread" [stack: 0x00000086d8700000,0x00000086d8800000] [id=1480]

Stack: [0x00000086d8700000,0x00000086d8800000]
Native frames: (J=compiled Java code, j=interpreted, Vv=VM code, C=native code)
V  [jvm.dll+0x68c459]  (no source info available)
V  [jvm.dll+0x845e09]  (no source info available)
V  [jvm.dll+0x847b78]  (no source info available)
V  [jvm.dll+0x848203]  (no source info available)
V  [jvm.dll+0x24cf6f]  (no source info available)
V  [jvm.dll+0x68b859]  (no source info available)
V  [jvm.dll+0x67fe1a]  (no source info available)
V  [jvm.dll+0x3100f0]  (no source info available)
V  [jvm.dll+0x30ff92]  (no source info available)
V  [jvm.dll+0x3174e9]  (no source info available)
V  [jvm.dll+0x3697c9]  (no source info available)
V  [jvm.dll+0x3699fd]  (no source info available)
V  [jvm.dll+0x2e68fa]  (no source info available)
V  [jvm.dll+0x2e4cf1]  (no source info available)
V  [jvm.dll+0x2e448c]  (no source info available)
V  [jvm.dll+0x328e1b]  (no source info available)
V  [jvm.dll+0x84ca8d]  (no source info available)
V  [jvm.dll+0x84d7a3]  (no source info available)
V  [jvm.dll+0x84dcd4]  (no source info available)
V  [jvm.dll+0x84e0b8]  (no source info available)
V  [jvm.dll+0x84e1ae]  (no source info available)
V  [jvm.dll+0x7f5a5c]  (no source info available)
V  [jvm.dll+0x68d9f7]  (no source info available)
C  [ucrtbase.dll+0x29363]  (no source info available)
C  [KERNEL32.DLL+0x1257d]  (no source info available)
C  [ntdll.dll+0x5aa58]  (no source info available)

VM_Operation (0x00000086da1feba0): G1CollectForAllocation, mode: safepoint, requested by thread 0x000001c5be653070


---------------  P R O C E S S  ---------------

Threads class SMR info:
_java_thread_list=0x000001c609fb2170, length=29, elements={
0x000001c59dfa69c0, 0x000001c5be36ad40, 0x000001c5be36c110, 0x000001c5be381d40,
0x000001c5be383710, 0x000001c5be3880e0, 0x000001c5be38aab0, 0x000001c5be396cb0,
0x000001c5be3996c0, 0x000001c5be39a8d0, 0x000001c5be654ed0, 0x000001c5be6544b0,
0x000001c5be651720, 0x000001c5be6549c0, 0x000001c5be652140, 0x000001c5be653a90,
0x000001c5be652b60, 0x000001c5be651c30, 0x000001c5be652650, 0x000001c5be653070,
0x000001c5be653580, 0x000001c60a7b3e50, 0x000001c60a7b5290, 0x000001c60a7b3940,
0x000001c60a7b4360, 0x000001c60a7b2a10, 0x000001c60a7b4870, 0x000001c60a7b1ae0,
0x000001c60a7b1ff0
}

Java Threads: ( => current thread )
  0x000001c59dfa69c0 JavaThread "main" [_thread_blocked, id=4524, stack(0x00000086d8100000,0x00000086d8200000)]
  0x000001c5be36ad40 JavaThread "Reference Handler" daemon [_thread_blocked, id=21916, stack(0x00000086d8800000,0x00000086d8900000)]
  0x000001c5be36c110 JavaThread "Finalizer" daemon [_thread_blocked, id=16104, stack(0x00000086d8900000,0x00000086d8a00000)]
  0x000001c5be381d40 JavaThread "Signal Dispatcher" daemon [_thread_blocked, id=13132, stack(0x00000086d8a00000,0x00000086d8b00000)]
  0x000001c5be383710 JavaThread "Attach Listener" daemon [_thread_blocked, id=2056, stack(0x00000086d8b00000,0x00000086d8c00000)]
  0x000001c5be3880e0 JavaThread "Service Thread" daemon [_thread_blocked, id=11132, stack(0x00000086d8c00000,0x00000086d8d00000)]
  0x000001c5be38aab0 JavaThread "Monitor Deflation Thread" daemon [_thread_blocked, id=12684, stack(0x00000086d8d00000,0x00000086d8e00000)]
  0x000001c5be396cb0 JavaThread "C2 CompilerThread0" daemon [_thread_blocked, id=21736, stack(0x00000086d8e00000,0x00000086d8f00000)]
  0x000001c5be3996c0 JavaThread "C1 CompilerThread0" daemon [_thread_blocked, id=10216, stack(0x00000086d8f00000,0x00000086d9000000)]
  0x000001c5be39a8d0 JavaThread "Sweeper thread" daemon [_thread_blocked, id=19900, stack(0x00000086d9000000,0x00000086d9100000)]
  0x000001c5be654ed0 JavaThread "Common-Cleaner" daemon [_thread_blocked, id=14592, stack(0x00000086d9100000,0x00000086d9200000)]
  0x000001c5be6544b0 JavaThread "Notification Thread" daemon [_thread_blocked, id=264, stack(0x00000086d9400000,0x00000086d9500000)]
  0x000001c5be651720 JavaThread "QuantumRenderer-0" daemon [_thread_blocked, id=21300, stack(0x00000086d9600000,0x00000086d9700000)]
  0x000001c5be6549c0 JavaThread "InvokeLaterDispatcher" daemon [_thread_blocked, id=4644, stack(0x00000086d9300000,0x00000086d9400000)]
  0x000001c5be652140 JavaThread "JavaFX Application Thread" [_thread_in_native, id=20488, stack(0x00000086d9700000,0x00000086d9800000)]
  0x000001c5be653a90 JavaThread "JavaFX-Launcher" [_thread_blocked, id=21836, stack(0x00000086d9b00000,0x00000086d9c00000)]
  0x000001c5be652b60 JavaThread "Thread-2" daemon [_thread_blocked, id=5244, stack(0x00000086d9a00000,0x00000086d9b00000)]
  0x000001c5be651c30 JavaThread "Prism Font Disposer" daemon [_thread_blocked, id=6880, stack(0x00000086da500000,0x00000086da600000)]
  0x000001c5be652650 JavaThread "Cleaner-0" daemon [_thread_blocked, id=10452, stack(0x00000086da800000,0x00000086da900000)]
  0x000001c5be653070 JavaThread "Thread-3" [_thread_blocked, id=7520, stack(0x00000086da100000,0x00000086da200000)]
  0x000001c5be653580 JavaThread "JavaCPP Deallocator" daemon [_thread_blocked, id=15104, stack(0x00000086db100000,0x00000086db200000)]
  0x000001c60a7b3e50 JavaThread "pool-2-thread-1" [_thread_blocked, id=5396, stack(0x00000086db900000,0x00000086dba00000)]
  0x000001c60a7b5290 JavaThread "pool-2-thread-2" [_thread_blocked, id=16004, stack(0x00000086dbc00000,0x00000086dbd00000)]
  0x000001c60a7b3940 JavaThread "pool-2-thread-3" [_thread_blocked, id=22276, stack(0x00000086dbd00000,0x00000086dbe00000)]
  0x000001c60a7b4360 JavaThread "pool-2-thread-4" [_thread_blocked, id=15140, stack(0x00000086dbe00000,0x00000086dbf00000)]
  0x000001c60a7b2a10 JavaThread "pool-2-thread-5" [_thread_blocked, id=21748, stack(0x00000086dbf00000,0x00000086dc000000)]
  0x000001c60a7b4870 JavaThread "pool-2-thread-6" [_thread_blocked, id=12832, stack(0x00000086dc000000,0x00000086dc100000)]
  0x000001c60a7b1ae0 JavaThread "pool-2-thread-7" [_thread_blocked, id=6172, stack(0x00000086dc100000,0x00000086dc200000)]
  0x000001c60a7b1ff0 JavaThread "pool-2-thread-8" [_thread_blocked, id=3308, stack(0x00000086dc200000,0x00000086dc300000)]

Other Threads:
=>0x000001c5be366fe0 VMThread "VM Thread" [stack: 0x00000086d8700000,0x00000086d8800000] [id=1480]
  0x000001c5be71f420 WatcherThread [stack: 0x00000086d9500000,0x00000086d9600000] [id=18752]
  0x000001c59e000cc0 GCTaskThread "GC Thread#0" [stack: 0x00000086d8200000,0x00000086d8300000] [id=11360]
  0x000001c5bef822b0 GCTaskThread "GC Thread#1" [stack: 0x00000086d9c00000,0x00000086d9d00000] [id=16352]
  0x000001c608cb2090 GCTaskThread "GC Thread#2" [stack: 0x00000086d9d00000,0x00000086d9e00000] [id=21660]
  0x000001c608c96fb0 GCTaskThread "GC Thread#3" [stack: 0x00000086d9e00000,0x00000086d9f00000] [id=5924]
  0x000001c608c97dc0 GCTaskThread "GC Thread#4" [stack: 0x00000086d9f00000,0x00000086da000000] [id=14544]
  0x000001c608c98090 GCTaskThread "GC Thread#5" [stack: 0x00000086da000000,0x00000086da100000] [id=18808]
  0x000001c608c97550 GCTaskThread "GC Thread#6" [stack: 0x00000086da600000,0x00000086da700000] [id=6288]
  0x000001c608c98360 GCTaskThread "GC Thread#7" [stack: 0x00000086da700000,0x00000086da800000] [id=3916]
  0x000001c59e011560 ConcurrentGCThread "G1 Main Marker" [stack: 0x00000086d8300000,0x00000086d8400000] [id=22056]
  0x000001c59e011f80 ConcurrentGCThread "G1 Conc#0" [stack: 0x00000086d8400000,0x00000086d8500000] [id=10676]
  0x000001c6090fb1c0 ConcurrentGCThread "G1 Conc#1" [stack: 0x00000086db000000,0x00000086db100000] [id=15180]
  0x000001c5be220e20 ConcurrentGCThread "G1 Refine#0" [stack: 0x00000086d8500000,0x00000086d8600000] [id=14640]
  0x000001c5be221670 ConcurrentGCThread "G1 Service" [stack: 0x00000086d8600000,0x00000086d8700000] [id=22228]

Threads with active compile tasks:

VM state: at safepoint (normal execution)

VM Mutex/Monitor currently owned by a thread:  ([mutex/lock_event])
[0x000001c59dfa3590] Threads_lock - owner thread: 0x000001c5be366fe0
[0x000001c59dfa3e90] Heap_lock - owner thread: 0x000001c5be653070

Heap address: 0x0000000083600000, size: 1994 MB, Compressed Oops mode: 32-bit

CDS archive(s) mapped at: [0x000001c5bf000000-0x000001c5bfbb0000-0x000001c5bfbb0000), size 12255232, SharedBaseAddress: 0x000001c5bf000000, ArchiveRelocationMode: 1.
Compressed class space mapped at: 0x000001c5c0000000-0x000001c600000000, reserved size: 1073741824
Narrow klass base: 0x000001c5bf000000, Narrow klass shift: 0, Narrow klass range: 0x100000000

GC Precious Log:
 CPUs: 8 total, 8 available
 Memory: 7973M
 Large Page Support: Disabled
 NUMA Support: Disabled
 Compressed Oops: Enabled (32-bit)
 Heap Region Size: 1M
 Heap Min Capacity: 8M
 Heap Initial Capacity: 126M
 Heap Max Capacity: 1994M
 Pre-touch: Disabled
 Parallel Workers: 8
 Concurrent Workers: 2
 Concurrent Refinement Workers: 8
 Periodic GC: Disabled

Heap:
 garbage-first heap   total 70656K, used 33478K [0x0000000083600000, 0x0000000100000000)
  region size 1024K, 4 young (4096K), 4 survivors (4096K)
 Metaspace       used 25122K, committed 25344K, reserved 1114112K
  class space    used 2717K, committed 2816K, reserved 1048576K

Heap Regions: E=young(eden), S=young(survivor), O=old, HS=humongous(starts), HC=humongous(continues), CS=collection set, F=free, OA=open archive, CA=closed archive, TAMS=top-at-mark-start (previous, next)
|   0|0x0000000083600000, 0x0000000083700000, 0x0000000083700000|100%| O|  |TAMS 0x0000000083700000, 0x0000000083600000| Untracked 
|   1|0x0000000083700000, 0x0000000083800000, 0x0000000083800000|100%| O|  |TAMS 0x0000000083800000, 0x0000000083700000| Untracked 
|   2|0x0000000083800000, 0x0000000083900000, 0x0000000083900000|100%| O|  |TAMS 0x0000000083900000, 0x0000000083800000| Untracked 
|   3|0x0000000083900000, 0x0000000083a00000, 0x0000000083a00000|100%| O|  |TAMS 0x0000000083a00000, 0x0000000083900000| Untracked 
|   4|0x0000000083a00000, 0x0000000083b00000, 0x0000000083b00000|100%|HS|  |TAMS 0x0000000083b00000, 0x0000000083a00000| Complete 
|   5|0x0000000083b00000, 0x0000000083c00000, 0x0000000083c00000|100%|HC|  |TAMS 0x0000000083c00000, 0x0000000083b00000| Complete 
|   6|0x0000000083c00000, 0x0000000083d00000, 0x0000000083d00000|100%| O|  |TAMS 0x0000000083d00000, 0x0000000083c00000| Untracked 
|   7|0x0000000083d00000, 0x0000000083e00000, 0x0000000083e00000|100%| O|  |TAMS 0x0000000083e00000, 0x0000000083d00000| Untracked 
|   8|0x0000000083e00000, 0x0000000083f00000, 0x0000000083f00000|100%| O|  |TAMS 0x0000000083f00000, 0x0000000083e00000| Untracked 
|   9|0x0000000083f00000, 0x0000000084000000, 0x0000000084000000|100%| O|  |TAMS 0x0000000084000000, 0x0000000083f00000| Untracked 
|  10|0x0000000084000000, 0x00000000840ebc00, 0x0000000084100000| 92%| O|  |TAMS 0x00000000840ebc00, 0x0000000084000000| Untracked 
|  11|0x0000000084100000, 0x0000000084200000, 0x0000000084200000|100%| O|  |TAMS 0x0000000084200000, 0x0000000084100000| Untracked 
|  12|0x0000000084200000, 0x0000000084300000, 0x0000000084300000|100%| O|  |TAMS 0x0000000084300000, 0x0000000084200000| Untracked 
|  13|0x0000000084300000, 0x0000000084400000, 0x0000000084400000|100%| O|  |TAMS 0x0000000084400000, 0x0000000084300000| Untracked 
|  14|0x0000000084400000, 0x0000000084500000, 0x0000000084500000|100%| O|  |TAMS 0x0000000084500000, 0x0000000084400000| Untracked 
|  15|0x0000000084500000, 0x0000000084600000, 0x0000000084600000|100%| O|  |TAMS 0x0000000084600000, 0x0000000084500000| Untracked 
|  16|0x0000000084600000, 0x0000000084700000, 0x0000000084700000|100%| O|  |TAMS 0x0000000084700000, 0x0000000084600000| Untracked 
|  17|0x0000000084700000, 0x0000000084800000, 0x0000000084800000|100%| O|  |TAMS 0x0000000084800000, 0x0000000084700000| Untracked 
|  18|0x0000000084800000, 0x0000000084900000, 0x0000000084900000|100%| O|  |TAMS 0x0000000084900000, 0x0000000084800000| Untracked 
|  19|0x0000000084900000, 0x0000000084a00000, 0x0000000084a00000|100%| O|  |TAMS 0x0000000084a00000, 0x0000000084900000| Untracked 
|  20|0x0000000084a00000, 0x0000000084b00000, 0x0000000084b00000|100%| O|  |TAMS 0x0000000084b00000, 0x0000000084a00000| Untracked 
|  21|0x0000000084b00000, 0x0000000084c00000, 0x0000000084c00000|100%| O|  |TAMS 0x0000000084c00000, 0x0000000084b00000| Untracked 
|  22|0x0000000084c00000, 0x0000000084c00000, 0x0000000084d00000|  0%| F|  |TAMS 0x0000000084c00000, 0x0000000084c00000| Untracked 
|  23|0x0000000084d00000, 0x0000000084e00000, 0x0000000084e00000|100%| O|  |TAMS 0x0000000084e00000, 0x0000000084d00000| Untracked 
|  24|0x0000000084e00000, 0x0000000084f00000, 0x0000000084f00000|100%| O|  |TAMS 0x0000000084f00000, 0x0000000084e00000| Untracked 
|  25|0x0000000084f00000, 0x0000000085000000, 0x0000000085000000|100%| O|  |TAMS 0x0000000084f40200, 0x0000000084f00000| Untracked 
|  26|0x0000000085000000, 0x0000000085100000, 0x0000000085100000|100%| O|  |TAMS 0x0000000085000000, 0x0000000085000000| Untracked 
|  27|0x0000000085100000, 0x0000000085200000, 0x0000000085200000|100%| O|  |TAMS 0x0000000085100000, 0x0000000085100000| Untracked 
|  28|0x0000000085200000, 0x0000000085300000, 0x0000000085300000|100%| O|  |TAMS 0x0000000085200000, 0x0000000085200000| Untracked 
|  29|0x0000000085300000, 0x0000000085400000, 0x0000000085400000|100%| O|  |TAMS 0x0000000085300000, 0x0000000085300000| Untracked 
|  30|0x0000000085400000, 0x0000000085485e00, 0x0000000085500000| 52%| O|  |TAMS 0x0000000085400000, 0x0000000085400000| Untracked 
|  31|0x0000000085500000, 0x0000000085500000, 0x0000000085600000|  0%| F|  |TAMS 0x0000000085500000, 0x0000000085500000| Untracked 
|  32|0x0000000085600000, 0x0000000085600000, 0x0000000085700000|  0%| F|  |TAMS 0x0000000085600000, 0x0000000085600000| Untracked 
|  33|0x0000000085700000, 0x0000000085700000, 0x0000000085800000|  0%| F|  |TAMS 0x0000000085700000, 0x0000000085700000| Untracked 
|  34|0x0000000085800000, 0x0000000085800000, 0x0000000085900000|  0%| F|  |TAMS 0x0000000085800000, 0x0000000085800000| Untracked 
|  35|0x0000000085900000, 0x0000000085900000, 0x0000000085a00000|  0%| F|  |TAMS 0x0000000085900000, 0x0000000085900000| Untracked 
|  36|0x0000000085a00000, 0x0000000085a00000, 0x0000000085b00000|  0%| F|  |TAMS 0x0000000085a00000, 0x0000000085a00000| Untracked 
|  37|0x0000000085b00000, 0x0000000085b00000, 0x0000000085c00000|  0%| F|  |TAMS 0x0000000085b00000, 0x0000000085b00000| Untracked 
|  38|0x0000000085c00000, 0x0000000085c00000, 0x0000000085d00000|  0%| F|  |TAMS 0x0000000085c00000, 0x0000000085c00000| Untracked 
|  39|0x0000000085d00000, 0x0000000085d40010, 0x0000000085e00000| 25%| S|CS|TAMS 0x0000000085d00000, 0x0000000085d00000| Complete 
|  40|0x0000000085e00000, 0x0000000085f00000, 0x0000000085f00000|100%| S|CS|TAMS 0x0000000085e00000, 0x0000000085e00000| Complete 
|  41|0x0000000085f00000, 0x0000000085f00000, 0x0000000086000000|  0%| F|  |TAMS 0x0000000085f00000, 0x0000000085f00000| Untracked 
|  42|0x0000000086000000, 0x0000000086000000, 0x0000000086100000|  0%| F|  |TAMS 0x0000000086000000, 0x0000000086000000| Untracked 
|  43|0x0000000086100000, 0x0000000086200000, 0x0000000086200000|100%| S|CS|TAMS 0x0000000086100000, 0x0000000086100000| Complete 
|  44|0x0000000086200000, 0x0000000086300000, 0x0000000086300000|100%| S|CS|TAMS 0x0000000086200000, 0x0000000086200000| Complete 
|  45|0x0000000086300000, 0x0000000086300000, 0x0000000086400000|  0%| F|  |TAMS 0x0000000086300000, 0x0000000086300000| Untracked 
|  46|0x0000000086400000, 0x0000000086400000, 0x0000000086500000|  0%| F|  |TAMS 0x0000000086400000, 0x0000000086400000| Untracked 
|  47|0x0000000086500000, 0x0000000086500000, 0x0000000086600000|  0%| F|  |TAMS 0x0000000086500000, 0x0000000086500000| Untracked 
|  48|0x0000000086600000, 0x0000000086600000, 0x0000000086700000|  0%| F|  |TAMS 0x0000000086600000, 0x0000000086600000| Untracked 
|  49|0x0000000086700000, 0x0000000086700000, 0x0000000086800000|  0%| F|  |TAMS 0x0000000086700000, 0x0000000086700000| Untracked 
|  50|0x0000000086800000, 0x0000000086800000, 0x0000000086900000|  0%| F|  |TAMS 0x0000000086800000, 0x0000000086800000| Untracked 
|  51|0x0000000086900000, 0x0000000086900000, 0x0000000086a00000|  0%| F|  |TAMS 0x0000000086900000, 0x0000000086900000| Untracked 
|  52|0x0000000086a00000, 0x0000000086a00000, 0x0000000086b00000|  0%| F|  |TAMS 0x0000000086a00000, 0x0000000086a00000| Untracked 
|  53|0x0000000086b00000, 0x0000000086b00000, 0x0000000086c00000|  0%| F|  |TAMS 0x0000000086b00000, 0x0000000086b00000| Untracked 
|  54|0x0000000086c00000, 0x0000000086c00000, 0x0000000086d00000|  0%| F|  |TAMS 0x0000000086c00000, 0x0000000086c00000| Untracked 
|  55|0x0000000086d00000, 0x0000000086d00000, 0x0000000086e00000|  0%| F|  |TAMS 0x0000000086d00000, 0x0000000086d00000| Untracked 
|  56|0x0000000086e00000, 0x0000000086e00000, 0x0000000086f00000|  0%| F|  |TAMS 0x0000000086e00000, 0x0000000086e00000| Untracked 
|  57|0x0000000086f00000, 0x0000000086f00000, 0x0000000087000000|  0%| F|  |TAMS 0x0000000086f00000, 0x0000000086f00000| Untracked 
|  58|0x0000000087000000, 0x0000000087000000, 0x0000000087100000|  0%| F|  |TAMS 0x0000000087000000, 0x0000000087000000| Untracked 
|  59|0x0000000087100000, 0x0000000087100000, 0x0000000087200000|  0%| F|  |TAMS 0x0000000087100000, 0x0000000087100000| Untracked 
|  60|0x0000000087200000, 0x0000000087200000, 0x0000000087300000|  0%| F|  |TAMS 0x0000000087200000, 0x0000000087200000| Untracked 
|  61|0x0000000087300000, 0x0000000087300000, 0x0000000087400000|  0%| F|  |TAMS 0x0000000087300000, 0x0000000087300000| Untracked 
|  62|0x0000000087400000, 0x0000000087400000, 0x0000000087500000|  0%| F|  |TAMS 0x0000000087400000, 0x0000000087400000| Untracked 
|  63|0x0000000087500000, 0x0000000087500000, 0x0000000087600000|  0%| F|  |TAMS 0x0000000087500000, 0x0000000087500000| Untracked 
|  64|0x0000000087600000, 0x0000000087600000, 0x0000000087700000|  0%| F|  |TAMS 0x0000000087600000, 0x0000000087600000| Untracked 
|  65|0x0000000087700000, 0x0000000087700000, 0x0000000087800000|  0%| F|  |TAMS 0x0000000087700000, 0x0000000087700000| Untracked 
|  66|0x0000000087800000, 0x0000000087800000, 0x0000000087900000|  0%| F|  |TAMS 0x0000000087800000, 0x0000000087800000| Untracked 
|  67|0x0000000087900000, 0x0000000087900000, 0x0000000087a00000|  0%| F|  |TAMS 0x0000000087900000, 0x0000000087900000| Untracked 
| 125|0x000000008b300000, 0x000000008b300000, 0x000000008b400000|  0%| F|  |TAMS 0x000000008b300000, 0x000000008b300000| Untracked 

Card table byte_map: [0x000001c5b7270000,0x000001c5b7660000] _byte_map_base: 0x000001c5b6e55000

Marking Bits (Prev, Next): (CMBitMap*) 0x000001c59e0012f0, (CMBitMap*) 0x000001c59e001330
 Prev Bits: [0x000001c5b7a50000, 0x000001c5b9978000)
 Next Bits: [0x000001c5b9980000, 0x000001c5bb8a8000)

Polling page: 0x000001c59e040000

Metaspace:

Usage:
  Non-class:     21.88 MB used.
      Class:      2.65 MB used.
       Both:     24.53 MB used.

Virtual space:
  Non-class space:       64.00 MB reserved,      22.00 MB ( 34%) committed,  1 nodes.
      Class space:        1.00 GB reserved,       2.75 MB ( <1%) committed,  1 nodes.
             Both:        1.06 GB reserved,      24.75 MB (  2%) committed. 

Chunk freelists:
   Non-Class:  10.00 MB
       Class:  13.12 MB
        Both:  23.12 MB

MaxMetaspaceSize: unlimited
CompressedClassSpaceSize: 1.00 GB
Initial GC threshold: 21.00 MB
Current GC threshold: 41.25 MB
CDS: on
MetaspaceReclaimPolicy: balanced
 - commit_granule_bytes: 65536.
 - commit_granule_words: 8192.
 - virtual_space_node_default_size: 8388608.
 - enlarge_chunks_in_place: 1.
 - new_chunks_are_fully_committed: 0.
 - uncommit_free_chunks: 1.
 - use_allocation_guard: 0.
 - handle_deallocations: 1.


Internal statistics:

num_allocs_failed_limit: 3.
num_arena_births: 220.
num_arena_deaths: 0.
num_vsnodes_births: 2.
num_vsnodes_deaths: 0.
num_space_committed: 394.
num_space_uncommitted: 0.
num_chunks_returned_to_freelist: 3.
num_chunks_taken_from_freelist: 994.
num_chunk_merges: 3.
num_chunk_splits: 755.
num_chunks_enlarged: 632.
num_inconsistent_stats: 0.

CodeHeap 'non-profiled nmethods': size=120000Kb used=1887Kb max_used=1887Kb free=118112Kb
 bounds [0x000001c5aeed0000, 0x000001c5af140000, 0x000001c5b6400000]
CodeHeap 'profiled nmethods': size=120000Kb used=5821Kb max_used=5821Kb free=114178Kb
 bounds [0x000001c5a7400000, 0x000001c5a79b0000, 0x000001c5ae930000]
CodeHeap 'non-nmethods': size=5760Kb used=1991Kb max_used=2035Kb free=3768Kb
 bounds [0x000001c5ae930000, 0x000001c5aeba0000, 0x000001c5aeed0000]
 total_blobs=4464 nmethods=3029 adapters=1347
 compilation: enabled
              stopped_count=0, restarted_count=0
 full_count=0

Compilation events (20 events):
Event: 10.133 Thread 0x000001c5be3996c0 3021       3       java.awt.image.IndexColorModel::getGreens (30 bytes)
Event: 10.133 Thread 0x000001c5be3996c0 nmethod 3021 0x000001c5a79ac810 code [0x000001c5a79ac9c0, 0x000001c5a79acbd8]
Event: 10.174 Thread 0x000001c5be3996c0 3022       3       java.awt.image.IndexColorModel::getBlues (27 bytes)
Event: 10.174 Thread 0x000001c5be3996c0 nmethod 3022 0x000001c5a79acd10 code [0x000001c5a79acec0, 0x000001c5a79ad0d8]
Event: 10.227 Thread 0x000001c5be3996c0 3023       3       java.io.BufferedOutputStream::flushBuffer (29 bytes)
Event: 10.227 Thread 0x000001c5be3996c0 nmethod 3023 0x000001c5a79ad210 code [0x000001c5a79ad3c0, 0x000001c5a79ad5e8]
Event: 10.241 Thread 0x000001c5be3996c0 3025   !   3       java.io.BufferedWriter::write (117 bytes)
Event: 10.242 Thread 0x000001c5be3996c0 nmethod 3025 0x000001c5a79ad690 code [0x000001c5a79ad8a0, 0x000001c5a79ade68]
Event: 10.242 Thread 0x000001c5be3996c0 3026       3       java.lang.StringCoding::implEncodeAsciiArray (47 bytes)
Event: 10.242 Thread 0x000001c5be3996c0 nmethod 3026 0x000001c5a79ae210 code [0x000001c5a79ae3c0, 0x000001c5a79ae5f8]
Event: 10.242 Thread 0x000001c5be3996c0 3024       3       java.io.Writer::write (11 bytes)
Event: 10.242 Thread 0x000001c5be3996c0 nmethod 3024 0x000001c5a79ae790 code [0x000001c5a79ae960, 0x000001c5a79aec48]
Event: 10.297 Thread 0x000001c5be3996c0 3028       3       ij.process.ImageProcessor::resetRoi (92 bytes)
Event: 10.297 Thread 0x000001c5be3996c0 nmethod 3028 0x000001c5a79aed90 code [0x000001c5a79aef20, 0x000001c5a79af0b8]
Event: 10.297 Thread 0x000001c5be3996c0 3029       1       ij.process.ByteProcessor::getPixels (5 bytes)
Event: 10.297 Thread 0x000001c5be3996c0 nmethod 3029 0x000001c5af0a7910 code [0x000001c5af0a7aa0, 0x000001c5af0a7b78]
Event: 10.339 Thread 0x000001c5be3996c0 3030       1       ij.process.FloatProcessor::getPixels (5 bytes)
Event: 10.339 Thread 0x000001c5be3996c0 nmethod 3030 0x000001c5af0a7c10 code [0x000001c5af0a7da0, 0x000001c5af0a7e78]
Event: 10.369 Thread 0x000001c5be3996c0 3031       3       java.util.concurrent.locks.LockSupport::setBlocker (12 bytes)
Event: 10.369 Thread 0x000001c5be3996c0 nmethod 3031 0x000001c5a79af190 code [0x000001c5a79af340, 0x000001c5a79af548]

GC Heap History (20 events):
Event: 9.489 GC heap after
{Heap after GC invocations=13 (full 0):
 garbage-first heap   total 48128K, used 20145K [0x0000000083600000, 0x0000000100000000)
  region size 1024K, 3 young (3072K), 3 survivors (3072K)
 Metaspace       used 25081K, committed 25280K, reserved 1114112K
  class space    used 2717K, committed 2816K, reserved 1048576K
}
Event: 9.575 GC heap before
{Heap before GC invocations=13 (full 0):
 garbage-first heap   total 48128K, used 35505K [0x0000000083600000, 0x0000000100000000)
  region size 1024K, 19 young (19456K), 3 survivors (3072K)
 Metaspace       used 25091K, committed 25280K, reserved 1114112K
  class space    used 2717K, committed 2816K, reserved 1048576K
}
Event: 9.576 GC heap after
{Heap after GC invocations=14 (full 0):
 garbage-first heap   total 48128K, used 21429K [0x0000000083600000, 0x0000000100000000)
  region size 1024K, 3 young (3072K), 3 survivors (3072K)
 Metaspace       used 25091K, committed 25280K, reserved 1114112K
  class space    used 2717K, committed 2816K, reserved 1048576K
}
Event: 9.651 GC heap before
{Heap before GC invocations=14 (full 0):
 garbage-first heap   total 48128K, used 35765K [0x0000000083600000, 0x0000000100000000)
  region size 1024K, 18 young (18432K), 3 survivors (3072K)
 Metaspace       used 25102K, committed 25280K, reserved 1114112K
  class space    used 2717K, committed 2816K, reserved 1048576K
}
Event: 9.652 GC heap after
{Heap after GC invocations=15 (full 0):
 garbage-first heap   total 58368K, used 21971K [0x0000000083600000, 0x0000000100000000)
  region size 1024K, 2 young (2048K), 2 survivors (2048K)
 Metaspace       used 25102K, committed 25280K, reserved 1114112K
  class space    used 2717K, committed 2816K, reserved 1048576K
}
Event: 9.752 GC heap before
{Heap before GC invocations=15 (full 0):
 garbage-first heap   total 58368K, used 45523K [0x0000000083600000, 0x0000000100000000)
  region size 1024K, 26 young (26624K), 2 survivors (2048K)
 Metaspace       used 25105K, committed 25280K, reserved 1114112K
  class space    used 2717K, committed 2816K, reserved 1048576K
}
Event: 9.754 GC heap after
{Heap after GC invocations=16 (full 0):
 garbage-first heap   total 58368K, used 23731K [0x0000000083600000, 0x0000000100000000)
  region size 1024K, 4 young (4096K), 4 survivors (4096K)
 Metaspace       used 25105K, committed 25280K, reserved 1114112K
  class space    used 2717K, committed 2816K, reserved 1048576K
}
Event: 9.854 GC heap before
{Heap before GC invocations=16 (full 0):
 garbage-first heap   total 58368K, used 45235K [0x0000000083600000, 0x0000000100000000)
  region size 1024K, 26 young (26624K), 4 survivors (4096K)
 Metaspace       used 25105K, committed 25280K, reserved 1114112K
  class space    used 2717K, committed 2816K, reserved 1048576K
}
Event: 9.855 GC heap after
{Heap after GC invocations=17 (full 0):
 garbage-first heap   total 58368K, used 25519K [0x0000000083600000, 0x0000000100000000)
  region size 1024K, 4 young (4096K), 4 survivors (4096K)
 Metaspace       used 25105K, committed 25280K, reserved 1114112K
  class space    used 2717K, committed 2816K, reserved 1048576K
}
Event: 9.928 GC heap before
{Heap before GC invocations=17 (full 0):
 garbage-first heap   total 58368K, used 45999K [0x0000000083600000, 0x0000000100000000)
  region size 1024K, 24 young (24576K), 4 survivors (4096K)
 Metaspace       used 25111K, committed 25344K, reserved 1114112K
  class space    used 2717K, committed 2816K, reserved 1048576K
}
Event: 9.929 GC heap after
{Heap after GC invocations=18 (full 0):
 garbage-first heap   total 58368K, used 27311K [0x0000000083600000, 0x0000000100000000)
  region size 1024K, 2 young (2048K), 2 survivors (2048K)
 Metaspace       used 25111K, committed 25344K, reserved 1114112K
  class space    used 2717K, committed 2816K, reserved 1048576K
}
Event: 9.988 GC heap before
{Heap before GC invocations=18 (full 0):
 garbage-first heap   total 58368K, used 44719K [0x0000000083600000, 0x0000000100000000)
  region size 1024K, 20 young (20480K), 2 survivors (2048K)
 Metaspace       used 25114K, committed 25344K, reserved 1114112K
  class space    used 2717K, committed 2816K, reserved 1048576K
}
Event: 9.989 GC heap after
{Heap after GC invocations=19 (full 0):
 garbage-first heap   total 70656K, used 28479K [0x0000000083600000, 0x0000000100000000)
  region size 1024K, 3 young (3072K), 3 survivors (3072K)
 Metaspace       used 25114K, committed 25344K, reserved 1114112K
  class space    used 2717K, committed 2816K, reserved 1048576K
}
Event: 10.111 GC heap before
{Heap before GC invocations=20 (full 0):
 garbage-first heap   total 70656K, used 55103K [0x0000000083600000, 0x0000000100000000)
  region size 1024K, 30 young (30720K), 3 survivors (3072K)
 Metaspace       used 25116K, committed 25344K, reserved 1114112K
  class space    used 2717K, committed 2816K, reserved 1048576K
}
Event: 10.112 GC heap after
{Heap after GC invocations=21 (full 0):
 garbage-first heap   total 70656K, used 29873K [0x0000000083600000, 0x0000000100000000)
  region size 1024K, 3 young (3072K), 3 survivors (3072K)
 Metaspace       used 25116K, committed 25344K, reserved 1114112K
  class space    used 2717K, committed 2816K, reserved 1048576K
}
Event: 10.113 GC heap before
{Heap before GC invocations=21 (full 0):
 garbage-first heap   total 70656K, used 30897K [0x0000000083600000, 0x0000000100000000)
  region size 1024K, 4 young (4096K), 3 survivors (3072K)
 Metaspace       used 25116K, committed 25344K, reserved 1114112K
  class space    used 2717K, committed 2816K, reserved 1048576K
}
Event: 10.114 GC heap after
{Heap after GC invocations=22 (full 0):
 garbage-first heap   total 70656K, used 30152K [0x0000000083600000, 0x0000000100000000)
  region size 1024K, 1 young (1024K), 1 survivors (1024K)
 Metaspace       used 25116K, committed 25344K, reserved 1114112K
  class space    used 2717K, committed 2816K, reserved 1048576K
}
Event: 10.225 GC heap before
{Heap before GC invocations=22 (full 0):
 garbage-first heap   total 70656K, used 54728K [0x0000000083600000, 0x0000000100000000)
  region size 1024K, 26 young (26624K), 1 survivors (1024K)
 Metaspace       used 25118K, committed 25344K, reserved 1114112K
  class space    used 2717K, committed 2816K, reserved 1048576K
}
Event: 10.226 GC heap after
{Heap after GC invocations=23 (full 0):
 garbage-first heap   total 70656K, used 31720K [0x0000000083600000, 0x0000000100000000)
  region size 1024K, 2 young (2048K), 2 survivors (2048K)
 Metaspace       used 25118K, committed 25344K, reserved 1114112K
  class space    used 2717K, committed 2816K, reserved 1048576K
}
Event: 10.392 GC heap before
{Heap before GC invocations=23 (full 0):
 garbage-first heap   total 70656K, used 55272K [0x0000000083600000, 0x0000000100000000)
  region size 1024K, 26 young (26624K), 2 survivors (2048K)
 Metaspace       used 25122K, committed 25344K, reserved 1114112K
  class space    used 2717K, committed 2816K, reserved 1048576K
}

Dll operation events (20 events):
Event: 8.233 Loaded shared library C:\Users\HP\.javacpp\cache\opencv-4.10.0-1.5.11-windows-x86_64.jar\org\bytedeco\opencv\windows-x86_64\opencv_imgproc4100.dll
Event: 8.271 Loaded shared library C:\Users\HP\.javacpp\cache\opencv-4.10.0-1.5.11-windows-x86_64.jar\org\bytedeco\opencv\windows-x86_64\jniopencv_core.dll
Event: 8.373 Loaded shared library C:\Users\HP\.javacpp\cache\opencv-4.10.0-1.5.11-windows-x86_64.jar\org\bytedeco\opencv\windows-x86_64\jniopencv_imgproc.dll
Event: 8.397 Loaded shared library C:\Users\HP\.javacpp\cache\opencv-4.10.0-1.5.11-windows-x86_64.jar\org\bytedeco\opencv\windows-x86_64\opencv_imgcodecs4100.dll
Event: 8.410 Loaded shared library C:\Users\HP\.javacpp\cache\opencv-4.10.0-1.5.11-windows-x86_64.jar\org\bytedeco\opencv\windows-x86_64\jniopencv_imgcodecs.dll
Event: 8.469 Loaded shared library C:\Users\HP\.javacpp\cache\opencv-4.10.0-1.5.11-windows-x86_64.jar\org\bytedeco\opencv\windows-x86_64\opencv_videoio4100.dll
Event: 8.479 Loaded shared library C:\Users\HP\.javacpp\cache\opencv-4.10.0-1.5.11-windows-x86_64.jar\org\bytedeco\opencv\windows-x86_64\jniopencv_videoio.dll
Event: 8.495 Loaded shared library C:\Users\HP\.javacpp\cache\opencv-4.10.0-1.5.11-windows-x86_64.jar\org\bytedeco\opencv\windows-x86_64\opencv_highgui4100.dll
Event: 8.501 Loaded shared library C:\Users\HP\.javacpp\cache\opencv-4.10.0-1.5.11-windows-x86_64.jar\org\bytedeco\opencv\windows-x86_64\jniopencv_highgui.dll
Event: 8.516 Loaded shared library C:\Users\HP\.javacpp\cache\opencv-4.10.0-1.5.11-windows-x86_64.jar\org\bytedeco\opencv\windows-x86_64\opencv_flann4100.dll
Event: 8.522 Loaded shared library C:\Users\HP\.javacpp\cache\opencv-4.10.0-1.5.11-windows-x86_64.jar\org\bytedeco\opencv\windows-x86_64\jniopencv_flann.dll
Event: 8.539 Loaded shared library C:\Users\HP\.javacpp\cache\opencv-4.10.0-1.5.11-windows-x86_64.jar\org\bytedeco\opencv\windows-x86_64\opencv_features2d4100.dll
Event: 8.546 Loaded shared library C:\Users\HP\.javacpp\cache\opencv-4.10.0-1.5.11-windows-x86_64.jar\org\bytedeco\opencv\windows-x86_64\jniopencv_features2d.dll
Event: 8.572 Loaded shared library C:\Users\HP\.javacpp\cache\opencv-4.10.0-1.5.11-windows-x86_64.jar\org\bytedeco\opencv\windows-x86_64\opencv_calib3d4100.dll
Event: 8.578 Loaded shared library C:\Users\HP\.javacpp\cache\opencv-4.10.0-1.5.11-windows-x86_64.jar\org\bytedeco\opencv\windows-x86_64\jniopencv_calib3d.dll
Event: 8.591 Loaded shared library C:\Users\HP\.javacpp\cache\opencv-4.10.0-1.5.11-windows-x86_64.jar\org\bytedeco\opencv\windows-x86_64\opencv_dnn4100.dll
Event: 8.597 Loaded shared library C:\Users\HP\.javacpp\cache\opencv-4.10.0-1.5.11-windows-x86_64.jar\org\bytedeco\opencv\windows-x86_64\jniopencv_dnn.dll
Event: 8.650 Loaded shared library C:\Users\HP\.javacpp\cache\opencv-4.10.0-1.5.11-windows-x86_64.jar\org\bytedeco\opencv\windows-x86_64\opencv_objdetect4100.dll
Event: 8.656 Loaded shared library C:\Users\HP\.javacpp\cache\opencv-4.10.0-1.5.11-windows-x86_64.jar\org\bytedeco\opencv\windows-x86_64\jniopencv_objdetect.dll
Event: 8.849 Loaded shared library C:\Program Files\Microsoft\jdk-17.0.17.10-hotspot\bin\awt.dll

Deoptimization events (20 events):
Event: 9.216 Thread 0x000001c5be653070 DEOPT PACKING pc=0x000001c5a7968b1d sp=0x00000086da1fed30
Event: 9.216 Thread 0x000001c5be653070 DEOPT UNPACKING pc=0x000001c5ae98ace3 sp=0x00000086da1fe1d0 mode 0
Event: 9.216 Thread 0x000001c5be653070 DEOPT PACKING pc=0x000001c5a796a055 sp=0x00000086da1fec20
Event: 9.216 Thread 0x000001c5be653070 DEOPT UNPACKING pc=0x000001c5ae98ace3 sp=0x00000086da1fe100 mode 0
Event: 9.217 Thread 0x000001c5be653070 DEOPT PACKING pc=0x000001c5a796d509 sp=0x00000086da1fec30
Event: 9.217 Thread 0x000001c5be653070 DEOPT UNPACKING pc=0x000001c5ae98ace3 sp=0x00000086da1fe0f8 mode 0
Event: 9.239 Thread 0x000001c5be653070 DEOPT PACKING pc=0x000001c5a7968b1d sp=0x00000086da1fed30
Event: 9.239 Thread 0x000001c5be653070 DEOPT UNPACKING pc=0x000001c5ae98ace3 sp=0x00000086da1fe1d0 mode 0
Event: 9.239 Thread 0x000001c5be653070 DEOPT PACKING pc=0x000001c5a796a055 sp=0x00000086da1fec20
Event: 9.239 Thread 0x000001c5be653070 DEOPT UNPACKING pc=0x000001c5ae98ace3 sp=0x00000086da1fe100 mode 0
Event: 9.269 Thread 0x000001c5be653070 DEOPT PACKING pc=0x000001c5a795ca34 sp=0x00000086da1fee80
Event: 9.269 Thread 0x000001c5be653070 DEOPT UNPACKING pc=0x000001c5ae98ace3 sp=0x00000086da1fe330 mode 0
Event: 9.484 Thread 0x000001c5be653070 DEOPT PACKING pc=0x000001c5a7976f3d sp=0x00000086da1fee30
Event: 9.484 Thread 0x000001c5be653070 DEOPT UNPACKING pc=0x000001c5ae98ace3 sp=0x00000086da1fe310 mode 0
Event: 9.485 Thread 0x000001c5be653070 DEOPT PACKING pc=0x000001c5a79755c6 sp=0x00000086da1fed10
Event: 9.485 Thread 0x000001c5be653070 DEOPT UNPACKING pc=0x000001c5ae98ace3 sp=0x00000086da1fe198 mode 0
Event: 9.542 Thread 0x000001c5be653070 DEOPT PACKING pc=0x000001c5a7976f3d sp=0x00000086da1fee30
Event: 9.542 Thread 0x000001c5be653070 DEOPT UNPACKING pc=0x000001c5ae98ace3 sp=0x00000086da1fe310 mode 0
Event: 9.542 Thread 0x000001c5be653070 DEOPT PACKING pc=0x000001c5a79755c6 sp=0x00000086da1fed10
Event: 9.542 Thread 0x000001c5be653070 DEOPT UNPACKING pc=0x000001c5ae98ace3 sp=0x00000086da1fe198 mode 0

Classes loaded (20 events):
Event: 8.878 Loading class java/awt/color/ICC_Profile
Event: 8.879 Loading class java/awt/color/ICC_Profile done
Event: 8.879 Loading class java/awt/color/ICC_Profile$BuiltInProfile
Event: 8.879 Loading class java/awt/color/ICC_Profile$BuiltInProfile done
Event: 8.879 Loading class java/awt/color/ICC_ProfileRGB
Event: 8.879 Loading class java/awt/color/ICC_ProfileRGB done
Event: 8.879 Loading class sun/java2d/cmm/ProfileDeferralInfo
Event: 8.879 Loading class sun/java2d/cmm/ProfileDeferralInfo done
Event: 8.879 Loading class java/awt/color/ICC_ProfileGray
Event: 8.879 Loading class java/awt/color/ICC_ProfileGray done
Event: 8.882 Loading class java/awt/image/DataBufferByte
Event: 8.882 Loading class java/awt/image/DataBufferByte done
Event: 8.888 Loading class java/util/concurrent/SynchronousQueue
Event: 8.888 Loading class java/util/concurrent/SynchronousQueue done
Event: 8.888 Loading class java/util/concurrent/SynchronousQueue$TransferStack
Event: 8.888 Loading class java/util/concurrent/SynchronousQueue$Transferer
Event: 8.888 Loading class java/util/concurrent/SynchronousQueue$Transferer done
Event: 8.888 Loading class java/util/concurrent/SynchronousQueue$TransferStack done
Event: 8.888 Loading class java/util/concurrent/SynchronousQueue$TransferStack$SNode
Event: 8.888 Loading class java/util/concurrent/SynchronousQueue$TransferStack$SNode done

Classes unloaded (0 events):
No events

Classes redefined (0 events):
No events

Internal exceptions (20 events):
Event: 1.577 Thread 0x000001c5be652140 Exception <a 'java/lang/NoSuchMethodError'{0x000000008a419e08}: 'void java.lang.invoke.DirectMethodHandle$Holder.invokeStaticInit(java.lang.Object, java.lang.Object)'> (0x000000008a419e08) 
thrown [s\src\hotspot\share\interpreter\linkResolver.cpp, line 759]
Event: 1.582 Thread 0x000001c5be652140 Exception <a 'java/lang/NoSuchMethodError'{0x000000008a44f0e0}: 'void java.lang.invoke.DirectMethodHandle$Holder.invokeSpecial(java.lang.Object, java.lang.Object, java.lang.Object, java.lang.Object, java.lang.Object)'> (0x000000008a44f0e0) 
thrown [s\src\hotspot\share\interpreter\linkResolver.cpp, line 759]
Event: 1.743 Thread 0x000001c5be652140 Implicit null exception at 0x000001c5aef43b91 to 0x000001c5aef43d6c
Event: 1.745 Thread 0x000001c5be652140 Implicit null exception at 0x000001c5aef4290c to 0x000001c5aef42ad8
Event: 1.746 Thread 0x000001c5be652140 Implicit null exception at 0x000001c5aeef132f to 0x000001c5aeef13a9
Event: 1.957 Thread 0x000001c5be652140 Exception <a 'java/lang/NoSuchMethodError'{0x000000008979c8d8}: 'java.lang.Object java.lang.invoke.DirectMethodHandle$Holder.invokeInterface(java.lang.Object, java.lang.Object, java.lang.Object)'> (0x000000008979c8d8) 
thrown [s\src\hotspot\share\interpreter\linkResolver.cpp, line 759]
Event: 1.958 Thread 0x000001c5be652140 Exception <a 'java/lang/IncompatibleClassChangeError'{0x00000000897a0260}: Found class java.lang.Object, but interface was expected> (0x00000000897a0260) 
thrown [s\src\hotspot\share\interpreter\linkResolver.cpp, line 826]
Event: 2.160 Thread 0x000001c5be652140 Exception <a 'java/lang/NoSuchMethodError'{0x00000000892999d0}: 'java.lang.Object java.lang.invoke.DirectMethodHandle$Holder.newInvokeSpecial(java.lang.Object, java.lang.Object, int)'> (0x00000000892999d0) 
thrown [s\src\hotspot\share\interpreter\linkResolver.cpp, line 759]
Event: 2.251 Thread 0x000001c5be651720 Exception <a 'java/lang/NoSuchMethodError'{0x000000008b31a4a8}: 'int java.lang.invoke.DirectMethodHandle$Holder.invokeStaticInit(java.lang.Object, java.lang.Object)'> (0x000000008b31a4a8) 
thrown [s\src\hotspot\share\interpreter\linkResolver.cpp, line 759]
Event: 5.257 Thread 0x000001c5be652140 Exception <a 'java/lang/NoSuchMethodError'{0x000000008aedee58}: 'long java.lang.invoke.DirectMethodHandle$Holder.invokeStatic(java.lang.Object, java.lang.Object, java.lang.Object)'> (0x000000008aedee58) 
thrown [s\src\hotspot\share\interpreter\linkResolver.cpp, line 759]
Event: 5.257 Thread 0x000001c5be652140 Exception <a 'java/lang/NoSuchMethodError'{0x000000008aee2600}: 'long java.lang.invoke.DirectMethodHandle$Holder.invokeStaticInit(java.lang.Object, java.lang.Object, java.lang.Object)'> (0x000000008aee2600) 
thrown [s\src\hotspot\share\interpreter\linkResolver.cpp, line 759]
Event: 5.259 Thread 0x000001c5be652140 Exception <a 'java/lang/NoSuchMethodError'{0x000000008aefa188}: 'java.lang.Object java.lang.invoke.DirectMethodHandle$Holder.newInvokeSpecial(java.lang.Object, java.lang.Object, long)'> (0x000000008aefa188) 
thrown [s\src\hotspot\share\interpreter\linkResolver.cpp, line 759]
Event: 5.260 Thread 0x000001c5be652140 Exception <a 'java/lang/NoSuchMethodError'{0x000000008aefdcf8}: 'java.lang.Object java.lang.invoke.Invokers$Holder.linkToTargetMethod(java.lang.Object, long, java.lang.Object)'> (0x000000008aefdcf8) 
thrown [s\src\hotspot\share\interpreter\linkResolver.cpp, line 759]
Event: 5.483 Thread 0x000001c5be652140 Exception <a 'java/lang/NoSuchMethodError'{0x000000008adc32f8}: 'void java.lang.invoke.DirectMethodHandle$Holder.invokeVirtual(java.lang.Object, java.lang.Object)'> (0x000000008adc32f8) 
thrown [s\src\hotspot\share\interpreter\linkResolver.cpp, line 759]
Event: 5.519 Thread 0x000001c5be653070 Exception <a 'java/lang/NoSuchMethodError'{0x000000008aa3b680}: 'int java.lang.invoke.DirectMethodHandle$Holder.invokeStaticInit(java.lang.Object, java.lang.Object, java.lang.Object, java.lang.Object)'> (0x000000008aa3b680) 
thrown [s\src\hotspot\share\interpreter\linkResolver.cpp, line 759]
Event: 5.521 Thread 0x000001c5be653070 Exception <a 'java/lang/NoSuchMethodError'{0x000000008aa448f0}: 'java.lang.Object java.lang.invoke.DirectMethodHandle$Holder.invokeInterface(java.lang.Object, java.lang.Object)'> (0x000000008aa448f0) 
thrown [s\src\hotspot\share\interpreter\linkResolver.cpp, line 759]
Event: 5.521 Thread 0x000001c5be653070 Exception <a 'java/lang/IncompatibleClassChangeError'{0x000000008aa47e40}: Found class java.lang.Object, but interface was expected> (0x000000008aa47e40) 
thrown [s\src\hotspot\share\interpreter\linkResolver.cpp, line 826]
Event: 8.844 Thread 0x000001c5be653070 Exception <a 'java/lang/ClassNotFoundException'{0x0000000085199d18}: sun/awt/resources/spi/awtProvider> (0x0000000085199d18) 
thrown [s\src\hotspot\share\classfile\systemDictionary.cpp, line 256]
Event: 8.850 Thread 0x000001c5be653070 Exception <a 'java/io/FileNotFoundException'{0x000000008519ce10}> (0x000000008519ce10) 
thrown [s\src\hotspot\share\prims\jni.cpp, line 516]
Event: 8.850 Thread 0x000001c5be653070 Exception <a 'java/io/FileNotFoundException'{0x000000008519e310}> (0x000000008519e310) 
thrown [s\src\hotspot\share\prims\jni.cpp, line 516]

VM Operations (20 events):
Event: 9.652 Executing VM operation: G1CollectForAllocation done
Event: 9.752 Executing VM operation: G1CollectForAllocation
Event: 9.754 Executing VM operation: G1CollectForAllocation done
Event: 9.854 Executing VM operation: G1CollectForAllocation
Event: 9.855 Executing VM operation: G1CollectForAllocation done
Event: 9.928 Executing VM operation: G1CollectForAllocation
Event: 9.929 Executing VM operation: G1CollectForAllocation done
Event: 9.988 Executing VM operation: G1CollectForAllocation
Event: 9.989 Executing VM operation: G1CollectForAllocation done
Event: 9.998 Executing VM operation: G1PauseRemark
Event: 9.999 Executing VM operation: G1PauseRemark done
Event: 10.005 Executing VM operation: G1PauseCleanup
Event: 10.005 Executing VM operation: G1PauseCleanup done
Event: 10.111 Executing VM operation: G1CollectForAllocation
Event: 10.112 Executing VM operation: G1CollectForAllocation done
Event: 10.113 Executing VM operation: G1CollectForAllocation
Event: 10.114 Executing VM operation: G1CollectForAllocation done
Event: 10.225 Executing VM operation: G1CollectForAllocation
Event: 10.226 Executing VM operation: G1CollectForAllocation done
Event: 10.392 Executing VM operation: G1CollectForAllocation

Memory protections (0 events):
No events

Nmethod flushes (0 events):
No events

Events (20 events):
Event: 2.351 Thread 0x000001c5be651720 Thread added: 0x000001c5be652650
Event: 3.159 Thread 0x000001c608f49030 Thread exited: 0x000001c608f49030
Event: 5.483 Thread 0x000001c5be652140 Thread added: 0x000001c5be653070
Event: 5.524 Thread 0x000001c5be3996c0 Thread added: 0x000001c609d47ce0
Event: 6.830 Thread 0x000001c609d47ce0 Thread exited: 0x000001c609d47ce0
Event: 7.729 Thread 0x000001c5be396cb0 Thread added: 0x000001c5bedfb280
Event: 7.763 Thread 0x000001c5be653070 Thread added: 0x000001c5be653580
Event: 8.265 Thread 0x000001c5bedfb280 Thread exited: 0x000001c5bedfb280
Event: 8.436 Thread 0x000001c5be3996c0 Thread added: 0x000001c6098d2090
Event: 8.814 Thread 0x000001c6098d2090 Thread exited: 0x000001c6098d2090
Event: 8.888 Thread 0x000001c5be653070 Thread added: 0x000001c60a7b3e50
Event: 8.888 Thread 0x000001c5be653070 Thread added: 0x000001c60a7b5290
Event: 8.888 Thread 0x000001c5be653070 Thread added: 0x000001c60a7b3940
Event: 8.889 Thread 0x000001c5be653070 Thread added: 0x000001c60a7b4360
Event: 8.889 Thread 0x000001c5be653070 Thread added: 0x000001c60a7b2a10
Event: 8.891 Thread 0x000001c5be653070 Thread added: 0x000001c60a7b4870
Event: 8.891 Thread 0x000001c5be653070 Thread added: 0x000001c60a7b1ae0
Event: 8.891 Thread 0x000001c5be653070 Thread added: 0x000001c60a7b1ff0
Event: 8.982 Thread 0x000001c5be3996c0 Thread added: 0x000001c6098d2090
Event: 9.649 Thread 0x000001c6098d2090 Thread exited: 0x000001c6098d2090


Dynamic libraries:
0x00007ff677b60000 - 0x00007ff677b6e000 	C:\Program Files\Microsoft\jdk-17.0.17.10-hotspot\bin\java.exe
0x00007ffe70070000 - 0x00007ffe70286000 	C:\WINDOWS\SYSTEM32\ntdll.dll
0x00007ffe6fe80000 - 0x00007ffe6ff44000 	C:\WINDOWS\System32\KERNEL32.DLL
0x00007ffe6d380000 - 0x00007ffe6d726000 	C:\WINDOWS\System32\KERNELBASE.dll
0x00007ffe6d8c0000 - 0x00007ffe6d9d1000 	C:\WINDOWS\System32\ucrtbase.dll
0x00007ffe4bc40000 - 0x00007ffe4bc58000 	C:\Program Files\Microsoft\jdk-17.0.17.10-hotspot\bin\jli.dll
0x00007ffe4bc60000 - 0x00007ffe4bc7e000 	C:\Program Files\Microsoft\jdk-17.0.17.10-hotspot\bin\VCRUNTIME140.dll
0x00007ffe6e0e0000 - 0x00007ffe6e28d000 	C:\WINDOWS\System32\USER32.dll
0x00007ffe6da60000 - 0x00007ffe6da86000 	C:\WINDOWS\System32\win32u.dll
0x00007ffe4d790000 - 0x00007ffe4da23000 	C:\WINDOWS\WinSxS\amd64_microsoft.windows.common-controls_6595b64144ccf1df_6.0.22621.3235_none_270f74e173860f98\COMCTL32.dll
0x00007ffe6f280000 - 0x00007ffe6f2a9000 	C:\WINDOWS\System32\GDI32.dll
0x00007ffe6ff50000 - 0x00007ffe6fff7000 	C:\WINDOWS\System32\msvcrt.dll
0x00007ffe6dc00000 - 0x00007ffe6dd18000 	C:\WINDOWS\System32\gdi32full.dll
0x00007ffe6d730000 - 0x00007ffe6d7ca000 	C:\WINDOWS\System32\msvcp_win.dll
0x00007ffe6de00000 - 0x00007ffe6de31000 	C:\WINDOWS\System32\IMM32.DLL
0x00007ffe64f10000 - 0x00007ffe64f1c000 	C:\Program Files\Microsoft\jdk-17.0.17.10-hotspot\bin\vcruntime140_1.dll
0x00007ffe41d80000 - 0x00007ffe41e09000 	C:\Program Files\Microsoft\jdk-17.0.17.10-hotspot\bin\msvcp140.dll
0x00007ffe09840000 - 0x00007ffe0a4ba000 	C:\Program Files\Microsoft\jdk-17.0.17.10-hotspot\bin\server\jvm.dll
0x00007ffe6f790000 - 0x00007ffe6f842000 	C:\WINDOWS\System32\ADVAPI32.dll
0x00007ffe6fdd0000 - 0x00007ffe6fe78000 	C:\WINDOWS\System32\sechost.dll
0x00007ffe6d7d0000 - 0x00007ffe6d7f8000 	C:\WINDOWS\System32\bcrypt.dll
0x00007ffe6f5a0000 - 0x00007ffe6f6b5000 	C:\WINDOWS\System32\RPCRT4.dll
0x00007ffe6f200000 - 0x00007ffe6f271000 	C:\WINDOWS\System32\WS2_32.dll
0x00007ffe6d250000 - 0x00007ffe6d29d000 	C:\WINDOWS\SYSTEM32\POWRPROF.dll
0x00007ffe62890000 - 0x00007ffe628c4000 	C:\WINDOWS\SYSTEM32\WINMM.dll
0x00007ffe5ff00000 - 0x00007ffe5ff0a000 	C:\WINDOWS\SYSTEM32\VERSION.dll
0x00007ffe6d230000 - 0x00007ffe6d243000 	C:\WINDOWS\SYSTEM32\UMPDC.dll
0x00007ffe6c3c0000 - 0x00007ffe6c3d8000 	C:\WINDOWS\SYSTEM32\kernel.appcore.dll
0x00007ffe56350000 - 0x00007ffe5635a000 	C:\Program Files\Microsoft\jdk-17.0.17.10-hotspot\bin\jimage.dll
0x00007ffe67260000 - 0x00007ffe67493000 	C:\WINDOWS\SYSTEM32\DBGHELP.DLL
0x00007ffe6ed00000 - 0x00007ffe6f088000 	C:\WINDOWS\System32\combase.dll
0x00007ffe6de40000 - 0x00007ffe6df17000 	C:\WINDOWS\System32\OLEAUT32.dll
0x00007ffe4e9d0000 - 0x00007ffe4ea02000 	C:\WINDOWS\SYSTEM32\dbgcore.DLL
0x00007ffe6d9e0000 - 0x00007ffe6da5a000 	C:\WINDOWS\System32\bcryptPrimitives.dll
0x00007ffe41d50000 - 0x00007ffe41d76000 	C:\Program Files\Microsoft\jdk-17.0.17.10-hotspot\bin\java.dll
0x00007ffe41c70000 - 0x00007ffe41d46000 	C:\Program Files\Microsoft\jdk-17.0.17.10-hotspot\bin\jsvml.dll
0x00007ffe6e450000 - 0x00007ffe6ecad000 	C:\WINDOWS\System32\SHELL32.dll
0x00007ffe6b2e0000 - 0x00007ffe6bbd8000 	C:\WINDOWS\SYSTEM32\windows.storage.dll
0x00007ffe6b1a0000 - 0x00007ffe6b2de000 	C:\WINDOWS\SYSTEM32\wintypes.dll
0x00007ffe6f4a0000 - 0x00007ffe6f593000 	C:\WINDOWS\System32\SHCORE.dll
0x00007ffe6f440000 - 0x00007ffe6f49e000 	C:\WINDOWS\System32\shlwapi.dll
0x00007ffe6d2b0000 - 0x00007ffe6d2d6000 	C:\WINDOWS\SYSTEM32\profapi.dll
0x00007ffe4bc20000 - 0x00007ffe4bc3b000 	C:\Program Files\Microsoft\jdk-17.0.17.10-hotspot\bin\net.dll
0x00007ffe62af0000 - 0x00007ffe62c27000 	C:\WINDOWS\SYSTEM32\WINHTTP.dll
0x00007ffe6c840000 - 0x00007ffe6c8a9000 	C:\WINDOWS\system32\mswsock.dll
0x00007ffe4b950000 - 0x00007ffe4b966000 	C:\Program Files\Microsoft\jdk-17.0.17.10-hotspot\bin\nio.dll
0x00007ffe41c50000 - 0x00007ffe41c68000 	C:\Program Files\Microsoft\jdk-17.0.17.10-hotspot\bin\zip.dll
0x000001c604000000 - 0x000001c604003000 	C:\Users\HP\.openjfx\cache\17.0.2-ea\api-ms-win-core-console-l1-1-0.dll
0x000001c604010000 - 0x000001c604013000 	C:\Users\HP\.openjfx\cache\17.0.2-ea\api-ms-win-core-console-l1-2-0.dll
0x000001c604020000 - 0x000001c604023000 	C:\Users\HP\.openjfx\cache\17.0.2-ea\api-ms-win-core-datetime-l1-1-0.dll
0x000001c604030000 - 0x000001c604033000 	C:\Users\HP\.openjfx\cache\17.0.2-ea\api-ms-win-core-debug-l1-1-0.dll
0x000001c604040000 - 0x000001c604043000 	C:\Users\HP\.openjfx\cache\17.0.2-ea\api-ms-win-core-errorhandling-l1-1-0.dll
0x000001c604050000 - 0x000001c604054000 	C:\Users\HP\.openjfx\cache\17.0.2-ea\api-ms-win-core-file-l1-1-0.dll
0x000001c604060000 - 0x000001c604063000 	C:\Users\HP\.openjfx\cache\17.0.2-ea\api-ms-win-core-file-l1-2-0.dll
0x000001c604070000 - 0x000001c604073000 	C:\Users\HP\.openjfx\cache\17.0.2-ea\api-ms-win-core-file-l2-1-0.dll
0x000001c604080000 - 0x000001c604083000 	C:\Users\HP\.openjfx\cache\17.0.2-ea\api-ms-win-core-handle-l1-1-0.dll
0x000001c604090000 - 0x000001c604093000 	C:\Users\HP\.openjfx\cache\17.0.2-ea\api-ms-win-core-heap-l1-1-0.dll
0x000001c6040a0000 - 0x000001c6040a3000 	C:\Users\HP\.openjfx\cache\17.0.2-ea\api-ms-win-core-interlocked-l1-1-0.dll
0x000001c6040b0000 - 0x000001c6040b3000 	C:\Users\HP\.openjfx\cache\17.0.2-ea\api-ms-win-core-libraryloader-l1-1-0.dll
0x000001c6040c0000 - 0x000001c6040c3000 	C:\Users\HP\.openjfx\cache\17.0.2-ea\api-ms-win-core-localization-l1-2-0.dll
0x000001c6040d0000 - 0x000001c6040d3000 	C:\Users\HP\.openjfx\cache\17.0.2-ea\api-ms-win-core-memory-l1-1-0.dll
0x000001c6040e0000 - 0x000001c6040e3000 	C:\Users\HP\.openjfx\cache\17.0.2-ea\api-ms-win-core-namedpipe-l1-1-0.dll
0x000001c6040f0000 - 0x000001c6040f3000 	C:\Users\HP\.openjfx\cache\17.0.2-ea\api-ms-win-core-processenvironment-l1-1-0.dll
0x000001c604100000 - 0x000001c604103000 	C:\Users\HP\.openjfx\cache\17.0.2-ea\api-ms-win-core-processthreads-l1-1-0.dll
0x000001c604110000 - 0x000001c604113000 	C:\Users\HP\.openjfx\cache\17.0.2-ea\api-ms-win-core-processthreads-l1-1-1.dll
0x000001c604120000 - 0x000001c604123000 	C:\Users\HP\.openjfx\cache\17.0.2-ea\api-ms-win-core-profile-l1-1-0.dll
0x000001c604130000 - 0x000001c604133000 	C:\Users\HP\.openjfx\cache\17.0.2-ea\api-ms-win-core-rtlsupport-l1-1-0.dll
0x000001c604140000 - 0x000001c604143000 	C:\Users\HP\.openjfx\cache\17.0.2-ea\api-ms-win-core-string-l1-1-0.dll
0x000001c604150000 - 0x000001c604153000 	C:\Users\HP\.openjfx\cache\17.0.2-ea\api-ms-win-core-synch-l1-1-0.dll
0x000001c604160000 - 0x000001c604163000 	C:\Users\HP\.openjfx\cache\17.0.2-ea\api-ms-win-core-synch-l1-2-0.dll
0x000001c604170000 - 0x000001c604173000 	C:\Users\HP\.openjfx\cache\17.0.2-ea\api-ms-win-core-sysinfo-l1-1-0.dll
0x000001c604180000 - 0x000001c604183000 	C:\Users\HP\.openjfx\cache\17.0.2-ea\api-ms-win-core-timezone-l1-1-0.dll
0x000001c604190000 - 0x000001c604193000 	C:\Users\HP\.openjfx\cache\17.0.2-ea\api-ms-win-core-util-l1-1-0.dll
0x000001c6041a0000 - 0x000001c6041a3000 	C:\Users\HP\.openjfx\cache\17.0.2-ea\api-ms-win-crt-conio-l1-1-0.dll
0x000001c6041b0000 - 0x000001c6041b4000 	C:\Users\HP\.openjfx\cache\17.0.2-ea\api-ms-win-crt-convert-l1-1-0.dll
0x000001c6041c0000 - 0x000001c6041c3000 	C:\Users\HP\.openjfx\cache\17.0.2-ea\api-ms-win-crt-environment-l1-1-0.dll
0x000001c6041d0000 - 0x000001c6041d3000 	C:\Users\HP\.openjfx\cache\17.0.2-ea\api-ms-win-crt-filesystem-l1-1-0.dll
0x000001c6041e0000 - 0x000001c6041e3000 	C:\Users\HP\.openjfx\cache\17.0.2-ea\api-ms-win-crt-heap-l1-1-0.dll
0x000001c6041f0000 - 0x000001c6041f3000 	C:\Users\HP\.openjfx\cache\17.0.2-ea\api-ms-win-crt-locale-l1-1-0.dll
0x000001c604200000 - 0x000001c604205000 	C:\Users\HP\.openjfx\cache\17.0.2-ea\api-ms-win-crt-math-l1-1-0.dll
0x000001c604210000 - 0x000001c604215000 	C:\Users\HP\.openjfx\cache\17.0.2-ea\api-ms-win-crt-multibyte-l1-1-0.dll
0x000001c604220000 - 0x000001c604230000 	C:\Users\HP\.openjfx\cache\17.0.2-ea\api-ms-win-crt-private-l1-1-0.dll
0x000001c604230000 - 0x000001c604233000 	C:\Users\HP\.openjfx\cache\17.0.2-ea\api-ms-win-crt-process-l1-1-0.dll
0x000001c604240000 - 0x000001c604244000 	C:\Users\HP\.openjfx\cache\17.0.2-ea\api-ms-win-crt-runtime-l1-1-0.dll
0x000001c604250000 - 0x000001c604254000 	C:\Users\HP\.openjfx\cache\17.0.2-ea\api-ms-win-crt-stdio-l1-1-0.dll
0x000001c604260000 - 0x000001c604264000 	C:\Users\HP\.openjfx\cache\17.0.2-ea\api-ms-win-crt-string-l1-1-0.dll
0x000001c604270000 - 0x000001c604273000 	C:\Users\HP\.openjfx\cache\17.0.2-ea\api-ms-win-crt-time-l1-1-0.dll
0x000001c604280000 - 0x000001c604283000 	C:\Users\HP\.openjfx\cache\17.0.2-ea\api-ms-win-crt-utility-l1-1-0.dll
0x00007ffe3ec00000 - 0x00007ffe3ecfc000 	C:\Users\HP\.openjfx\cache\17.0.2-ea\ucrtbase.dll
0x00007ffe41be0000 - 0x00007ffe41bfa000 	C:\Users\HP\.openjfx\cache\17.0.2-ea\vcruntime140.dll
0x00007ffe49490000 - 0x00007ffe4949c000 	C:\Users\HP\.openjfx\cache\17.0.2-ea\vcruntime140_1.dll
0x00007ffe3eb70000 - 0x00007ffe3ebfd000 	C:\Users\HP\.openjfx\cache\17.0.2-ea\msvcp140.dll
0x00007ffe41bb0000 - 0x00007ffe41bda000 	C:\Users\HP\.openjfx\cache\17.0.2-ea\prism_d3d.dll
0x00007ffe177f0000 - 0x00007ffe17999000 	C:\WINDOWS\system32\d3d9.dll
0x00007ffe677d0000 - 0x00007ffe677fb000 	C:\WINDOWS\SYSTEM32\dwmapi.dll
0x00007ffe674a0000 - 0x00007ffe674d9000 	C:\WINDOWS\SYSTEM32\dxcore.dll
0x00007ffe670b0000 - 0x00007ffe6715b000 	C:\WINDOWS\system32\uxtheme.dll
0x00007ffe251c0000 - 0x00007ffe2536c000 	C:\WINDOWS\System32\DriverStore\FileRepository\iigd_dch.inf_amd64_9b53505f87f3498b\igdumdim64.dll
0x00007ffe6df20000 - 0x00007ffe6e0bf000 	C:\WINDOWS\System32\ole32.dll
0x00007ffdbe990000 - 0x00007ffdc31f4000 	C:\WINDOWS\System32\DriverStore\FileRepository\iigd_dch.inf_amd64_9b53505f87f3498b\igd9dxva64.dll
0x00007ffe6f8b0000 - 0x00007ffe6fd24000 	C:\WINDOWS\System32\SETUPAPI.dll
0x00007ffe6cf80000 - 0x00007ffe6cfce000 	C:\WINDOWS\SYSTEM32\cfgmgr32.dll
0x00007ffe5d860000 - 0x00007ffe5dc69000 	C:\WINDOWS\System32\DriverStore\FileRepository\iigd_dch.inf_amd64_9b53505f87f3498b\igdgmm64.dll
0x00007ffe62c30000 - 0x00007ffe62c7a000 	C:\WINDOWS\SYSTEM32\directxdatabasehelper.dll
0x00007ffe419d0000 - 0x00007ffe41a12000 	C:\Users\HP\.openjfx\cache\17.0.2-ea\glass.dll
0x00007ffe6f2b0000 - 0x00007ffe6f3a9000 	C:\WINDOWS\System32\COMDLG32.dll
0x00007ffe6f0a0000 - 0x00007ffe6f1f4000 	C:\WINDOWS\System32\MSCTF.dll
0x00007ffe0cad0000 - 0x00007ffe0caf7000 	C:\WINDOWS\System32\DriverStore\FileRepository\iigd_dch.inf_amd64_9b53505f87f3498b\igdinfo64.dll
0x00007ffe58fd0000 - 0x00007ffe5d654000 	C:\WINDOWS\System32\DriverStore\FileRepository\iigd_dch.inf_amd64_9b53505f87f3498b\igc64.dll
0x00007ffe41b90000 - 0x00007ffe41ba4000 	C:\Users\HP\.openjfx\cache\17.0.2-ea\javafx_font.dll
0x00007ffe659a0000 - 0x00007ffe65c14000 	C:\WINDOWS\SYSTEM32\dwrite.dll
0x00007ffe6f6c0000 - 0x00007ffe6f770000 	C:\WINDOWS\System32\clbcatq.dll
0x00007ffe65740000 - 0x00007ffe658f0000 	C:\WINDOWS\SYSTEM32\WindowsCodecs.dll
0x00007ffe3d350000 - 0x00007ffe3d3ae000 	C:\WINDOWS\system32\dataexchange.dll
0x00007ffe60570000 - 0x00007ffe607ff000 	C:\WINDOWS\system32\twinapi.appcore.dll
0x00007ffe639f0000 - 0x00007ffe63a22000 	C:\Program Files\Common Files\Microsoft Shared\Ink\rtscom.dll
0x00007ffe50b20000 - 0x00007ffe50c6a000 	C:\WINDOWS\SYSTEM32\textinputframework.dll
0x00007ffe66ae0000 - 0x00007ffe66c14000 	C:\WINDOWS\SYSTEM32\CoreMessaging.dll
0x00007ffe61940000 - 0x00007ffe61cac000 	C:\WINDOWS\SYSTEM32\CoreUIComponents.dll
0x00007ffe6ca90000 - 0x00007ffe6ca9c000 	C:\WINDOWS\SYSTEM32\CRYPTBASE.DLL
0x000001c60ada0000 - 0x000001c60ada4000 	C:\Program Files\Microsoft\jdk-17.0.17.10-hotspot\bin\api-ms-win-crt-locale-l1-1-0.dll
0x000001c60adb0000 - 0x000001c60adb5000 	C:\Program Files\Microsoft\jdk-17.0.17.10-hotspot\bin\api-ms-win-crt-string-l1-1-0.dll
0x000001c60adc0000 - 0x000001c60adc5000 	C:\Program Files\Microsoft\jdk-17.0.17.10-hotspot\bin\api-ms-win-crt-stdio-l1-1-0.dll
0x000001c60add0000 - 0x000001c60add6000 	C:\Program Files\Microsoft\jdk-17.0.17.10-hotspot\bin\api-ms-win-crt-math-l1-1-0.dll
0x000001c60ade0000 - 0x000001c60ade4000 	C:\Program Files\Microsoft\jdk-17.0.17.10-hotspot\bin\api-ms-win-crt-heap-l1-1-0.dll
0x000001c60adf0000 - 0x000001c60adf5000 	C:\Program Files\Microsoft\jdk-17.0.17.10-hotspot\bin\api-ms-win-crt-runtime-l1-1-0.dll
0x000001c60ae20000 - 0x000001c60ae25000 	C:\Program Files\Microsoft\jdk-17.0.17.10-hotspot\bin\api-ms-win-crt-convert-l1-1-0.dll
0x000001c60ae30000 - 0x000001c60ae34000 	C:\Program Files\Microsoft\jdk-17.0.17.10-hotspot\bin\api-ms-win-crt-environment-l1-1-0.dll

dbghelp: loaded successfully - version: 4.0.5 - missing functions: none
symbol engine: initialized successfully - sym options: 0x614 - pdb path: .;C:\Program Files\Microsoft\jdk-17.0.17.10-hotspot\bin;C:\WINDOWS\SYSTEM32;C:\WINDOWS\WinSxS\amd64_microsoft.windows.common-controls_6595b64144ccf1df_6.0.22621.3235_none_270f74e173860f98;C:\Program Files\Microsoft\jdk-17.0.17.10-hotspot\bin\server;C:\Users\HP\.openjfx\cache\17.0.2-ea;C:\WINDOWS\System32\DriverStore\FileRepository\iigd_dch.inf_amd64_9b53505f87f3498b;C:\Program Files\Common Files\Microsoft Shared\Ink;C:\Users\HP\.javacpp\cache\openblas-0.3.28-1.5.11-windows-x86_64.jar\org\bytedeco\openblas\windows-x86_64;C:\Users\HP\.javacpp\cache\javacpp-1.5.11-windows-x86_64.jar\org\bytedeco\javacpp\windows-x86_64;C:\Users\HP\.javacpp\cache\opencv-4.10.0-1.5.11-windows-x86_64.jar\org\bytedeco\opencv\windows-x86_64

VM Arguments:
jvm_args: --module-path=C:\Users\HP\.m2\repository\org\openjfx\javafx-base\17.0.2\javafx-base-17.0.2-win.jar;C:\Users\HP\.m2\repository\org\openjfx\javafx-base\17.0.2\javafx-base-17.0.2.jar;C:\Users\HP\.m2\repository\org\openjfx\javafx-controls\17.0.2\javafx-controls-17.0.2-win.jar;C:\Users\HP\.m2\repository\org\openjfx\javafx-controls\17.0.2\javafx-controls-17.0.2.jar;C:\Users\HP\.m2\repository\org\openjfx\javafx-fxml\17.0.2\javafx-fxml-17.0.2-win.jar;C:\Users\HP\.m2\repository\org\openjfx\javafx-fxml\17.0.2\javafx-fxml-17.0.2.jar;C:\Users\HP\.m2\repository\org\openjfx\javafx-graphics\17.0.2\javafx-graphics-17.0.2-win.jar;C:\Users\HP\.m2\repository\org\openjfx\javafx-graphics\17.0.2\javafx-graphics-17.0.2.jar --add-modules=javafx.base,javafx.controls,javafx.fxml,javafx.graphics 
java_command: tech.HTECH.ui.AppJavaFX
java_class_path (initial): D:\Dossier Harold\CompFaceModule\target\classes;C:\Users\HP\.m2\repository\ch\qos\logback\logback-classic\1.5.8\logback-classic-1.5.8.jar;C:\Users\HP\.m2\repository\ch\qos\logback\logback-core\1.5.8\logback-core-1.5.8.jar;C:\Users\HP\.m2\repository\net\imagej\ij\1.53f\ij-1.53f.jar;C:\Users\HP\.m2\repository\org\bytedeco\artoolkitplus\2.3.1-1.5.9\artoolkitplus-2.3.1-1.5.9-android-arm.jar;C:\Users\HP\.m2\repository\org\bytedeco\artoolkitplus\2.3.1-1.5.9\artoolkitplus-2.3.1-1.5.9-android-arm64.jar;C:\Users\HP\.m2\repository\org\bytedeco\artoolkitplus\2.3.1-1.5.9\artoolkitplus-2.3.1-1.5.9-android-x86.jar;C:\Users\HP\.m2\repository\org\bytedeco\artoolkitplus\2.3.1-1.5.9\artoolkitplus-2.3.1-1.5.9-android-x86_64.jar;C:\Users\HP\.m2\repository\org\bytedeco\artoolkitplus\2.3.1-1.5.9\artoolkitplus-2.3.1-1.5.9-linux-arm64.jar;C:\Users\HP\.m2\repository\org\bytedeco\artoolkitplus\2.3.1-1.5.9\artoolkitplus-2.3.1-1.5.9-linux-armhf.jar;C:\Users\HP\.m2\repository\org\bytedeco\artoolkitplus\2.3.1-1.5.9\artoolkitplus-2.3.1-1.5.9-linux-ppc64le.jar;C:\Users\HP\.m2\repository\org\bytedeco\artoolkitplus\2.3.1-1.5.9\artoolkitplus-2.3.1-1.5.9-linux-x86.jar;C:\Users\HP\.m2\repository\org\bytedeco\artoolkitplus\2.3.1-1.5.9\artoolkitplus-2.3.1-1.5.9-linux-x86_64.jar;C:\Users\HP\.m2\repository\org\bytedeco\artoolkitplus\2.3.1-1.5.9\artoolkitplus-2.3.1-1.5.9-macosx-x86_64.jar;C:\Users\HP\.m2\repository\org\bytedeco\artoolkitplus\2.3.1-1.5.9\artoolkitplus-2.3.1-1.5.9-windows-x86.jar;C:\Users\HP\.m2\repository\org\bytedeco\artoolkitplus\2.3.1-1.5.9\artoolkitplus-2.3.1-1.5.9-windows-x86_64.jar;C:\Users\HP\.m2\repository\org\bytedeco\artoolkitplus\2.3.1-1.5.9\artoolkitplus-2.3.1-1.5.9.jar;C:\Users\HP\.m2\repository\org\bytedeco\artoolkitplus-platform\2.3.1-1.5.9\artoolkitplus-platform-2.3.1-1.5.9.jar;C:\Users\HP\.m2\repository\org\bytedeco\ffmpeg\7.1-1.5.11\ffmpeg-7.1-1.5.11-android-arm64.jar;C:\Users\HP\.m2\repository\org\bytedeco\ffmpeg\7.1-1.5.11\ffmpeg-7.1-1.5.11-an
Launcher Type: SUN_STANDARD

[Global flags]
     intx CICompilerCount                          = 4                                         {product} {ergonomic}
     uint ConcGCThreads                            = 2                                         {product} {ergonomic}
     uint G1ConcRefinementThreads                  = 8                                         {product} {ergonomic}
   size_t G1HeapRegionSize                         = 1048576                                   {product} {ergonomic}
    uintx GCDrainStackTargetSize                   = 64                                        {product} {ergonomic}
   size_t InitialHeapSize                          = 132120576                                 {product} {ergonomic}
   size_t MarkStackSize                            = 4194304                                   {product} {ergonomic}
   size_t MaxHeapSize                              = 2090860544                                {product} {ergonomic}
   size_t MaxNewSize                               = 1254096896                                {product} {ergonomic}
   size_t MinHeapDeltaBytes                        = 1048576                                   {product} {ergonomic}
   size_t MinHeapSize                              = 8388608                                   {product} {ergonomic}
    uintx NonNMethodCodeHeapSize                   = 5839372                                {pd product} {ergonomic}
    uintx NonProfiledCodeHeapSize                  = 122909434                              {pd product} {ergonomic}
    uintx ProfiledCodeHeapSize                     = 122909434                              {pd product} {ergonomic}
    uintx ReservedCodeCacheSize                    = 251658240                              {pd product} {ergonomic}
     bool SegmentedCodeCache                       = true                                      {product} {ergonomic}
   size_t SoftMaxHeapSize                          = 2090860544                             {manageable} {ergonomic}
     bool UseCompressedClassPointers               = true                           {product lp64_product} {ergonomic}
     bool UseCompressedOops                        = true                           {product lp64_product} {ergonomic}
     bool UseG1GC                                  = true                                      {product} {ergonomic}
     bool UseLargePagesIndividualAllocation        = false                                  {pd product} {ergonomic}

Logging:
Log output configuration:
 #0: stdout all=warning uptime,level,tags
 #1: stderr all=off uptime,level,tags

Environment Variables:
JAVA_HOME=C:\Program Files\Microsoft\jdk-17.0.17.10-hotspot\
PATH=C:\Program Files\Microsoft\jdk-17.0.17.10-hotspot\bin;C:\WINDOWS\system32;C:\WINDOWS;C:\WINDOWS\System32\Wbem;C:\WINDOWS\System32\WindowsPowerShell\v1.0\;C:\WINDOWS\System32\OpenSSH\;C:\Program Files (x86)\dotnet\;C:\Program Files (x86)\HP\HP OCR\DB_Lib\;C:\Program Files\HP\Common\HPDestPlgIn\;C:\Program Files (x86)\HP\Common\HPDestPlgIn\;C:\Program Files\Git\cmd;C:\Program Files\nodejs\;C:\xampp\php;C:\ProgramData\ComposerSetup\bin;C:\Users\HP\AppData\Local\Programs\Python\Python312\Scripts\;C:\Users\HP\AppData\Local\Programs\Python\Python312\;C:\Users\HP\AppData\Local\Programs\Python\Launcher\;C:\Program Files\Microsoft\jdk-17.0.17.10-hotspot\bin;C:\WINDOWS\system32;C:\WINDOWS;C:\WINDOWS\System32\Wbem;C:\WINDOWS\System32\WindowsPowerShell\v1.0\;C:\WINDOWS\System32\OpenSSH\;C:\Program Files (x86)\dotnet\;C:\Program Files (x86)\HP\HP OCR\DB_Lib\;C:\Program Files\HP\Common\HPDestPlgIn\;C:\Program Files (x86)\HP\Common\HPDestPlgIn\;C:\Program Files\Git\cmd;C:\Users\HP\AppData\Local\Microsoft\WindowsApps;C:\Program Files\HP\Common\HPDestPlgIn\;C:\Program Files (x86)\HP\Common\HPDestPlgIn\;C:\Users\HP\AppData\Local\Programs\Antigravity\bin;C:\Users\HP\AppData\Local\Programs\Microsoft VS Code\bin;C:\Program Files\JetBrains\IntelliJ IDEA 2025.3.1.1\bin;E:\CompFaceModule\apache-maven-3.9.9\bin;C:\Program Files (x86)\Apache\apache-maven-3.9.12\bin;C:\Users\HP\AppData\Roaming\npm;C:\Users\HP\AppData\Roaming\Composer\vendor\bin;c:\Users\HP\.antigravity\extensions\vscjava.vscode-java-debug-0.58.5-universal\bundled\scripts\noConfigScripts;c:\Users\HP\.antigravity\extensions\ms-python.debugpy-2025.18.0-win32-x64\bundled\scripts\noConfigScripts
USERNAME=HP
LANG=en_US.UTF-8
OS=Windows_NT
PROCESSOR_IDENTIFIER=Intel64 Family 6 Model 126 Stepping 5, GenuineIntel
TMP=C:\Users\HP\AppData\Local\Temp
TEMP=C:\Users\HP\AppData\Local\Temp



Periodic native trim disabled


---------------  S Y S T E M  ---------------

OS:
 Windows 11 , 64 bit Build 22621 (10.0.22621.3235)
OS uptime: 0 days 2:40 hours

CPU: total 8 (initial active 8) (4 cores per cpu, 2 threads per core) family 6 model 126 stepping 5 microcode 0xa0, cx8, cmov, fxsr, ht, mmx, 3dnowpref, sse, sse2, sse3, ssse3, sse4.1, sse4.2, popcnt, lzcnt, tsc, tscinvbit, avx, avx2, aes, erms, clmul, bmi1, bmi2, adx, avx512f, avx512dq, avx512cd, avx512bw, avx512vl, sha, fma, vzeroupper, avx512_vpopcntdq, avx512_vpclmulqdq, avx512_vaes, avx512_vnni, clflush, clflushopt, avx512_vbmi2, avx512_vbmi
Processor Information for the first 8 processors :
  Max Mhz: 1190, Current Mhz: 991, Mhz Limit: 987

Memory: 4k page, system-wide physical 7973M (448M free)
TotalPageFile size 25767M (AvailPageFile size 10M)
current process WorkingSet (physical memory assigned to process): 240M, peak: 248M
current process commit charge ("private bytes"): 2064M, peak: 2121M

vm_info: OpenJDK 64-Bit Server VM (17.0.17+10-LTS) for windows-amd64 JRE (17.0.17+10-LTS), built on Oct 13 2025 22:19:56 by "MicrosoftCorporation" with unknown MS VC++:1944

END.
