#
# There is insufficient memory for the Java Runtime Environment to continue.
# Native memory allocation (mmap) failed to map 128974848 bytes. Error detail: G1 virtual space
# Possible reasons:
#   The system is out of physical RAM or swap space
#   This process is running with CompressedOops enabled, and the Java Heap may be blocking the growth of the native heap
# Possible solutions:
#   Reduce memory load on the system
#   Increase physical memory or swap space
#   Check if swap backing store is full
#   Decrease Java heap size (-Xmx/-Xms)
#   Decrease number of Java threads
#   Decrease Java thread stack sizes (-Xss)
#   Set larger code cache with -XX:ReservedCodeCacheSize=
#   JVM is running with Unscaled Compressed Oops mode in which the Java heap is
#     placed in the first 4GB address space. The Java Heap base address is the
#     maximum limit for the native heap growth. Please use -XX:HeapBaseMinAddress
#     to set the Java Heap base and to place the Java Heap above 4GB virtual address.
# This output file may be truncated or incomplete.
#
#  Out of Memory Error (os_windows.cpp:3690), pid=13136, tid=12876
#
# JRE version: OpenJDK Runtime Environment Microsoft-12574423 (17.0.17+10) (build 17.0.17+10-LTS)
# Java VM: OpenJDK 64-Bit Server VM Microsoft-12574423 (17.0.17+10-LTS, mixed mode, sharing, tiered, compressed oops, compressed class ptrs, g1 gc, windows-amd64)
# No core dump will be written. Minidumps are not enabled by default on client versions of Windows
#

---------------  S U M M A R Y ------------

Command Line: --module-path=C:\Users\HP\.m2\repository\org\openjfx\javafx-base\17.0.2\javafx-base-17.0.2-win.jar;C:\Users\HP\.m2\repository\org\openjfx\javafx-base\17.0.2\javafx-base-17.0.2.jar;C:\Users\HP\.m2\repository\org\openjfx\javafx-controls\17.0.2\javafx-controls-17.0.2-win.jar;C:\Users\HP\.m2\repository\org\openjfx\javafx-controls\17.0.2\javafx-controls-17.0.2.jar;C:\Users\HP\.m2\repository\org\openjfx\javafx-fxml\17.0.2\javafx-fxml-17.0.2-win.jar;C:\Users\HP\.m2\repository\org\openjfx\javafx-fxml\17.0.2\javafx-fxml-17.0.2.jar;C:\Users\HP\.m2\repository\org\openjfx\javafx-graphics\17.0.2\javafx-graphics-17.0.2-win.jar;C:\Users\HP\.m2\repository\org\openjfx\javafx-graphics\17.0.2\javafx-graphics-17.0.2.jar --add-modules=javafx.base,javafx.controls,javafx.fxml,javafx.graphics tech.HTECH.ui.AppJavaFX

Host: Intel(R) Core(TM) i5-1035G1 CPU @ 1.00GHz, 8 cores, 7G,  Windows 11 , 64 bit Build 22621 (10.0.22621.3235)
Time: Thu Feb  5 12:27:57 2026 Afr. centrale Ouest elapsed time: 10.188630 seconds (0d 0h 0m 10s)

---------------  T H R E A D  ---------------

Current thread (0x0000019a8759b890):  VMThread "VM Thread" [stack: 0x0000003c85900000,0x0000003c85a00000] [id=12876]

Stack: [0x0000003c85900000,0x0000003c85a00000]
Native frames: (J=compiled Java code, j=interpreted, Vv=VM code, C=native code)
V  [jvm.dll+0x68c459]  (no source info available)
V  [jvm.dll+0x845e09]  (no source info available)
V  [jvm.dll+0x847b78]  (no source info available)
V  [jvm.dll+0x848203]  (no source info available)
V  [jvm.dll+0x24cf6f]  (no source info available)
V  [jvm.dll+0x68b859]  (no source info available)
V  [jvm.dll+0x67fe1a]  (no source info available)
V  [jvm.dll+0x3100f0]  (no source info available)
V  [jvm.dll+0x30ff92]  (no source info available)
V  [jvm.dll+0x3174e9]  (no source info available)
V  [jvm.dll+0x3697c9]  (no source info available)
V  [jvm.dll+0x3699fd]  (no source info available)
V  [jvm.dll+0x2e68fa]  (no source info available)
V  [jvm.dll+0x2e4cf1]  (no source info available)
V  [jvm.dll+0x2e448c]  (no source info available)
V  [jvm.dll+0x328e1b]  (no source info available)
V  [jvm.dll+0x84ca8d]  (no source info available)
V  [jvm.dll+0x84d7a3]  (no source info available)
V  [jvm.dll+0x84dcd4]  (no source info available)
V  [jvm.dll+0x84e0b8]  (no source info available)
V  [jvm.dll+0x84e1ae]  (no source info available)
V  [jvm.dll+0x7f5a5c]  (no source info available)
V  [jvm.dll+0x68d9f7]  (no source info available)
C  [ucrtbase.dll+0x29363]  (no source info available)
C  [KERNEL32.DLL+0x1257d]  (no source info available)
C  [ntdll.dll+0x5aa58]  (no source info available)

VM_Operation (0x0000003c87aff0f0): G1CollectForAllocation, mode: safepoint, requested by thread 0x0000019ad2cbce40


---------------  P R O C E S S  ---------------

Threads class SMR info:
_java_thread_list=0x0000019ad36f5470, length=29, elements={
0x0000019ae9446390, 0x0000019a8759fde0, 0x0000019a875a09a0, 0x0000019a875b6330,
0x0000019a875bad10, 0x0000019a875bb6d0, 0x0000019a875bd0a0, 0x0000019a875be3a0,
0x0000019a8783dfb0, 0x0000019a87840fe0, 0x0000019a87963540, 0x0000019a87ab2880,
0x0000019acd30b630, 0x0000019acd38dbb0, 0x0000019acd3e5620, 0x0000019acd5a1b30,
0x0000019acd5a0dd0, 0x0000019ad3874330, 0x0000019ad2cbdd70, 0x0000019ad2cbce40,
0x0000019ad2cbc420, 0x0000019ad2cbeca0, 0x0000019ad2cbf1b0, 0x0000019ad2cbba00,
0x0000019ad2cbd860, 0x0000019ad2cbc930, 0x0000019ad2cbbf10, 0x0000019ad2cbd350,
0x0000019ad2cbe790
}

Java Threads: ( => current thread )
  0x0000019ae9446390 JavaThread "main" [_thread_blocked, id=3224, stack(0x0000003c85300000,0x0000003c85400000)]
  0x0000019a8759fde0 JavaThread "Reference Handler" daemon [_thread_blocked, id=3552, stack(0x0000003c85a00000,0x0000003c85b00000)]
  0x0000019a875a09a0 JavaThread "Finalizer" daemon [_thread_blocked, id=20576, stack(0x0000003c85b00000,0x0000003c85c00000)]
  0x0000019a875b6330 JavaThread "Signal Dispatcher" daemon [_thread_blocked, id=2028, stack(0x0000003c85c00000,0x0000003c85d00000)]
  0x0000019a875bad10 JavaThread "Attach Listener" daemon [_thread_blocked, id=18400, stack(0x0000003c85d00000,0x0000003c85e00000)]
  0x0000019a875bb6d0 JavaThread "Service Thread" daemon [_thread_blocked, id=7840, stack(0x0000003c85e00000,0x0000003c85f00000)]
  0x0000019a875bd0a0 JavaThread "Monitor Deflation Thread" daemon [_thread_blocked, id=3540, stack(0x0000003c85f00000,0x0000003c86000000)]
  0x0000019a875be3a0 JavaThread "C2 CompilerThread0" daemon [_thread_blocked, id=13088, stack(0x0000003c86000000,0x0000003c86100000)]
  0x0000019a8783dfb0 JavaThread "C1 CompilerThread0" daemon [_thread_blocked, id=17288, stack(0x0000003c86100000,0x0000003c86200000)]
  0x0000019a87840fe0 JavaThread "Sweeper thread" daemon [_thread_blocked, id=3968, stack(0x0000003c86200000,0x0000003c86300000)]
  0x0000019a87963540 JavaThread "Common-Cleaner" daemon [_thread_blocked, id=6804, stack(0x0000003c86300000,0x0000003c86400000)]
  0x0000019a87ab2880 JavaThread "Notification Thread" daemon [_thread_blocked, id=17928, stack(0x0000003c86400000,0x0000003c86500000)]
  0x0000019acd30b630 JavaThread "QuantumRenderer-0" daemon [_thread_blocked, id=11892, stack(0x0000003c86600000,0x0000003c86700000)]
  0x0000019acd38dbb0 JavaThread "InvokeLaterDispatcher" daemon [_thread_blocked, id=14296, stack(0x0000003c86700000,0x0000003c86800000)]
  0x0000019acd3e5620 JavaThread "JavaFX Application Thread" [_thread_in_native, id=10060, stack(0x0000003c86800000,0x0000003c86900000)]
  0x0000019acd5a1b30 JavaThread "JavaFX-Launcher" [_thread_blocked, id=5652, stack(0x0000003c86d00000,0x0000003c86e00000)]
  0x0000019acd5a0dd0 JavaThread "Thread-2" daemon [_thread_blocked, id=20212, stack(0x0000003c86c00000,0x0000003c86d00000)]
  0x0000019ad3874330 JavaThread "Prism Font Disposer" daemon [_thread_blocked, id=20272, stack(0x0000003c87600000,0x0000003c87700000)]
  0x0000019ad2cbdd70 JavaThread "Cleaner-0" daemon [_thread_blocked, id=17508, stack(0x0000003c87900000,0x0000003c87a00000)]
  0x0000019ad2cbce40 JavaThread "Thread-3" [_thread_blocked, id=16144, stack(0x0000003c87a00000,0x0000003c87b00000)]
  0x0000019ad2cbc420 JavaThread "JavaCPP Deallocator" daemon [_thread_blocked, id=4576, stack(0x0000003c88200000,0x0000003c88300000)]
  0x0000019ad2cbeca0 JavaThread "pool-2-thread-1" [_thread_blocked, id=13848, stack(0x0000003c88d00000,0x0000003c88e00000)]
  0x0000019ad2cbf1b0 JavaThread "pool-2-thread-2" [_thread_blocked, id=8804, stack(0x0000003c88e00000,0x0000003c88f00000)]
  0x0000019ad2cbba00 JavaThread "pool-2-thread-3" [_thread_blocked, id=17060, stack(0x0000003c88f00000,0x0000003c89000000)]
  0x0000019ad2cbd860 JavaThread "pool-2-thread-4" [_thread_blocked, id=2192, stack(0x0000003c89000000,0x0000003c89100000)]
  0x0000019ad2cbc930 JavaThread "pool-2-thread-5" [_thread_blocked, id=21420, stack(0x0000003c89100000,0x0000003c89200000)]
  0x0000019ad2cbbf10 JavaThread "pool-2-thread-6" [_thread_blocked, id=11856, stack(0x0000003c89200000,0x0000003c89300000)]
  0x0000019ad2cbd350 JavaThread "pool-2-thread-7" [_thread_blocked, id=8296, stack(0x0000003c89300000,0x0000003c89400000)]
  0x0000019ad2cbe790 JavaThread "pool-2-thread-8" [_thread_blocked, id=16344, stack(0x0000003c89400000,0x0000003c89500000)]

Other Threads:
=>0x0000019a8759b890 VMThread "VM Thread" [stack: 0x0000003c85900000,0x0000003c85a00000] [id=12876]
  0x0000019ae9447210 WatcherThread [stack: 0x0000003c86500000,0x0000003c86600000] [id=22296]
  0x0000019ae94a0a80 GCTaskThread "GC Thread#0" [stack: 0x0000003c85400000,0x0000003c85500000] [id=20040]
  0x0000019acd3ecb90 GCTaskThread "GC Thread#1" [stack: 0x0000003c86e00000,0x0000003c86f00000] [id=22200]
  0x0000019acd3ed670 GCTaskThread "GC Thread#2" [stack: 0x0000003c86f00000,0x0000003c87000000] [id=7760]
  0x0000019acd3ed940 GCTaskThread "GC Thread#3" [stack: 0x0000003c87000000,0x0000003c87100000] [id=17720]
  0x0000019acd3ee020 GCTaskThread "GC Thread#4" [stack: 0x0000003c87100000,0x0000003c87200000] [id=13380]
  0x0000019acd3ee2f0 GCTaskThread "GC Thread#5" [stack: 0x0000003c87200000,0x0000003c87300000] [id=21960]
  0x0000019ad386e260 GCTaskThread "GC Thread#6" [stack: 0x0000003c87700000,0x0000003c87800000] [id=12896]
  0x0000019ad386d180 GCTaskThread "GC Thread#7" [stack: 0x0000003c87800000,0x0000003c87900000] [id=10264]
  0x0000019ae94b1320 ConcurrentGCThread "G1 Main Marker" [stack: 0x0000003c85500000,0x0000003c85600000] [id=7928]
  0x0000019ae94b1d40 ConcurrentGCThread "G1 Conc#0" [stack: 0x0000003c85600000,0x0000003c85700000] [id=21092]
  0x0000019ad25e2760 ConcurrentGCThread "G1 Conc#1" [stack: 0x0000003c88a00000,0x0000003c88b00000] [id=21968]
  0x0000019a87455f30 ConcurrentGCThread "G1 Refine#0" [stack: 0x0000003c85700000,0x0000003c85800000] [id=11908]
  0x0000019a87456970 ConcurrentGCThread "G1 Service" [stack: 0x0000003c85800000,0x0000003c85900000] [id=22000]

Threads with active compile tasks:
C2 CompilerThread0  10251 3019 %     4       ij.process.ByteProcessor::setMinAndMax @ 152 (394 bytes)

VM state: at safepoint (normal execution)

VM Mutex/Monitor currently owned by a thread:  ([mutex/lock_event])
[0x0000019ae94406e0] Threads_lock - owner thread: 0x0000019a8759b890
[0x0000019ae9440c80] Heap_lock - owner thread: 0x0000019ad2cbce40

Heap address: 0x0000000083600000, size: 1994 MB, Compressed Oops mode: 32-bit

CDS archive(s) mapped at: [0x0000019a88000000-0x0000019a88bb0000-0x0000019a88bb0000), size 12255232, SharedBaseAddress: 0x0000019a88000000, ArchiveRelocationMode: 1.
Compressed class space mapped at: 0x0000019a89000000-0x0000019ac9000000, reserved size: 1073741824
Narrow klass base: 0x0000019a88000000, Narrow klass shift: 0, Narrow klass range: 0x100000000

GC Precious Log:
 CPUs: 8 total, 8 available
 Memory: 7973M
 Large Page Support: Disabled
 NUMA Support: Disabled
 Compressed Oops: Enabled (32-bit)
 Heap Region Size: 1M
 Heap Min Capacity: 8M
 Heap Initial Capacity: 126M
 Heap Max Capacity: 1994M
 Pre-touch: Disabled
 Parallel Workers: 8
 Concurrent Workers: 2
 Concurrent Refinement Workers: 8
 Periodic GC: Disabled

Heap:
 garbage-first heap   total 129024K, used 42035K [0x0000000083600000, 0x0000000100000000)
  region size 1024K, 1 young (1024K), 1 survivors (1024K)
 Metaspace       used 25142K, committed 25408K, reserved 1114112K
  class space    used 2719K, committed 2816K, reserved 1048576K

Heap Regions: E=young(eden), S=young(survivor), O=old, HS=humongous(starts), HC=humongous(continues), CS=collection set, F=free, OA=open archive, CA=closed archive, TAMS=top-at-mark-start (previous, next)
|   0|0x0000000083600000, 0x0000000083700000, 0x0000000083700000|100%| O|  |TAMS 0x0000000083700000, 0x0000000083600000| Untracked 
|   1|0x0000000083700000, 0x0000000083800000, 0x0000000083800000|100%| O|  |TAMS 0x0000000083800000, 0x0000000083700000| Untracked 
|   2|0x0000000083800000, 0x0000000083900000, 0x0000000083900000|100%| O|  |TAMS 0x0000000083900000, 0x0000000083800000| Untracked 
|   3|0x0000000083900000, 0x0000000083a00000, 0x0000000083a00000|100%| O|  |TAMS 0x0000000083a00000, 0x0000000083900000| Untracked 
|   4|0x0000000083a00000, 0x0000000083b00000, 0x0000000083b00000|100%|HS|  |TAMS 0x0000000083b00000, 0x0000000083a00000| Complete 
|   5|0x0000000083b00000, 0x0000000083c00000, 0x0000000083c00000|100%|HC|  |TAMS 0x0000000083c00000, 0x0000000083b00000| Complete 
|   6|0x0000000083c00000, 0x0000000083d00000, 0x0000000083d00000|100%| O|  |TAMS 0x0000000083d00000, 0x0000000083c00000| Untracked 
|   7|0x0000000083d00000, 0x0000000083e00000, 0x0000000083e00000|100%| O|  |TAMS 0x0000000083e00000, 0x0000000083d00000| Untracked 
|   8|0x0000000083e00000, 0x0000000083f00000, 0x0000000083f00000|100%| O|  |TAMS 0x0000000083f00000, 0x0000000083e00000| Untracked 
|   9|0x0000000083f00000, 0x0000000084000000, 0x0000000084000000|100%| O|  |TAMS 0x0000000084000000, 0x0000000083f00000| Untracked 
|  10|0x0000000084000000, 0x00000000840c5c00, 0x0000000084100000| 77%| O|  |TAMS 0x00000000840c5c00, 0x0000000084000000| Untracked 
|  11|0x0000000084100000, 0x0000000084200000, 0x0000000084200000|100%| O|  |TAMS 0x0000000084200000, 0x0000000084100000| Untracked 
|  12|0x0000000084200000, 0x0000000084300000, 0x0000000084300000|100%| O|  |TAMS 0x0000000084300000, 0x0000000084200000| Untracked 
|  13|0x0000000084300000, 0x0000000084400000, 0x0000000084400000|100%| O|  |TAMS 0x0000000084400000, 0x0000000084300000| Untracked 
|  14|0x0000000084400000, 0x0000000084500000, 0x0000000084500000|100%| O|  |TAMS 0x0000000084400000, 0x0000000084400000| Untracked 
|  15|0x0000000084500000, 0x0000000084600000, 0x0000000084600000|100%| O|  |TAMS 0x0000000084500000, 0x0000000084500000| Untracked 
|  16|0x0000000084600000, 0x0000000084700000, 0x0000000084700000|100%| O|  |TAMS 0x0000000084700000, 0x0000000084600000| Untracked 
|  17|0x0000000084700000, 0x0000000084800000, 0x0000000084800000|100%| O|  |TAMS 0x0000000084800000, 0x0000000084700000| Untracked 
|  18|0x0000000084800000, 0x0000000084900000, 0x0000000084900000|100%| O|  |TAMS 0x0000000084900000, 0x0000000084800000| Untracked 
|  19|0x0000000084900000, 0x0000000084a00000, 0x0000000084a00000|100%| O|  |TAMS 0x0000000084a00000, 0x0000000084900000| Untracked 
|  20|0x0000000084a00000, 0x0000000084b00000, 0x0000000084b00000|100%| O|  |TAMS 0x0000000084b00000, 0x0000000084a00000| Untracked 
|  21|0x0000000084b00000, 0x0000000084c00000, 0x0000000084c00000|100%| O|  |TAMS 0x0000000084b00000, 0x0000000084b00000| Untracked 
|  22|0x0000000084c00000, 0x0000000084cc0a00, 0x0000000084d00000| 75%| O|  |TAMS 0x0000000084c00000, 0x0000000084c00000| Untracked 
|  23|0x0000000084d00000, 0x0000000084e00000, 0x0000000084e00000|100%| O|  |TAMS 0x0000000084d00000, 0x0000000084d00000| Untracked 
|  24|0x0000000084e00000, 0x0000000084f00000, 0x0000000084f00000|100%| O|  |TAMS 0x0000000084f00000, 0x0000000084e00000| Untracked 
|  25|0x0000000084f00000, 0x0000000084f00000, 0x0000000085000000|  0%| F|  |TAMS 0x0000000084f00000, 0x0000000084f00000| Untracked 
|  26|0x0000000085000000, 0x0000000085000000, 0x0000000085100000|  0%| F|  |TAMS 0x0000000085000000, 0x0000000085000000| Untracked 
|  27|0x0000000085100000, 0x0000000085200000, 0x0000000085200000|100%| O|  |TAMS 0x0000000085200000, 0x0000000085100000| Untracked 
|  28|0x0000000085200000, 0x0000000085200000, 0x0000000085300000|  0%| F|  |TAMS 0x0000000085200000, 0x0000000085200000| Untracked 
|  29|0x0000000085300000, 0x0000000085400000, 0x0000000085400000|100%| O|  |TAMS 0x0000000085300000, 0x0000000085300000| Untracked 
|  30|0x0000000085400000, 0x0000000085500000, 0x0000000085500000|100%| O|  |TAMS 0x0000000085400000, 0x0000000085400000| Untracked 
|  31|0x0000000085500000, 0x0000000085600000, 0x0000000085600000|100%| O|  |TAMS 0x0000000085600000, 0x0000000085500000| Untracked 
|  32|0x0000000085600000, 0x0000000085700000, 0x0000000085700000|100%| O|  |TAMS 0x0000000085700000, 0x0000000085600000| Untracked 
|  33|0x0000000085700000, 0x0000000085800000, 0x0000000085800000|100%| O|  |TAMS 0x0000000085800000, 0x0000000085700000| Untracked 
|  34|0x0000000085800000, 0x0000000085900000, 0x0000000085900000|100%| O|  |TAMS 0x0000000085900000, 0x0000000085800000| Untracked 
|  35|0x0000000085900000, 0x0000000085a00000, 0x0000000085a00000|100%| O|  |TAMS 0x0000000085a00000, 0x0000000085900000| Untracked 
|  36|0x0000000085a00000, 0x0000000085a00000, 0x0000000085b00000|  0%| F|  |TAMS 0x0000000085a00000, 0x0000000085a00000| Untracked 
|  37|0x0000000085b00000, 0x0000000085b00000, 0x0000000085c00000|  0%| F|  |TAMS 0x0000000085b00000, 0x0000000085b00000| Untracked 
|  38|0x0000000085c00000, 0x0000000085c00000, 0x0000000085d00000|  0%| F|  |TAMS 0x0000000085c00000, 0x0000000085c00000| Untracked 
|  39|0x0000000085d00000, 0x0000000085e00000, 0x0000000085e00000|100%| O|  |TAMS 0x0000000085e00000, 0x0000000085d00000| Untracked 
|  40|0x0000000085e00000, 0x0000000085e00000, 0x0000000085f00000|  0%| F|  |TAMS 0x0000000085e00000, 0x0000000085e00000| Untracked 
|  41|0x0000000085f00000, 0x0000000085f00000, 0x0000000086000000|  0%| F|  |TAMS 0x0000000085f00000, 0x0000000085f00000| Untracked 
|  42|0x0000000086000000, 0x0000000086000000, 0x0000000086100000|  0%| F|  |TAMS 0x0000000086000000, 0x0000000086000000| Untracked 
|  43|0x0000000086100000, 0x0000000086200000, 0x0000000086200000|100%| O|  |TAMS 0x0000000086100000, 0x0000000086100000| Untracked 
|  44|0x0000000086200000, 0x0000000086300000, 0x0000000086300000|100%| O|  |TAMS 0x0000000086200000, 0x0000000086200000| Untracked 
|  45|0x0000000086300000, 0x0000000086400000, 0x0000000086400000|100%| O|  |TAMS 0x0000000086340200, 0x0000000086300000| Untracked 
|  46|0x0000000086400000, 0x0000000086500000, 0x0000000086500000|100%| O|  |TAMS 0x0000000086400000, 0x0000000086400000| Untracked 
|  47|0x0000000086500000, 0x0000000086600000, 0x0000000086600000|100%| O|  |TAMS 0x0000000086500000, 0x0000000086500000| Untracked 
|  48|0x0000000086600000, 0x0000000086700000, 0x0000000086700000|100%| O|  |TAMS 0x0000000086600000, 0x0000000086600000| Untracked 
|  49|0x0000000086700000, 0x0000000086800000, 0x0000000086800000|100%| O|  |TAMS 0x0000000086700000, 0x0000000086700000| Untracked 
|  50|0x0000000086800000, 0x0000000086800000, 0x0000000086900000|  0%| F|  |TAMS 0x0000000086800000, 0x0000000086800000| Untracked 
|  51|0x0000000086900000, 0x0000000086900000, 0x0000000086a00000|  0%| F|  |TAMS 0x0000000086900000, 0x0000000086900000| Untracked 
|  52|0x0000000086a00000, 0x0000000086a00000, 0x0000000086b00000|  0%| F|  |TAMS 0x0000000086a00000, 0x0000000086a00000| Untracked 
|  53|0x0000000086b00000, 0x0000000086b00000, 0x0000000086c00000|  0%| F|  |TAMS 0x0000000086b00000, 0x0000000086b00000| Untracked 
|  54|0x0000000086c00000, 0x0000000086c00000, 0x0000000086d00000|  0%| F|  |TAMS 0x0000000086c00000, 0x0000000086c00000| Untracked 
|  55|0x0000000086d00000, 0x0000000086d00000, 0x0000000086e00000|  0%| F|  |TAMS 0x0000000086d00000, 0x0000000086d00000| Untracked 
|  56|0x0000000086e00000, 0x0000000086e00000, 0x0000000086f00000|  0%| F|  |TAMS 0x0000000086e00000, 0x0000000086e00000| Untracked 
|  57|0x0000000086f00000, 0x0000000086f00000, 0x0000000087000000|  0%| F|  |TAMS 0x0000000086f00000, 0x0000000086f00000| Untracked 
|  58|0x0000000087000000, 0x0000000087000000, 0x0000000087100000|  0%| F|  |TAMS 0x0000000087000000, 0x0000000087000000| Untracked 
|  59|0x0000000087100000, 0x0000000087100000, 0x0000000087200000|  0%| F|  |TAMS 0x0000000087100000, 0x0000000087100000| Untracked 
|  60|0x0000000087200000, 0x0000000087200000, 0x0000000087300000|  0%| F|  |TAMS 0x0000000087200000, 0x0000000087200000| Untracked 
|  61|0x0000000087300000, 0x0000000087300000, 0x0000000087400000|  0%| F|  |TAMS 0x0000000087300000, 0x0000000087300000| Untracked 
|  62|0x0000000087400000, 0x0000000087400000, 0x0000000087500000|  0%| F|  |TAMS 0x0000000087400000, 0x0000000087400000| Untracked 
|  63|0x0000000087500000, 0x0000000087500000, 0x0000000087600000|  0%| F|  |TAMS 0x0000000087500000, 0x0000000087500000| Untracked 
|  64|0x0000000087600000, 0x0000000087600000, 0x0000000087700000|  0%| F|  |TAMS 0x0000000087600000, 0x0000000087600000| Untracked 
|  65|0x0000000087700000, 0x0000000087700000, 0x0000000087800000|  0%| F|  |TAMS 0x0000000087700000, 0x0000000087700000| Untracked 
|  66|0x0000000087800000, 0x0000000087800000, 0x0000000087900000|  0%| F|  |TAMS 0x0000000087800000, 0x0000000087800000| Untracked 
|  67|0x0000000087900000, 0x0000000087900000, 0x0000000087a00000|  0%| F|  |TAMS 0x0000000087900000, 0x0000000087900000| Untracked 
|  68|0x0000000087a00000, 0x0000000087a00000, 0x0000000087b00000|  0%| F|  |TAMS 0x0000000087a00000, 0x0000000087a00000| Untracked 
|  69|0x0000000087b00000, 0x0000000087b00000, 0x0000000087c00000|  0%| F|  |TAMS 0x0000000087b00000, 0x0000000087b00000| Untracked 
|  70|0x0000000087c00000, 0x0000000087c00000, 0x0000000087d00000|  0%| F|  |TAMS 0x0000000087c00000, 0x0000000087c00000| Untracked 
|  71|0x0000000087d00000, 0x0000000087d00000, 0x0000000087e00000|  0%| F|  |TAMS 0x0000000087d00000, 0x0000000087d00000| Untracked 
|  72|0x0000000087e00000, 0x0000000087e00000, 0x0000000087f00000|  0%| F|  |TAMS 0x0000000087e00000, 0x0000000087e00000| Untracked 
|  73|0x0000000087f00000, 0x0000000087f00000, 0x0000000088000000|  0%| F|  |TAMS 0x0000000087f00000, 0x0000000087f00000| Untracked 
|  74|0x0000000088000000, 0x0000000088000000, 0x0000000088100000|  0%| F|  |TAMS 0x0000000088000000, 0x0000000088000000| Untracked 
|  75|0x0000000088100000, 0x0000000088100000, 0x0000000088200000|  0%| F|  |TAMS 0x0000000088100000, 0x0000000088100000| Untracked 
|  76|0x0000000088200000, 0x0000000088200000, 0x0000000088300000|  0%| F|  |TAMS 0x0000000088200000, 0x0000000088200000| Untracked 
|  77|0x0000000088300000, 0x0000000088300000, 0x0000000088400000|  0%| F|  |TAMS 0x0000000088300000, 0x0000000088300000| Untracked 
|  78|0x0000000088400000, 0x0000000088486798, 0x0000000088500000| 52%| S|CS|TAMS 0x0000000088400000, 0x0000000088400000| Complete 
|  79|0x0000000088500000, 0x0000000088500000, 0x0000000088600000|  0%| F|  |TAMS 0x0000000088500000, 0x0000000088500000| Untracked 
|  80|0x0000000088600000, 0x0000000088600000, 0x0000000088700000|  0%| F|  |TAMS 0x0000000088600000, 0x0000000088600000| Untracked 
|  81|0x0000000088700000, 0x0000000088700000, 0x0000000088800000|  0%| F|  |TAMS 0x0000000088700000, 0x0000000088700000| Untracked 
|  82|0x0000000088800000, 0x0000000088800000, 0x0000000088900000|  0%| F|  |TAMS 0x0000000088800000, 0x0000000088800000| Untracked 
|  83|0x0000000088900000, 0x0000000088900000, 0x0000000088a00000|  0%| F|  |TAMS 0x0000000088900000, 0x0000000088900000| Untracked 
|  84|0x0000000088a00000, 0x0000000088a00000, 0x0000000088b00000|  0%| F|  |TAMS 0x0000000088a00000, 0x0000000088a00000| Untracked 
|  85|0x0000000088b00000, 0x0000000088b00000, 0x0000000088c00000|  0%| F|  |TAMS 0x0000000088b00000, 0x0000000088b00000| Untracked 
|  86|0x0000000088c00000, 0x0000000088c00000, 0x0000000088d00000|  0%| F|  |TAMS 0x0000000088c00000, 0x0000000088c00000| Untracked 
|  87|0x0000000088d00000, 0x0000000088d00000, 0x0000000088e00000|  0%| F|  |TAMS 0x0000000088d00000, 0x0000000088d00000| Untracked 
|  88|0x0000000088e00000, 0x0000000088e00000, 0x0000000088f00000|  0%| F|  |TAMS 0x0000000088e00000, 0x0000000088e00000| Untracked 
|  89|0x0000000088f00000, 0x0000000088f00000, 0x0000000089000000|  0%| F|  |TAMS 0x0000000088f00000, 0x0000000088f00000| Untracked 
|  90|0x0000000089000000, 0x0000000089000000, 0x0000000089100000|  0%| F|  |TAMS 0x0000000089000000, 0x0000000089000000| Untracked 
|  91|0x0000000089100000, 0x0000000089100000, 0x0000000089200000|  0%| F|  |TAMS 0x0000000089100000, 0x0000000089100000| Untracked 
|  92|0x0000000089200000, 0x0000000089200000, 0x0000000089300000|  0%| F|  |TAMS 0x0000000089200000, 0x0000000089200000| Untracked 
|  93|0x0000000089300000, 0x0000000089300000, 0x0000000089400000|  0%| F|  |TAMS 0x0000000089300000, 0x0000000089300000| Untracked 
|  94|0x0000000089400000, 0x0000000089400000, 0x0000000089500000|  0%| F|  |TAMS 0x0000000089400000, 0x0000000089400000| Untracked 
|  95|0x0000000089500000, 0x0000000089500000, 0x0000000089600000|  0%| F|  |TAMS 0x0000000089500000, 0x0000000089500000| Untracked 
|  96|0x0000000089600000, 0x0000000089600000, 0x0000000089700000|  0%| F|  |TAMS 0x0000000089600000, 0x0000000089600000| Untracked 
|  97|0x0000000089700000, 0x0000000089700000, 0x0000000089800000|  0%| F|  |TAMS 0x0000000089700000, 0x0000000089700000| Untracked 
|  98|0x0000000089800000, 0x0000000089800000, 0x0000000089900000|  0%| F|  |TAMS 0x0000000089800000, 0x0000000089800000| Untracked 
|  99|0x0000000089900000, 0x0000000089900000, 0x0000000089a00000|  0%| F|  |TAMS 0x0000000089900000, 0x0000000089900000| Untracked 
| 100|0x0000000089a00000, 0x0000000089a00000, 0x0000000089b00000|  0%| F|  |TAMS 0x0000000089a00000, 0x0000000089a00000| Untracked 
| 101|0x0000000089b00000, 0x0000000089b00000, 0x0000000089c00000|  0%| F|  |TAMS 0x0000000089b00000, 0x0000000089b00000| Untracked 
| 102|0x0000000089c00000, 0x0000000089c00000, 0x0000000089d00000|  0%| F|  |TAMS 0x0000000089c00000, 0x0000000089c00000| Untracked 
| 103|0x0000000089d00000, 0x0000000089d00000, 0x0000000089e00000|  0%| F|  |TAMS 0x0000000089d00000, 0x0000000089d00000| Untracked 
| 104|0x0000000089e00000, 0x0000000089e00000, 0x0000000089f00000|  0%| F|  |TAMS 0x0000000089e00000, 0x0000000089e00000| Untracked 
| 105|0x0000000089f00000, 0x0000000089f00000, 0x000000008a000000|  0%| F|  |TAMS 0x0000000089f00000, 0x0000000089f00000| Untracked 
| 106|0x000000008a000000, 0x000000008a000000, 0x000000008a100000|  0%| F|  |TAMS 0x000000008a000000, 0x000000008a000000| Untracked 
| 107|0x000000008a100000, 0x000000008a100000, 0x000000008a200000|  0%| F|  |TAMS 0x000000008a100000, 0x000000008a100000| Untracked 
| 108|0x000000008a200000, 0x000000008a200000, 0x000000008a300000|  0%| F|  |TAMS 0x000000008a200000, 0x000000008a200000| Untracked 
| 109|0x000000008a300000, 0x000000008a300000, 0x000000008a400000|  0%| F|  |TAMS 0x000000008a300000, 0x000000008a300000| Untracked 
| 110|0x000000008a400000, 0x000000008a400000, 0x000000008a500000|  0%| F|  |TAMS 0x000000008a400000, 0x000000008a400000| Untracked 
| 111|0x000000008a500000, 0x000000008a500000, 0x000000008a600000|  0%| F|  |TAMS 0x000000008a500000, 0x000000008a500000| Untracked 
| 112|0x000000008a600000, 0x000000008a600000, 0x000000008a700000|  0%| F|  |TAMS 0x000000008a600000, 0x000000008a600000| Untracked 
| 113|0x000000008a700000, 0x000000008a700000, 0x000000008a800000|  0%| F|  |TAMS 0x000000008a700000, 0x000000008a700000| Untracked 
| 114|0x000000008a800000, 0x000000008a800000, 0x000000008a900000|  0%| F|  |TAMS 0x000000008a800000, 0x000000008a800000| Untracked 
| 115|0x000000008a900000, 0x000000008a900000, 0x000000008aa00000|  0%| F|  |TAMS 0x000000008a900000, 0x000000008a900000| Untracked 
| 116|0x000000008aa00000, 0x000000008aa00000, 0x000000008ab00000|  0%| F|  |TAMS 0x000000008aa00000, 0x000000008aa00000| Untracked 
| 117|0x000000008ab00000, 0x000000008ab00000, 0x000000008ac00000|  0%| F|  |TAMS 0x000000008ab00000, 0x000000008ab00000| Untracked 
| 118|0x000000008ac00000, 0x000000008ac00000, 0x000000008ad00000|  0%| F|  |TAMS 0x000000008ac00000, 0x000000008ac00000| Untracked 
| 119|0x000000008ad00000, 0x000000008ad00000, 0x000000008ae00000|  0%| F|  |TAMS 0x000000008ad00000, 0x000000008ad00000| Untracked 
| 120|0x000000008ae00000, 0x000000008ae00000, 0x000000008af00000|  0%| F|  |TAMS 0x000000008ae00000, 0x000000008ae00000| Untracked 
| 121|0x000000008af00000, 0x000000008af00000, 0x000000008b000000|  0%| F|  |TAMS 0x000000008af00000, 0x000000008af00000| Untracked 
| 122|0x000000008b000000, 0x000000008b000000, 0x000000008b100000|  0%| F|  |TAMS 0x000000008b000000, 0x000000008b000000| Untracked 
| 123|0x000000008b100000, 0x000000008b100000, 0x000000008b200000|  0%| F|  |TAMS 0x000000008b100000, 0x000000008b100000| Untracked 
| 124|0x000000008b200000, 0x000000008b200000, 0x000000008b300000|  0%| F|  |TAMS 0x000000008b200000, 0x000000008b200000| Untracked 
| 125|0x000000008b300000, 0x000000008b300000, 0x000000008b400000|  0%| F|  |TAMS 0x000000008b300000, 0x000000008b300000| Untracked 

Card table byte_map: [0x0000019a80720000,0x0000019a80b10000] _byte_map_base: 0x0000019a80305000

Marking Bits (Prev, Next): (CMBitMap*) 0x0000019ae94a10f0, (CMBitMap*) 0x0000019ae94a10b0
 Prev Bits: [0x0000019a82e30000, 0x0000019a84d58000)
 Next Bits: [0x0000019a80f00000, 0x0000019a82e28000)

Polling page: 0x0000019ae8be0000

Metaspace:

Usage:
  Non-class:     21.90 MB used.
      Class:      2.66 MB used.
       Both:     24.55 MB used.

Virtual space:
  Non-class space:       64.00 MB reserved,      22.06 MB ( 34%) committed,  1 nodes.
      Class space:        1.00 GB reserved,       2.75 MB ( <1%) committed,  1 nodes.
             Both:        1.06 GB reserved,      24.81 MB (  2%) committed. 

Chunk freelists:
   Non-Class:  9.98 MB
       Class:  13.12 MB
        Both:  23.11 MB

MaxMetaspaceSize: unlimited
CompressedClassSpaceSize: 1.00 GB
Initial GC threshold: 21.00 MB
Current GC threshold: 41.25 MB
CDS: on
MetaspaceReclaimPolicy: balanced
 - commit_granule_bytes: 65536.
 - commit_granule_words: 8192.
 - virtual_space_node_default_size: 8388608.
 - enlarge_chunks_in_place: 1.
 - new_chunks_are_fully_committed: 0.
 - uncommit_free_chunks: 1.
 - use_allocation_guard: 0.
 - handle_deallocations: 1.


Internal statistics:

num_allocs_failed_limit: 3.
num_arena_births: 220.
num_arena_deaths: 0.
num_vsnodes_births: 2.
num_vsnodes_deaths: 0.
num_space_committed: 395.
num_space_uncommitted: 0.
num_chunks_returned_to_freelist: 3.
num_chunks_taken_from_freelist: 990.
num_chunk_merges: 3.
num_chunk_splits: 753.
num_chunks_enlarged: 634.
num_inconsistent_stats: 0.

CodeHeap 'non-profiled nmethods': size=120000Kb used=1613Kb max_used=1613Kb free=118386Kb
 bounds [0x0000019af8a70000, 0x0000019af8ce0000, 0x0000019afffa0000]
CodeHeap 'profiled nmethods': size=120000Kb used=5791Kb max_used=5791Kb free=114209Kb
 bounds [0x0000019af0fa0000, 0x0000019af1550000, 0x0000019af84d0000]
CodeHeap 'non-nmethods': size=5760Kb used=1999Kb max_used=2005Kb free=3760Kb
 bounds [0x0000019af84d0000, 0x0000019af8740000, 0x0000019af8a70000]
 total_blobs=4456 nmethods=3019 adapters=1347
 compilation: enabled
              stopped_count=0, restarted_count=0
 full_count=0

Compilation events (20 events):
Event: 9.793 Thread 0x0000019a8783dfb0 nmethod 3013 0x0000019af1542490 code [0x0000019af1542680, 0x0000019af1542bd8]
Event: 9.793 Thread 0x0000019a8783dfb0 3011       3       javafx.scene.layout.Region$InsetsProperty::get (123 bytes)
Event: 9.794 Thread 0x0000019a8783dfb0 nmethod 3011 0x0000019af1542d90 code [0x0000019af1543060, 0x0000019af15443c8]
Event: 9.794 Thread 0x0000019a8783dfb0 3014       1       java.util.Collections$EmptyList::size (2 bytes)
Event: 9.794 Thread 0x0000019a8783dfb0 nmethod 3014 0x0000019af8c03390 code [0x0000019af8c03520, 0x0000019af8c035f8]
Event: 9.799 Thread 0x0000019a8783dfb0 3015       3       com.sun.javafx.sg.prism.NGGroup::renderForcedContent (43 bytes)
Event: 9.800 Thread 0x0000019a8783dfb0 nmethod 3015 0x0000019af1544890 code [0x0000019af1544aa0, 0x0000019af1545198]
Event: 9.893 Thread 0x0000019a8783dfb0 3016       3       jdk.internal.misc.Unsafe::weakCompareAndSetReference (11 bytes)
Event: 9.894 Thread 0x0000019a8783dfb0 nmethod 3016 0x0000019af1545390 code [0x0000019af1545520, 0x0000019af1545698]
Event: 10.056 Thread 0x0000019a8783dfb0 3017       3       ij.process.ImageProcessor::<init> (65 bytes)
Event: 10.056 Thread 0x0000019a8783dfb0 nmethod 3017 0x0000019af1545710 code [0x0000019af15458c0, 0x0000019af1545b58]
Event: 10.080 Thread 0x0000019a8783dfb0 3018       3       java.util.concurrent.atomic.AtomicInteger::decrementAndGet (14 bytes)
Event: 10.081 Thread 0x0000019a8783dfb0 nmethod 3018 0x0000019af1545c10 code [0x0000019af1545da0, 0x0000019af1545eb8]
Event: 10.126 Thread 0x0000019a875be3a0 3019 %     4       ij.process.ByteProcessor::setMinAndMax @ 152 (394 bytes)
Event: 10.126 Thread 0x0000019a8783dfb0 3020       3       java.util.Arrays::copyOf (19 bytes)
Event: 10.126 Thread 0x0000019a8783dfb0 nmethod 3020 0x0000019af1545f90 code [0x0000019af1546140, 0x0000019af1546428]
Event: 10.126 Thread 0x0000019a8783dfb0 3021       3       org.bytedeco.opencv.opencv_core.Size::<init> (15 bytes)
Event: 10.126 Thread 0x0000019a8783dfb0 nmethod 3021 0x0000019af1546590 code [0x0000019af1546740, 0x0000019af1546938]
Event: 10.179 Thread 0x0000019a8783dfb0 3022       3       ij.plugin.filter.GaussianBlur::makeGaussianKernel (347 bytes)
Event: 10.181 Thread 0x0000019a8783dfb0 nmethod 3022 0x0000019af1546a90 code [0x0000019af1546d20, 0x0000019af15476c8]

GC Heap History (20 events):
Event: 9.266 GC heap after
{Heap after GC invocations=21 (full 0):
 garbage-first heap   total 70656K, used 30231K [0x0000000083600000, 0x0000000100000000)
  region size 1024K, 4 young (4096K), 4 survivors (4096K)
 Metaspace       used 25118K, committed 25344K, reserved 1114112K
  class space    used 2719K, committed 2816K, reserved 1048576K
}
Event: 9.374 GC heap before
{Heap before GC invocations=21 (full 0):
 garbage-first heap   total 70656K, used 53783K [0x0000000083600000, 0x0000000100000000)
  region size 1024K, 28 young (28672K), 4 survivors (4096K)
 Metaspace       used 25121K, committed 25344K, reserved 1114112K
  class space    used 2719K, committed 2816K, reserved 1048576K
}
Event: 9.376 GC heap after
{Heap after GC invocations=22 (full 0):
 garbage-first heap   total 70656K, used 31515K [0x0000000083600000, 0x0000000100000000)
  region size 1024K, 4 young (4096K), 4 survivors (4096K)
 Metaspace       used 25121K, committed 25344K, reserved 1114112K
  class space    used 2719K, committed 2816K, reserved 1048576K
}
Event: 9.520 GC heap before
{Heap before GC invocations=22 (full 0):
 garbage-first heap   total 70656K, used 54043K [0x0000000083600000, 0x0000000100000000)
  region size 1024K, 27 young (27648K), 4 survivors (4096K)
 Metaspace       used 25124K, committed 25344K, reserved 1114112K
  class space    used 2719K, committed 2816K, reserved 1048576K
}
Event: 9.522 GC heap after
{Heap after GC invocations=23 (full 0):
 garbage-first heap   total 70656K, used 33563K [0x0000000083600000, 0x0000000100000000)
  region size 1024K, 4 young (4096K), 4 survivors (4096K)
 Metaspace       used 25124K, committed 25344K, reserved 1114112K
  class space    used 2719K, committed 2816K, reserved 1048576K
}
Event: 9.640 GC heap before
{Heap before GC invocations=23 (full 0):
 garbage-first heap   total 70656K, used 55067K [0x0000000083600000, 0x0000000100000000)
  region size 1024K, 26 young (26624K), 4 survivors (4096K)
 Metaspace       used 25129K, committed 25344K, reserved 1114112K
  class space    used 2719K, committed 2816K, reserved 1048576K
}
Event: 9.641 GC heap after
{Heap after GC invocations=24 (full 0):
 garbage-first heap   total 70656K, used 35095K [0x0000000083600000, 0x0000000100000000)
  region size 1024K, 4 young (4096K), 4 survivors (4096K)
 Metaspace       used 25129K, committed 25344K, reserved 1114112K
  class space    used 2719K, committed 2816K, reserved 1048576K
}
Event: 9.733 GC heap before
{Heap before GC invocations=24 (full 0):
 garbage-first heap   total 70656K, used 55575K [0x0000000083600000, 0x0000000100000000)
  region size 1024K, 24 young (24576K), 4 survivors (4096K)
 Metaspace       used 25129K, committed 25344K, reserved 1114112K
  class space    used 2719K, committed 2816K, reserved 1048576K
}
Event: 9.734 GC heap after
{Heap after GC invocations=25 (full 0):
 garbage-first heap   total 70656K, used 36123K [0x0000000083600000, 0x0000000100000000)
  region size 1024K, 3 young (3072K), 3 survivors (3072K)
 Metaspace       used 25129K, committed 25344K, reserved 1114112K
  class space    used 2719K, committed 2816K, reserved 1048576K
}
Event: 9.864 GC heap before
{Heap before GC invocations=26 (full 0):
 garbage-first heap   total 70656K, used 55579K [0x0000000083600000, 0x0000000100000000)
  region size 1024K, 23 young (23552K), 3 survivors (3072K)
 Metaspace       used 25140K, committed 25408K, reserved 1114112K
  class space    used 2719K, committed 2816K, reserved 1048576K
}
Event: 9.867 GC heap after
{Heap after GC invocations=27 (full 0):
 garbage-first heap   total 84992K, used 37911K [0x0000000083600000, 0x0000000100000000)
  region size 1024K, 3 young (3072K), 3 survivors (3072K)
 Metaspace       used 25140K, committed 25408K, reserved 1114112K
  class space    used 2719K, committed 2816K, reserved 1048576K
}
Event: 9.869 GC heap before
{Heap before GC invocations=27 (full 0):
 garbage-first heap   total 84992K, used 38935K [0x0000000083600000, 0x0000000100000000)
  region size 1024K, 4 young (4096K), 3 survivors (3072K)
 Metaspace       used 25140K, committed 25408K, reserved 1114112K
  class space    used 2719K, committed 2816K, reserved 1048576K
}
Event: 9.873 GC heap after
{Heap after GC invocations=28 (full 0):
 garbage-first heap   total 84992K, used 37911K [0x0000000083600000, 0x0000000100000000)
  region size 1024K, 0 young (0K), 0 survivors (0K)
 Metaspace       used 25140K, committed 25408K, reserved 1114112K
  class space    used 2719K, committed 2816K, reserved 1048576K
}
Event: 10.025 GC heap before
{Heap before GC invocations=28 (full 0):
 garbage-first heap   total 84992K, used 66583K [0x0000000083600000, 0x0000000100000000)
  region size 1024K, 29 young (29696K), 0 survivors (0K)
 Metaspace       used 25140K, committed 25408K, reserved 1114112K
  class space    used 2719K, committed 2816K, reserved 1048576K
}
Event: 10.026 GC heap after
{Heap after GC invocations=29 (full 0):
 garbage-first heap   total 84992K, used 39814K [0x0000000083600000, 0x0000000100000000)
  region size 1024K, 2 young (2048K), 2 survivors (2048K)
 Metaspace       used 25140K, committed 25408K, reserved 1114112K
  class space    used 2719K, committed 2816K, reserved 1048576K
}
Event: 10.158 GC heap before
{Heap before GC invocations=30 (full 0):
 garbage-first heap   total 84992K, used 66438K [0x0000000083600000, 0x0000000100000000)
  region size 1024K, 29 young (29696K), 2 survivors (2048K)
 Metaspace       used 25141K, committed 25408K, reserved 1114112K
  class space    used 2719K, committed 2816K, reserved 1048576K
}
Event: 10.159 GC heap after
{Heap after GC invocations=31 (full 0):
 garbage-first heap   total 84992K, used 41495K [0x0000000083600000, 0x0000000100000000)
  region size 1024K, 4 young (4096K), 4 survivors (4096K)
 Metaspace       used 25141K, committed 25408K, reserved 1114112K
  class space    used 2719K, committed 2816K, reserved 1048576K
}
Event: 10.159 GC heap before
{Heap before GC invocations=31 (full 0):
 garbage-first heap   total 84992K, used 41495K [0x0000000083600000, 0x0000000100000000)
  region size 1024K, 5 young (5120K), 4 survivors (4096K)
 Metaspace       used 25141K, committed 25408K, reserved 1114112K
  class space    used 2719K, committed 2816K, reserved 1048576K
}
Event: 10.161 GC heap after
{Heap after GC invocations=32 (full 0):
 garbage-first heap   total 84992K, used 41879K [0x0000000083600000, 0x0000000100000000)
  region size 1024K, 1 young (1024K), 1 survivors (1024K)
 Metaspace       used 25141K, committed 25408K, reserved 1114112K
  class space    used 2719K, committed 2816K, reserved 1048576K
}
Event: 10.183 GC heap before
{Heap before GC invocations=32 (full 0):
 garbage-first heap   total 84992K, used 44951K [0x0000000083600000, 0x0000000100000000)
  region size 1024K, 4 young (4096K), 1 survivors (1024K)
 Metaspace       used 25142K, committed 25408K, reserved 1114112K
  class space    used 2719K, committed 2816K, reserved 1048576K
}

Dll operation events (20 events):
Event: 7.235 Loaded shared library C:\Users\HP\.javacpp\cache\opencv-4.10.0-1.5.11-windows-x86_64.jar\org\bytedeco\opencv\windows-x86_64\opencv_imgproc4100.dll
Event: 7.254 Loaded shared library C:\Users\HP\.javacpp\cache\opencv-4.10.0-1.5.11-windows-x86_64.jar\org\bytedeco\opencv\windows-x86_64\jniopencv_core.dll
Event: 7.370 Loaded shared library C:\Users\HP\.javacpp\cache\opencv-4.10.0-1.5.11-windows-x86_64.jar\org\bytedeco\opencv\windows-x86_64\jniopencv_imgproc.dll
Event: 7.392 Loaded shared library C:\Users\HP\.javacpp\cache\opencv-4.10.0-1.5.11-windows-x86_64.jar\org\bytedeco\opencv\windows-x86_64\opencv_imgcodecs4100.dll
Event: 7.398 Loaded shared library C:\Users\HP\.javacpp\cache\opencv-4.10.0-1.5.11-windows-x86_64.jar\org\bytedeco\opencv\windows-x86_64\jniopencv_imgcodecs.dll
Event: 7.449 Loaded shared library C:\Users\HP\.javacpp\cache\opencv-4.10.0-1.5.11-windows-x86_64.jar\org\bytedeco\opencv\windows-x86_64\opencv_videoio4100.dll
Event: 7.455 Loaded shared library C:\Users\HP\.javacpp\cache\opencv-4.10.0-1.5.11-windows-x86_64.jar\org\bytedeco\opencv\windows-x86_64\jniopencv_videoio.dll
Event: 7.466 Loaded shared library C:\Users\HP\.javacpp\cache\opencv-4.10.0-1.5.11-windows-x86_64.jar\org\bytedeco\opencv\windows-x86_64\opencv_highgui4100.dll
Event: 7.473 Loaded shared library C:\Users\HP\.javacpp\cache\opencv-4.10.0-1.5.11-windows-x86_64.jar\org\bytedeco\opencv\windows-x86_64\jniopencv_highgui.dll
Event: 7.483 Loaded shared library C:\Users\HP\.javacpp\cache\opencv-4.10.0-1.5.11-windows-x86_64.jar\org\bytedeco\opencv\windows-x86_64\opencv_flann4100.dll
Event: 7.488 Loaded shared library C:\Users\HP\.javacpp\cache\opencv-4.10.0-1.5.11-windows-x86_64.jar\org\bytedeco\opencv\windows-x86_64\jniopencv_flann.dll
Event: 7.503 Loaded shared library C:\Users\HP\.javacpp\cache\opencv-4.10.0-1.5.11-windows-x86_64.jar\org\bytedeco\opencv\windows-x86_64\opencv_features2d4100.dll
Event: 7.508 Loaded shared library C:\Users\HP\.javacpp\cache\opencv-4.10.0-1.5.11-windows-x86_64.jar\org\bytedeco\opencv\windows-x86_64\jniopencv_features2d.dll
Event: 7.530 Loaded shared library C:\Users\HP\.javacpp\cache\opencv-4.10.0-1.5.11-windows-x86_64.jar\org\bytedeco\opencv\windows-x86_64\opencv_calib3d4100.dll
Event: 7.536 Loaded shared library C:\Users\HP\.javacpp\cache\opencv-4.10.0-1.5.11-windows-x86_64.jar\org\bytedeco\opencv\windows-x86_64\jniopencv_calib3d.dll
Event: 7.554 Loaded shared library C:\Users\HP\.javacpp\cache\opencv-4.10.0-1.5.11-windows-x86_64.jar\org\bytedeco\opencv\windows-x86_64\opencv_dnn4100.dll
Event: 7.561 Loaded shared library C:\Users\HP\.javacpp\cache\opencv-4.10.0-1.5.11-windows-x86_64.jar\org\bytedeco\opencv\windows-x86_64\jniopencv_dnn.dll
Event: 7.619 Loaded shared library C:\Users\HP\.javacpp\cache\opencv-4.10.0-1.5.11-windows-x86_64.jar\org\bytedeco\opencv\windows-x86_64\opencv_objdetect4100.dll
Event: 7.626 Loaded shared library C:\Users\HP\.javacpp\cache\opencv-4.10.0-1.5.11-windows-x86_64.jar\org\bytedeco\opencv\windows-x86_64\jniopencv_objdetect.dll
Event: 7.839 Loaded shared library C:\Program Files\Microsoft\jdk-17.0.17.10-hotspot\bin\awt.dll

Deoptimization events (20 events):
Event: 8.382 Thread 0x0000019ad2cbce40 DEOPT PACKING pc=0x0000019af14d9774 sp=0x0000003c87aff370
Event: 8.382 Thread 0x0000019ad2cbce40 DEOPT UNPACKING pc=0x0000019af852ace3 sp=0x0000003c87afe810 mode 0
Event: 8.415 Thread 0x0000019ad2cbce40 DEOPT PACKING pc=0x0000019af14e241d sp=0x0000003c87aff280
Event: 8.415 Thread 0x0000019ad2cbce40 DEOPT UNPACKING pc=0x0000019af852ace3 sp=0x0000003c87afe720 mode 0
Event: 8.416 Thread 0x0000019ad2cbce40 DEOPT PACKING pc=0x0000019af14e6e39 sp=0x0000003c87aff180
Event: 8.416 Thread 0x0000019ad2cbce40 DEOPT UNPACKING pc=0x0000019af852ace3 sp=0x0000003c87afe648 mode 0
Event: 8.440 Thread 0x0000019ad2cbce40 DEOPT PACKING pc=0x0000019af14e6e39 sp=0x0000003c87aff180
Event: 8.440 Thread 0x0000019ad2cbce40 DEOPT UNPACKING pc=0x0000019af852ace3 sp=0x0000003c87afe648 mode 0
Event: 8.593 Thread 0x0000019ad2cbce40 DEOPT PACKING pc=0x0000019af14f99bd sp=0x0000003c87aff380
Event: 8.593 Thread 0x0000019ad2cbce40 DEOPT UNPACKING pc=0x0000019af852ace3 sp=0x0000003c87afe860 mode 0
Event: 8.665 Thread 0x0000019ad2cbce40 DEOPT PACKING pc=0x0000019af14f99bd sp=0x0000003c87aff380
Event: 8.665 Thread 0x0000019ad2cbce40 DEOPT UNPACKING pc=0x0000019af852ace3 sp=0x0000003c87afe860 mode 0
Event: 8.665 Thread 0x0000019ad2cbce40 DEOPT PACKING pc=0x0000019af14faac6 sp=0x0000003c87aff260
Event: 8.665 Thread 0x0000019ad2cbce40 DEOPT UNPACKING pc=0x0000019af852ace3 sp=0x0000003c87afe6e8 mode 0
Event: 8.737 Thread 0x0000019ad2cbce40 DEOPT PACKING pc=0x0000019af14faac6 sp=0x0000003c87aff260
Event: 8.737 Thread 0x0000019ad2cbce40 DEOPT UNPACKING pc=0x0000019af852ace3 sp=0x0000003c87afe6e8 mode 0
Event: 8.802 Thread 0x0000019ad2cbce40 DEOPT PACKING pc=0x0000019af14faac6 sp=0x0000003c87aff260
Event: 8.802 Thread 0x0000019ad2cbce40 DEOPT UNPACKING pc=0x0000019af852ace3 sp=0x0000003c87afe6e8 mode 0
Event: 9.899 Thread 0x0000019ad2cbce40 DEOPT PACKING pc=0x0000019af1257fca sp=0x0000003c87afeb70
Event: 9.899 Thread 0x0000019ad2cbce40 DEOPT UNPACKING pc=0x0000019af852ace3 sp=0x0000003c87afe010 mode 0

Classes loaded (20 events):
Event: 7.867 Loading class java/awt/color/ICC_Profile
Event: 7.867 Loading class java/awt/color/ICC_Profile done
Event: 7.867 Loading class java/awt/color/ICC_Profile$BuiltInProfile
Event: 7.867 Loading class java/awt/color/ICC_Profile$BuiltInProfile done
Event: 7.867 Loading class java/awt/color/ICC_ProfileRGB
Event: 7.867 Loading class java/awt/color/ICC_ProfileRGB done
Event: 7.867 Loading class sun/java2d/cmm/ProfileDeferralInfo
Event: 7.867 Loading class sun/java2d/cmm/ProfileDeferralInfo done
Event: 7.867 Loading class java/awt/color/ICC_ProfileGray
Event: 7.867 Loading class java/awt/color/ICC_ProfileGray done
Event: 7.871 Loading class java/awt/image/DataBufferByte
Event: 7.871 Loading class java/awt/image/DataBufferByte done
Event: 7.877 Loading class java/util/concurrent/SynchronousQueue
Event: 7.878 Loading class java/util/concurrent/SynchronousQueue done
Event: 7.878 Loading class java/util/concurrent/SynchronousQueue$TransferStack
Event: 7.878 Loading class java/util/concurrent/SynchronousQueue$Transferer
Event: 7.878 Loading class java/util/concurrent/SynchronousQueue$Transferer done
Event: 7.878 Loading class java/util/concurrent/SynchronousQueue$TransferStack done
Event: 7.878 Loading class java/util/concurrent/SynchronousQueue$TransferStack$SNode
Event: 7.878 Loading class java/util/concurrent/SynchronousQueue$TransferStack$SNode done

Classes unloaded (0 events):
No events

Classes redefined (0 events):
No events

Internal exceptions (20 events):
Event: 1.454 Thread 0x0000019acd3e5620 Exception <a 'java/lang/NoSuchMethodError'{0x000000008a478338}: 'void java.lang.invoke.DirectMethodHandle$Holder.invokeStaticInit(java.lang.Object, java.lang.Object)'> (0x000000008a478338) 
thrown [s\src\hotspot\share\interpreter\linkResolver.cpp, line 759]
Event: 1.459 Thread 0x0000019acd3e5620 Exception <a 'java/lang/NoSuchMethodError'{0x000000008a4ad610}: 'void java.lang.invoke.DirectMethodHandle$Holder.invokeSpecial(java.lang.Object, java.lang.Object, java.lang.Object, java.lang.Object, java.lang.Object)'> (0x000000008a4ad610) 
thrown [s\src\hotspot\share\interpreter\linkResolver.cpp, line 759]
Event: 1.636 Thread 0x0000019acd3e5620 Implicit null exception at 0x0000019af8abecd8 to 0x0000019af8abed6e
Event: 1.708 Thread 0x0000019acd3e5620 Implicit null exception at 0x0000019af8adc90d to 0x0000019af8adcc94
Event: 1.711 Thread 0x0000019acd3e5620 Implicit null exception at 0x0000019af8adbb8d to 0x0000019af8adbf04
Event: 1.891 Thread 0x0000019acd3e5620 Exception <a 'java/lang/NoSuchMethodError'{0x00000000897d7778}: 'java.lang.Object java.lang.invoke.DirectMethodHandle$Holder.invokeInterface(java.lang.Object, java.lang.Object, java.lang.Object)'> (0x00000000897d7778) 
thrown [s\src\hotspot\share\interpreter\linkResolver.cpp, line 759]
Event: 1.891 Thread 0x0000019acd3e5620 Exception <a 'java/lang/IncompatibleClassChangeError'{0x00000000897db100}: Found class java.lang.Object, but interface was expected> (0x00000000897db100) 
thrown [s\src\hotspot\share\interpreter\linkResolver.cpp, line 826]
Event: 2.074 Thread 0x0000019acd3e5620 Exception <a 'java/lang/NoSuchMethodError'{0x00000000892d41c0}: 'java.lang.Object java.lang.invoke.DirectMethodHandle$Holder.newInvokeSpecial(java.lang.Object, java.lang.Object, int)'> (0x00000000892d41c0) 
thrown [s\src\hotspot\share\interpreter\linkResolver.cpp, line 759]
Event: 2.145 Thread 0x0000019acd30b630 Exception <a 'java/lang/NoSuchMethodError'{0x000000008b21a4a8}: 'int java.lang.invoke.DirectMethodHandle$Holder.invokeStaticInit(java.lang.Object, java.lang.Object)'> (0x000000008b21a4a8) 
thrown [s\src\hotspot\share\interpreter\linkResolver.cpp, line 759]
Event: 5.048 Thread 0x0000019acd3e5620 Exception <a 'java/lang/NoSuchMethodError'{0x000000008aedee28}: 'long java.lang.invoke.DirectMethodHandle$Holder.invokeStatic(java.lang.Object, java.lang.Object, java.lang.Object)'> (0x000000008aedee28) 
thrown [s\src\hotspot\share\interpreter\linkResolver.cpp, line 759]
Event: 5.049 Thread 0x0000019acd3e5620 Exception <a 'java/lang/NoSuchMethodError'{0x000000008aee25d0}: 'long java.lang.invoke.DirectMethodHandle$Holder.invokeStaticInit(java.lang.Object, java.lang.Object, java.lang.Object)'> (0x000000008aee25d0) 
thrown [s\src\hotspot\share\interpreter\linkResolver.cpp, line 759]
Event: 5.051 Thread 0x0000019acd3e5620 Exception <a 'java/lang/NoSuchMethodError'{0x000000008aefa158}: 'java.lang.Object java.lang.invoke.DirectMethodHandle$Holder.newInvokeSpecial(java.lang.Object, java.lang.Object, long)'> (0x000000008aefa158) 
thrown [s\src\hotspot\share\interpreter\linkResolver.cpp, line 759]
Event: 5.052 Thread 0x0000019acd3e5620 Exception <a 'java/lang/NoSuchMethodError'{0x000000008aefdcc8}: 'java.lang.Object java.lang.invoke.Invokers$Holder.linkToTargetMethod(java.lang.Object, long, java.lang.Object)'> (0x000000008aefdcc8) 
thrown [s\src\hotspot\share\interpreter\linkResolver.cpp, line 759]
Event: 5.278 Thread 0x0000019acd3e5620 Exception <a 'java/lang/NoSuchMethodError'{0x000000008adc3370}: 'void java.lang.invoke.DirectMethodHandle$Holder.invokeVirtual(java.lang.Object, java.lang.Object)'> (0x000000008adc3370) 
thrown [s\src\hotspot\share\interpreter\linkResolver.cpp, line 759]
Event: 5.323 Thread 0x0000019ad2cbce40 Exception <a 'java/lang/NoSuchMethodError'{0x000000008aa3b890}: 'int java.lang.invoke.DirectMethodHandle$Holder.invokeStaticInit(java.lang.Object, java.lang.Object, java.lang.Object, java.lang.Object)'> (0x000000008aa3b890) 
thrown [s\src\hotspot\share\interpreter\linkResolver.cpp, line 759]
Event: 5.324 Thread 0x0000019ad2cbce40 Exception <a 'java/lang/NoSuchMethodError'{0x000000008aa44b00}: 'java.lang.Object java.lang.invoke.DirectMethodHandle$Holder.invokeInterface(java.lang.Object, java.lang.Object)'> (0x000000008aa44b00) 
thrown [s\src\hotspot\share\interpreter\linkResolver.cpp, line 759]
Event: 5.324 Thread 0x0000019ad2cbce40 Exception <a 'java/lang/IncompatibleClassChangeError'{0x000000008aa48050}: Found class java.lang.Object, but interface was expected> (0x000000008aa48050) 
thrown [s\src\hotspot\share\interpreter\linkResolver.cpp, line 826]
Event: 7.833 Thread 0x0000019ad2cbce40 Exception <a 'java/lang/ClassNotFoundException'{0x000000008515d378}: sun/awt/resources/spi/awtProvider> (0x000000008515d378) 
thrown [s\src\hotspot\share\classfile\systemDictionary.cpp, line 256]
Event: 7.840 Thread 0x0000019ad2cbce40 Exception <a 'java/io/FileNotFoundException'{0x0000000085160470}> (0x0000000085160470) 
thrown [s\src\hotspot\share\prims\jni.cpp, line 516]
Event: 7.840 Thread 0x0000019ad2cbce40 Exception <a 'java/io/FileNotFoundException'{0x0000000085161970}> (0x0000000085161970) 
thrown [s\src\hotspot\share\prims\jni.cpp, line 516]

VM Operations (20 events):
Event: 9.734 Executing VM operation: G1CollectForAllocation done
Event: 9.744 Executing VM operation: G1PauseRemark
Event: 9.745 Executing VM operation: G1PauseRemark done
Event: 9.750 Executing VM operation: G1PauseCleanup
Event: 9.750 Executing VM operation: G1PauseCleanup done
Event: 9.864 Executing VM operation: G1CollectForAllocation
Event: 9.867 Executing VM operation: G1CollectForAllocation done
Event: 9.869 Executing VM operation: G1CollectForAllocation
Event: 9.873 Executing VM operation: G1CollectForAllocation done
Event: 10.025 Executing VM operation: G1CollectForAllocation
Event: 10.026 Executing VM operation: G1CollectForAllocation done
Event: 10.038 Executing VM operation: G1PauseRemark
Event: 10.040 Executing VM operation: G1PauseRemark done
Event: 10.044 Executing VM operation: G1PauseCleanup
Event: 10.044 Executing VM operation: G1PauseCleanup done
Event: 10.158 Executing VM operation: G1CollectForAllocation
Event: 10.159 Executing VM operation: G1CollectForAllocation done
Event: 10.159 Executing VM operation: G1CollectForAllocation
Event: 10.161 Executing VM operation: G1CollectForAllocation done
Event: 10.183 Executing VM operation: G1CollectForAllocation

Memory protections (0 events):
No events

Nmethod flushes (0 events):
No events

Events (20 events):
Event: 0.051 Thread 0x0000019ae9446390 Thread added: 0x0000019a87840fe0
Event: 0.178 Thread 0x0000019ae9446390 Thread added: 0x0000019a87963540
Event: 0.260 Thread 0x0000019ae9446390 Thread added: 0x0000019a87ab2880
Event: 0.693 Thread 0x0000019ae9446390 Thread added: 0x0000019acd30b630
Event: 0.823 Thread 0x0000019ae9446390 Thread added: 0x0000019acd38dbb0
Event: 0.829 Thread 0x0000019ae9446390 Thread added: 0x0000019acd3e5620
Event: 0.922 Thread 0x0000019ae9446390 Thread added: 0x0000019acd5a1b30
Event: 0.933 Thread 0x0000019acd5a0dd0 Thread added: 0x0000019acd5a0dd0
Event: 1.884 Thread 0x0000019acd3e5620 Thread added: 0x0000019ad3874330
Event: 2.244 Thread 0x0000019acd30b630 Thread added: 0x0000019ad2cbdd70
Event: 5.279 Thread 0x0000019acd3e5620 Thread added: 0x0000019ad2cbce40
Event: 6.327 Thread 0x0000019ad2cbce40 Thread added: 0x0000019ad2cbc420
Event: 7.879 Thread 0x0000019ad2cbce40 Thread added: 0x0000019ad2cbeca0
Event: 7.879 Thread 0x0000019ad2cbce40 Thread added: 0x0000019ad2cbf1b0
Event: 7.879 Thread 0x0000019ad2cbce40 Thread added: 0x0000019ad2cbba00
Event: 7.879 Thread 0x0000019ad2cbce40 Thread added: 0x0000019ad2cbd860
Event: 7.879 Thread 0x0000019ad2cbce40 Thread added: 0x0000019ad2cbc930
Event: 7.882 Thread 0x0000019ad2cbce40 Thread added: 0x0000019ad2cbbf10
Event: 7.882 Thread 0x0000019ad2cbce40 Thread added: 0x0000019ad2cbd350
Event: 7.882 Thread 0x0000019ad2cbce40 Thread added: 0x0000019ad2cbe790


Dynamic libraries:
0x00007ff677b60000 - 0x00007ff677b6e000 	C:\Program Files\Microsoft\jdk-17.0.17.10-hotspot\bin\java.exe
0x00007ffe70070000 - 0x00007ffe70286000 	C:\WINDOWS\SYSTEM32\ntdll.dll
0x00007ffe6fe80000 - 0x00007ffe6ff44000 	C:\WINDOWS\System32\KERNEL32.DLL
0x00007ffe6d380000 - 0x00007ffe6d726000 	C:\WINDOWS\System32\KERNELBASE.dll
0x00007ffe6d8c0000 - 0x00007ffe6d9d1000 	C:\WINDOWS\System32\ucrtbase.dll
0x00007ffe4bc60000 - 0x00007ffe4bc7e000 	C:\Program Files\Microsoft\jdk-17.0.17.10-hotspot\bin\VCRUNTIME140.dll
0x00007ffe4bc40000 - 0x00007ffe4bc58000 	C:\Program Files\Microsoft\jdk-17.0.17.10-hotspot\bin\jli.dll
0x00007ffe6e0e0000 - 0x00007ffe6e28d000 	C:\WINDOWS\System32\USER32.dll
0x00007ffe4d790000 - 0x00007ffe4da23000 	C:\WINDOWS\WinSxS\amd64_microsoft.windows.common-controls_6595b64144ccf1df_6.0.22621.3235_none_270f74e173860f98\COMCTL32.dll
0x00007ffe6da60000 - 0x00007ffe6da86000 	C:\WINDOWS\System32\win32u.dll
0x00007ffe6ff50000 - 0x00007ffe6fff7000 	C:\WINDOWS\System32\msvcrt.dll
0x00007ffe6f280000 - 0x00007ffe6f2a9000 	C:\WINDOWS\System32\GDI32.dll
0x00007ffe6dc00000 - 0x00007ffe6dd18000 	C:\WINDOWS\System32\gdi32full.dll
0x00007ffe6d730000 - 0x00007ffe6d7ca000 	C:\WINDOWS\System32\msvcp_win.dll
0x00007ffe6de00000 - 0x00007ffe6de31000 	C:\WINDOWS\System32\IMM32.DLL
0x00007ffe64f10000 - 0x00007ffe64f1c000 	C:\Program Files\Microsoft\jdk-17.0.17.10-hotspot\bin\vcruntime140_1.dll
0x00007ffe41d80000 - 0x00007ffe41e09000 	C:\Program Files\Microsoft\jdk-17.0.17.10-hotspot\bin\msvcp140.dll
0x00007ffe09840000 - 0x00007ffe0a4ba000 	C:\Program Files\Microsoft\jdk-17.0.17.10-hotspot\bin\server\jvm.dll
0x00007ffe6f790000 - 0x00007ffe6f842000 	C:\WINDOWS\System32\ADVAPI32.dll
0x00007ffe6fdd0000 - 0x00007ffe6fe78000 	C:\WINDOWS\System32\sechost.dll
0x00007ffe6d7d0000 - 0x00007ffe6d7f8000 	C:\WINDOWS\System32\bcrypt.dll
0x00007ffe6f5a0000 - 0x00007ffe6f6b5000 	C:\WINDOWS\System32\RPCRT4.dll
0x00007ffe6f200000 - 0x00007ffe6f271000 	C:\WINDOWS\System32\WS2_32.dll
0x00007ffe6d250000 - 0x00007ffe6d29d000 	C:\WINDOWS\SYSTEM32\POWRPROF.dll
0x00007ffe62890000 - 0x00007ffe628c4000 	C:\WINDOWS\SYSTEM32\WINMM.dll
0x00007ffe5ff00000 - 0x00007ffe5ff0a000 	C:\WINDOWS\SYSTEM32\VERSION.dll
0x00007ffe6d230000 - 0x00007ffe6d243000 	C:\WINDOWS\SYSTEM32\UMPDC.dll
0x00007ffe6c3c0000 - 0x00007ffe6c3d8000 	C:\WINDOWS\SYSTEM32\kernel.appcore.dll
0x00007ffe56350000 - 0x00007ffe5635a000 	C:\Program Files\Microsoft\jdk-17.0.17.10-hotspot\bin\jimage.dll
0x00007ffe67260000 - 0x00007ffe67493000 	C:\WINDOWS\SYSTEM32\DBGHELP.DLL
0x00007ffe6ed00000 - 0x00007ffe6f088000 	C:\WINDOWS\System32\combase.dll
0x00007ffe6de40000 - 0x00007ffe6df17000 	C:\WINDOWS\System32\OLEAUT32.dll
0x00007ffe4e9d0000 - 0x00007ffe4ea02000 	C:\WINDOWS\SYSTEM32\dbgcore.DLL
0x00007ffe6d9e0000 - 0x00007ffe6da5a000 	C:\WINDOWS\System32\bcryptPrimitives.dll
0x00007ffe41d50000 - 0x00007ffe41d76000 	C:\Program Files\Microsoft\jdk-17.0.17.10-hotspot\bin\java.dll
0x00007ffe41c70000 - 0x00007ffe41d46000 	C:\Program Files\Microsoft\jdk-17.0.17.10-hotspot\bin\jsvml.dll
0x00007ffe6e450000 - 0x00007ffe6ecad000 	C:\WINDOWS\System32\SHELL32.dll
0x00007ffe6b2e0000 - 0x00007ffe6bbd8000 	C:\WINDOWS\SYSTEM32\windows.storage.dll
0x00007ffe6b1a0000 - 0x00007ffe6b2de000 	C:\WINDOWS\SYSTEM32\wintypes.dll
0x00007ffe6f4a0000 - 0x00007ffe6f593000 	C:\WINDOWS\System32\SHCORE.dll
0x00007ffe6f440000 - 0x00007ffe6f49e000 	C:\WINDOWS\System32\shlwapi.dll
0x00007ffe6d2b0000 - 0x00007ffe6d2d6000 	C:\WINDOWS\SYSTEM32\profapi.dll
0x00007ffe4bc20000 - 0x00007ffe4bc3b000 	C:\Program Files\Microsoft\jdk-17.0.17.10-hotspot\bin\net.dll
0x00007ffe62af0000 - 0x00007ffe62c27000 	C:\WINDOWS\SYSTEM32\WINHTTP.dll
0x00007ffe6c840000 - 0x00007ffe6c8a9000 	C:\WINDOWS\system32\mswsock.dll
0x00007ffe4b950000 - 0x00007ffe4b966000 	C:\Program Files\Microsoft\jdk-17.0.17.10-hotspot\bin\nio.dll
0x00007ffe41c50000 - 0x00007ffe41c68000 	C:\Program Files\Microsoft\jdk-17.0.17.10-hotspot\bin\zip.dll
0x0000019a87c30000 - 0x0000019a87c33000 	C:\Users\HP\.openjfx\cache\17.0.2-ea\api-ms-win-core-console-l1-1-0.dll
0x0000019a87c40000 - 0x0000019a87c43000 	C:\Users\HP\.openjfx\cache\17.0.2-ea\api-ms-win-core-console-l1-2-0.dll
0x0000019a87c50000 - 0x0000019a87c53000 	C:\Users\HP\.openjfx\cache\17.0.2-ea\api-ms-win-core-datetime-l1-1-0.dll
0x0000019a87c60000 - 0x0000019a87c63000 	C:\Users\HP\.openjfx\cache\17.0.2-ea\api-ms-win-core-debug-l1-1-0.dll
0x0000019a87c70000 - 0x0000019a87c73000 	C:\Users\HP\.openjfx\cache\17.0.2-ea\api-ms-win-core-errorhandling-l1-1-0.dll
0x0000019a87c80000 - 0x0000019a87c84000 	C:\Users\HP\.openjfx\cache\17.0.2-ea\api-ms-win-core-file-l1-1-0.dll
0x0000019a87c90000 - 0x0000019a87c93000 	C:\Users\HP\.openjfx\cache\17.0.2-ea\api-ms-win-core-file-l1-2-0.dll
0x0000019a87ca0000 - 0x0000019a87ca3000 	C:\Users\HP\.openjfx\cache\17.0.2-ea\api-ms-win-core-file-l2-1-0.dll
0x0000019a87cb0000 - 0x0000019a87cb3000 	C:\Users\HP\.openjfx\cache\17.0.2-ea\api-ms-win-core-handle-l1-1-0.dll
0x0000019a87cc0000 - 0x0000019a87cc3000 	C:\Users\HP\.openjfx\cache\17.0.2-ea\api-ms-win-core-heap-l1-1-0.dll
0x0000019a87cd0000 - 0x0000019a87cd3000 	C:\Users\HP\.openjfx\cache\17.0.2-ea\api-ms-win-core-interlocked-l1-1-0.dll
0x0000019a87ce0000 - 0x0000019a87ce3000 	C:\Users\HP\.openjfx\cache\17.0.2-ea\api-ms-win-core-libraryloader-l1-1-0.dll
0x0000019a87cf0000 - 0x0000019a87cf3000 	C:\Users\HP\.openjfx\cache\17.0.2-ea\api-ms-win-core-localization-l1-2-0.dll
0x0000019a87d00000 - 0x0000019a87d03000 	C:\Users\HP\.openjfx\cache\17.0.2-ea\api-ms-win-core-memory-l1-1-0.dll
0x0000019a87d10000 - 0x0000019a87d13000 	C:\Users\HP\.openjfx\cache\17.0.2-ea\api-ms-win-core-namedpipe-l1-1-0.dll
0x0000019a87d20000 - 0x0000019a87d23000 	C:\Users\HP\.openjfx\cache\17.0.2-ea\api-ms-win-core-processenvironment-l1-1-0.dll
0x0000019a87d30000 - 0x0000019a87d33000 	C:\Users\HP\.openjfx\cache\17.0.2-ea\api-ms-win-core-processthreads-l1-1-0.dll
0x0000019a87d40000 - 0x0000019a87d43000 	C:\Users\HP\.openjfx\cache\17.0.2-ea\api-ms-win-core-processthreads-l1-1-1.dll
0x0000019a87d50000 - 0x0000019a87d53000 	C:\Users\HP\.openjfx\cache\17.0.2-ea\api-ms-win-core-profile-l1-1-0.dll
0x0000019a87d60000 - 0x0000019a87d63000 	C:\Users\HP\.openjfx\cache\17.0.2-ea\api-ms-win-core-rtlsupport-l1-1-0.dll
0x0000019a87d70000 - 0x0000019a87d73000 	C:\Users\HP\.openjfx\cache\17.0.2-ea\api-ms-win-core-string-l1-1-0.dll
0x0000019a87d80000 - 0x0000019a87d83000 	C:\Users\HP\.openjfx\cache\17.0.2-ea\api-ms-win-core-synch-l1-1-0.dll
0x0000019a87d90000 - 0x0000019a87d93000 	C:\Users\HP\.openjfx\cache\17.0.2-ea\api-ms-win-core-synch-l1-2-0.dll
0x0000019a87da0000 - 0x0000019a87da3000 	C:\Users\HP\.openjfx\cache\17.0.2-ea\api-ms-win-core-sysinfo-l1-1-0.dll
0x0000019a87db0000 - 0x0000019a87db3000 	C:\Users\HP\.openjfx\cache\17.0.2-ea\api-ms-win-core-timezone-l1-1-0.dll
0x0000019a87dc0000 - 0x0000019a87dc3000 	C:\Users\HP\.openjfx\cache\17.0.2-ea\api-ms-win-core-util-l1-1-0.dll
0x0000019a87dd0000 - 0x0000019a87dd3000 	C:\Users\HP\.openjfx\cache\17.0.2-ea\api-ms-win-crt-conio-l1-1-0.dll
0x0000019a87de0000 - 0x0000019a87de4000 	C:\Users\HP\.openjfx\cache\17.0.2-ea\api-ms-win-crt-convert-l1-1-0.dll
0x0000019a87df0000 - 0x0000019a87df3000 	C:\Users\HP\.openjfx\cache\17.0.2-ea\api-ms-win-crt-environment-l1-1-0.dll
0x0000019a87e00000 - 0x0000019a87e03000 	C:\Users\HP\.openjfx\cache\17.0.2-ea\api-ms-win-crt-filesystem-l1-1-0.dll
0x0000019a87e10000 - 0x0000019a87e13000 	C:\Users\HP\.openjfx\cache\17.0.2-ea\api-ms-win-crt-heap-l1-1-0.dll
0x0000019a87e20000 - 0x0000019a87e23000 	C:\Users\HP\.openjfx\cache\17.0.2-ea\api-ms-win-crt-locale-l1-1-0.dll
0x0000019a87e30000 - 0x0000019a87e35000 	C:\Users\HP\.openjfx\cache\17.0.2-ea\api-ms-win-crt-math-l1-1-0.dll
0x0000019a87e40000 - 0x0000019a87e45000 	C:\Users\HP\.openjfx\cache\17.0.2-ea\api-ms-win-crt-multibyte-l1-1-0.dll
0x0000019a87e50000 - 0x0000019a87e60000 	C:\Users\HP\.openjfx\cache\17.0.2-ea\api-ms-win-crt-private-l1-1-0.dll
0x0000019a87e60000 - 0x0000019a87e63000 	C:\Users\HP\.openjfx\cache\17.0.2-ea\api-ms-win-crt-process-l1-1-0.dll
0x0000019a87e70000 - 0x0000019a87e74000 	C:\Users\HP\.openjfx\cache\17.0.2-ea\api-ms-win-crt-runtime-l1-1-0.dll
0x0000019a87e80000 - 0x0000019a87e84000 	C:\Users\HP\.openjfx\cache\17.0.2-ea\api-ms-win-crt-stdio-l1-1-0.dll
0x0000019a87e90000 - 0x0000019a87e94000 	C:\Users\HP\.openjfx\cache\17.0.2-ea\api-ms-win-crt-string-l1-1-0.dll
0x0000019a87ea0000 - 0x0000019a87ea3000 	C:\Users\HP\.openjfx\cache\17.0.2-ea\api-ms-win-crt-time-l1-1-0.dll
0x0000019a87eb0000 - 0x0000019a87eb3000 	C:\Users\HP\.openjfx\cache\17.0.2-ea\api-ms-win-crt-utility-l1-1-0.dll
0x00007ffe3ec00000 - 0x00007ffe3ecfc000 	C:\Users\HP\.openjfx\cache\17.0.2-ea\ucrtbase.dll
0x00007ffe41be0000 - 0x00007ffe41bfa000 	C:\Users\HP\.openjfx\cache\17.0.2-ea\vcruntime140.dll
0x00007ffe49490000 - 0x00007ffe4949c000 	C:\Users\HP\.openjfx\cache\17.0.2-ea\vcruntime140_1.dll
0x00007ffe3eb70000 - 0x00007ffe3ebfd000 	C:\Users\HP\.openjfx\cache\17.0.2-ea\msvcp140.dll
0x00007ffe41bb0000 - 0x00007ffe41bda000 	C:\Users\HP\.openjfx\cache\17.0.2-ea\prism_d3d.dll
0x00007ffe177f0000 - 0x00007ffe17999000 	C:\WINDOWS\system32\d3d9.dll
0x00007ffe677d0000 - 0x00007ffe677fb000 	C:\WINDOWS\SYSTEM32\dwmapi.dll
0x00007ffe674a0000 - 0x00007ffe674d9000 	C:\WINDOWS\SYSTEM32\dxcore.dll
0x00007ffe670b0000 - 0x00007ffe6715b000 	C:\WINDOWS\system32\uxtheme.dll
0x00007ffe251c0000 - 0x00007ffe2536c000 	C:\WINDOWS\System32\DriverStore\FileRepository\iigd_dch.inf_amd64_9b53505f87f3498b\igdumdim64.dll
0x00007ffe6df20000 - 0x00007ffe6e0bf000 	C:\WINDOWS\System32\ole32.dll
0x00007ffdbe990000 - 0x00007ffdc31f4000 	C:\WINDOWS\System32\DriverStore\FileRepository\iigd_dch.inf_amd64_9b53505f87f3498b\igd9dxva64.dll
0x00007ffe6f8b0000 - 0x00007ffe6fd24000 	C:\WINDOWS\System32\SETUPAPI.dll
0x00007ffe6cf80000 - 0x00007ffe6cfce000 	C:\WINDOWS\SYSTEM32\cfgmgr32.dll
0x00007ffe5d860000 - 0x00007ffe5dc69000 	C:\WINDOWS\System32\DriverStore\FileRepository\iigd_dch.inf_amd64_9b53505f87f3498b\igdgmm64.dll
0x00007ffe62c30000 - 0x00007ffe62c7a000 	C:\WINDOWS\SYSTEM32\directxdatabasehelper.dll
0x00007ffe419d0000 - 0x00007ffe41a12000 	C:\Users\HP\.openjfx\cache\17.0.2-ea\glass.dll
0x00007ffe6f2b0000 - 0x00007ffe6f3a9000 	C:\WINDOWS\System32\COMDLG32.dll
0x00007ffe6f0a0000 - 0x00007ffe6f1f4000 	C:\WINDOWS\System32\MSCTF.dll
0x00007ffe0cad0000 - 0x00007ffe0caf7000 	C:\WINDOWS\System32\DriverStore\FileRepository\iigd_dch.inf_amd64_9b53505f87f3498b\igdinfo64.dll
0x00007ffe58fd0000 - 0x00007ffe5d654000 	C:\WINDOWS\System32\DriverStore\FileRepository\iigd_dch.inf_amd64_9b53505f87f3498b\igc64.dll
0x00007ffe41b90000 - 0x00007ffe41ba4000 	C:\Users\HP\.openjfx\cache\17.0.2-ea\javafx_font.dll
0x00007ffe659a0000 - 0x00007ffe65c14000 	C:\WINDOWS\SYSTEM32\dwrite.dll
0x00007ffe6f6c0000 - 0x00007ffe6f770000 	C:\WINDOWS\System32\clbcatq.dll
0x00007ffe65740000 - 0x00007ffe658f0000 	C:\WINDOWS\SYSTEM32\WindowsCodecs.dll
0x00007ffe3d350000 - 0x00007ffe3d3ae000 	C:\WINDOWS\system32\dataexchange.dll
0x00007ffe60570000 - 0x00007ffe607ff000 	C:\WINDOWS\system32\twinapi.appcore.dll
0x00007ffe639f0000 - 0x00007ffe63a22000 	C:\Program Files\Common Files\Microsoft Shared\Ink\rtscom.dll
0x00007ffe50b20000 - 0x00007ffe50c6a000 	C:\WINDOWS\SYSTEM32\textinputframework.dll
0x00007ffe66ae0000 - 0x00007ffe66c14000 	C:\WINDOWS\SYSTEM32\CoreMessaging.dll
0x00007ffe61940000 - 0x00007ffe61cac000 	C:\WINDOWS\SYSTEM32\CoreUIComponents.dll
0x00007ffe6ca90000 - 0x00007ffe6ca9c000 	C:\WINDOWS\SYSTEM32\CRYPTBASE.DLL
0x0000019ad3f50000 - 0x0000019ad3f54000 	C:\Program Files\Microsoft\jdk-17.0.17.10-hotspot\bin\api-ms-win-crt-locale-l1-1-0.dll
0x0000019ad3f60000 - 0x0000019ad3f65000 	C:\Program Files\Microsoft\jdk-17.0.17.10-hotspot\bin\api-ms-win-crt-string-l1-1-0.dll
0x0000019ad3f70000 - 0x0000019ad3f75000 	C:\Program Files\Microsoft\jdk-17.0.17.10-hotspot\bin\api-ms-win-crt-stdio-l1-1-0.dll
0x0000019ad3f80000 - 0x0000019ad3f86000 	C:\Program Files\Microsoft\jdk-17.0.17.10-hotspot\bin\api-ms-win-crt-math-l1-1-0.dll
0x0000019ad3f90000 - 0x0000019ad3f94000 	C:\Program Files\Microsoft\jdk-17.0.17.10-hotspot\bin\api-ms-win-crt-heap-l1-1-0.dll
0x0000019ad3fa0000 - 0x0000019ad3fa5000 	C:\Program Files\Microsoft\jdk-17.0.17.10-hotspot\bin\api-ms-win-crt-runtime-l1-1-0.dll
0x0000019ad3fb0000 - 0x0000019ad3fb5000 	C:\Program Files\Microsoft\jdk-17.0.17.10-hotspot\bin\api-ms-win-crt-convert-l1-1-0.dll
0x0000019ad3fc0000 - 0x0000019ad3fc4000 	C:\Program Files\Microsoft\jdk-17.0.17.10-hotspot\bin\api-ms-win-crt-environment-l1-1-0.dll

dbghelp: loaded successfully - version: 4.0.5 - missing functions: none
symbol engine: initialized successfully - sym options: 0x614 - pdb path: .;C:\Program Files\Microsoft\jdk-17.0.17.10-hotspot\bin;C:\WINDOWS\SYSTEM32;C:\WINDOWS\WinSxS\amd64_microsoft.windows.common-controls_6595b64144ccf1df_6.0.22621.3235_none_270f74e173860f98;C:\Program Files\Microsoft\jdk-17.0.17.10-hotspot\bin\server;C:\Users\HP\.openjfx\cache\17.0.2-ea;C:\WINDOWS\System32\DriverStore\FileRepository\iigd_dch.inf_amd64_9b53505f87f3498b;C:\Program Files\Common Files\Microsoft Shared\Ink;C:\Users\HP\.javacpp\cache\openblas-0.3.28-1.5.11-windows-x86_64.jar\org\bytedeco\openblas\windows-x86_64;C:\Users\HP\.javacpp\cache\javacpp-1.5.11-windows-x86_64.jar\org\bytedeco\javacpp\windows-x86_64;C:\Users\HP\.javacpp\cache\opencv-4.10.0-1.5.11-windows-x86_64.jar\org\bytedeco\opencv\windows-x86_64

VM Arguments:
jvm_args: --module-path=C:\Users\HP\.m2\repository\org\openjfx\javafx-base\17.0.2\javafx-base-17.0.2-win.jar;C:\Users\HP\.m2\repository\org\openjfx\javafx-base\17.0.2\javafx-base-17.0.2.jar;C:\Users\HP\.m2\repository\org\openjfx\javafx-controls\17.0.2\javafx-controls-17.0.2-win.jar;C:\Users\HP\.m2\repository\org\openjfx\javafx-controls\17.0.2\javafx-controls-17.0.2.jar;C:\Users\HP\.m2\repository\org\openjfx\javafx-fxml\17.0.2\javafx-fxml-17.0.2-win.jar;C:\Users\HP\.m2\repository\org\openjfx\javafx-fxml\17.0.2\javafx-fxml-17.0.2.jar;C:\Users\HP\.m2\repository\org\openjfx\javafx-graphics\17.0.2\javafx-graphics-17.0.2-win.jar;C:\Users\HP\.m2\repository\org\openjfx\javafx-graphics\17.0.2\javafx-graphics-17.0.2.jar --add-modules=javafx.base,javafx.controls,javafx.fxml,javafx.graphics 
java_command: tech.HTECH.ui.AppJavaFX
java_class_path (initial): D:\Dossier Harold\CompFaceModule\target\classes;C:\Users\HP\.m2\repository\ch\qos\logback\logback-classic\1.5.8\logback-classic-1.5.8.jar;C:\Users\HP\.m2\repository\ch\qos\logback\logback-core\1.5.8\logback-core-1.5.8.jar;C:\Users\HP\.m2\repository\net\imagej\ij\1.53f\ij-1.53f.jar;C:\Users\HP\.m2\repository\org\bytedeco\artoolkitplus\2.3.1-1.5.9\artoolkitplus-2.3.1-1.5.9-android-arm.jar;C:\Users\HP\.m2\repository\org\bytedeco\artoolkitplus\2.3.1-1.5.9\artoolkitplus-2.3.1-1.5.9-android-arm64.jar;C:\Users\HP\.m2\repository\org\bytedeco\artoolkitplus\2.3.1-1.5.9\artoolkitplus-2.3.1-1.5.9-android-x86.jar;C:\Users\HP\.m2\repository\org\bytedeco\artoolkitplus\2.3.1-1.5.9\artoolkitplus-2.3.1-1.5.9-android-x86_64.jar;C:\Users\HP\.m2\repository\org\bytedeco\artoolkitplus\2.3.1-1.5.9\artoolkitplus-2.3.1-1.5.9-linux-arm64.jar;C:\Users\HP\.m2\repository\org\bytedeco\artoolkitplus\2.3.1-1.5.9\artoolkitplus-2.3.1-1.5.9-linux-armhf.jar;C:\Users\HP\.m2\repository\org\bytedeco\artoolkitplus\2.3.1-1.5.9\artoolkitplus-2.3.1-1.5.9-linux-ppc64le.jar;C:\Users\HP\.m2\repository\org\bytedeco\artoolkitplus\2.3.1-1.5.9\artoolkitplus-2.3.1-1.5.9-linux-x86.jar;C:\Users\HP\.m2\repository\org\bytedeco\artoolkitplus\2.3.1-1.5.9\artoolkitplus-2.3.1-1.5.9-linux-x86_64.jar;C:\Users\HP\.m2\repository\org\bytedeco\artoolkitplus\2.3.1-1.5.9\artoolkitplus-2.3.1-1.5.9-macosx-x86_64.jar;C:\Users\HP\.m2\repository\org\bytedeco\artoolkitplus\2.3.1-1.5.9\artoolkitplus-2.3.1-1.5.9-windows-x86.jar;C:\Users\HP\.m2\repository\org\bytedeco\artoolkitplus\2.3.1-1.5.9\artoolkitplus-2.3.1-1.5.9-windows-x86_64.jar;C:\Users\HP\.m2\repository\org\bytedeco\artoolkitplus\2.3.1-1.5.9\artoolkitplus-2.3.1-1.5.9.jar;C:\Users\HP\.m2\repository\org\bytedeco\artoolkitplus-platform\2.3.1-1.5.9\artoolkitplus-platform-2.3.1-1.5.9.jar;C:\Users\HP\.m2\repository\org\bytedeco\ffmpeg\7.1-1.5.11\ffmpeg-7.1-1.5.11-android-arm64.jar;C:\Users\HP\.m2\repository\org\bytedeco\ffmpeg\7.1-1.5.11\ffmpeg-7.1-1.5.11-an
Launcher Type: SUN_STANDARD

[Global flags]
     intx CICompilerCount                          = 4                                         {product} {ergonomic}
     uint ConcGCThreads                            = 2                                         {product} {ergonomic}
     uint G1ConcRefinementThreads                  = 8                                         {product} {ergonomic}
   size_t G1HeapRegionSize                         = 1048576                                   {product} {ergonomic}
    uintx GCDrainStackTargetSize                   = 64                                        {product} {ergonomic}
   size_t InitialHeapSize                          = 132120576                                 {product} {ergonomic}
   size_t MarkStackSize                            = 4194304                                   {product} {ergonomic}
   size_t MaxHeapSize                              = 2090860544                                {product} {ergonomic}
   size_t MaxNewSize                               = 1254096896                                {product} {ergonomic}
   size_t MinHeapDeltaBytes                        = 1048576                                   {product} {ergonomic}
   size_t MinHeapSize                              = 8388608                                   {product} {ergonomic}
    uintx NonNMethodCodeHeapSize                   = 5839372                                {pd product} {ergonomic}
    uintx NonProfiledCodeHeapSize                  = 122909434                              {pd product} {ergonomic}
    uintx ProfiledCodeHeapSize                     = 122909434                              {pd product} {ergonomic}
    uintx ReservedCodeCacheSize                    = 251658240                              {pd product} {ergonomic}
     bool SegmentedCodeCache                       = true                                      {product} {ergonomic}
   size_t SoftMaxHeapSize                          = 2090860544                             {manageable} {ergonomic}
     bool UseCompressedClassPointers               = true                           {product lp64_product} {ergonomic}
     bool UseCompressedOops                        = true                           {product lp64_product} {ergonomic}
     bool UseG1GC                                  = true                                      {product} {ergonomic}
     bool UseLargePagesIndividualAllocation        = false                                  {pd product} {ergonomic}

Logging:
Log output configuration:
 #0: stdout all=warning uptime,level,tags
 #1: stderr all=off uptime,level,tags

Environment Variables:
JAVA_HOME=C:\Program Files\Microsoft\jdk-17.0.17.10-hotspot\
PATH=C:\Program Files\Microsoft\jdk-17.0.17.10-hotspot\bin;C:\WINDOWS\system32;C:\WINDOWS;C:\WINDOWS\System32\Wbem;C:\WINDOWS\System32\WindowsPowerShell\v1.0\;C:\WINDOWS\System32\OpenSSH\;C:\Program Files (x86)\dotnet\;C:\Program Files (x86)\HP\HP OCR\DB_Lib\;C:\Program Files\HP\Common\HPDestPlgIn\;C:\Program Files (x86)\HP\Common\HPDestPlgIn\;C:\Program Files\Git\cmd;C:\Program Files\nodejs\;C:\xampp\php;C:\ProgramData\ComposerSetup\bin;C:\Users\HP\AppData\Local\Programs\Python\Python312\Scripts\;C:\Users\HP\AppData\Local\Programs\Python\Python312\;C:\Users\HP\AppData\Local\Programs\Python\Launcher\;C:\Program Files\Microsoft\jdk-17.0.17.10-hotspot\bin;C:\WINDOWS\system32;C:\WINDOWS;C:\WINDOWS\System32\Wbem;C:\WINDOWS\System32\WindowsPowerShell\v1.0\;C:\WINDOWS\System32\OpenSSH\;C:\Program Files (x86)\dotnet\;C:\Program Files (x86)\HP\HP OCR\DB_Lib\;C:\Program Files\HP\Common\HPDestPlgIn\;C:\Program Files (x86)\HP\Common\HPDestPlgIn\;C:\Program Files\Git\cmd;C:\Users\HP\AppData\Local\Microsoft\WindowsApps;C:\Program Files\HP\Common\HPDestPlgIn\;C:\Program Files (x86)\HP\Common\HPDestPlgIn\;C:\Users\HP\AppData\Local\Programs\Antigravity\bin;C:\Users\HP\AppData\Local\Programs\Microsoft VS Code\bin;C:\Program Files\JetBrains\IntelliJ IDEA 2025.3.1.1\bin;E:\CompFaceModule\apache-maven-3.9.9\bin;C:\Program Files (x86)\Apache\apache-maven-3.9.12\bin;C:\Users\HP\AppData\Roaming\npm;C:\Users\HP\AppData\Roaming\Composer\vendor\bin;c:\Users\HP\.antigravity\extensions\vscjava.vscode-java-debug-0.58.5-universal\bundled\scripts\noConfigScripts;c:\Users\HP\.antigravity\extensions\ms-python.debugpy-2025.18.0-win32-x64\bundled\scripts\noConfigScripts
USERNAME=HP
LANG=en_US.UTF-8
OS=Windows_NT
PROCESSOR_IDENTIFIER=Intel64 Family 6 Model 126 Stepping 5, GenuineIntel
TMP=C:\Users\HP\AppData\Local\Temp
TEMP=C:\Users\HP\AppData\Local\Temp



Periodic native trim disabled


---------------  S Y S T E M  ---------------

OS:
 Windows 11 , 64 bit Build 22621 (10.0.22621.3235)
OS uptime: 0 days 2:37 hours

CPU: total 8 (initial active 8) (4 cores per cpu, 2 threads per core) family 6 model 126 stepping 5 microcode 0xa0, cx8, cmov, fxsr, ht, mmx, 3dnowpref, sse, sse2, sse3, ssse3, sse4.1, sse4.2, popcnt, lzcnt, tsc, tscinvbit, avx, avx2, aes, erms, clmul, bmi1, bmi2, adx, avx512f, avx512dq, avx512cd, avx512bw, avx512vl, sha, fma, vzeroupper, avx512_vpopcntdq, avx512_vpclmulqdq, avx512_vaes, avx512_vnni, clflush, clflushopt, avx512_vbmi2, avx512_vbmi
Processor Information for the first 8 processors :
  Max Mhz: 1190, Current Mhz: 991, Mhz Limit: 987

Memory: 4k page, system-wide physical 7973M (356M free)
TotalPageFile size 25767M (AvailPageFile size 53M)
current process WorkingSet (physical memory assigned to process): 259M, peak: 259M
current process commit charge ("private bytes"): 2127M, peak: 2250M

vm_info: OpenJDK 64-Bit Server VM (17.0.17+10-LTS) for windows-amd64 JRE (17.0.17+10-LTS), built on Oct 13 2025 22:19:56 by "MicrosoftCorporation" with unknown MS VC++:1944

END.
