#
# There is insufficient memory for the Java Runtime Environment to continue.
# Native memory allocation (mmap) failed to map 76546048 bytes. Error detail: G1 virtual space
# Possible reasons:
#   The system is out of physical RAM or swap space
#   This process is running with CompressedOops enabled, and the Java Heap may be blocking the growth of the native heap
# Possible solutions:
#   Reduce memory load on the system
#   Increase physical memory or swap space
#   Check if swap backing store is full
#   Decrease Java heap size (-Xmx/-Xms)
#   Decrease number of Java threads
#   Decrease Java thread stack sizes (-Xss)
#   Set larger code cache with -XX:ReservedCodeCacheSize=
#   JVM is running with Unscaled Compressed Oops mode in which the Java heap is
#     placed in the first 4GB address space. The Java Heap base address is the
#     maximum limit for the native heap growth. Please use -XX:HeapBaseMinAddress
#     to set the Java Heap base and to place the Java Heap above 4GB virtual address.
# This output file may be truncated or incomplete.
#
#  Out of Memory Error (os_windows.cpp:3690), pid=20260, tid=14700
#
# JRE version: OpenJDK Runtime Environment Microsoft-12574423 (17.0.17+10) (build 17.0.17+10-LTS)
# Java VM: OpenJDK 64-Bit Server VM Microsoft-12574423 (17.0.17+10-LTS, mixed mode, sharing, tiered, compressed oops, compressed class ptrs, g1 gc, windows-amd64)
# No core dump will be written. Minidumps are not enabled by default on client versions of Windows
#

---------------  S U M M A R Y ------------

Command Line: --module-path=C:\Users\HP\.m2\repository\org\openjfx\javafx-base\17.0.2\javafx-base-17.0.2-win.jar;C:\Users\HP\.m2\repository\org\openjfx\javafx-base\17.0.2\javafx-base-17.0.2.jar;C:\Users\HP\.m2\repository\org\openjfx\javafx-controls\17.0.2\javafx-controls-17.0.2-win.jar;C:\Users\HP\.m2\repository\org\openjfx\javafx-controls\17.0.2\javafx-controls-17.0.2.jar;C:\Users\HP\.m2\repository\org\openjfx\javafx-fxml\17.0.2\javafx-fxml-17.0.2-win.jar;C:\Users\HP\.m2\repository\org\openjfx\javafx-fxml\17.0.2\javafx-fxml-17.0.2.jar;C:\Users\HP\.m2\repository\org\openjfx\javafx-graphics\17.0.2\javafx-graphics-17.0.2-win.jar;C:\Users\HP\.m2\repository\org\openjfx\javafx-graphics\17.0.2\javafx-graphics-17.0.2.jar --add-modules=javafx.base,javafx.controls,javafx.fxml,javafx.graphics tech.HTECH.ui.AppJavaFX

Host: Intel(R) Core(TM) i5-1035G1 CPU @ 1.00GHz, 8 cores, 7G,  Windows 11 , 64 bit Build 22621 (10.0.22621.3235)
Time: Thu Feb  5 12:36:38 2026 Afr. centrale Ouest elapsed time: 22.031150 seconds (0d 0h 0m 22s)

---------------  T H R E A D  ---------------

Current thread (0x000002a2e86057d0):  VMThread "VM Thread" [stack: 0x000000c85dd00000,0x000000c85de00000] [id=14700]

Stack: [0x000000c85dd00000,0x000000c85de00000]
Native frames: (J=compiled Java code, j=interpreted, Vv=VM code, C=native code)
V  [jvm.dll+0x68c459]  (no source info available)
V  [jvm.dll+0x845e09]  (no source info available)
V  [jvm.dll+0x847b78]  (no source info available)
V  [jvm.dll+0x848203]  (no source info available)
V  [jvm.dll+0x24cf6f]  (no source info available)
V  [jvm.dll+0x68b859]  (no source info available)
V  [jvm.dll+0x67fe1a]  (no source info available)
V  [jvm.dll+0x3100f0]  (no source info available)
V  [jvm.dll+0x30ff92]  (no source info available)
V  [jvm.dll+0x3174e9]  (no source info available)
V  [jvm.dll+0x3697c9]  (no source info available)
V  [jvm.dll+0x3699fd]  (no source info available)
V  [jvm.dll+0x2e68fa]  (no source info available)
V  [jvm.dll+0x2e4cf1]  (no source info available)
V  [jvm.dll+0x2e448c]  (no source info available)
V  [jvm.dll+0x328e1b]  (no source info available)
V  [jvm.dll+0x84ca8d]  (no source info available)
V  [jvm.dll+0x84d7a3]  (no source info available)
V  [jvm.dll+0x84dcd4]  (no source info available)
V  [jvm.dll+0x84e0b8]  (no source info available)
V  [jvm.dll+0x84e1ae]  (no source info available)
V  [jvm.dll+0x7f5a5c]  (no source info available)
V  [jvm.dll+0x68d9f7]  (no source info available)
C  [ucrtbase.dll+0x29363]  (no source info available)
C  [KERNEL32.DLL+0x1257d]  (no source info available)
C  [ntdll.dll+0x5aa58]  (no source info available)

VM_Operation (0x000000c85ebfcaa0): G1CollectForAllocation, mode: safepoint, requested by thread 0x000002a2e8e30090


---------------  P R O C E S S  ---------------

Threads class SMR info:
_java_thread_list=0x000002a33019bb00, length=29, elements={
0x000002a2ca8485e0, 0x000002a2e8609d20, 0x000002a2e860a8e0, 0x000002a2e861d9e0,
0x000002a2e86203b0, 0x000002a2e8625d90, 0x000002a2e8628760, 0x000002a2e8b886a0,
0x000002a2e8b92320, 0x000002a2e862bf80, 0x000002a2e8e2f160, 0x000002a2e8e2dd20,
0x000002a2e8e30090, 0x000002a2e8e2d300, 0x000002a2e8e2f670, 0x000002a2e8e2fb80,
0x000002a2e8e305a0, 0x000002a2e8e2d810, 0x000002a2e8e30ab0, 0x000002a2e8e2e230,
0x000002a2e8e2e740, 0x000002a3301aa900, 0x000002a3301a9ee0, 0x000002a3301ae0b0,
0x000002a3301ac250, 0x000002a3301ac760, 0x000002a3301af4f0, 0x000002a3301a8080,
0x000002a3301a99d0
}

Java Threads: ( => current thread )
  0x000002a2ca8485e0 JavaThread "main" [_thread_blocked, id=5088, stack(0x000000c85d700000,0x000000c85d800000)]
  0x000002a2e8609d20 JavaThread "Reference Handler" daemon [_thread_blocked, id=12436, stack(0x000000c85de00000,0x000000c85df00000)]
  0x000002a2e860a8e0 JavaThread "Finalizer" daemon [_thread_blocked, id=4488, stack(0x000000c85df00000,0x000000c85e000000)]
  0x000002a2e861d9e0 JavaThread "Signal Dispatcher" daemon [_thread_blocked, id=7692, stack(0x000000c85e000000,0x000000c85e100000)]
  0x000002a2e86203b0 JavaThread "Attach Listener" daemon [_thread_blocked, id=5092, stack(0x000000c85e100000,0x000000c85e200000)]
  0x000002a2e8625d90 JavaThread "Service Thread" daemon [_thread_blocked, id=16036, stack(0x000000c85e200000,0x000000c85e300000)]
  0x000002a2e8628760 JavaThread "Monitor Deflation Thread" daemon [_thread_blocked, id=19208, stack(0x000000c85e300000,0x000000c85e400000)]
  0x000002a2e8b886a0 JavaThread "C2 CompilerThread0" daemon [_thread_blocked, id=16028, stack(0x000000c85e400000,0x000000c85e500000)]
  0x000002a2e8b92320 JavaThread "C1 CompilerThread0" daemon [_thread_blocked, id=18924, stack(0x000000c85e500000,0x000000c85e600000)]
  0x000002a2e862bf80 JavaThread "Sweeper thread" daemon [_thread_blocked, id=19384, stack(0x000000c85e600000,0x000000c85e700000)]
  0x000002a2e8e2f160 JavaThread "Common-Cleaner" daemon [_thread_blocked, id=6660, stack(0x000000c85e700000,0x000000c85e800000)]
  0x000002a2e8e2dd20 JavaThread "Notification Thread" daemon [_thread_blocked, id=18580, stack(0x000000c85e900000,0x000000c85ea00000)]
  0x000002a2e8e30090 JavaThread "QuantumRenderer-0" daemon [_thread_blocked, id=21432, stack(0x000000c85eb00000,0x000000c85ec00000)]
  0x000002a2e8e2d300 JavaThread "InvokeLaterDispatcher" daemon [_thread_blocked, id=7780, stack(0x000000c85e800000,0x000000c85e900000)]
  0x000002a2e8e2f670 JavaThread "JavaFX Application Thread" [_thread_blocked, id=8864, stack(0x000000c85ec00000,0x000000c85ed00000)]
  0x000002a2e8e2fb80 JavaThread "JavaFX-Launcher" [_thread_blocked, id=7928, stack(0x000000c85f100000,0x000000c85f200000)]
  0x000002a2e8e305a0 JavaThread "Thread-2" daemon [_thread_blocked, id=15196, stack(0x000000c85f000000,0x000000c85f100000)]
  0x000002a2e8e2d810 JavaThread "Prism Font Disposer" daemon [_thread_blocked, id=16104, stack(0x000000c85fb00000,0x000000c85fc00000)]
  0x000002a2e8e30ab0 JavaThread "Cleaner-0" daemon [_thread_blocked, id=12652, stack(0x000000c85fe00000,0x000000c85ff00000)]
  0x000002a2e8e2e230 JavaThread "Thread-3" [_thread_blocked, id=22172, stack(0x000000c85f700000,0x000000c85f800000)]
  0x000002a2e8e2e740 JavaThread "JavaCPP Deallocator" daemon [_thread_blocked, id=10676, stack(0x000000c860700000,0x000000c860800000)]
  0x000002a3301aa900 JavaThread "pool-2-thread-1" [_thread_blocked, id=7520, stack(0x000000c861500000,0x000000c861600000)]
  0x000002a3301a9ee0 JavaThread "pool-2-thread-2" [_thread_blocked, id=22004, stack(0x000000c861600000,0x000000c861700000)]
  0x000002a3301ae0b0 JavaThread "pool-2-thread-3" [_thread_blocked, id=1960, stack(0x000000c861700000,0x000000c861800000)]
  0x000002a3301ac250 JavaThread "pool-2-thread-4" [_thread_blocked, id=812, stack(0x000000c861800000,0x000000c861900000)]
  0x000002a3301ac760 JavaThread "pool-2-thread-5" [_thread_blocked, id=3308, stack(0x000000c861900000,0x000000c861a00000)]
  0x000002a3301af4f0 JavaThread "pool-2-thread-6" [_thread_blocked, id=8804, stack(0x000000c861a00000,0x000000c861b00000)]
  0x000002a3301a8080 JavaThread "pool-2-thread-7" [_thread_blocked, id=16192, stack(0x000000c861b00000,0x000000c861c00000)]
  0x000002a3301a99d0 JavaThread "pool-2-thread-8" [_thread_blocked, id=11524, stack(0x000000c861c00000,0x000000c861d00000)]

Other Threads:
=>0x000002a2e86057d0 VMThread "VM Thread" [stack: 0x000000c85dd00000,0x000000c85de00000] [id=14700]
  0x000002a2ca849370 WatcherThread [stack: 0x000000c85ea00000,0x000000c85eb00000] [id=15880]
  0x000002a2ca8a2970 GCTaskThread "GC Thread#0" [stack: 0x000000c85d800000,0x000000c85d900000] [id=22208]
  0x000002a2ed6158e0 GCTaskThread "GC Thread#1" [stack: 0x000000c85f200000,0x000000c85f300000] [id=21096]
  0x000002a2ed543d70 GCTaskThread "GC Thread#2" [stack: 0x000000c85f300000,0x000000c85f400000] [id=15892]
  0x000002a2f223fe50 GCTaskThread "GC Thread#3" [stack: 0x000000c85f400000,0x000000c85f500000] [id=8164]
  0x000002a2f21d78a0 GCTaskThread "GC Thread#4" [stack: 0x000000c85f500000,0x000000c85f600000] [id=21916]
  0x000002a2f21d5c80 GCTaskThread "GC Thread#5" [stack: 0x000000c85f600000,0x000000c85f700000] [id=13528]
  0x000002a2f21d7030 GCTaskThread "GC Thread#6" [stack: 0x000000c85fc00000,0x000000c85fd00000] [id=3168]
  0x000002a2f21d64f0 GCTaskThread "GC Thread#7" [stack: 0x000000c85fd00000,0x000000c85fe00000] [id=4072]
  0x000002a2ca8b3210 ConcurrentGCThread "G1 Main Marker" [stack: 0x000000c85d900000,0x000000c85da00000] [id=15976]
  0x000002a2ca8b3c30 ConcurrentGCThread "G1 Conc#0" [stack: 0x000000c85da00000,0x000000c85db00000] [id=16124]
  0x000002a2f3ae5430 ConcurrentGCThread "G1 Conc#1" [stack: 0x000000c860b00000,0x000000c860c00000] [id=1684]
  0x000002a2ca8ddb10 ConcurrentGCThread "G1 Refine#0" [stack: 0x000000c85db00000,0x000000c85dc00000] [id=852]
  0x000002a2ca8de550 ConcurrentGCThread "G1 Service" [stack: 0x000000c85dc00000,0x000000c85dd00000] [id=13700]

Threads with active compile tasks:
C2 CompilerThread0  22425 5745  s    4       com.sun.scenario.effect.impl.ImagePool::checkIn (145 bytes)

VM state: at safepoint (normal execution)

VM Mutex/Monitor currently owned by a thread:  ([mutex/lock_event])
[0x000002a2ca843c00] Threads_lock - owner thread: 0x000002a2e86057d0
[0x000002a2ca843030] Heap_lock - owner thread: 0x000002a2e8e30090

Heap address: 0x0000000083600000, size: 1994 MB, Compressed Oops mode: 32-bit

CDS archive(s) mapped at: [0x000002a280000000-0x000002a280bb0000-0x000002a280bb0000), size 12255232, SharedBaseAddress: 0x000002a280000000, ArchiveRelocationMode: 1.
Compressed class space mapped at: 0x000002a281000000-0x000002a2c1000000, reserved size: 1073741824
Narrow klass base: 0x000002a280000000, Narrow klass shift: 0, Narrow klass range: 0x100000000

GC Precious Log:
 CPUs: 8 total, 8 available
 Memory: 7973M
 Large Page Support: Disabled
 NUMA Support: Disabled
 Compressed Oops: Enabled (32-bit)
 Heap Region Size: 1M
 Heap Min Capacity: 8M
 Heap Initial Capacity: 126M
 Heap Max Capacity: 1994M
 Pre-touch: Disabled
 Parallel Workers: 8
 Concurrent Workers: 2
 Concurrent Refinement Workers: 8
 Periodic GC: Disabled

Heap:
 garbage-first heap   total 129024K, used 53760K [0x0000000083600000, 0x0000000100000000)
  region size 1024K, 4 young (4096K), 4 survivors (4096K)
 Metaspace       used 30629K, committed 30848K, reserved 1114112K
  class space    used 3606K, committed 3712K, reserved 1048576K

Heap Regions: E=young(eden), S=young(survivor), O=old, HS=humongous(starts), HC=humongous(continues), CS=collection set, F=free, OA=open archive, CA=closed archive, TAMS=top-at-mark-start (previous, next)
|   0|0x0000000083600000, 0x0000000083700000, 0x0000000083700000|100%| O|  |TAMS 0x0000000083700000, 0x0000000083600000| Untracked 
|   1|0x0000000083700000, 0x0000000083800000, 0x0000000083800000|100%| O|  |TAMS 0x0000000083800000, 0x0000000083700000| Untracked 
|   2|0x0000000083800000, 0x0000000083900000, 0x0000000083900000|100%| O|  |TAMS 0x0000000083900000, 0x0000000083800000| Untracked 
|   3|0x0000000083900000, 0x0000000083a00000, 0x0000000083a00000|100%| O|  |TAMS 0x0000000083a00000, 0x0000000083900000| Untracked 
|   4|0x0000000083a00000, 0x0000000083b00000, 0x0000000083b00000|100%|HS|  |TAMS 0x0000000083b00000, 0x0000000083a00000| Complete 
|   5|0x0000000083b00000, 0x0000000083c00000, 0x0000000083c00000|100%|HC|  |TAMS 0x0000000083c00000, 0x0000000083b00000| Complete 
|   6|0x0000000083c00000, 0x0000000083d00000, 0x0000000083d00000|100%| O|  |TAMS 0x0000000083d00000, 0x0000000083c00000| Untracked 
|   7|0x0000000083d00000, 0x0000000083e00000, 0x0000000083e00000|100%| O|  |TAMS 0x0000000083e00000, 0x0000000083d00000| Untracked 
|   8|0x0000000083e00000, 0x0000000083f00000, 0x0000000083f00000|100%| O|  |TAMS 0x0000000083f00000, 0x0000000083e00000| Untracked 
|   9|0x0000000083f00000, 0x0000000084000000, 0x0000000084000000|100%| O|  |TAMS 0x0000000084000000, 0x0000000083f00000| Untracked 
|  10|0x0000000084000000, 0x0000000084100000, 0x0000000084100000|100%| O|  |TAMS 0x0000000084100000, 0x0000000084000000| Untracked 
|  11|0x0000000084100000, 0x0000000084200000, 0x0000000084200000|100%| O|  |TAMS 0x0000000084200000, 0x0000000084100000| Untracked 
|  12|0x0000000084200000, 0x0000000084300000, 0x0000000084300000|100%| O|  |TAMS 0x0000000084300000, 0x0000000084200000| Untracked 
|  13|0x0000000084300000, 0x0000000084400000, 0x0000000084400000|100%| O|  |TAMS 0x0000000084400000, 0x0000000084300000| Untracked 
|  14|0x0000000084400000, 0x0000000084500000, 0x0000000084500000|100%| O|  |TAMS 0x0000000084500000, 0x0000000084400000| Untracked 
|  15|0x0000000084500000, 0x0000000084600000, 0x0000000084600000|100%| O|  |TAMS 0x0000000084600000, 0x0000000084500000| Untracked 
|  16|0x0000000084600000, 0x0000000084600000, 0x0000000084700000|  0%| F|  |TAMS 0x0000000084600000, 0x0000000084600000| Untracked 
|  17|0x0000000084700000, 0x0000000084800000, 0x0000000084800000|100%| O|  |TAMS 0x0000000084800000, 0x0000000084700000| Untracked 
|  18|0x0000000084800000, 0x0000000084900000, 0x0000000084900000|100%| O|  |TAMS 0x0000000084900000, 0x0000000084800000| Untracked 
|  19|0x0000000084900000, 0x0000000084a00000, 0x0000000084a00000|100%| O|  |TAMS 0x0000000084a00000, 0x0000000084900000| Untracked 
|  20|0x0000000084a00000, 0x0000000084b00000, 0x0000000084b00000|100%| O|  |TAMS 0x0000000084b00000, 0x0000000084a00000| Untracked 
|  21|0x0000000084b00000, 0x0000000084c00000, 0x0000000084c00000|100%| O|  |TAMS 0x0000000084c00000, 0x0000000084b00000| Complete 
|  22|0x0000000084c00000, 0x0000000084d00000, 0x0000000084d00000|100%| O|  |TAMS 0x0000000084d00000, 0x0000000084c00000| Untracked 
|  23|0x0000000084d00000, 0x0000000084e00000, 0x0000000084e00000|100%| O|  |TAMS 0x0000000084e00000, 0x0000000084d00000| Untracked 
|  24|0x0000000084e00000, 0x0000000084f00000, 0x0000000084f00000|100%| O|  |TAMS 0x0000000084f00000, 0x0000000084e00000| Complete 
|  25|0x0000000084f00000, 0x0000000085000000, 0x0000000085000000|100%| O|  |TAMS 0x0000000085000000, 0x0000000084f00000| Untracked 
|  26|0x0000000085000000, 0x0000000085100000, 0x0000000085100000|100%| O|  |TAMS 0x0000000085100000, 0x0000000085000000| Complete 
|  27|0x0000000085100000, 0x0000000085200000, 0x0000000085200000|100%| O|  |TAMS 0x0000000085200000, 0x0000000085100000| Untracked 
|  28|0x0000000085200000, 0x0000000085300000, 0x0000000085300000|100%| O|  |TAMS 0x0000000085300000, 0x0000000085200000| Untracked 
|  29|0x0000000085300000, 0x0000000085300000, 0x0000000085400000|  0%| F|  |TAMS 0x0000000085300000, 0x0000000085300000| Untracked 
|  30|0x0000000085400000, 0x0000000085500000, 0x0000000085500000|100%| O|  |TAMS 0x0000000085500000, 0x0000000085400000| Untracked 
|  31|0x0000000085500000, 0x0000000085500000, 0x0000000085600000|  0%| F|  |TAMS 0x0000000085500000, 0x0000000085500000| Untracked 
|  32|0x0000000085600000, 0x0000000085700000, 0x0000000085700000|100%| O|  |TAMS 0x0000000085700000, 0x0000000085600000| Untracked 
|  33|0x0000000085700000, 0x0000000085700000, 0x0000000085800000|  0%| F|  |TAMS 0x0000000085700000, 0x0000000085700000| Untracked 
|  34|0x0000000085800000, 0x0000000085900000, 0x0000000085900000|100%| O|  |TAMS 0x0000000085900000, 0x0000000085800000| Untracked 
|  35|0x0000000085900000, 0x0000000085a00000, 0x0000000085a00000|100%| O|  |TAMS 0x0000000085a00000, 0x0000000085900000| Untracked 
|  36|0x0000000085a00000, 0x0000000085a00000, 0x0000000085b00000|  0%| F|  |TAMS 0x0000000085a00000, 0x0000000085a00000| Untracked 
|  37|0x0000000085b00000, 0x0000000085c00000, 0x0000000085c00000|100%| O|  |TAMS 0x0000000085c00000, 0x0000000085b00000| Complete 
|  38|0x0000000085c00000, 0x0000000085d00000, 0x0000000085d00000|100%| O|  |TAMS 0x0000000085d00000, 0x0000000085c00000| Untracked 
|  39|0x0000000085d00000, 0x0000000085e00000, 0x0000000085e00000|100%| O|  |TAMS 0x0000000085e00000, 0x0000000085d00000| Complete 
|  40|0x0000000085e00000, 0x0000000085f00000, 0x0000000085f00000|100%| O|  |TAMS 0x0000000085f00000, 0x0000000085e00000| Complete 
|  41|0x0000000085f00000, 0x0000000085f00000, 0x0000000086000000|  0%| F|  |TAMS 0x0000000085f00000, 0x0000000085f00000| Untracked 
|  42|0x0000000086000000, 0x0000000086100000, 0x0000000086100000|100%| O|  |TAMS 0x0000000086100000, 0x0000000086000000| Complete 
|  43|0x0000000086100000, 0x0000000086200000, 0x0000000086200000|100%| O|  |TAMS 0x0000000086200000, 0x0000000086100000| Untracked 
|  44|0x0000000086200000, 0x0000000086300000, 0x0000000086300000|100%| O|  |TAMS 0x0000000086300000, 0x0000000086200000| Untracked 
|  45|0x0000000086300000, 0x0000000086400000, 0x0000000086400000|100%| O|  |TAMS 0x0000000086400000, 0x0000000086300000| Untracked 
|  46|0x0000000086400000, 0x0000000086500000, 0x0000000086500000|100%| O|  |TAMS 0x0000000086500000, 0x0000000086400000| Untracked 
|  47|0x0000000086500000, 0x0000000086600000, 0x0000000086600000|100%| O|  |TAMS 0x0000000086600000, 0x0000000086500000| Untracked 
|  48|0x0000000086600000, 0x0000000086700000, 0x0000000086700000|100%| O|  |TAMS 0x0000000086700000, 0x0000000086600000| Untracked 
|  49|0x0000000086700000, 0x0000000086800000, 0x0000000086800000|100%| O|  |TAMS 0x0000000086800000, 0x0000000086700000| Untracked 
|  50|0x0000000086800000, 0x0000000086900000, 0x0000000086900000|100%| O|  |TAMS 0x0000000086900000, 0x0000000086800000| Complete 
|  51|0x0000000086900000, 0x0000000086a00000, 0x0000000086a00000|100%| O|  |TAMS 0x0000000086a00000, 0x0000000086900000| Complete 
|  52|0x0000000086a00000, 0x0000000086b00000, 0x0000000086b00000|100%| O|  |TAMS 0x0000000086b00000, 0x0000000086a00000| Complete 
|  53|0x0000000086b00000, 0x0000000086c00000, 0x0000000086c00000|100%| O|  |TAMS 0x0000000086c00000, 0x0000000086b00000| Complete 
|  54|0x0000000086c00000, 0x0000000086d00000, 0x0000000086d00000|100%| O|  |TAMS 0x0000000086d00000, 0x0000000086c00000| Complete 
|  55|0x0000000086d00000, 0x0000000086d40200, 0x0000000086e00000| 25%| O|  |TAMS 0x0000000086d40200, 0x0000000086d00000| Untracked 
|  56|0x0000000086e00000, 0x0000000086e00000, 0x0000000086f00000|  0%| F|  |TAMS 0x0000000086e00000, 0x0000000086e00000| Untracked 
|  57|0x0000000086f00000, 0x0000000086f00000, 0x0000000087000000|  0%| F|  |TAMS 0x0000000086f00000, 0x0000000086f00000| Untracked 
|  58|0x0000000087000000, 0x0000000087000000, 0x0000000087100000|  0%| F|  |TAMS 0x0000000087000000, 0x0000000087000000| Untracked 
|  59|0x0000000087100000, 0x0000000087100000, 0x0000000087200000|  0%| F|  |TAMS 0x0000000087100000, 0x0000000087100000| Untracked 
|  60|0x0000000087200000, 0x0000000087200000, 0x0000000087300000|  0%| F|  |TAMS 0x0000000087200000, 0x0000000087200000| Untracked 
|  61|0x0000000087300000, 0x0000000087300000, 0x0000000087400000|  0%| F|  |TAMS 0x0000000087300000, 0x0000000087300000| Untracked 
|  62|0x0000000087400000, 0x0000000087400000, 0x0000000087500000|  0%| F|  |TAMS 0x0000000087400000, 0x0000000087400000| Untracked 
|  63|0x0000000087500000, 0x0000000087500000, 0x0000000087600000|  0%| F|  |TAMS 0x0000000087500000, 0x0000000087500000| Untracked 
|  64|0x0000000087600000, 0x0000000087600000, 0x0000000087700000|  0%| F|  |TAMS 0x0000000087600000, 0x0000000087600000| Untracked 
|  65|0x0000000087700000, 0x0000000087700000, 0x0000000087800000|  0%| F|  |TAMS 0x0000000087700000, 0x0000000087700000| Untracked 
|  66|0x0000000087800000, 0x0000000087800000, 0x0000000087900000|  0%| F|  |TAMS 0x0000000087800000, 0x0000000087800000| Untracked 
|  67|0x0000000087900000, 0x0000000087940010, 0x0000000087a00000| 25%| S|CS|TAMS 0x0000000087900000, 0x0000000087900000| Complete 
|  68|0x0000000087a00000, 0x0000000087b00000, 0x0000000087b00000|100%| S|CS|TAMS 0x0000000087a00000, 0x0000000087a00000| Complete 
|  69|0x0000000087b00000, 0x0000000087c00000, 0x0000000087c00000|100%| S|CS|TAMS 0x0000000087b00000, 0x0000000087b00000| Complete 
|  70|0x0000000087c00000, 0x0000000087d00000, 0x0000000087d00000|100%| S|CS|TAMS 0x0000000087c00000, 0x0000000087c00000| Complete 
|  71|0x0000000087d00000, 0x0000000087d00000, 0x0000000087e00000|  0%| F|  |TAMS 0x0000000087d00000, 0x0000000087d00000| Untracked 
|  72|0x0000000087e00000, 0x0000000087e00000, 0x0000000087f00000|  0%| F|  |TAMS 0x0000000087e00000, 0x0000000087e00000| Untracked 
|  73|0x0000000087f00000, 0x0000000087f00000, 0x0000000088000000|  0%| F|  |TAMS 0x0000000087f00000, 0x0000000087f00000| Untracked 
|  74|0x0000000088000000, 0x0000000088000000, 0x0000000088100000|  0%| F|  |TAMS 0x0000000088000000, 0x0000000088000000| Untracked 
|  75|0x0000000088100000, 0x0000000088100000, 0x0000000088200000|  0%| F|  |TAMS 0x0000000088100000, 0x0000000088100000| Untracked 
|  76|0x0000000088200000, 0x0000000088200000, 0x0000000088300000|  0%| F|  |TAMS 0x0000000088200000, 0x0000000088200000| Untracked 
|  77|0x0000000088300000, 0x0000000088300000, 0x0000000088400000|  0%| F|  |TAMS 0x0000000088300000, 0x0000000088300000| Untracked 
|  78|0x0000000088400000, 0x0000000088400000, 0x0000000088500000|  0%| F|  |TAMS 0x0000000088400000, 0x0000000088400000| Untracked 
|  79|0x0000000088500000, 0x0000000088500000, 0x0000000088600000|  0%| F|  |TAMS 0x0000000088500000, 0x0000000088500000| Untracked 
|  80|0x0000000088600000, 0x0000000088600000, 0x0000000088700000|  0%| F|  |TAMS 0x0000000088600000, 0x0000000088600000| Untracked 
|  81|0x0000000088700000, 0x0000000088700000, 0x0000000088800000|  0%| F|  |TAMS 0x0000000088700000, 0x0000000088700000| Untracked 
|  82|0x0000000088800000, 0x0000000088800000, 0x0000000088900000|  0%| F|  |TAMS 0x0000000088800000, 0x0000000088800000| Untracked 
|  83|0x0000000088900000, 0x0000000088900000, 0x0000000088a00000|  0%| F|  |TAMS 0x0000000088900000, 0x0000000088900000| Untracked 
|  84|0x0000000088a00000, 0x0000000088a00000, 0x0000000088b00000|  0%| F|  |TAMS 0x0000000088a00000, 0x0000000088a00000| Untracked 
|  85|0x0000000088b00000, 0x0000000088b00000, 0x0000000088c00000|  0%| F|  |TAMS 0x0000000088b00000, 0x0000000088b00000| Untracked 
|  86|0x0000000088c00000, 0x0000000088c00000, 0x0000000088d00000|  0%| F|  |TAMS 0x0000000088c00000, 0x0000000088c00000| Untracked 
|  87|0x0000000088d00000, 0x0000000088d00000, 0x0000000088e00000|  0%| F|  |TAMS 0x0000000088d00000, 0x0000000088d00000| Untracked 
|  88|0x0000000088e00000, 0x0000000088e00000, 0x0000000088f00000|  0%| F|  |TAMS 0x0000000088e00000, 0x0000000088e00000| Untracked 
|  89|0x0000000088f00000, 0x0000000088f00000, 0x0000000089000000|  0%| F|  |TAMS 0x0000000088f00000, 0x0000000088f00000| Untracked 
|  90|0x0000000089000000, 0x0000000089000000, 0x0000000089100000|  0%| F|  |TAMS 0x0000000089000000, 0x0000000089000000| Untracked 
|  91|0x0000000089100000, 0x0000000089100000, 0x0000000089200000|  0%| F|  |TAMS 0x0000000089100000, 0x0000000089100000| Untracked 
|  92|0x0000000089200000, 0x0000000089200000, 0x0000000089300000|  0%| F|  |TAMS 0x0000000089200000, 0x0000000089200000| Untracked 
|  93|0x0000000089300000, 0x0000000089300000, 0x0000000089400000|  0%| F|  |TAMS 0x0000000089300000, 0x0000000089300000| Untracked 
|  94|0x0000000089400000, 0x0000000089400000, 0x0000000089500000|  0%| F|  |TAMS 0x0000000089400000, 0x0000000089400000| Untracked 
|  95|0x0000000089500000, 0x0000000089500000, 0x0000000089600000|  0%| F|  |TAMS 0x0000000089500000, 0x0000000089500000| Untracked 
|  96|0x0000000089600000, 0x0000000089600000, 0x0000000089700000|  0%| F|  |TAMS 0x0000000089600000, 0x0000000089600000| Untracked 
|  97|0x0000000089700000, 0x0000000089700000, 0x0000000089800000|  0%| F|  |TAMS 0x0000000089700000, 0x0000000089700000| Untracked 
|  98|0x0000000089800000, 0x0000000089800000, 0x0000000089900000|  0%| F|  |TAMS 0x0000000089800000, 0x0000000089800000| Untracked 
|  99|0x0000000089900000, 0x0000000089900000, 0x0000000089a00000|  0%| F|  |TAMS 0x0000000089900000, 0x0000000089900000| Untracked 
| 100|0x0000000089a00000, 0x0000000089a00000, 0x0000000089b00000|  0%| F|  |TAMS 0x0000000089a00000, 0x0000000089a00000| Untracked 
| 101|0x0000000089b00000, 0x0000000089b00000, 0x0000000089c00000|  0%| F|  |TAMS 0x0000000089b00000, 0x0000000089b00000| Untracked 
| 102|0x0000000089c00000, 0x0000000089c00000, 0x0000000089d00000|  0%| F|  |TAMS 0x0000000089c00000, 0x0000000089c00000| Untracked 
| 103|0x0000000089d00000, 0x0000000089d00000, 0x0000000089e00000|  0%| F|  |TAMS 0x0000000089d00000, 0x0000000089d00000| Untracked 
| 104|0x0000000089e00000, 0x0000000089e00000, 0x0000000089f00000|  0%| F|  |TAMS 0x0000000089e00000, 0x0000000089e00000| Untracked 
| 105|0x0000000089f00000, 0x0000000089f00000, 0x000000008a000000|  0%| F|  |TAMS 0x0000000089f00000, 0x0000000089f00000| Untracked 
| 106|0x000000008a000000, 0x000000008a000000, 0x000000008a100000|  0%| F|  |TAMS 0x000000008a000000, 0x000000008a000000| Untracked 
| 107|0x000000008a100000, 0x000000008a100000, 0x000000008a200000|  0%| F|  |TAMS 0x000000008a100000, 0x000000008a100000| Untracked 
| 108|0x000000008a200000, 0x000000008a200000, 0x000000008a300000|  0%| F|  |TAMS 0x000000008a200000, 0x000000008a200000| Untracked 
| 109|0x000000008a300000, 0x000000008a300000, 0x000000008a400000|  0%| F|  |TAMS 0x000000008a300000, 0x000000008a300000| Untracked 
| 110|0x000000008a400000, 0x000000008a400000, 0x000000008a500000|  0%| F|  |TAMS 0x000000008a400000, 0x000000008a400000| Untracked 
| 111|0x000000008a500000, 0x000000008a500000, 0x000000008a600000|  0%| F|  |TAMS 0x000000008a500000, 0x000000008a500000| Untracked 
| 112|0x000000008a600000, 0x000000008a600000, 0x000000008a700000|  0%| F|  |TAMS 0x000000008a600000, 0x000000008a600000| Untracked 
| 113|0x000000008a700000, 0x000000008a700000, 0x000000008a800000|  0%| F|  |TAMS 0x000000008a700000, 0x000000008a700000| Untracked 
| 114|0x000000008a800000, 0x000000008a800000, 0x000000008a900000|  0%| F|  |TAMS 0x000000008a800000, 0x000000008a800000| Untracked 
| 115|0x000000008a900000, 0x000000008a900000, 0x000000008aa00000|  0%| F|  |TAMS 0x000000008a900000, 0x000000008a900000| Untracked 
| 116|0x000000008aa00000, 0x000000008aa00000, 0x000000008ab00000|  0%| F|  |TAMS 0x000000008aa00000, 0x000000008aa00000| Untracked 
| 117|0x000000008ab00000, 0x000000008ab00000, 0x000000008ac00000|  0%| F|  |TAMS 0x000000008ab00000, 0x000000008ab00000| Untracked 
| 118|0x000000008ac00000, 0x000000008ac00000, 0x000000008ad00000|  0%| F|  |TAMS 0x000000008ac00000, 0x000000008ac00000| Untracked 
| 119|0x000000008ad00000, 0x000000008ad00000, 0x000000008ae00000|  0%| F|  |TAMS 0x000000008ad00000, 0x000000008ad00000| Untracked 
| 120|0x000000008ae00000, 0x000000008ae00000, 0x000000008af00000|  0%| F|  |TAMS 0x000000008ae00000, 0x000000008ae00000| Untracked 
| 121|0x000000008af00000, 0x000000008af00000, 0x000000008b000000|  0%| F|  |TAMS 0x000000008af00000, 0x000000008af00000| Untracked 
| 122|0x000000008b000000, 0x000000008b000000, 0x000000008b100000|  0%| F|  |TAMS 0x000000008b000000, 0x000000008b000000| Untracked 
| 123|0x000000008b100000, 0x000000008b100000, 0x000000008b200000|  0%| F|  |TAMS 0x000000008b100000, 0x000000008b100000| Untracked 
| 124|0x000000008b200000, 0x000000008b200000, 0x000000008b300000|  0%| F|  |TAMS 0x000000008b200000, 0x000000008b200000| Untracked 
| 125|0x000000008b300000, 0x000000008b300000, 0x000000008b400000|  0%| F|  |TAMS 0x000000008b300000, 0x000000008b300000| Untracked 

Card table byte_map: [0x000002a2e1ac0000,0x000002a2e1eb0000] _byte_map_base: 0x000002a2e16a5000

Marking Bits (Prev, Next): (CMBitMap*) 0x000002a2ca8a2fa0, (CMBitMap*) 0x000002a2ca8a2fe0
 Prev Bits: [0x000002a2e22a0000, 0x000002a2e41c8000)
 Next Bits: [0x000002a2e41d0000, 0x000002a2e60f8000)

Polling page: 0x000002a2c8680000

Metaspace:

Usage:
  Non-class:     26.39 MB used.
      Class:      3.52 MB used.
       Both:     29.91 MB used.

Virtual space:
  Non-class space:       64.00 MB reserved,      26.50 MB ( 41%) committed,  1 nodes.
      Class space:        1.00 GB reserved,       3.62 MB ( <1%) committed,  1 nodes.
             Both:        1.06 GB reserved,      30.12 MB (  3%) committed. 

Chunk freelists:
   Non-Class:  4.59 MB
       Class:  12.39 MB
        Both:  16.99 MB

MaxMetaspaceSize: unlimited
CompressedClassSpaceSize: 1.00 GB
Initial GC threshold: 21.00 MB
Current GC threshold: 50.12 MB
CDS: on
MetaspaceReclaimPolicy: balanced
 - commit_granule_bytes: 65536.
 - commit_granule_words: 8192.
 - virtual_space_node_default_size: 8388608.
 - enlarge_chunks_in_place: 1.
 - new_chunks_are_fully_committed: 0.
 - uncommit_free_chunks: 1.
 - use_allocation_guard: 0.
 - handle_deallocations: 1.


Internal statistics:

num_allocs_failed_limit: 29.
num_arena_births: 238.
num_arena_deaths: 0.
num_vsnodes_births: 2.
num_vsnodes_deaths: 0.
num_space_committed: 480.
num_space_uncommitted: 0.
num_chunks_returned_to_freelist: 29.
num_chunks_taken_from_freelist: 1215.
num_chunk_merges: 29.
num_chunk_splits: 942.
num_chunks_enlarged: 771.
num_inconsistent_stats: 0.

CodeHeap 'non-profiled nmethods': size=120000Kb used=2901Kb max_used=2901Kb free=117099Kb
 bounds [0x000002a2d9e70000, 0x000002a2da150000, 0x000002a2e13a0000]
CodeHeap 'profiled nmethods': size=120000Kb used=9420Kb max_used=10966Kb free=110579Kb
 bounds [0x000002a2d23a0000, 0x000002a2d2e60000, 0x000002a2d98d0000]
CodeHeap 'non-nmethods': size=5760Kb used=2006Kb max_used=2062Kb free=3753Kb
 bounds [0x000002a2d98d0000, 0x000002a2d9b40000, 0x000002a2d9e70000]
 total_blobs=6321 nmethods=4861 adapters=1370
 compilation: enabled
              stopped_count=0, restarted_count=0
 full_count=0

Compilation events (20 events):
Event: 20.249 Thread 0x000002a2e8b92320 5736       3       com.sun.prism.d3d.D3DResource$D3DRecord::dispose (41 bytes)
Event: 20.250 Thread 0x000002a2e8b886a0 nmethod 5724 0x000002a2da13af90 code [0x000002a2da13b180, 0x000002a2da13ca18]
Event: 20.254 Thread 0x000002a2e8b92320 nmethod 5736 0x000002a2d2484590 code [0x000002a2d2484760, 0x000002a2d2484a38]
Event: 20.351 Thread 0x000002a2e8b886a0 5737       4       com.sun.prism.impl.ps.BaseShaderContext::validateTextureOp (15 bytes)
Event: 20.366 Thread 0x000002a2e8b92320 5739       3       com.sun.javafx.sg.prism.NGRegion::hasVisuals (26 bytes)
Event: 20.372 Thread 0x000002a2e8b92320 nmethod 5739 0x000002a2d248be90 code [0x000002a2d248c0a0, 0x000002a2d248c758]
Event: 20.731 Thread 0x000002a2e8b92320 5741   !   3       com.sun.scenario.animation.shared.AnimationAccessor::getDefault (66 bytes)
Event: 20.735 Thread 0x000002a2e8b92320 nmethod 5741 0x000002a2d2c50b90 code [0x000002a2d2c50d60, 0x000002a2d2c51038]
Event: 20.737 Thread 0x000002a2e8b886a0 nmethod 5737 0x000002a2da13d590 code [0x000002a2da13d860, 0x000002a2da13e820]
Event: 20.738 Thread 0x000002a2e8b886a0 5740       4       com.sun.javafx.geom.transform.Affine3D::restoreTransform (75 bytes)
Event: 20.789 Thread 0x000002a2e8b886a0 nmethod 5740 0x000002a2da13f990 code [0x000002a2da13fc00, 0x000002a2da140198]
Event: 20.789 Thread 0x000002a2e8b886a0 5738       4       com.sun.prism.impl.ps.BaseShaderContext::validateTextureOp (191 bytes)
Event: 21.140 Thread 0x000002a2e8b92320 5743       3       com.sun.prism.d3d.D3DTextureData::dispose (34 bytes)
Event: 21.143 Thread 0x000002a2e8b92320 nmethod 5743 0x000002a2d248b710 code [0x000002a2d248b8e0, 0x000002a2d248bba8]
Event: 21.200 Thread 0x000002a2e8b886a0 nmethod 5738 0x000002a2da140490 code [0x000002a2da1407a0, 0x000002a2da141be0]
Event: 21.201 Thread 0x000002a2e8b886a0 5742       4       javafx.beans.property.DoublePropertyBase::set (77 bytes)
Event: 21.214 Thread 0x000002a2e8b886a0 nmethod 5742 0x000002a2da143010 code [0x000002a2da1431a0, 0x000002a2da143298]
Event: 21.356 Thread 0x000002a2e8b886a0 5744       4       com.sun.scenario.effect.impl.Renderer::releaseCompatibleImage (37 bytes)
Event: 21.812 Thread 0x000002a2e8b886a0 nmethod 5744 0x000002a2da143390 code [0x000002a2da1435a0, 0x000002a2da144898]
Event: 21.813 Thread 0x000002a2e8b886a0 5745  s    4       com.sun.scenario.effect.impl.ImagePool::checkIn (145 bytes)

GC Heap History (20 events):
Event: 16.682 GC heap after
{Heap after GC invocations=18 (full 0):
 garbage-first heap   total 95232K, used 35013K [0x0000000083600000, 0x0000000100000000)
  region size 1024K, 5 young (5120K), 5 survivors (5120K)
 Metaspace       used 30542K, committed 30784K, reserved 1114112K
  class space    used 3606K, committed 3712K, reserved 1048576K
}
Event: 16.922 GC heap before
{Heap before GC invocations=18 (full 0):
 garbage-first heap   total 95232K, used 73925K [0x0000000083600000, 0x0000000100000000)
  region size 1024K, 44 young (45056K), 5 survivors (5120K)
 Metaspace       used 30552K, committed 30784K, reserved 1114112K
  class space    used 3606K, committed 3712K, reserved 1048576K
}
Event: 16.924 GC heap after
{Heap after GC invocations=19 (full 0):
 garbage-first heap   total 95232K, used 37573K [0x0000000083600000, 0x0000000100000000)
  region size 1024K, 6 young (6144K), 6 survivors (6144K)
 Metaspace       used 30552K, committed 30784K, reserved 1114112K
  class space    used 3606K, committed 3712K, reserved 1048576K
}
Event: 17.173 GC heap before
{Heap before GC invocations=19 (full 0):
 garbage-first heap   total 95232K, used 74437K [0x0000000083600000, 0x0000000100000000)
  region size 1024K, 42 young (43008K), 6 survivors (6144K)
 Metaspace       used 30552K, committed 30784K, reserved 1114112K
  class space    used 3606K, committed 3712K, reserved 1048576K
}
Event: 17.175 GC heap after
{Heap after GC invocations=20 (full 0):
 garbage-first heap   total 95232K, used 39623K [0x0000000083600000, 0x0000000100000000)
  region size 1024K, 5 young (5120K), 5 survivors (5120K)
 Metaspace       used 30552K, committed 30784K, reserved 1114112K
  class space    used 3606K, committed 3712K, reserved 1048576K
}
Event: 17.381 GC heap before
{Heap before GC invocations=20 (full 0):
 garbage-first heap   total 95232K, used 75463K [0x0000000083600000, 0x0000000100000000)
  region size 1024K, 40 young (40960K), 5 survivors (5120K)
 Metaspace       used 30557K, committed 30784K, reserved 1114112K
  class space    used 3606K, committed 3712K, reserved 1048576K
}
Event: 17.383 GC heap after
{Heap after GC invocations=21 (full 0):
 garbage-first heap   total 95232K, used 42181K [0x0000000083600000, 0x0000000100000000)
  region size 1024K, 5 young (5120K), 5 survivors (5120K)
 Metaspace       used 30557K, committed 30784K, reserved 1114112K
  class space    used 3606K, committed 3712K, reserved 1048576K
}
Event: 17.561 GC heap before
{Heap before GC invocations=21 (full 0):
 garbage-first heap   total 95232K, used 73925K [0x0000000083600000, 0x0000000100000000)
  region size 1024K, 37 young (37888K), 5 survivors (5120K)
 Metaspace       used 30557K, committed 30784K, reserved 1114112K
  class space    used 3606K, committed 3712K, reserved 1048576K
}
Event: 17.563 GC heap after
{Heap after GC invocations=22 (full 0):
 garbage-first heap   total 95232K, used 44485K [0x0000000083600000, 0x0000000100000000)
  region size 1024K, 5 young (5120K), 5 survivors (5120K)
 Metaspace       used 30557K, committed 30784K, reserved 1114112K
  class space    used 3606K, committed 3712K, reserved 1048576K
}
Event: 17.724 GC heap before
{Heap before GC invocations=22 (full 0):
 garbage-first heap   total 95232K, used 74181K [0x0000000083600000, 0x0000000100000000)
  region size 1024K, 35 young (35840K), 5 survivors (5120K)
 Metaspace       used 30582K, committed 30784K, reserved 1114112K
  class space    used 3606K, committed 3712K, reserved 1048576K
}
Event: 17.726 GC heap after
{Heap after GC invocations=23 (full 0):
 garbage-first heap   total 95232K, used 47045K [0x0000000083600000, 0x0000000100000000)
  region size 1024K, 5 young (5120K), 5 survivors (5120K)
 Metaspace       used 30582K, committed 30784K, reserved 1114112K
  class space    used 3606K, committed 3712K, reserved 1048576K
}
Event: 17.857 GC heap before
{Heap before GC invocations=23 (full 0):
 garbage-first heap   total 95232K, used 75717K [0x0000000083600000, 0x0000000100000000)
  region size 1024K, 33 young (33792K), 5 survivors (5120K)
 Metaspace       used 30595K, committed 30784K, reserved 1114112K
  class space    used 3606K, committed 3712K, reserved 1048576K
}
Event: 17.858 GC heap after
{Heap after GC invocations=24 (full 0):
 garbage-first heap   total 95232K, used 48581K [0x0000000083600000, 0x0000000100000000)
  region size 1024K, 4 young (4096K), 4 survivors (4096K)
 Metaspace       used 30595K, committed 30784K, reserved 1114112K
  class space    used 3606K, committed 3712K, reserved 1048576K
}
Event: 18.522 GC heap before
{Heap before GC invocations=25 (full 0):
 garbage-first heap   total 95232K, used 75205K [0x0000000083600000, 0x0000000100000000)
  region size 1024K, 31 young (31744K), 4 survivors (4096K)
 Metaspace       used 30618K, committed 30848K, reserved 1114112K
  class space    used 3606K, committed 3712K, reserved 1048576K
}
Event: 18.532 GC heap after
{Heap after GC invocations=26 (full 0):
 garbage-first heap   total 95232K, used 50373K [0x0000000083600000, 0x0000000100000000)
  region size 1024K, 4 young (4096K), 4 survivors (4096K)
 Metaspace       used 30618K, committed 30848K, reserved 1114112K
  class space    used 3606K, committed 3712K, reserved 1048576K
}
Event: 18.539 GC heap before
{Heap before GC invocations=26 (full 0):
 garbage-first heap   total 95232K, used 51397K [0x0000000083600000, 0x0000000100000000)
  region size 1024K, 5 young (5120K), 4 survivors (4096K)
 Metaspace       used 30618K, committed 30848K, reserved 1114112K
  class space    used 3606K, committed 3712K, reserved 1048576K
}
Event: 18.547 GC heap after
{Heap after GC invocations=27 (full 0):
 garbage-first heap   total 95232K, used 50442K [0x0000000083600000, 0x0000000100000000)
  region size 1024K, 1 young (1024K), 1 survivors (1024K)
 Metaspace       used 30618K, committed 30848K, reserved 1114112K
  class space    used 3606K, committed 3712K, reserved 1048576K
}
Event: 20.158 GC heap before
{Heap before GC invocations=27 (full 0):
 garbage-first heap   total 95232K, used 75018K [0x0000000083600000, 0x0000000100000000)
  region size 1024K, 26 young (26624K), 1 survivors (1024K)
 Metaspace       used 30627K, committed 30848K, reserved 1114112K
  class space    used 3606K, committed 3712K, reserved 1048576K
}
Event: 20.167 GC heap after
{Heap after GC invocations=28 (full 0):
 garbage-first heap   total 95232K, used 52056K [0x0000000083600000, 0x0000000100000000)
  region size 1024K, 2 young (2048K), 2 survivors (2048K)
 Metaspace       used 30627K, committed 30848K, reserved 1114112K
  class space    used 3606K, committed 3712K, reserved 1048576K
}
Event: 22.002 GC heap before
{Heap before GC invocations=29 (full 0):
 garbage-first heap   total 97280K, used 75608K [0x0000000083600000, 0x0000000100000000)
  region size 1024K, 26 young (26624K), 2 survivors (2048K)
 Metaspace       used 30629K, committed 30848K, reserved 1114112K
  class space    used 3606K, committed 3712K, reserved 1048576K
}

Dll operation events (20 events):
Event: 9.860 Loaded shared library C:\Users\HP\.javacpp\cache\opencv-4.10.0-1.5.11-windows-x86_64.jar\org\bytedeco\opencv\windows-x86_64\opencv_imgproc4100.dll
Event: 9.901 Loaded shared library C:\Users\HP\.javacpp\cache\opencv-4.10.0-1.5.11-windows-x86_64.jar\org\bytedeco\opencv\windows-x86_64\jniopencv_core.dll
Event: 10.118 Loaded shared library C:\Users\HP\.javacpp\cache\opencv-4.10.0-1.5.11-windows-x86_64.jar\org\bytedeco\opencv\windows-x86_64\jniopencv_imgproc.dll
Event: 10.141 Loaded shared library C:\Users\HP\.javacpp\cache\opencv-4.10.0-1.5.11-windows-x86_64.jar\org\bytedeco\opencv\windows-x86_64\opencv_imgcodecs4100.dll
Event: 10.150 Loaded shared library C:\Users\HP\.javacpp\cache\opencv-4.10.0-1.5.11-windows-x86_64.jar\org\bytedeco\opencv\windows-x86_64\jniopencv_imgcodecs.dll
Event: 10.212 Loaded shared library C:\Users\HP\.javacpp\cache\opencv-4.10.0-1.5.11-windows-x86_64.jar\org\bytedeco\opencv\windows-x86_64\opencv_videoio4100.dll
Event: 10.222 Loaded shared library C:\Users\HP\.javacpp\cache\opencv-4.10.0-1.5.11-windows-x86_64.jar\org\bytedeco\opencv\windows-x86_64\jniopencv_videoio.dll
Event: 10.239 Loaded shared library C:\Users\HP\.javacpp\cache\opencv-4.10.0-1.5.11-windows-x86_64.jar\org\bytedeco\opencv\windows-x86_64\opencv_highgui4100.dll
Event: 10.247 Loaded shared library C:\Users\HP\.javacpp\cache\opencv-4.10.0-1.5.11-windows-x86_64.jar\org\bytedeco\opencv\windows-x86_64\jniopencv_highgui.dll
Event: 10.261 Loaded shared library C:\Users\HP\.javacpp\cache\opencv-4.10.0-1.5.11-windows-x86_64.jar\org\bytedeco\opencv\windows-x86_64\opencv_flann4100.dll
Event: 10.268 Loaded shared library C:\Users\HP\.javacpp\cache\opencv-4.10.0-1.5.11-windows-x86_64.jar\org\bytedeco\opencv\windows-x86_64\jniopencv_flann.dll
Event: 10.292 Loaded shared library C:\Users\HP\.javacpp\cache\opencv-4.10.0-1.5.11-windows-x86_64.jar\org\bytedeco\opencv\windows-x86_64\opencv_features2d4100.dll
Event: 10.302 Loaded shared library C:\Users\HP\.javacpp\cache\opencv-4.10.0-1.5.11-windows-x86_64.jar\org\bytedeco\opencv\windows-x86_64\jniopencv_features2d.dll
Event: 10.333 Loaded shared library C:\Users\HP\.javacpp\cache\opencv-4.10.0-1.5.11-windows-x86_64.jar\org\bytedeco\opencv\windows-x86_64\opencv_calib3d4100.dll
Event: 10.340 Loaded shared library C:\Users\HP\.javacpp\cache\opencv-4.10.0-1.5.11-windows-x86_64.jar\org\bytedeco\opencv\windows-x86_64\jniopencv_calib3d.dll
Event: 10.359 Loaded shared library C:\Users\HP\.javacpp\cache\opencv-4.10.0-1.5.11-windows-x86_64.jar\org\bytedeco\opencv\windows-x86_64\opencv_dnn4100.dll
Event: 10.369 Loaded shared library C:\Users\HP\.javacpp\cache\opencv-4.10.0-1.5.11-windows-x86_64.jar\org\bytedeco\opencv\windows-x86_64\jniopencv_dnn.dll
Event: 10.462 Loaded shared library C:\Users\HP\.javacpp\cache\opencv-4.10.0-1.5.11-windows-x86_64.jar\org\bytedeco\opencv\windows-x86_64\opencv_objdetect4100.dll
Event: 10.470 Loaded shared library C:\Users\HP\.javacpp\cache\opencv-4.10.0-1.5.11-windows-x86_64.jar\org\bytedeco\opencv\windows-x86_64\jniopencv_objdetect.dll
Event: 10.723 Loaded shared library C:\Program Files\Microsoft\jdk-17.0.17.10-hotspot\bin\awt.dll

Deoptimization events (20 events):
Event: 12.550 Thread 0x000002a2e8e2e230 DEOPT PACKING pc=0x000002a2d2e18b46 sp=0x000000c85f7fefb0
Event: 12.550 Thread 0x000002a2e8e2e230 DEOPT UNPACKING pc=0x000002a2d992ace3 sp=0x000000c85f7fe438 mode 0
Event: 12.589 Thread 0x000002a2e8e30090 Uncommon trap: trap_request=0xffffff6e fr.pc=0x000002a2d9ee5574 relative=0x00000000000005d4
Event: 12.589 Thread 0x000002a2e8e30090 Uncommon trap: reason=loop_limit_check action=maybe_recompile pc=0x000002a2d9ee5574 method=com.sun.javafx.image.impl.BaseByteToByteConverter$ByteAnyToSameConverter.doConvert([BII[BIIII)V @ 5 c2
Event: 12.589 Thread 0x000002a2e8e30090 DEOPT PACKING pc=0x000002a2d9ee5574 sp=0x000000c85ebfc480
Event: 12.589 Thread 0x000002a2e8e30090 DEOPT UNPACKING pc=0x000002a2d992a1a3 sp=0x000000c85ebfc418 mode 2
Event: 12.951 Thread 0x000002a2e8e2e230 DEOPT PACKING pc=0x000002a2d2e1c23d sp=0x000000c85f7ff0d0
Event: 12.951 Thread 0x000002a2e8e2e230 DEOPT UNPACKING pc=0x000002a2d992ace3 sp=0x000000c85f7fe5b0 mode 0
Event: 13.732 Thread 0x000002a2e8e2e230 DEOPT PACKING pc=0x000002a2d2e1c23d sp=0x000000c85f7ff0d0
Event: 13.732 Thread 0x000002a2e8e2e230 DEOPT UNPACKING pc=0x000002a2d992ace3 sp=0x000000c85f7fe5b0 mode 0
Event: 16.697 Thread 0x000002a2e8e30090 DEOPT PACKING pc=0x000002a2d2e08d82 sp=0x000000c85ebfc610
Event: 16.697 Thread 0x000002a2e8e30090 DEOPT UNPACKING pc=0x000002a2d992ace3 sp=0x000000c85ebfbb08 mode 0
Event: 16.846 Thread 0x000002a2e8e30090 Uncommon trap: trap_request=0xffffff6e fr.pc=0x000002a2d9fb0a38 relative=0x0000000000001c18
Event: 16.846 Thread 0x000002a2e8e30090 Uncommon trap: reason=loop_limit_check action=maybe_recompile pc=0x000002a2d9fb0a38 method=com.sun.javafx.sg.prism.NGGroup.computeRenderRoot(Lcom/sun/javafx/sg/prism/NodePath;Lcom/sun/javafx/geom/RectBounds;ILcom/sun/javafx/geom/transform/BaseTransform;Lc
Event: 16.846 Thread 0x000002a2e8e30090 DEOPT PACKING pc=0x000002a2d9fb0a38 sp=0x000000c85ebfe990
Event: 16.846 Thread 0x000002a2e8e30090 DEOPT UNPACKING pc=0x000002a2d992a1a3 sp=0x000000c85ebfe8f0 mode 2
Event: 18.922 Thread 0x000002a2e8e2e230 DEOPT PACKING pc=0x000002a2d25a2bca sp=0x000000c85f7fe8c0
Event: 18.922 Thread 0x000002a2e8e2e230 DEOPT UNPACKING pc=0x000002a2d992ace3 sp=0x000000c85f7fdd60 mode 0
Event: 21.722 Thread 0x000002a2e8e2e230 DEOPT PACKING pc=0x000002a2d25a6007 sp=0x000000c85f7fee70
Event: 21.722 Thread 0x000002a2e8e2e230 DEOPT UNPACKING pc=0x000002a2d992ace3 sp=0x000000c85f7fe340 mode 0

Classes loaded (20 events):
Event: 10.750 Loading class java/awt/color/ICC_Profile$BuiltInProfile
Event: 10.750 Loading class java/awt/color/ICC_Profile$BuiltInProfile done
Event: 10.750 Loading class java/awt/color/ICC_ProfileRGB
Event: 10.750 Loading class java/awt/color/ICC_ProfileRGB done
Event: 10.750 Loading class sun/java2d/cmm/ProfileDeferralInfo
Event: 10.750 Loading class sun/java2d/cmm/ProfileDeferralInfo done
Event: 10.751 Loading class java/awt/color/ICC_ProfileGray
Event: 10.751 Loading class java/awt/color/ICC_ProfileGray done
Event: 10.755 Loading class java/awt/image/DataBufferByte
Event: 10.755 Loading class java/awt/image/DataBufferByte done
Event: 10.765 Loading class java/util/concurrent/SynchronousQueue
Event: 10.766 Loading class java/util/concurrent/SynchronousQueue done
Event: 10.766 Loading class java/util/concurrent/SynchronousQueue$TransferStack
Event: 10.766 Loading class java/util/concurrent/SynchronousQueue$Transferer
Event: 10.766 Loading class java/util/concurrent/SynchronousQueue$Transferer done
Event: 10.766 Loading class java/util/concurrent/SynchronousQueue$TransferStack done
Event: 10.766 Loading class java/util/concurrent/SynchronousQueue$TransferStack$SNode
Event: 10.766 Loading class java/util/concurrent/SynchronousQueue$TransferStack$SNode done
Event: 20.027 Loading class jdk/internal/access/foreign/MemorySegmentProxy
Event: 20.029 Loading class jdk/internal/access/foreign/MemorySegmentProxy done

Classes unloaded (0 events):
No events

Classes redefined (0 events):
No events

Internal exceptions (20 events):
Event: 5.840 Thread 0x000002a2e8e2f670 Exception <a 'java/lang/NoSuchMethodError'{0x000000008afafc60}: 'java.lang.Object java.lang.invoke.Invokers$Holder.linkToTargetMethod(java.lang.Object, long, java.lang.Object)'> (0x000000008afafc60) 
thrown [s\src\hotspot\share\interpreter\linkResolver.cpp, line 759]
Event: 6.057 Thread 0x000002a2e8e2f670 Exception <a 'java/lang/NoSuchMethodError'{0x000000008ae77110}: 'void java.lang.invoke.DirectMethodHandle$Holder.invokeVirtual(java.lang.Object, java.lang.Object)'> (0x000000008ae77110) 
thrown [s\src\hotspot\share\interpreter\linkResolver.cpp, line 759]
Event: 6.101 Thread 0x000002a2e8e2e230 Exception <a 'java/lang/NoSuchMethodError'{0x000000008ab02c70}: 'int java.lang.invoke.DirectMethodHandle$Holder.invokeStaticInit(java.lang.Object, java.lang.Object, java.lang.Object, java.lang.Object)'> (0x000000008ab02c70) 
thrown [s\src\hotspot\share\interpreter\linkResolver.cpp, line 759]
Event: 6.102 Thread 0x000002a2e8e2e230 Exception <a 'java/lang/NoSuchMethodError'{0x000000008ab0bee0}: 'java.lang.Object java.lang.invoke.DirectMethodHandle$Holder.invokeInterface(java.lang.Object, java.lang.Object)'> (0x000000008ab0bee0) 
thrown [s\src\hotspot\share\interpreter\linkResolver.cpp, line 759]
Event: 6.102 Thread 0x000002a2e8e2e230 Exception <a 'java/lang/IncompatibleClassChangeError'{0x000000008ab0f430}: Found class java.lang.Object, but interface was expected> (0x000000008ab0f430) 
thrown [s\src\hotspot\share\interpreter\linkResolver.cpp, line 826]
Event: 6.273 Thread 0x000002a2e8e2f670 Exception <a 'java/lang/NoSuchMethodError'{0x0000000089dac1a0}: 'void java.lang.invoke.DirectMethodHandle$Holder.invokeSpecial(java.lang.Object, java.lang.Object, java.lang.Object, java.lang.Object, java.lang.Object, java.lang.Object)'> (0x0000000089dac1a0) 
thrown [s\src\hotspot\share\interpreter\linkResolver.cpp, line 759]
Event: 6.354 Thread 0x000002a2e8e2f670 Exception <a 'java/io/FileNotFoundException'{0x000000008948b2c8}> (0x000000008948b2c8) 
thrown [s\src\hotspot\share\prims\jni.cpp, line 516]
Event: 6.424 Thread 0x000002a2e8e2f670 Exception <a 'java/lang/ClassNotFoundException'{0x000000008826c8d8}: com/sun/javafx/scene/control/skin/resources/controls> (0x000000008826c8d8) 
thrown [s\src\hotspot\share\prims\jni.cpp, line 535]
Event: 6.425 Thread 0x000002a2e8e2f670 Exception <a 'java/lang/ClassNotFoundException'{0x000000008827a848}: com/sun/javafx/scene/control/skin/resources/controls_fr> (0x000000008827a848) 
thrown [s\src\hotspot\share\prims\jni.cpp, line 535]
Event: 6.427 Thread 0x000002a2e8e2f670 Exception <a 'java/lang/ClassNotFoundException'{0x0000000088288550}: com/sun/javafx/scene/control/skin/resources/controls_fr_FR> (0x0000000088288550) 
thrown [s\src\hotspot\share\prims\jni.cpp, line 535]
Event: 6.871 Thread 0x000002a2e8e2f670 Exception <a 'java/io/FileNotFoundException'{0x00000000877d6408}> (0x00000000877d6408) 
thrown [s\src\hotspot\share\prims\jni.cpp, line 516]
Event: 6.901 Thread 0x000002a2e8e2f670 Exception <a 'java/io/FileNotFoundException'{0x000000008b3d6440}> (0x000000008b3d6440) 
thrown [s\src\hotspot\share\prims\jni.cpp, line 516]
Event: 6.921 Thread 0x000002a2e8e2f670 Exception <a 'java/io/FileNotFoundException'{0x000000008ad04ba8}> (0x000000008ad04ba8) 
thrown [s\src\hotspot\share\prims\jni.cpp, line 516]
Event: 6.921 Thread 0x000002a2e8e2f670 Exception <a 'java/io/FileNotFoundException'{0x000000008ad06188}> (0x000000008ad06188) 
thrown [s\src\hotspot\share\prims\jni.cpp, line 516]
Event: 6.921 Thread 0x000002a2e8e2f670 Exception <a 'java/io/FileNotFoundException'{0x000000008ad0aa80}> (0x000000008ad0aa80) 
thrown [s\src\hotspot\share\prims\jni.cpp, line 516]
Event: 6.921 Thread 0x000002a2e8e2f670 Exception <a 'java/io/FileNotFoundException'{0x000000008ad0c058}> (0x000000008ad0c058) 
thrown [s\src\hotspot\share\prims\jni.cpp, line 516]
Event: 7.153 Thread 0x000002a2e8e30090 Exception <a 'java/lang/NoSuchMethodError'{0x0000000087a094d0}: 'java.lang.Object java.lang.invoke.DirectMethodHandle$Holder.invokeStaticInit(java.lang.Object, int)'> (0x0000000087a094d0) 
thrown [s\src\hotspot\share\interpreter\linkResolver.cpp, line 759]
Event: 10.716 Thread 0x000002a2e8e2e230 Exception <a 'java/lang/ClassNotFoundException'{0x0000000085fc53c0}: sun/awt/resources/spi/awtProvider> (0x0000000085fc53c0) 
thrown [s\src\hotspot\share\classfile\systemDictionary.cpp, line 256]
Event: 10.724 Thread 0x000002a2e8e2e230 Exception <a 'java/io/FileNotFoundException'{0x0000000085fc84b8}> (0x0000000085fc84b8) 
thrown [s\src\hotspot\share\prims\jni.cpp, line 516]
Event: 10.724 Thread 0x000002a2e8e2e230 Exception <a 'java/io/FileNotFoundException'{0x0000000085fc99b8}> (0x0000000085fc99b8) 
thrown [s\src\hotspot\share\prims\jni.cpp, line 516]

VM Operations (20 events):
Event: 17.726 Executing VM operation: G1CollectForAllocation done
Event: 17.857 Executing VM operation: G1CollectForAllocation
Event: 17.859 Executing VM operation: G1CollectForAllocation done
Event: 17.878 Executing VM operation: G1PauseRemark
Event: 17.881 Executing VM operation: G1PauseRemark done
Event: 17.890 Executing VM operation: G1PauseCleanup
Event: 17.890 Executing VM operation: G1PauseCleanup done
Event: 18.521 Executing VM operation: G1CollectForAllocation
Event: 18.532 Executing VM operation: G1CollectForAllocation done
Event: 18.538 Executing VM operation: G1CollectForAllocation
Event: 18.548 Executing VM operation: G1CollectForAllocation done
Event: 20.158 Executing VM operation: G1CollectForAllocation
Event: 20.167 Executing VM operation: G1CollectForAllocation done
Event: 20.425 Executing VM operation: G1PauseRemark
Event: 20.450 Executing VM operation: G1PauseRemark done
Event: 20.569 Executing VM operation: G1PauseCleanup
Event: 20.573 Executing VM operation: G1PauseCleanup done
Event: 21.573 Executing VM operation: Cleanup
Event: 21.574 Executing VM operation: Cleanup done
Event: 22.002 Executing VM operation: G1CollectForAllocation

Memory protections (0 events):
No events

Nmethod flushes (20 events):
Event: 13.112 Thread 0x000002a2e862bf80 flushing  nmethod 0x000002a2d2de2190
Event: 13.112 Thread 0x000002a2e862bf80 flushing osr nmethod 0x000002a2d2de4890
Event: 13.112 Thread 0x000002a2e862bf80 flushing  nmethod 0x000002a2d2de7390
Event: 13.112 Thread 0x000002a2e862bf80 flushing osr nmethod 0x000002a2d2de8d90
Event: 13.112 Thread 0x000002a2e862bf80 flushing osr nmethod 0x000002a2d2decc10
Event: 13.112 Thread 0x000002a2e862bf80 flushing  nmethod 0x000002a2d2dedd90
Event: 13.112 Thread 0x000002a2e862bf80 flushing osr nmethod 0x000002a2d2deef90
Event: 13.112 Thread 0x000002a2e862bf80 flushing  nmethod 0x000002a2d2def810
Event: 13.112 Thread 0x000002a2e862bf80 flushing osr nmethod 0x000002a2d2df1b90
Event: 13.112 Thread 0x000002a2e862bf80 flushing  nmethod 0x000002a2d2df4a10
Event: 13.112 Thread 0x000002a2e862bf80 flushing osr nmethod 0x000002a2d2df5a90
Event: 13.112 Thread 0x000002a2e862bf80 flushing osr nmethod 0x000002a2d2df6990
Event: 13.112 Thread 0x000002a2e862bf80 flushing  nmethod 0x000002a2d2df7510
Event: 13.113 Thread 0x000002a2e862bf80 flushing  nmethod 0x000002a2d2df8910
Event: 13.113 Thread 0x000002a2e862bf80 flushing  nmethod 0x000002a2d2dfb110
Event: 13.113 Thread 0x000002a2e862bf80 flushing  nmethod 0x000002a2d2dfbf10
Event: 13.113 Thread 0x000002a2e862bf80 flushing osr nmethod 0x000002a2d2e11b90
Event: 13.113 Thread 0x000002a2e862bf80 flushing osr nmethod 0x000002a2d2e12b90
Event: 13.113 Thread 0x000002a2e862bf80 flushing  nmethod 0x000002a2d2e14710
Event: 13.113 Thread 0x000002a2e862bf80 flushing osr nmethod 0x000002a2d2e16d10

Events (20 events):
Event: 0.948 Thread 0x000002a2e8b92320 Thread added: 0x000002a2f2324400
Event: 1.458 Thread 0x000002a2e8e2f670 Thread added: 0x000002a2e8e2d810
Event: 1.837 Thread 0x000002a2e8e30090 Thread added: 0x000002a2e8e30ab0
Event: 2.778 Thread 0x000002a2f2324400 Thread exited: 0x000002a2f2324400
Event: 6.059 Thread 0x000002a2e8e2f670 Thread added: 0x000002a2e8e2e230
Event: 6.111 Thread 0x000002a2e8b92320 Thread added: 0x000002a2f2b336c0
Event: 7.300 Thread 0x000002a2e8e2e230 Thread added: 0x000002a2e8e2e740
Event: 10.767 Thread 0x000002a2e8e2e230 Thread added: 0x000002a3301aa900
Event: 10.768 Thread 0x000002a2e8e2e230 Thread added: 0x000002a3301a9ee0
Event: 10.768 Thread 0x000002a2e8e2e230 Thread added: 0x000002a3301ae0b0
Event: 10.768 Thread 0x000002a2e8e2e230 Thread added: 0x000002a3301ac250
Event: 10.768 Thread 0x000002a2e8e2e230 Thread added: 0x000002a3301ac760
Event: 10.772 Thread 0x000002a2e8e2e230 Thread added: 0x000002a3301af4f0
Event: 10.772 Thread 0x000002a2e8e2e230 Thread added: 0x000002a3301a8080
Event: 10.772 Thread 0x000002a2e8e2e230 Thread added: 0x000002a3301a99d0
Event: 17.607 Thread 0x000002a2f2b336c0 Thread exited: 0x000002a2f2b336c0
Event: 17.729 Thread 0x000002a2e8b886a0 Thread added: 0x000002a2f2f92d70
Event: 18.008 Thread 0x000002a2f2f92d70 Thread exited: 0x000002a2f2f92d70
Event: 19.630 Thread 0x000002a2e8b92320 Thread added: 0x000002a2f2f94800
Event: 20.249 Thread 0x000002a2f2f94800 Thread exited: 0x000002a2f2f94800


Dynamic libraries:
0x00007ff677b60000 - 0x00007ff677b6e000 	C:\Program Files\Microsoft\jdk-17.0.17.10-hotspot\bin\java.exe
0x00007ffe70070000 - 0x00007ffe70286000 	C:\WINDOWS\SYSTEM32\ntdll.dll
0x00007ffe6fe80000 - 0x00007ffe6ff44000 	C:\WINDOWS\System32\KERNEL32.DLL
0x00007ffe6d380000 - 0x00007ffe6d726000 	C:\WINDOWS\System32\KERNELBASE.dll
0x00007ffe6d8c0000 - 0x00007ffe6d9d1000 	C:\WINDOWS\System32\ucrtbase.dll
0x00007ffe4bc40000 - 0x00007ffe4bc58000 	C:\Program Files\Microsoft\jdk-17.0.17.10-hotspot\bin\jli.dll
0x00007ffe4bc60000 - 0x00007ffe4bc7e000 	C:\Program Files\Microsoft\jdk-17.0.17.10-hotspot\bin\VCRUNTIME140.dll
0x00007ffe6e0e0000 - 0x00007ffe6e28d000 	C:\WINDOWS\System32\USER32.dll
0x00007ffe4d790000 - 0x00007ffe4da23000 	C:\WINDOWS\WinSxS\amd64_microsoft.windows.common-controls_6595b64144ccf1df_6.0.22621.3235_none_270f74e173860f98\COMCTL32.dll
0x00007ffe6ff50000 - 0x00007ffe6fff7000 	C:\WINDOWS\System32\msvcrt.dll
0x00007ffe6f280000 - 0x00007ffe6f2a9000 	C:\WINDOWS\System32\GDI32.dll
0x00007ffe6da60000 - 0x00007ffe6da86000 	C:\WINDOWS\System32\win32u.dll
0x00007ffe6dc00000 - 0x00007ffe6dd18000 	C:\WINDOWS\System32\gdi32full.dll
0x00007ffe6d730000 - 0x00007ffe6d7ca000 	C:\WINDOWS\System32\msvcp_win.dll
0x00007ffe6de00000 - 0x00007ffe6de31000 	C:\WINDOWS\System32\IMM32.DLL
0x00007ffe64f10000 - 0x00007ffe64f1c000 	C:\Program Files\Microsoft\jdk-17.0.17.10-hotspot\bin\vcruntime140_1.dll
0x00007ffe41d80000 - 0x00007ffe41e09000 	C:\Program Files\Microsoft\jdk-17.0.17.10-hotspot\bin\msvcp140.dll
0x00007ffe09840000 - 0x00007ffe0a4ba000 	C:\Program Files\Microsoft\jdk-17.0.17.10-hotspot\bin\server\jvm.dll
0x00007ffe6f790000 - 0x00007ffe6f842000 	C:\WINDOWS\System32\ADVAPI32.dll
0x00007ffe6fdd0000 - 0x00007ffe6fe78000 	C:\WINDOWS\System32\sechost.dll
0x00007ffe6d7d0000 - 0x00007ffe6d7f8000 	C:\WINDOWS\System32\bcrypt.dll
0x00007ffe6f5a0000 - 0x00007ffe6f6b5000 	C:\WINDOWS\System32\RPCRT4.dll
0x00007ffe6f200000 - 0x00007ffe6f271000 	C:\WINDOWS\System32\WS2_32.dll
0x00007ffe6d250000 - 0x00007ffe6d29d000 	C:\WINDOWS\SYSTEM32\POWRPROF.dll
0x00007ffe62890000 - 0x00007ffe628c4000 	C:\WINDOWS\SYSTEM32\WINMM.dll
0x00007ffe5ff00000 - 0x00007ffe5ff0a000 	C:\WINDOWS\SYSTEM32\VERSION.dll
0x00007ffe6d230000 - 0x00007ffe6d243000 	C:\WINDOWS\SYSTEM32\UMPDC.dll
0x00007ffe6c3c0000 - 0x00007ffe6c3d8000 	C:\WINDOWS\SYSTEM32\kernel.appcore.dll
0x00007ffe56350000 - 0x00007ffe5635a000 	C:\Program Files\Microsoft\jdk-17.0.17.10-hotspot\bin\jimage.dll
0x00007ffe67260000 - 0x00007ffe67493000 	C:\WINDOWS\SYSTEM32\DBGHELP.DLL
0x00007ffe6ed00000 - 0x00007ffe6f088000 	C:\WINDOWS\System32\combase.dll
0x00007ffe6de40000 - 0x00007ffe6df17000 	C:\WINDOWS\System32\OLEAUT32.dll
0x00007ffe4e9d0000 - 0x00007ffe4ea02000 	C:\WINDOWS\SYSTEM32\dbgcore.DLL
0x00007ffe6d9e0000 - 0x00007ffe6da5a000 	C:\WINDOWS\System32\bcryptPrimitives.dll
0x00007ffe41d50000 - 0x00007ffe41d76000 	C:\Program Files\Microsoft\jdk-17.0.17.10-hotspot\bin\java.dll
0x00007ffe41c70000 - 0x00007ffe41d46000 	C:\Program Files\Microsoft\jdk-17.0.17.10-hotspot\bin\jsvml.dll
0x00007ffe6e450000 - 0x00007ffe6ecad000 	C:\WINDOWS\System32\SHELL32.dll
0x00007ffe6b2e0000 - 0x00007ffe6bbd8000 	C:\WINDOWS\SYSTEM32\windows.storage.dll
0x00007ffe6b1a0000 - 0x00007ffe6b2de000 	C:\WINDOWS\SYSTEM32\wintypes.dll
0x00007ffe6f4a0000 - 0x00007ffe6f593000 	C:\WINDOWS\System32\SHCORE.dll
0x00007ffe6f440000 - 0x00007ffe6f49e000 	C:\WINDOWS\System32\shlwapi.dll
0x00007ffe6d2b0000 - 0x00007ffe6d2d6000 	C:\WINDOWS\SYSTEM32\profapi.dll
0x00007ffe4bc20000 - 0x00007ffe4bc3b000 	C:\Program Files\Microsoft\jdk-17.0.17.10-hotspot\bin\net.dll
0x00007ffe62af0000 - 0x00007ffe62c27000 	C:\WINDOWS\SYSTEM32\WINHTTP.dll
0x00007ffe6c840000 - 0x00007ffe6c8a9000 	C:\WINDOWS\system32\mswsock.dll
0x00007ffe4b950000 - 0x00007ffe4b966000 	C:\Program Files\Microsoft\jdk-17.0.17.10-hotspot\bin\nio.dll
0x00007ffe41c50000 - 0x00007ffe41c68000 	C:\Program Files\Microsoft\jdk-17.0.17.10-hotspot\bin\zip.dll
0x000002a2c86f0000 - 0x000002a2c86f3000 	C:\Users\HP\.openjfx\cache\17.0.2-ea\api-ms-win-core-console-l1-1-0.dll
0x000002a2ca7b0000 - 0x000002a2ca7b3000 	C:\Users\HP\.openjfx\cache\17.0.2-ea\api-ms-win-core-console-l1-2-0.dll
0x000002a2ca7c0000 - 0x000002a2ca7c3000 	C:\Users\HP\.openjfx\cache\17.0.2-ea\api-ms-win-core-datetime-l1-1-0.dll
0x000002a2ca7d0000 - 0x000002a2ca7d3000 	C:\Users\HP\.openjfx\cache\17.0.2-ea\api-ms-win-core-debug-l1-1-0.dll
0x000002a2e8f80000 - 0x000002a2e8f83000 	C:\Users\HP\.openjfx\cache\17.0.2-ea\api-ms-win-core-errorhandling-l1-1-0.dll
0x000002a2e8f90000 - 0x000002a2e8f94000 	C:\Users\HP\.openjfx\cache\17.0.2-ea\api-ms-win-core-file-l1-1-0.dll
0x000002a2e8fa0000 - 0x000002a2e8fa3000 	C:\Users\HP\.openjfx\cache\17.0.2-ea\api-ms-win-core-file-l1-2-0.dll
0x000002a2e8fb0000 - 0x000002a2e8fb3000 	C:\Users\HP\.openjfx\cache\17.0.2-ea\api-ms-win-core-file-l2-1-0.dll
0x000002a2e8fc0000 - 0x000002a2e8fc3000 	C:\Users\HP\.openjfx\cache\17.0.2-ea\api-ms-win-core-handle-l1-1-0.dll
0x000002a2e8fd0000 - 0x000002a2e8fd3000 	C:\Users\HP\.openjfx\cache\17.0.2-ea\api-ms-win-core-heap-l1-1-0.dll
0x000002a2e8fe0000 - 0x000002a2e8fe3000 	C:\Users\HP\.openjfx\cache\17.0.2-ea\api-ms-win-core-interlocked-l1-1-0.dll
0x000002a2e8ff0000 - 0x000002a2e8ff3000 	C:\Users\HP\.openjfx\cache\17.0.2-ea\api-ms-win-core-libraryloader-l1-1-0.dll
0x000002a2ed800000 - 0x000002a2ed803000 	C:\Users\HP\.openjfx\cache\17.0.2-ea\api-ms-win-core-localization-l1-2-0.dll
0x000002a2ed810000 - 0x000002a2ed813000 	C:\Users\HP\.openjfx\cache\17.0.2-ea\api-ms-win-core-memory-l1-1-0.dll
0x000002a2ed820000 - 0x000002a2ed823000 	C:\Users\HP\.openjfx\cache\17.0.2-ea\api-ms-win-core-namedpipe-l1-1-0.dll
0x000002a2ed830000 - 0x000002a2ed833000 	C:\Users\HP\.openjfx\cache\17.0.2-ea\api-ms-win-core-processenvironment-l1-1-0.dll
0x000002a2ed840000 - 0x000002a2ed843000 	C:\Users\HP\.openjfx\cache\17.0.2-ea\api-ms-win-core-processthreads-l1-1-0.dll
0x000002a2ed850000 - 0x000002a2ed853000 	C:\Users\HP\.openjfx\cache\17.0.2-ea\api-ms-win-core-processthreads-l1-1-1.dll
0x000002a2ed860000 - 0x000002a2ed863000 	C:\Users\HP\.openjfx\cache\17.0.2-ea\api-ms-win-core-profile-l1-1-0.dll
0x000002a2ed870000 - 0x000002a2ed873000 	C:\Users\HP\.openjfx\cache\17.0.2-ea\api-ms-win-core-rtlsupport-l1-1-0.dll
0x000002a2ed880000 - 0x000002a2ed883000 	C:\Users\HP\.openjfx\cache\17.0.2-ea\api-ms-win-core-string-l1-1-0.dll
0x000002a2ed890000 - 0x000002a2ed893000 	C:\Users\HP\.openjfx\cache\17.0.2-ea\api-ms-win-core-synch-l1-1-0.dll
0x000002a2ed8a0000 - 0x000002a2ed8a3000 	C:\Users\HP\.openjfx\cache\17.0.2-ea\api-ms-win-core-synch-l1-2-0.dll
0x000002a2ed8b0000 - 0x000002a2ed8b3000 	C:\Users\HP\.openjfx\cache\17.0.2-ea\api-ms-win-core-sysinfo-l1-1-0.dll
0x000002a2ed8c0000 - 0x000002a2ed8c3000 	C:\Users\HP\.openjfx\cache\17.0.2-ea\api-ms-win-core-timezone-l1-1-0.dll
0x000002a2ed8d0000 - 0x000002a2ed8d3000 	C:\Users\HP\.openjfx\cache\17.0.2-ea\api-ms-win-core-util-l1-1-0.dll
0x000002a2ed8e0000 - 0x000002a2ed8e3000 	C:\Users\HP\.openjfx\cache\17.0.2-ea\api-ms-win-crt-conio-l1-1-0.dll
0x000002a2ed8f0000 - 0x000002a2ed8f4000 	C:\Users\HP\.openjfx\cache\17.0.2-ea\api-ms-win-crt-convert-l1-1-0.dll
0x000002a2ed900000 - 0x000002a2ed903000 	C:\Users\HP\.openjfx\cache\17.0.2-ea\api-ms-win-crt-environment-l1-1-0.dll
0x000002a2ed910000 - 0x000002a2ed913000 	C:\Users\HP\.openjfx\cache\17.0.2-ea\api-ms-win-crt-filesystem-l1-1-0.dll
0x000002a2ed920000 - 0x000002a2ed923000 	C:\Users\HP\.openjfx\cache\17.0.2-ea\api-ms-win-crt-heap-l1-1-0.dll
0x000002a2ed930000 - 0x000002a2ed933000 	C:\Users\HP\.openjfx\cache\17.0.2-ea\api-ms-win-crt-locale-l1-1-0.dll
0x000002a2ed940000 - 0x000002a2ed945000 	C:\Users\HP\.openjfx\cache\17.0.2-ea\api-ms-win-crt-math-l1-1-0.dll
0x000002a2ed950000 - 0x000002a2ed955000 	C:\Users\HP\.openjfx\cache\17.0.2-ea\api-ms-win-crt-multibyte-l1-1-0.dll
0x000002a2ed960000 - 0x000002a2ed970000 	C:\Users\HP\.openjfx\cache\17.0.2-ea\api-ms-win-crt-private-l1-1-0.dll
0x000002a2ed970000 - 0x000002a2ed973000 	C:\Users\HP\.openjfx\cache\17.0.2-ea\api-ms-win-crt-process-l1-1-0.dll
0x000002a2ed980000 - 0x000002a2ed984000 	C:\Users\HP\.openjfx\cache\17.0.2-ea\api-ms-win-crt-runtime-l1-1-0.dll
0x000002a2ed990000 - 0x000002a2ed994000 	C:\Users\HP\.openjfx\cache\17.0.2-ea\api-ms-win-crt-stdio-l1-1-0.dll
0x000002a2ed9a0000 - 0x000002a2ed9a4000 	C:\Users\HP\.openjfx\cache\17.0.2-ea\api-ms-win-crt-string-l1-1-0.dll
0x000002a2ed9b0000 - 0x000002a2ed9b3000 	C:\Users\HP\.openjfx\cache\17.0.2-ea\api-ms-win-crt-time-l1-1-0.dll
0x000002a2ed9c0000 - 0x000002a2ed9c3000 	C:\Users\HP\.openjfx\cache\17.0.2-ea\api-ms-win-crt-utility-l1-1-0.dll
0x00007ffe3ec00000 - 0x00007ffe3ecfc000 	C:\Users\HP\.openjfx\cache\17.0.2-ea\ucrtbase.dll
0x00007ffe41be0000 - 0x00007ffe41bfa000 	C:\Users\HP\.openjfx\cache\17.0.2-ea\vcruntime140.dll
0x00007ffe49490000 - 0x00007ffe4949c000 	C:\Users\HP\.openjfx\cache\17.0.2-ea\vcruntime140_1.dll
0x00007ffe3eb70000 - 0x00007ffe3ebfd000 	C:\Users\HP\.openjfx\cache\17.0.2-ea\msvcp140.dll
0x00007ffe41bb0000 - 0x00007ffe41bda000 	C:\Users\HP\.openjfx\cache\17.0.2-ea\prism_d3d.dll
0x00007ffe177f0000 - 0x00007ffe17999000 	C:\WINDOWS\system32\d3d9.dll
0x00007ffe677d0000 - 0x00007ffe677fb000 	C:\WINDOWS\SYSTEM32\dwmapi.dll
0x00007ffe674a0000 - 0x00007ffe674d9000 	C:\WINDOWS\SYSTEM32\dxcore.dll
0x00007ffe670b0000 - 0x00007ffe6715b000 	C:\WINDOWS\system32\uxtheme.dll
0x00007ffe41ee0000 - 0x00007ffe4208c000 	C:\WINDOWS\System32\DriverStore\FileRepository\iigd_dch.inf_amd64_9b53505f87f3498b\igdumdim64.dll
0x00007ffe6df20000 - 0x00007ffe6e0bf000 	C:\WINDOWS\System32\ole32.dll
0x00007ffdbe990000 - 0x00007ffdc31f4000 	C:\WINDOWS\System32\DriverStore\FileRepository\iigd_dch.inf_amd64_9b53505f87f3498b\igd9dxva64.dll
0x00007ffe6f8b0000 - 0x00007ffe6fd24000 	C:\WINDOWS\System32\SETUPAPI.dll
0x00007ffe6cf80000 - 0x00007ffe6cfce000 	C:\WINDOWS\SYSTEM32\cfgmgr32.dll
0x00007ffe5d860000 - 0x00007ffe5dc69000 	C:\WINDOWS\System32\DriverStore\FileRepository\iigd_dch.inf_amd64_9b53505f87f3498b\igdgmm64.dll
0x00007ffe62c30000 - 0x00007ffe62c7a000 	C:\WINDOWS\SYSTEM32\directxdatabasehelper.dll
0x00007ffe419d0000 - 0x00007ffe41a12000 	C:\Users\HP\.openjfx\cache\17.0.2-ea\glass.dll
0x00007ffe6f2b0000 - 0x00007ffe6f3a9000 	C:\WINDOWS\System32\COMDLG32.dll
0x00007ffe6f0a0000 - 0x00007ffe6f1f4000 	C:\WINDOWS\System32\MSCTF.dll
0x00007ffe0cad0000 - 0x00007ffe0caf7000 	C:\WINDOWS\System32\DriverStore\FileRepository\iigd_dch.inf_amd64_9b53505f87f3498b\igdinfo64.dll
0x00007ffe58fd0000 - 0x00007ffe5d654000 	C:\WINDOWS\System32\DriverStore\FileRepository\iigd_dch.inf_amd64_9b53505f87f3498b\igc64.dll
0x00007ffe41b90000 - 0x00007ffe41ba4000 	C:\Users\HP\.openjfx\cache\17.0.2-ea\javafx_font.dll
0x00007ffe659a0000 - 0x00007ffe65c14000 	C:\WINDOWS\SYSTEM32\dwrite.dll
0x00007ffe6f6c0000 - 0x00007ffe6f770000 	C:\WINDOWS\System32\clbcatq.dll
0x00007ffe65740000 - 0x00007ffe658f0000 	C:\WINDOWS\SYSTEM32\WindowsCodecs.dll
0x00007ffe3d350000 - 0x00007ffe3d3ae000 	C:\WINDOWS\system32\dataexchange.dll
0x00007ffe60570000 - 0x00007ffe607ff000 	C:\WINDOWS\system32\twinapi.appcore.dll
0x00007ffe4bbe0000 - 0x00007ffe4bc12000 	C:\Program Files\Common Files\Microsoft Shared\Ink\rtscom.dll
0x00007ffe50b20000 - 0x00007ffe50c6a000 	C:\WINDOWS\SYSTEM32\textinputframework.dll
0x00007ffe66ae0000 - 0x00007ffe66c14000 	C:\WINDOWS\SYSTEM32\CoreMessaging.dll
0x00007ffe61940000 - 0x00007ffe61cac000 	C:\WINDOWS\SYSTEM32\CoreUIComponents.dll
0x00007ffe6ca90000 - 0x00007ffe6ca9c000 	C:\WINDOWS\SYSTEM32\CRYPTBASE.DLL
0x000002a2f4260000 - 0x000002a2f4264000 	C:\Program Files\Microsoft\jdk-17.0.17.10-hotspot\bin\api-ms-win-crt-locale-l1-1-0.dll
0x000002a2f4270000 - 0x000002a2f4275000 	C:\Program Files\Microsoft\jdk-17.0.17.10-hotspot\bin\api-ms-win-crt-string-l1-1-0.dll
0x000002a2f4280000 - 0x000002a2f4285000 	C:\Program Files\Microsoft\jdk-17.0.17.10-hotspot\bin\api-ms-win-crt-stdio-l1-1-0.dll
0x000002a2f4290000 - 0x000002a2f4296000 	C:\Program Files\Microsoft\jdk-17.0.17.10-hotspot\bin\api-ms-win-crt-math-l1-1-0.dll
0x000002a2f42a0000 - 0x000002a2f42a4000 	C:\Program Files\Microsoft\jdk-17.0.17.10-hotspot\bin\api-ms-win-crt-heap-l1-1-0.dll
0x000002a2f42b0000 - 0x000002a2f42b5000 	C:\Program Files\Microsoft\jdk-17.0.17.10-hotspot\bin\api-ms-win-crt-runtime-l1-1-0.dll
0x000002a2f42c0000 - 0x000002a2f42c5000 	C:\Program Files\Microsoft\jdk-17.0.17.10-hotspot\bin\api-ms-win-crt-convert-l1-1-0.dll
0x000002a2f42d0000 - 0x000002a2f42d4000 	C:\Program Files\Microsoft\jdk-17.0.17.10-hotspot\bin\api-ms-win-crt-environment-l1-1-0.dll

dbghelp: loaded successfully - version: 4.0.5 - missing functions: none
symbol engine: initialized successfully - sym options: 0x614 - pdb path: .;C:\Program Files\Microsoft\jdk-17.0.17.10-hotspot\bin;C:\WINDOWS\SYSTEM32;C:\WINDOWS\WinSxS\amd64_microsoft.windows.common-controls_6595b64144ccf1df_6.0.22621.3235_none_270f74e173860f98;C:\Program Files\Microsoft\jdk-17.0.17.10-hotspot\bin\server;C:\Users\HP\.openjfx\cache\17.0.2-ea;C:\WINDOWS\System32\DriverStore\FileRepository\iigd_dch.inf_amd64_9b53505f87f3498b;C:\Program Files\Common Files\Microsoft Shared\Ink;C:\Users\HP\.javacpp\cache\openblas-0.3.28-1.5.11-windows-x86_64.jar\org\bytedeco\openblas\windows-x86_64;C:\Users\HP\.javacpp\cache\javacpp-1.5.11-windows-x86_64.jar\org\bytedeco\javacpp\windows-x86_64;C:\Users\HP\.javacpp\cache\opencv-4.10.0-1.5.11-windows-x86_64.jar\org\bytedeco\opencv\windows-x86_64

VM Arguments:
jvm_args: --module-path=C:\Users\HP\.m2\repository\org\openjfx\javafx-base\17.0.2\javafx-base-17.0.2-win.jar;C:\Users\HP\.m2\repository\org\openjfx\javafx-base\17.0.2\javafx-base-17.0.2.jar;C:\Users\HP\.m2\repository\org\openjfx\javafx-controls\17.0.2\javafx-controls-17.0.2-win.jar;C:\Users\HP\.m2\repository\org\openjfx\javafx-controls\17.0.2\javafx-controls-17.0.2.jar;C:\Users\HP\.m2\repository\org\openjfx\javafx-fxml\17.0.2\javafx-fxml-17.0.2-win.jar;C:\Users\HP\.m2\repository\org\openjfx\javafx-fxml\17.0.2\javafx-fxml-17.0.2.jar;C:\Users\HP\.m2\repository\org\openjfx\javafx-graphics\17.0.2\javafx-graphics-17.0.2-win.jar;C:\Users\HP\.m2\repository\org\openjfx\javafx-graphics\17.0.2\javafx-graphics-17.0.2.jar --add-modules=javafx.base,javafx.controls,javafx.fxml,javafx.graphics 
java_command: tech.HTECH.ui.AppJavaFX
java_class_path (initial): D:\Dossier Harold\CompFaceModule\target\classes;C:\Users\HP\.m2\repository\ch\qos\logback\logback-classic\1.5.8\logback-classic-1.5.8.jar;C:\Users\HP\.m2\repository\ch\qos\logback\logback-core\1.5.8\logback-core-1.5.8.jar;C:\Users\HP\.m2\repository\net\imagej\ij\1.53f\ij-1.53f.jar;C:\Users\HP\.m2\repository\org\bytedeco\artoolkitplus\2.3.1-1.5.9\artoolkitplus-2.3.1-1.5.9-android-arm.jar;C:\Users\HP\.m2\repository\org\bytedeco\artoolkitplus\2.3.1-1.5.9\artoolkitplus-2.3.1-1.5.9-android-arm64.jar;C:\Users\HP\.m2\repository\org\bytedeco\artoolkitplus\2.3.1-1.5.9\artoolkitplus-2.3.1-1.5.9-android-x86.jar;C:\Users\HP\.m2\repository\org\bytedeco\artoolkitplus\2.3.1-1.5.9\artoolkitplus-2.3.1-1.5.9-android-x86_64.jar;C:\Users\HP\.m2\repository\org\bytedeco\artoolkitplus\2.3.1-1.5.9\artoolkitplus-2.3.1-1.5.9-linux-arm64.jar;C:\Users\HP\.m2\repository\org\bytedeco\artoolkitplus\2.3.1-1.5.9\artoolkitplus-2.3.1-1.5.9-linux-armhf.jar;C:\Users\HP\.m2\repository\org\bytedeco\artoolkitplus\2.3.1-1.5.9\artoolkitplus-2.3.1-1.5.9-linux-ppc64le.jar;C:\Users\HP\.m2\repository\org\bytedeco\artoolkitplus\2.3.1-1.5.9\artoolkitplus-2.3.1-1.5.9-linux-x86.jar;C:\Users\HP\.m2\repository\org\bytedeco\artoolkitplus\2.3.1-1.5.9\artoolkitplus-2.3.1-1.5.9-linux-x86_64.jar;C:\Users\HP\.m2\repository\org\bytedeco\artoolkitplus\2.3.1-1.5.9\artoolkitplus-2.3.1-1.5.9-macosx-x86_64.jar;C:\Users\HP\.m2\repository\org\bytedeco\artoolkitplus\2.3.1-1.5.9\artoolkitplus-2.3.1-1.5.9-windows-x86.jar;C:\Users\HP\.m2\repository\org\bytedeco\artoolkitplus\2.3.1-1.5.9\artoolkitplus-2.3.1-1.5.9-windows-x86_64.jar;C:\Users\HP\.m2\repository\org\bytedeco\artoolkitplus\2.3.1-1.5.9\artoolkitplus-2.3.1-1.5.9.jar;C:\Users\HP\.m2\repository\org\bytedeco\artoolkitplus-platform\2.3.1-1.5.9\artoolkitplus-platform-2.3.1-1.5.9.jar;C:\Users\HP\.m2\repository\org\bytedeco\ffmpeg\7.1-1.5.11\ffmpeg-7.1-1.5.11-android-arm64.jar;C:\Users\HP\.m2\repository\org\bytedeco\ffmpeg\7.1-1.5.11\ffmpeg-7.1-1.5.11-an
Launcher Type: SUN_STANDARD

[Global flags]
     intx CICompilerCount                          = 4                                         {product} {ergonomic}
     uint ConcGCThreads                            = 2                                         {product} {ergonomic}
     uint G1ConcRefinementThreads                  = 8                                         {product} {ergonomic}
   size_t G1HeapRegionSize                         = 1048576                                   {product} {ergonomic}
    uintx GCDrainStackTargetSize                   = 64                                        {product} {ergonomic}
   size_t InitialHeapSize                          = 132120576                                 {product} {ergonomic}
   size_t MarkStackSize                            = 4194304                                   {product} {ergonomic}
   size_t MaxHeapSize                              = 2090860544                                {product} {ergonomic}
   size_t MaxNewSize                               = 1254096896                                {product} {ergonomic}
   size_t MinHeapDeltaBytes                        = 1048576                                   {product} {ergonomic}
   size_t MinHeapSize                              = 8388608                                   {product} {ergonomic}
    uintx NonNMethodCodeHeapSize                   = 5839372                                {pd product} {ergonomic}
    uintx NonProfiledCodeHeapSize                  = 122909434                              {pd product} {ergonomic}
    uintx ProfiledCodeHeapSize                     = 122909434                              {pd product} {ergonomic}
    uintx ReservedCodeCacheSize                    = 251658240                              {pd product} {ergonomic}
     bool SegmentedCodeCache                       = true                                      {product} {ergonomic}
   size_t SoftMaxHeapSize                          = 2090860544                             {manageable} {ergonomic}
     bool UseCompressedClassPointers               = true                           {product lp64_product} {ergonomic}
     bool UseCompressedOops                        = true                           {product lp64_product} {ergonomic}
     bool UseG1GC                                  = true                                      {product} {ergonomic}
     bool UseLargePagesIndividualAllocation        = false                                  {pd product} {ergonomic}

Logging:
Log output configuration:
 #0: stdout all=warning uptime,level,tags
 #1: stderr all=off uptime,level,tags

Environment Variables:
JAVA_HOME=C:\Program Files\Microsoft\jdk-17.0.17.10-hotspot\
PATH=C:\Program Files\Microsoft\jdk-17.0.17.10-hotspot\bin;C:\WINDOWS\system32;C:\WINDOWS;C:\WINDOWS\System32\Wbem;C:\WINDOWS\System32\WindowsPowerShell\v1.0\;C:\WINDOWS\System32\OpenSSH\;C:\Program Files (x86)\dotnet\;C:\Program Files (x86)\HP\HP OCR\DB_Lib\;C:\Program Files\HP\Common\HPDestPlgIn\;C:\Program Files (x86)\HP\Common\HPDestPlgIn\;C:\Program Files\Git\cmd;C:\Program Files\nodejs\;C:\xampp\php;C:\ProgramData\ComposerSetup\bin;C:\Users\HP\AppData\Local\Programs\Python\Python312\Scripts\;C:\Users\HP\AppData\Local\Programs\Python\Python312\;C:\Users\HP\AppData\Local\Programs\Python\Launcher\;C:\Program Files\Microsoft\jdk-17.0.17.10-hotspot\bin;C:\WINDOWS\system32;C:\WINDOWS;C:\WINDOWS\System32\Wbem;C:\WINDOWS\System32\WindowsPowerShell\v1.0\;C:\WINDOWS\System32\OpenSSH\;C:\Program Files (x86)\dotnet\;C:\Program Files (x86)\HP\HP OCR\DB_Lib\;C:\Program Files\HP\Common\HPDestPlgIn\;C:\Program Files (x86)\HP\Common\HPDestPlgIn\;C:\Program Files\Git\cmd;C:\Users\HP\AppData\Local\Microsoft\WindowsApps;C:\Program Files\HP\Common\HPDestPlgIn\;C:\Program Files (x86)\HP\Common\HPDestPlgIn\;C:\Users\HP\AppData\Local\Programs\Antigravity\bin;C:\Users\HP\AppData\Local\Programs\Microsoft VS Code\bin;C:\Program Files\JetBrains\IntelliJ IDEA 2025.3.1.1\bin;E:\CompFaceModule\apache-maven-3.9.9\bin;C:\Program Files (x86)\Apache\apache-maven-3.9.12\bin;C:\Users\HP\AppData\Roaming\npm;C:\Users\HP\AppData\Roaming\Composer\vendor\bin;c:\Users\HP\.antigravity\extensions\vscjava.vscode-java-debug-0.58.5-universal\bundled\scripts\noConfigScripts;c:\Users\HP\.antigravity\extensions\ms-python.debugpy-2025.18.0-win32-x64\bundled\scripts\noConfigScripts
USERNAME=HP
LANG=en_US.UTF-8
OS=Windows_NT
PROCESSOR_IDENTIFIER=Intel64 Family 6 Model 126 Stepping 5, GenuineIntel
TMP=C:\Users\HP\AppData\Local\Temp
TEMP=C:\Users\HP\AppData\Local\Temp



Periodic native trim disabled


---------------  S Y S T E M  ---------------

OS:
 Windows 11 , 64 bit Build 22621 (10.0.22621.3235)
OS uptime: 0 days 2:45 hours

CPU: total 8 (initial active 8) (4 cores per cpu, 2 threads per core) family 6 model 126 stepping 5 microcode 0xa0, cx8, cmov, fxsr, ht, mmx, 3dnowpref, sse, sse2, sse3, ssse3, sse4.1, sse4.2, popcnt, lzcnt, tsc, tscinvbit, avx, avx2, aes, erms, clmul, bmi1, bmi2, adx, avx512f, avx512dq, avx512cd, avx512bw, avx512vl, sha, fma, vzeroupper, avx512_vpopcntdq, avx512_vpclmulqdq, avx512_vaes, avx512_vnni, clflush, clflushopt, avx512_vbmi2, avx512_vbmi
Processor Information for the first 8 processors :
  Max Mhz: 1190, Current Mhz: 991, Mhz Limit: 987

Memory: 4k page, system-wide physical 7973M (424M free)
TotalPageFile size 25767M (AvailPageFile size 34M)
current process WorkingSet (physical memory assigned to process): 308M, peak: 317M
current process commit charge ("private bytes"): 2162M, peak: 2235M

vm_info: OpenJDK 64-Bit Server VM (17.0.17+10-LTS) for windows-amd64 JRE (17.0.17+10-LTS), built on Oct 13 2025 22:19:56 by "MicrosoftCorporation" with unknown MS VC++:1944

END.
