#
# There is insufficient memory for the Java Runtime Environment to continue.
# Native memory allocation (mmap) failed to map 46137344 bytes. Error detail: G1 virtual space
# Possible reasons:
#   The system is out of physical RAM or swap space
#   This process is running with CompressedOops enabled, and the Java Heap may be blocking the growth of the native heap
# Possible solutions:
#   Reduce memory load on the system
#   Increase physical memory or swap space
#   Check if swap backing store is full
#   Decrease Java heap size (-Xmx/-Xms)
#   Decrease number of Java threads
#   Decrease Java thread stack sizes (-Xss)
#   Set larger code cache with -XX:ReservedCodeCacheSize=
#   JVM is running with Unscaled Compressed Oops mode in which the Java heap is
#     placed in the first 4GB address space. The Java Heap base address is the
#     maximum limit for the native heap growth. Please use -XX:HeapBaseMinAddress
#     to set the Java Heap base and to place the Java Heap above 4GB virtual address.
# This output file may be truncated or incomplete.
#
#  Out of Memory Error (os_windows.cpp:3690), pid=8852, tid=10976
#
# JRE version: OpenJDK Runtime Environment Microsoft-12574423 (17.0.17+10) (build 17.0.17+10-LTS)
# Java VM: OpenJDK 64-Bit Server VM Microsoft-12574423 (17.0.17+10-LTS, mixed mode, sharing, tiered, compressed oops, compressed class ptrs, g1 gc, windows-amd64)
# No core dump will be written. Minidumps are not enabled by default on client versions of Windows
#

---------------  S U M M A R Y ------------

Command Line: --module-path=C:\Users\HP\.m2\repository\org\openjfx\javafx-base\17.0.2\javafx-base-17.0.2-win.jar;C:\Users\HP\.m2\repository\org\openjfx\javafx-base\17.0.2\javafx-base-17.0.2.jar;C:\Users\HP\.m2\repository\org\openjfx\javafx-controls\17.0.2\javafx-controls-17.0.2-win.jar;C:\Users\HP\.m2\repository\org\openjfx\javafx-controls\17.0.2\javafx-controls-17.0.2.jar;C:\Users\HP\.m2\repository\org\openjfx\javafx-fxml\17.0.2\javafx-fxml-17.0.2-win.jar;C:\Users\HP\.m2\repository\org\openjfx\javafx-fxml\17.0.2\javafx-fxml-17.0.2.jar;C:\Users\HP\.m2\repository\org\openjfx\javafx-graphics\17.0.2\javafx-graphics-17.0.2-win.jar;C:\Users\HP\.m2\repository\org\openjfx\javafx-graphics\17.0.2\javafx-graphics-17.0.2.jar --add-modules=javafx.base,javafx.controls,javafx.fxml,javafx.graphics tech.HTECH.ui.AppJavaFX

Host: Intel(R) Core(TM) i5-1035G1 CPU @ 1.00GHz, 8 cores, 7G,  Windows 11 , 64 bit Build 22621 (10.0.22621.3235)
Time: Thu Feb  5 12:35:22 2026 Afr. centrale Ouest elapsed time: 14.629520 seconds (0d 0h 0m 14s)

---------------  T H R E A D  ---------------

Current thread (0x0000018c3dc1abd0):  VMThread "VM Thread" [stack: 0x0000006c51400000,0x0000006c51500000] [id=10976]

Stack: [0x0000006c51400000,0x0000006c51500000]
Native frames: (J=compiled Java code, j=interpreted, Vv=VM code, C=native code)
V  [jvm.dll+0x68c459]  (no source info available)
V  [jvm.dll+0x845e09]  (no source info available)
V  [jvm.dll+0x847b78]  (no source info available)
V  [jvm.dll+0x848203]  (no source info available)
V  [jvm.dll+0x24cf6f]  (no source info available)
V  [jvm.dll+0x68b859]  (no source info available)
V  [jvm.dll+0x67fe1a]  (no source info available)
V  [jvm.dll+0x3100f0]  (no source info available)
V  [jvm.dll+0x30ff92]  (no source info available)
V  [jvm.dll+0x3174e9]  (no source info available)
V  [jvm.dll+0x3697c9]  (no source info available)
V  [jvm.dll+0x3699fd]  (no source info available)
V  [jvm.dll+0x2e68fa]  (no source info available)
V  [jvm.dll+0x2e4cf1]  (no source info available)
V  [jvm.dll+0x2e448c]  (no source info available)
V  [jvm.dll+0x328e1b]  (no source info available)
V  [jvm.dll+0x84ca8d]  (no source info available)
V  [jvm.dll+0x84d7a3]  (no source info available)
V  [jvm.dll+0x84dcd4]  (no source info available)
V  [jvm.dll+0x84e0b8]  (no source info available)
V  [jvm.dll+0x84e1ae]  (no source info available)
V  [jvm.dll+0x7f5a5c]  (no source info available)
V  [jvm.dll+0x68d9f7]  (no source info available)
C  [ucrtbase.dll+0x29363]  (no source info available)
C  [KERNEL32.DLL+0x1257d]  (no source info available)
C  [ntdll.dll+0x5aa58]  (no source info available)

VM_Operation (0x0000006c51fff030): G1CollectForAllocation, mode: safepoint, requested by thread 0x0000018c08920d90


---------------  P R O C E S S  ---------------

Threads class SMR info:
_java_thread_list=0x0000018c17a85bc0, length=30, elements={
0x0000018c1f908f50, 0x0000018c3dc21530, 0x0000018c3dc220f0, 0x0000018c3dc33bb0,
0x0000018c3dc36780, 0x0000018c3dc39150, 0x0000018c3dc39f20, 0x0000018c3dc40120,
0x0000018c3dc4be60, 0x0000018c3dc5a780, 0x0000018c3dc0b770, 0x0000018c7f59d410,
0x0000018c7f833080, 0x0000018c7f8fba30, 0x0000018c7f907bd0, 0x0000018c7fa92590,
0x0000018c7faf9f70, 0x0000018c09860a90, 0x0000018c0891fe60, 0x0000018c08920d90,
0x0000018c09df35a0, 0x0000018c089212a0, 0x0000018c0891f950, 0x0000018c08920880,
0x0000018c0d0d7740, 0x0000018c0d0d6810, 0x0000018c0d0d6d20, 0x0000018c0d0d5df0,
0x0000018c0d0dd770, 0x0000018c0d0dcd50
}

Java Threads: ( => current thread )
  0x0000018c1f908f50 JavaThread "main" [_thread_blocked, id=14316, stack(0x0000006c50e00000,0x0000006c50f00000)]
  0x0000018c3dc21530 JavaThread "Reference Handler" daemon [_thread_blocked, id=8540, stack(0x0000006c51500000,0x0000006c51600000)]
  0x0000018c3dc220f0 JavaThread "Finalizer" daemon [_thread_blocked, id=21560, stack(0x0000006c51600000,0x0000006c51700000)]
  0x0000018c3dc33bb0 JavaThread "Signal Dispatcher" daemon [_thread_blocked, id=21692, stack(0x0000006c51700000,0x0000006c51800000)]
  0x0000018c3dc36780 JavaThread "Attach Listener" daemon [_thread_blocked, id=21468, stack(0x0000006c51800000,0x0000006c51900000)]
  0x0000018c3dc39150 JavaThread "Service Thread" daemon [_thread_blocked, id=21472, stack(0x0000006c51900000,0x0000006c51a00000)]
  0x0000018c3dc39f20 JavaThread "Monitor Deflation Thread" daemon [_thread_blocked, id=11332, stack(0x0000006c51a00000,0x0000006c51b00000)]
  0x0000018c3dc40120 JavaThread "C2 CompilerThread0" daemon [_thread_blocked, id=12440, stack(0x0000006c51b00000,0x0000006c51c00000)]
  0x0000018c3dc4be60 JavaThread "C1 CompilerThread0" daemon [_thread_blocked, id=14204, stack(0x0000006c51c00000,0x0000006c51d00000)]
  0x0000018c3dc5a780 JavaThread "Sweeper thread" daemon [_thread_blocked, id=14224, stack(0x0000006c51d00000,0x0000006c51e00000)]
  0x0000018c3dc0b770 JavaThread "Common-Cleaner" daemon [_thread_blocked, id=3928, stack(0x0000006c51e00000,0x0000006c51f00000)]
  0x0000018c7f59d410 JavaThread "Notification Thread" daemon [_thread_blocked, id=2212, stack(0x0000006c52100000,0x0000006c52200000)]
  0x0000018c7f833080 JavaThread "QuantumRenderer-0" daemon [_thread_blocked, id=17776, stack(0x0000006c52000000,0x0000006c52100000)]
  0x0000018c7f8fba30 JavaThread "InvokeLaterDispatcher" daemon [_thread_blocked, id=7556, stack(0x0000006c52300000,0x0000006c52400000)]
  0x0000018c7f907bd0 JavaThread "JavaFX Application Thread" [_thread_in_native, id=14304, stack(0x0000006c52400000,0x0000006c52500000)]
  0x0000018c7fa92590 JavaThread "JavaFX-Launcher" [_thread_blocked, id=4292, stack(0x0000006c52900000,0x0000006c52a00000)]
  0x0000018c7faf9f70 JavaThread "Thread-2" daemon [_thread_blocked, id=18056, stack(0x0000006c52800000,0x0000006c52900000)]
  0x0000018c09860a90 JavaThread "Prism Font Disposer" daemon [_thread_blocked, id=2632, stack(0x0000006c53200000,0x0000006c53300000)]
  0x0000018c0891fe60 JavaThread "Cleaner-0" daemon [_thread_blocked, id=996, stack(0x0000006c53500000,0x0000006c53600000)]
  0x0000018c08920d90 JavaThread "Thread-3" [_thread_blocked, id=14028, stack(0x0000006c51f00000,0x0000006c52000000)]
  0x0000018c09df35a0 JavaThread "C2 CompilerThread1" daemon [_thread_blocked, id=6352, stack(0x0000006c53600000,0x0000006c53700000)]
  0x0000018c089212a0 JavaThread "JavaCPP Deallocator" daemon [_thread_blocked, id=10208, stack(0x0000006c53f00000,0x0000006c54000000)]
  0x0000018c0891f950 JavaThread "pool-2-thread-1" [_thread_blocked, id=3080, stack(0x0000006c54c00000,0x0000006c54d00000)]
  0x0000018c08920880 JavaThread "pool-2-thread-2" [_thread_blocked, id=18788, stack(0x0000006c54d00000,0x0000006c54e00000)]
  0x0000018c0d0d7740 JavaThread "pool-2-thread-3" [_thread_blocked, id=22284, stack(0x0000006c54e00000,0x0000006c54f00000)]
  0x0000018c0d0d6810 JavaThread "pool-2-thread-4" [_thread_blocked, id=14652, stack(0x0000006c54f00000,0x0000006c55000000)]
  0x0000018c0d0d6d20 JavaThread "pool-2-thread-5" [_thread_blocked, id=11248, stack(0x0000006c55000000,0x0000006c55100000)]
  0x0000018c0d0d5df0 JavaThread "pool-2-thread-6" [_thread_blocked, id=10560, stack(0x0000006c55100000,0x0000006c55200000)]
  0x0000018c0d0dd770 JavaThread "pool-2-thread-7" [_thread_blocked, id=12812, stack(0x0000006c55200000,0x0000006c55300000)]
  0x0000018c0d0dcd50 JavaThread "pool-2-thread-8" [_thread_blocked, id=19608, stack(0x0000006c55300000,0x0000006c55400000)]

Other Threads:
=>0x0000018c3dc1abd0 VMThread "VM Thread" [stack: 0x0000006c51400000,0x0000006c51500000] [id=10976]
  0x0000018c1f909be0 WatcherThread [stack: 0x0000006c52200000,0x0000006c52300000] [id=19824]
  0x0000018c1f961ec0 GCTaskThread "GC Thread#0" [stack: 0x0000006c50f00000,0x0000006c51000000] [id=15864]
  0x0000018c7fa92a70 GCTaskThread "GC Thread#1" [stack: 0x0000006c52a00000,0x0000006c52b00000] [id=20372]
  0x0000018c7fb8b7b0 GCTaskThread "GC Thread#2" [stack: 0x0000006c52b00000,0x0000006c52c00000] [id=2812]
  0x0000018c08615a50 GCTaskThread "GC Thread#3" [stack: 0x0000006c52c00000,0x0000006c52d00000] [id=8688]
  0x0000018c084ea8e0 GCTaskThread "GC Thread#4" [stack: 0x0000006c52d00000,0x0000006c52e00000] [id=19604]
  0x0000018c084eb150 GCTaskThread "GC Thread#5" [stack: 0x0000006c52e00000,0x0000006c52f00000] [id=7580]
  0x0000018c084ebc90 GCTaskThread "GC Thread#6" [stack: 0x0000006c53300000,0x0000006c53400000] [id=9776]
  0x0000018c084eabb0 GCTaskThread "GC Thread#7" [stack: 0x0000006c53400000,0x0000006c53500000] [id=11176]
  0x0000018c1f972760 ConcurrentGCThread "G1 Main Marker" [stack: 0x0000006c51000000,0x0000006c51100000] [id=22420]
  0x0000018c1f973180 ConcurrentGCThread "G1 Conc#0" [stack: 0x0000006c51100000,0x0000006c51200000] [id=20556]
  0x0000018c08905140 ConcurrentGCThread "G1 Conc#1" [stack: 0x0000006c54000000,0x0000006c54100000] [id=17272]
  0x0000018c3dabf210 ConcurrentGCThread "G1 Refine#0" [stack: 0x0000006c51200000,0x0000006c51300000] [id=3304]
  0x0000018c3dabfc50 ConcurrentGCThread "G1 Service" [stack: 0x0000006c51300000,0x0000006c51400000] [id=19272]

Threads with active compile tasks:

VM state: at safepoint (normal execution)

VM Mutex/Monitor currently owned by a thread:  ([mutex/lock_event])
[0x0000018c1f904060] Threads_lock - owner thread: 0x0000018c3dc1abd0
[0x0000018c1f903760] Heap_lock - owner thread: 0x0000018c08920d90

Heap address: 0x0000000083600000, size: 1994 MB, Compressed Oops mode: 32-bit

CDS archive(s) mapped at: [0x0000018c3e000000-0x0000018c3ebb0000-0x0000018c3ebb0000), size 12255232, SharedBaseAddress: 0x0000018c3e000000, ArchiveRelocationMode: 1.
Compressed class space mapped at: 0x0000018c3f000000-0x0000018c7f000000, reserved size: 1073741824
Narrow klass base: 0x0000018c3e000000, Narrow klass shift: 0, Narrow klass range: 0x100000000

GC Precious Log:
 CPUs: 8 total, 8 available
 Memory: 7973M
 Large Page Support: Disabled
 NUMA Support: Disabled
 Compressed Oops: Enabled (32-bit)
 Heap Region Size: 1M
 Heap Min Capacity: 8M
 Heap Initial Capacity: 126M
 Heap Max Capacity: 1994M
 Pre-touch: Disabled
 Parallel Workers: 8
 Concurrent Workers: 2
 Concurrent Refinement Workers: 8
 Periodic GC: Disabled

Heap:
 garbage-first heap   total 78848K, used 33536K [0x0000000083600000, 0x0000000100000000)
  region size 1024K, 5 young (5120K), 5 survivors (5120K)
 Metaspace       used 30412K, committed 30656K, reserved 1114112K
  class space    used 3605K, committed 3712K, reserved 1048576K

Heap Regions: E=young(eden), S=young(survivor), O=old, HS=humongous(starts), HC=humongous(continues), CS=collection set, F=free, OA=open archive, CA=closed archive, TAMS=top-at-mark-start (previous, next)
|   0|0x0000000083600000, 0x0000000083700000, 0x0000000083700000|100%| O|  |TAMS 0x0000000083700000, 0x0000000083600000| Untracked 
|   1|0x0000000083700000, 0x0000000083800000, 0x0000000083800000|100%| O|  |TAMS 0x0000000083800000, 0x0000000083700000| Untracked 
|   2|0x0000000083800000, 0x0000000083900000, 0x0000000083900000|100%| O|  |TAMS 0x0000000083900000, 0x0000000083800000| Untracked 
|   3|0x0000000083900000, 0x0000000083a00000, 0x0000000083a00000|100%| O|  |TAMS 0x0000000083a00000, 0x0000000083900000| Untracked 
|   4|0x0000000083a00000, 0x0000000083b00000, 0x0000000083b00000|100%|HS|  |TAMS 0x0000000083b00000, 0x0000000083a00000| Complete 
|   5|0x0000000083b00000, 0x0000000083c00000, 0x0000000083c00000|100%|HC|  |TAMS 0x0000000083c00000, 0x0000000083b00000| Complete 
|   6|0x0000000083c00000, 0x0000000083d00000, 0x0000000083d00000|100%| O|  |TAMS 0x0000000083d00000, 0x0000000083c00000| Untracked 
|   7|0x0000000083d00000, 0x0000000083e00000, 0x0000000083e00000|100%| O|  |TAMS 0x0000000083e00000, 0x0000000083d00000| Untracked 
|   8|0x0000000083e00000, 0x0000000083f00000, 0x0000000083f00000|100%| O|  |TAMS 0x0000000083f00000, 0x0000000083e00000| Untracked 
|   9|0x0000000083f00000, 0x0000000084000000, 0x0000000084000000|100%| O|  |TAMS 0x0000000084000000, 0x0000000083f00000| Untracked 
|  10|0x0000000084000000, 0x0000000084100000, 0x0000000084100000|100%| O|  |TAMS 0x0000000084100000, 0x0000000084000000| Untracked 
|  11|0x0000000084100000, 0x0000000084200000, 0x0000000084200000|100%| O|  |TAMS 0x0000000084200000, 0x0000000084100000| Untracked 
|  12|0x0000000084200000, 0x0000000084300000, 0x0000000084300000|100%| O|  |TAMS 0x0000000084300000, 0x0000000084200000| Untracked 
|  13|0x0000000084300000, 0x0000000084400000, 0x0000000084400000|100%| O|  |TAMS 0x0000000084400000, 0x0000000084300000| Untracked 
|  14|0x0000000084400000, 0x0000000084500000, 0x0000000084500000|100%| O|  |TAMS 0x0000000084500000, 0x0000000084400000| Untracked 
|  15|0x0000000084500000, 0x0000000084600000, 0x0000000084600000|100%| O|  |TAMS 0x0000000084500000, 0x0000000084500000| Untracked 
|  16|0x0000000084600000, 0x0000000084700000, 0x0000000084700000|100%| O|  |TAMS 0x0000000084600000, 0x0000000084600000| Untracked 
|  17|0x0000000084700000, 0x0000000084800000, 0x0000000084800000|100%| O|  |TAMS 0x0000000084800000, 0x0000000084700000| Untracked 
|  18|0x0000000084800000, 0x0000000084900000, 0x0000000084900000|100%| O|  |TAMS 0x0000000084900000, 0x0000000084800000| Untracked 
|  19|0x0000000084900000, 0x0000000084a00000, 0x0000000084a00000|100%| O|  |TAMS 0x0000000084900000, 0x0000000084900000| Untracked 
|  20|0x0000000084a00000, 0x0000000084b00000, 0x0000000084b00000|100%| O|  |TAMS 0x0000000084a00000, 0x0000000084a00000| Untracked 
|  21|0x0000000084b00000, 0x0000000084c00000, 0x0000000084c00000|100%| O|  |TAMS 0x0000000084b00000, 0x0000000084b00000| Untracked 
|  22|0x0000000084c00000, 0x0000000084d00000, 0x0000000084d00000|100%| O|  |TAMS 0x0000000084c00000, 0x0000000084c00000| Untracked 
|  23|0x0000000084d00000, 0x0000000084e00000, 0x0000000084e00000|100%| O|  |TAMS 0x0000000084d00000, 0x0000000084d00000| Untracked 
|  24|0x0000000084e00000, 0x0000000084f00000, 0x0000000084f00000|100%| O|  |TAMS 0x0000000084e00000, 0x0000000084e00000| Untracked 
|  25|0x0000000084f00000, 0x0000000085000000, 0x0000000085000000|100%| O|  |TAMS 0x0000000084f00000, 0x0000000084f00000| Untracked 
|  26|0x0000000085000000, 0x0000000085100000, 0x0000000085100000|100%| O|  |TAMS 0x0000000085000000, 0x0000000085000000| Untracked 
|  27|0x0000000085100000, 0x0000000085200000, 0x0000000085200000|100%| O|  |TAMS 0x0000000085100000, 0x0000000085100000| Untracked 
|  28|0x0000000085200000, 0x0000000085280200, 0x0000000085300000| 50%| O|  |TAMS 0x0000000085200000, 0x0000000085200000| Untracked 
|  29|0x0000000085300000, 0x0000000085300000, 0x0000000085400000|  0%| F|  |TAMS 0x0000000085300000, 0x0000000085300000| Untracked 
|  30|0x0000000085400000, 0x0000000085400000, 0x0000000085500000|  0%| F|  |TAMS 0x0000000085400000, 0x0000000085400000| Untracked 
|  31|0x0000000085500000, 0x0000000085500000, 0x0000000085600000|  0%| F|  |TAMS 0x0000000085500000, 0x0000000085500000| Untracked 
|  32|0x0000000085600000, 0x0000000085600000, 0x0000000085700000|  0%| F|  |TAMS 0x0000000085600000, 0x0000000085600000| Untracked 
|  33|0x0000000085700000, 0x0000000085700000, 0x0000000085800000|  0%| F|  |TAMS 0x0000000085700000, 0x0000000085700000| Untracked 
|  34|0x0000000085800000, 0x0000000085800000, 0x0000000085900000|  0%| F|  |TAMS 0x0000000085800000, 0x0000000085800000| Untracked 
|  35|0x0000000085900000, 0x0000000085900000, 0x0000000085a00000|  0%| F|  |TAMS 0x0000000085900000, 0x0000000085900000| Untracked 
|  36|0x0000000085a00000, 0x0000000085a00000, 0x0000000085b00000|  0%| F|  |TAMS 0x0000000085a00000, 0x0000000085a00000| Untracked 
|  37|0x0000000085b00000, 0x0000000085b00000, 0x0000000085c00000|  0%| F|  |TAMS 0x0000000085b00000, 0x0000000085b00000| Untracked 
|  38|0x0000000085c00000, 0x0000000085c00000, 0x0000000085d00000|  0%| F|  |TAMS 0x0000000085c00000, 0x0000000085c00000| Untracked 
|  39|0x0000000085d00000, 0x0000000085d40010, 0x0000000085e00000| 25%| S|CS|TAMS 0x0000000085d00000, 0x0000000085d00000| Complete 
|  40|0x0000000085e00000, 0x0000000085e00000, 0x0000000085f00000|  0%| F|  |TAMS 0x0000000085e00000, 0x0000000085e00000| Untracked 
|  41|0x0000000085f00000, 0x0000000085f00000, 0x0000000086000000|  0%| F|  |TAMS 0x0000000085f00000, 0x0000000085f00000| Untracked 
|  42|0x0000000086000000, 0x0000000086100000, 0x0000000086100000|100%| S|CS|TAMS 0x0000000086000000, 0x0000000086000000| Complete 
|  43|0x0000000086100000, 0x0000000086100000, 0x0000000086200000|  0%| F|  |TAMS 0x0000000086100000, 0x0000000086100000| Untracked 
|  44|0x0000000086200000, 0x0000000086200000, 0x0000000086300000|  0%| F|  |TAMS 0x0000000086200000, 0x0000000086200000| Untracked 
|  45|0x0000000086300000, 0x0000000086400000, 0x0000000086400000|100%| S|CS|TAMS 0x0000000086300000, 0x0000000086300000| Complete 
|  46|0x0000000086400000, 0x0000000086500000, 0x0000000086500000|100%| S|CS|TAMS 0x0000000086400000, 0x0000000086400000| Complete 
|  47|0x0000000086500000, 0x0000000086600000, 0x0000000086600000|100%| S|CS|TAMS 0x0000000086500000, 0x0000000086500000| Complete 
|  48|0x0000000086600000, 0x0000000086600000, 0x0000000086700000|  0%| F|  |TAMS 0x0000000086600000, 0x0000000086600000| Untracked 
|  49|0x0000000086700000, 0x0000000086700000, 0x0000000086800000|  0%| F|  |TAMS 0x0000000086700000, 0x0000000086700000| Untracked 
|  50|0x0000000086800000, 0x0000000086800000, 0x0000000086900000|  0%| F|  |TAMS 0x0000000086800000, 0x0000000086800000| Untracked 
|  51|0x0000000086900000, 0x0000000086900000, 0x0000000086a00000|  0%| F|  |TAMS 0x0000000086900000, 0x0000000086900000| Untracked 
|  52|0x0000000086a00000, 0x0000000086a00000, 0x0000000086b00000|  0%| F|  |TAMS 0x0000000086a00000, 0x0000000086a00000| Untracked 
|  53|0x0000000086b00000, 0x0000000086b00000, 0x0000000086c00000|  0%| F|  |TAMS 0x0000000086b00000, 0x0000000086b00000| Untracked 
|  54|0x0000000086c00000, 0x0000000086c00000, 0x0000000086d00000|  0%| F|  |TAMS 0x0000000086c00000, 0x0000000086c00000| Untracked 
|  55|0x0000000086d00000, 0x0000000086d00000, 0x0000000086e00000|  0%| F|  |TAMS 0x0000000086d00000, 0x0000000086d00000| Untracked 
|  56|0x0000000086e00000, 0x0000000086e00000, 0x0000000086f00000|  0%| F|  |TAMS 0x0000000086e00000, 0x0000000086e00000| Untracked 
|  57|0x0000000086f00000, 0x0000000086f00000, 0x0000000087000000|  0%| F|  |TAMS 0x0000000086f00000, 0x0000000086f00000| Untracked 
|  58|0x0000000087000000, 0x0000000087000000, 0x0000000087100000|  0%| F|  |TAMS 0x0000000087000000, 0x0000000087000000| Untracked 
|  59|0x0000000087100000, 0x0000000087100000, 0x0000000087200000|  0%| F|  |TAMS 0x0000000087100000, 0x0000000087100000| Untracked 
|  60|0x0000000087200000, 0x0000000087200000, 0x0000000087300000|  0%| F|  |TAMS 0x0000000087200000, 0x0000000087200000| Untracked 
|  61|0x0000000087300000, 0x0000000087300000, 0x0000000087400000|  0%| F|  |TAMS 0x0000000087300000, 0x0000000087300000| Untracked 
|  62|0x0000000087400000, 0x0000000087400000, 0x0000000087500000|  0%| F|  |TAMS 0x0000000087400000, 0x0000000087400000| Untracked 
|  63|0x0000000087500000, 0x0000000087500000, 0x0000000087600000|  0%| F|  |TAMS 0x0000000087500000, 0x0000000087500000| Untracked 
|  64|0x0000000087600000, 0x0000000087600000, 0x0000000087700000|  0%| F|  |TAMS 0x0000000087600000, 0x0000000087600000| Untracked 
|  65|0x0000000087700000, 0x0000000087700000, 0x0000000087800000|  0%| F|  |TAMS 0x0000000087700000, 0x0000000087700000| Untracked 
|  66|0x0000000087800000, 0x0000000087800000, 0x0000000087900000|  0%| F|  |TAMS 0x0000000087800000, 0x0000000087800000| Untracked 
|  67|0x0000000087900000, 0x0000000087900000, 0x0000000087a00000|  0%| F|  |TAMS 0x0000000087900000, 0x0000000087900000| Untracked 
|  68|0x0000000087a00000, 0x0000000087a00000, 0x0000000087b00000|  0%| F|  |TAMS 0x0000000087a00000, 0x0000000087a00000| Untracked 
|  69|0x0000000087b00000, 0x0000000087b00000, 0x0000000087c00000|  0%| F|  |TAMS 0x0000000087b00000, 0x0000000087b00000| Untracked 
|  70|0x0000000087c00000, 0x0000000087c00000, 0x0000000087d00000|  0%| F|  |TAMS 0x0000000087c00000, 0x0000000087c00000| Untracked 
|  71|0x0000000087d00000, 0x0000000087d00000, 0x0000000087e00000|  0%| F|  |TAMS 0x0000000087d00000, 0x0000000087d00000| Untracked 
|  72|0x0000000087e00000, 0x0000000087e00000, 0x0000000087f00000|  0%| F|  |TAMS 0x0000000087e00000, 0x0000000087e00000| Untracked 
| 117|0x000000008ab00000, 0x000000008ab00000, 0x000000008ac00000|  0%| F|  |TAMS 0x000000008ab00000, 0x000000008ab00000| Untracked 
| 118|0x000000008ac00000, 0x000000008ac00000, 0x000000008ad00000|  0%| F|  |TAMS 0x000000008ac00000, 0x000000008ac00000| Untracked 
| 119|0x000000008ad00000, 0x000000008ad00000, 0x000000008ae00000|  0%| F|  |TAMS 0x000000008ad00000, 0x000000008ad00000| Untracked 
| 125|0x000000008b300000, 0x000000008b300000, 0x000000008b400000|  0%| F|  |TAMS 0x000000008b300000, 0x000000008b300000| Untracked 

Card table byte_map: [0x0000018c36b80000,0x0000018c36f70000] _byte_map_base: 0x0000018c36765000

Marking Bits (Prev, Next): (CMBitMap*) 0x0000018c1f9624f0, (CMBitMap*) 0x0000018c1f962530
 Prev Bits: [0x0000018c37360000, 0x0000018c39288000)
 Next Bits: [0x0000018c39290000, 0x0000018c3b1b8000)

Polling page: 0x0000018c1d740000

Metaspace:

Usage:
  Non-class:     26.18 MB used.
      Class:      3.52 MB used.
       Both:     29.70 MB used.

Virtual space:
  Non-class space:       64.00 MB reserved,      26.31 MB ( 41%) committed,  1 nodes.
      Class space:        1.00 GB reserved,       3.62 MB ( <1%) committed,  1 nodes.
             Both:        1.06 GB reserved,      29.94 MB (  3%) committed. 

Chunk freelists:
   Non-Class:  4.75 MB
       Class:  12.39 MB
        Both:  17.14 MB

MaxMetaspaceSize: unlimited
CompressedClassSpaceSize: 1.00 GB
Initial GC threshold: 21.00 MB
Current GC threshold: 40.00 MB
CDS: on
MetaspaceReclaimPolicy: balanced
 - commit_granule_bytes: 65536.
 - commit_granule_words: 8192.
 - virtual_space_node_default_size: 8388608.
 - enlarge_chunks_in_place: 1.
 - new_chunks_are_fully_committed: 0.
 - uncommit_free_chunks: 1.
 - use_allocation_guard: 0.
 - handle_deallocations: 1.


Internal statistics:

num_allocs_failed_limit: 19.
num_arena_births: 238.
num_arena_deaths: 0.
num_vsnodes_births: 2.
num_vsnodes_deaths: 0.
num_space_committed: 477.
num_space_uncommitted: 0.
num_chunks_returned_to_freelist: 19.
num_chunks_taken_from_freelist: 1205.
num_chunk_merges: 19.
num_chunk_splits: 930.
num_chunks_enlarged: 766.
num_inconsistent_stats: 0.

CodeHeap 'non-profiled nmethods': size=120000Kb used=3207Kb max_used=3207Kb free=116792Kb
 bounds [0x0000018c2ef30000, 0x0000018c2f260000, 0x0000018c36460000]
CodeHeap 'profiled nmethods': size=120000Kb used=10972Kb max_used=10972Kb free=109027Kb
 bounds [0x0000018c27460000, 0x0000018c27f20000, 0x0000018c2e990000]
CodeHeap 'non-nmethods': size=5760Kb used=2011Kb max_used=2046Kb free=3748Kb
 bounds [0x0000018c2e990000, 0x0000018c2ec00000, 0x0000018c2ef30000]
 total_blobs=6657 nmethods=5198 adapters=1370
 compilation: enabled
              stopped_count=0, restarted_count=0
 full_count=0

Compilation events (20 events):
Event: 14.577 Thread 0x0000018c3dc4be60 5193       3       com.sun.javafx.geom.Path2D::getPathIterator (23 bytes)
Event: 14.578 Thread 0x0000018c3dc4be60 nmethod 5193 0x0000018c27f13410 code [0x0000018c27f13600, 0x0000018c27f13a68]
Event: 14.578 Thread 0x0000018c3dc4be60 5194       3       com.sun.javafx.geom.Path2D$TxIterator::<init> (19 bytes)
Event: 14.578 Thread 0x0000018c3dc4be60 nmethod 5194 0x0000018c27f13c10 code [0x0000018c27f13dc0, 0x0000018c27f14098]
Event: 14.595 Thread 0x0000018c3dc40120 nmethod 5192 0x0000018c2f248510 code [0x0000018c2f248700, 0x0000018c2f2490d0]
Event: 14.601 Thread 0x0000018c3dc4be60 5195       3       java.nio.ByteBuffer::<init> (14 bytes)
Event: 14.601 Thread 0x0000018c3dc4be60 nmethod 5195 0x0000018c27f14190 code [0x0000018c27f14340, 0x0000018c27f14488]
Event: 14.601 Thread 0x0000018c3dc4be60 5196       3       java.nio.MappedByteBuffer::limit (6 bytes)
Event: 14.602 Thread 0x0000018c3dc4be60 nmethod 5196 0x0000018c27f14590 code [0x0000018c27f14740, 0x0000018c27f14948]
Event: 14.611 Thread 0x0000018c09df35a0 nmethod 5169 0x0000018c2f249d90 code [0x0000018c2f24a140, 0x0000018c2f24eb20]
Event: 14.618 Thread 0x0000018c3dc4be60 5198       3       java.util.concurrent.CountDownLatch::getCount (9 bytes)
Event: 14.619 Thread 0x0000018c3dc4be60 nmethod 5198 0x0000018c27f14a90 code [0x0000018c27f14c40, 0x0000018c27f14dd8]
Event: 14.619 Thread 0x0000018c3dc4be60 5199       3       java.util.concurrent.CountDownLatch$Sync::getCount (5 bytes)
Event: 14.619 Thread 0x0000018c3dc4be60 nmethod 5199 0x0000018c27f14e90 code [0x0000018c27f15020, 0x0000018c27f15138]
Event: 14.624 Thread 0x0000018c3dc4be60 5202       3       java.awt.image.PackedColorModel::countBits (44 bytes)
Event: 14.624 Thread 0x0000018c3dc4be60 nmethod 5202 0x0000018c27f15210 code [0x0000018c27f153c0, 0x0000018c27f15698]
Event: 14.625 Thread 0x0000018c3dc4be60 5203       3       java.util.concurrent.FutureTask::finishCompletion (71 bytes)
Event: 14.625 Thread 0x0000018c3dc4be60 nmethod 5203 0x0000018c27f15790 code [0x0000018c27f15a60, 0x0000018c27f16998]
Event: 14.626 Thread 0x0000018c3dc4be60 5204       3       jdk.internal.misc.Unsafe::putIntRelease (9 bytes)
Event: 14.626 Thread 0x0000018c3dc4be60 nmethod 5204 0x0000018c27f16e90 code [0x0000018c27f17020, 0x0000018c27f17138]

GC Heap History (20 events):
Event: 11.770 GC heap after
{Heap after GC invocations=8 (full 0):
 garbage-first heap   total 75776K, used 18427K [0x0000000083600000, 0x0000000100000000)
  region size 1024K, 3 young (3072K), 3 survivors (3072K)
 Metaspace       used 23888K, committed 24128K, reserved 1114112K
  class space    used 2943K, committed 3072K, reserved 1048576K
}
Event: 11.778 GC heap before
{Heap before GC invocations=8 (full 0):
 garbage-first heap   total 75776K, used 19451K [0x0000000083600000, 0x0000000100000000)
  region size 1024K, 4 young (4096K), 3 survivors (3072K)
 Metaspace       used 23891K, committed 24128K, reserved 1114112K
  class space    used 2943K, committed 3072K, reserved 1048576K
}
Event: 11.780 GC heap after
{Heap after GC invocations=9 (full 0):
 garbage-first heap   total 91136K, used 18849K [0x0000000083600000, 0x0000000100000000)
  region size 1024K, 1 young (1024K), 1 survivors (1024K)
 Metaspace       used 23891K, committed 24128K, reserved 1114112K
  class space    used 2943K, committed 3072K, reserved 1048576K
}
Event: 12.149 GC heap before
{Heap before GC invocations=9 (full 0):
 garbage-first heap   total 91136K, used 65953K [0x0000000083600000, 0x0000000100000000)
  region size 1024K, 47 young (48128K), 1 survivors (1024K)
 Metaspace       used 24287K, committed 24576K, reserved 1114112K
  class space    used 2949K, committed 3072K, reserved 1048576K
}
Event: 12.151 GC heap after
{Heap after GC invocations=10 (full 0):
 garbage-first heap   total 91136K, used 18520K [0x0000000083600000, 0x0000000100000000)
  region size 1024K, 1 young (1024K), 1 survivors (1024K)
 Metaspace       used 24287K, committed 24576K, reserved 1114112K
  class space    used 2949K, committed 3072K, reserved 1048576K
}
Event: 13.300 GC heap before
{Heap before GC invocations=11 (full 0):
 garbage-first heap   total 78848K, used 68696K [0x0000000083600000, 0x0000000100000000)
  region size 1024K, 50 young (51200K), 1 survivors (1024K)
 Metaspace       used 30257K, committed 30528K, reserved 1114112K
  class space    used 3605K, committed 3712K, reserved 1048576K
}
Event: 13.303 GC heap after
{Heap after GC invocations=12 (full 0):
 garbage-first heap   total 78848K, used 19751K [0x0000000083600000, 0x0000000100000000)
  region size 1024K, 2 young (2048K), 2 survivors (2048K)
 Metaspace       used 30257K, committed 30528K, reserved 1114112K
  class space    used 3605K, committed 3712K, reserved 1048576K
}
Event: 13.304 GC heap before
{Heap before GC invocations=12 (full 0):
 garbage-first heap   total 78848K, used 20775K [0x0000000083600000, 0x0000000100000000)
  region size 1024K, 3 young (3072K), 2 survivors (2048K)
 Metaspace       used 30258K, committed 30528K, reserved 1114112K
  class space    used 3605K, committed 3712K, reserved 1048576K
}
Event: 13.306 GC heap after
{Heap after GC invocations=13 (full 0):
 garbage-first heap   total 78848K, used 19593K [0x0000000083600000, 0x0000000100000000)
  region size 1024K, 1 young (1024K), 1 survivors (1024K)
 Metaspace       used 30258K, committed 30528K, reserved 1114112K
  class space    used 3605K, committed 3712K, reserved 1048576K
}
Event: 13.609 GC heap before
{Heap before GC invocations=13 (full 0):
 garbage-first heap   total 78848K, used 58505K [0x0000000083600000, 0x0000000100000000)
  region size 1024K, 40 young (40960K), 1 survivors (1024K)
 Metaspace       used 30292K, committed 30528K, reserved 1114112K
  class space    used 3605K, committed 3712K, reserved 1048576K
}
Event: 13.610 GC heap after
{Heap after GC invocations=14 (full 0):
 garbage-first heap   total 78848K, used 22338K [0x0000000083600000, 0x0000000100000000)
  region size 1024K, 3 young (3072K), 3 survivors (3072K)
 Metaspace       used 30292K, committed 30528K, reserved 1114112K
  class space    used 3605K, committed 3712K, reserved 1048576K
}
Event: 13.872 GC heap before
{Heap before GC invocations=14 (full 0):
 garbage-first heap   total 78848K, used 59202K [0x0000000083600000, 0x0000000100000000)
  region size 1024K, 40 young (40960K), 3 survivors (3072K)
 Metaspace       used 30323K, committed 30528K, reserved 1114112K
  class space    used 3605K, committed 3712K, reserved 1048576K
}
Event: 13.873 GC heap after
{Heap after GC invocations=15 (full 0):
 garbage-first heap   total 78848K, used 24898K [0x0000000083600000, 0x0000000100000000)
  region size 1024K, 5 young (5120K), 5 survivors (5120K)
 Metaspace       used 30323K, committed 30528K, reserved 1114112K
  class space    used 3605K, committed 3712K, reserved 1048576K
}
Event: 14.103 GC heap before
{Heap before GC invocations=15 (full 0):
 garbage-first heap   total 78848K, used 60738K [0x0000000083600000, 0x0000000100000000)
  region size 1024K, 40 young (40960K), 5 survivors (5120K)
 Metaspace       used 30358K, committed 30592K, reserved 1114112K
  class space    used 3605K, committed 3712K, reserved 1048576K
}
Event: 14.106 GC heap after
{Heap after GC invocations=16 (full 0):
 garbage-first heap   total 78848K, used 26880K [0x0000000083600000, 0x0000000100000000)
  region size 1024K, 5 young (5120K), 5 survivors (5120K)
 Metaspace       used 30358K, committed 30592K, reserved 1114112K
  class space    used 3605K, committed 3712K, reserved 1048576K
}
Event: 14.314 GC heap before
{Heap before GC invocations=16 (full 0):
 garbage-first heap   total 78848K, used 60672K [0x0000000083600000, 0x0000000100000000)
  region size 1024K, 39 young (39936K), 5 survivors (5120K)
 Metaspace       used 30383K, committed 30592K, reserved 1114112K
  class space    used 3605K, committed 3712K, reserved 1048576K
}
Event: 14.316 GC heap after
{Heap after GC invocations=17 (full 0):
 garbage-first heap   total 78848K, used 29184K [0x0000000083600000, 0x0000000100000000)
  region size 1024K, 5 young (5120K), 5 survivors (5120K)
 Metaspace       used 30383K, committed 30592K, reserved 1114112K
  class space    used 3605K, committed 3712K, reserved 1048576K
}
Event: 14.480 GC heap before
{Heap before GC invocations=17 (full 0):
 garbage-first heap   total 78848K, used 60928K [0x0000000083600000, 0x0000000100000000)
  region size 1024K, 37 young (37888K), 5 survivors (5120K)
 Metaspace       used 30402K, committed 30592K, reserved 1114112K
  class space    used 3605K, committed 3712K, reserved 1048576K
}
Event: 14.482 GC heap after
{Heap after GC invocations=18 (full 0):
 garbage-first heap   total 78848K, used 31488K [0x0000000083600000, 0x0000000100000000)
  region size 1024K, 5 young (5120K), 5 survivors (5120K)
 Metaspace       used 30402K, committed 30592K, reserved 1114112K
  class space    used 3605K, committed 3712K, reserved 1048576K
}
Event: 14.627 GC heap before
{Heap before GC invocations=18 (full 0):
 garbage-first heap   total 78848K, used 60160K [0x0000000083600000, 0x0000000100000000)
  region size 1024K, 34 young (34816K), 5 survivors (5120K)
 Metaspace       used 30412K, committed 30656K, reserved 1114112K
  class space    used 3605K, committed 3712K, reserved 1048576K
}

Dll operation events (20 events):
Event: 12.223 Loaded shared library C:\Users\HP\.javacpp\cache\opencv-4.10.0-1.5.11-windows-x86_64.jar\org\bytedeco\opencv\windows-x86_64\opencv_imgproc4100.dll
Event: 12.255 Loaded shared library C:\Users\HP\.javacpp\cache\opencv-4.10.0-1.5.11-windows-x86_64.jar\org\bytedeco\opencv\windows-x86_64\jniopencv_core.dll
Event: 12.496 Loaded shared library C:\Users\HP\.javacpp\cache\opencv-4.10.0-1.5.11-windows-x86_64.jar\org\bytedeco\opencv\windows-x86_64\jniopencv_imgproc.dll
Event: 12.533 Loaded shared library C:\Users\HP\.javacpp\cache\opencv-4.10.0-1.5.11-windows-x86_64.jar\org\bytedeco\opencv\windows-x86_64\opencv_imgcodecs4100.dll
Event: 12.539 Loaded shared library C:\Users\HP\.javacpp\cache\opencv-4.10.0-1.5.11-windows-x86_64.jar\org\bytedeco\opencv\windows-x86_64\jniopencv_imgcodecs.dll
Event: 12.611 Loaded shared library C:\Users\HP\.javacpp\cache\opencv-4.10.0-1.5.11-windows-x86_64.jar\org\bytedeco\opencv\windows-x86_64\opencv_videoio4100.dll
Event: 12.624 Loaded shared library C:\Users\HP\.javacpp\cache\opencv-4.10.0-1.5.11-windows-x86_64.jar\org\bytedeco\opencv\windows-x86_64\jniopencv_videoio.dll
Event: 12.652 Loaded shared library C:\Users\HP\.javacpp\cache\opencv-4.10.0-1.5.11-windows-x86_64.jar\org\bytedeco\opencv\windows-x86_64\opencv_highgui4100.dll
Event: 12.661 Loaded shared library C:\Users\HP\.javacpp\cache\opencv-4.10.0-1.5.11-windows-x86_64.jar\org\bytedeco\opencv\windows-x86_64\jniopencv_highgui.dll
Event: 12.691 Loaded shared library C:\Users\HP\.javacpp\cache\opencv-4.10.0-1.5.11-windows-x86_64.jar\org\bytedeco\opencv\windows-x86_64\opencv_flann4100.dll
Event: 12.700 Loaded shared library C:\Users\HP\.javacpp\cache\opencv-4.10.0-1.5.11-windows-x86_64.jar\org\bytedeco\opencv\windows-x86_64\jniopencv_flann.dll
Event: 12.732 Loaded shared library C:\Users\HP\.javacpp\cache\opencv-4.10.0-1.5.11-windows-x86_64.jar\org\bytedeco\opencv\windows-x86_64\opencv_features2d4100.dll
Event: 12.741 Loaded shared library C:\Users\HP\.javacpp\cache\opencv-4.10.0-1.5.11-windows-x86_64.jar\org\bytedeco\opencv\windows-x86_64\jniopencv_features2d.dll
Event: 12.785 Loaded shared library C:\Users\HP\.javacpp\cache\opencv-4.10.0-1.5.11-windows-x86_64.jar\org\bytedeco\opencv\windows-x86_64\opencv_calib3d4100.dll
Event: 12.792 Loaded shared library C:\Users\HP\.javacpp\cache\opencv-4.10.0-1.5.11-windows-x86_64.jar\org\bytedeco\opencv\windows-x86_64\jniopencv_calib3d.dll
Event: 12.811 Loaded shared library C:\Users\HP\.javacpp\cache\opencv-4.10.0-1.5.11-windows-x86_64.jar\org\bytedeco\opencv\windows-x86_64\opencv_dnn4100.dll
Event: 12.822 Loaded shared library C:\Users\HP\.javacpp\cache\opencv-4.10.0-1.5.11-windows-x86_64.jar\org\bytedeco\opencv\windows-x86_64\jniopencv_dnn.dll
Event: 12.931 Loaded shared library C:\Users\HP\.javacpp\cache\opencv-4.10.0-1.5.11-windows-x86_64.jar\org\bytedeco\opencv\windows-x86_64\opencv_objdetect4100.dll
Event: 12.940 Loaded shared library C:\Users\HP\.javacpp\cache\opencv-4.10.0-1.5.11-windows-x86_64.jar\org\bytedeco\opencv\windows-x86_64\jniopencv_objdetect.dll
Event: 13.194 Loaded shared library C:\Program Files\Microsoft\jdk-17.0.17.10-hotspot\bin\awt.dll

Deoptimization events (20 events):
Event: 13.645 Thread 0x0000018c08920d90 DEOPT PACKING pc=0x0000018c27e9e38a sp=0x0000006c51fff2f0
Event: 13.645 Thread 0x0000018c08920d90 DEOPT UNPACKING pc=0x0000018c2e9eace3 sp=0x0000006c51ffe760 mode 0
Event: 13.670 Thread 0x0000018c08920d90 DEOPT PACKING pc=0x0000018c27ea749d sp=0x0000006c51fff1d0
Event: 13.670 Thread 0x0000018c08920d90 DEOPT UNPACKING pc=0x0000018c2e9eace3 sp=0x0000006c51ffe670 mode 0
Event: 13.671 Thread 0x0000018c08920d90 DEOPT PACKING pc=0x0000018c27eaa9d5 sp=0x0000006c51fff0c0
Event: 13.671 Thread 0x0000018c08920d90 DEOPT UNPACKING pc=0x0000018c2e9eace3 sp=0x0000006c51ffe5a0 mode 0
Event: 13.674 Thread 0x0000018c08920d90 DEOPT PACKING pc=0x0000018c27e9e35b sp=0x0000006c51fff2f0
Event: 13.674 Thread 0x0000018c08920d90 DEOPT UNPACKING pc=0x0000018c2e9eace3 sp=0x0000006c51ffe760 mode 0
Event: 13.718 Thread 0x0000018c08920d90 DEOPT PACKING pc=0x0000018c27e9e35b sp=0x0000006c51fff2f0
Event: 13.718 Thread 0x0000018c08920d90 DEOPT UNPACKING pc=0x0000018c2e9eace3 sp=0x0000006c51ffe760 mode 0
Event: 14.038 Thread 0x0000018c7f833080 DEOPT PACKING pc=0x0000018c27d5c3a2 sp=0x0000006c520fcb50
Event: 14.038 Thread 0x0000018c7f833080 DEOPT UNPACKING pc=0x0000018c2e9eace3 sp=0x0000006c520fc050 mode 0
Event: 14.060 Thread 0x0000018c08920d90 DEOPT PACKING pc=0x0000018c27ebb8bd sp=0x0000006c51fff2d0
Event: 14.060 Thread 0x0000018c08920d90 DEOPT UNPACKING pc=0x0000018c2e9eace3 sp=0x0000006c51ffe7b0 mode 0
Event: 14.099 Thread 0x0000018c08920d90 DEOPT PACKING pc=0x0000018c27eb8f46 sp=0x0000006c51fff1b0
Event: 14.099 Thread 0x0000018c08920d90 DEOPT UNPACKING pc=0x0000018c2e9eace3 sp=0x0000006c51ffe638 mode 0
Event: 14.139 Thread 0x0000018c08920d90 DEOPT PACKING pc=0x0000018c27ebb8bd sp=0x0000006c51fff2d0
Event: 14.139 Thread 0x0000018c08920d90 DEOPT UNPACKING pc=0x0000018c2e9eace3 sp=0x0000006c51ffe7b0 mode 0
Event: 14.177 Thread 0x0000018c08920d90 DEOPT PACKING pc=0x0000018c27eb8f46 sp=0x0000006c51fff1b0
Event: 14.177 Thread 0x0000018c08920d90 DEOPT UNPACKING pc=0x0000018c2e9eace3 sp=0x0000006c51ffe638 mode 0

Classes loaded (20 events):
Event: 13.218 Loading class java/awt/color/ICC_Profile
Event: 13.219 Loading class java/awt/color/ICC_Profile done
Event: 13.219 Loading class java/awt/color/ICC_Profile$BuiltInProfile
Event: 13.219 Loading class java/awt/color/ICC_Profile$BuiltInProfile done
Event: 13.219 Loading class java/awt/color/ICC_ProfileRGB
Event: 13.219 Loading class java/awt/color/ICC_ProfileRGB done
Event: 13.219 Loading class sun/java2d/cmm/ProfileDeferralInfo
Event: 13.219 Loading class sun/java2d/cmm/ProfileDeferralInfo done
Event: 13.219 Loading class java/awt/color/ICC_ProfileGray
Event: 13.219 Loading class java/awt/color/ICC_ProfileGray done
Event: 13.224 Loading class java/awt/image/DataBufferByte
Event: 13.224 Loading class java/awt/image/DataBufferByte done
Event: 13.233 Loading class java/util/concurrent/SynchronousQueue
Event: 13.233 Loading class java/util/concurrent/SynchronousQueue done
Event: 13.233 Loading class java/util/concurrent/SynchronousQueue$TransferStack
Event: 13.233 Loading class java/util/concurrent/SynchronousQueue$Transferer
Event: 13.234 Loading class java/util/concurrent/SynchronousQueue$Transferer done
Event: 13.234 Loading class java/util/concurrent/SynchronousQueue$TransferStack done
Event: 13.234 Loading class java/util/concurrent/SynchronousQueue$TransferStack$SNode
Event: 13.234 Loading class java/util/concurrent/SynchronousQueue$TransferStack$SNode done

Classes unloaded (0 events):
No events

Classes redefined (0 events):
No events

Internal exceptions (20 events):
Event: 9.892 Thread 0x0000018c7f907bd0 Exception <a 'java/lang/NoSuchMethodError'{0x000000008aeae0a8}: 'java.lang.Object java.lang.invoke.Invokers$Holder.linkToTargetMethod(java.lang.Object, long, java.lang.Object)'> (0x000000008aeae0a8) 
thrown [s\src\hotspot\share\interpreter\linkResolver.cpp, line 759]
Event: 10.101 Thread 0x0000018c7f907bd0 Exception <a 'java/lang/NoSuchMethodError'{0x000000008ad731c8}: 'void java.lang.invoke.DirectMethodHandle$Holder.invokeVirtual(java.lang.Object, java.lang.Object)'> (0x000000008ad731c8) 
thrown [s\src\hotspot\share\interpreter\linkResolver.cpp, line 759]
Event: 10.135 Thread 0x0000018c08920d90 Exception <a 'java/lang/NoSuchMethodError'{0x000000008abf5e00}: 'int java.lang.invoke.DirectMethodHandle$Holder.invokeStaticInit(java.lang.Object, java.lang.Object, java.lang.Object, java.lang.Object)'> (0x000000008abf5e00) 
thrown [s\src\hotspot\share\interpreter\linkResolver.cpp, line 759]
Event: 10.137 Thread 0x0000018c08920d90 Exception <a 'java/lang/NoSuchMethodError'{0x000000008abff070}: 'java.lang.Object java.lang.invoke.DirectMethodHandle$Holder.invokeInterface(java.lang.Object, java.lang.Object)'> (0x000000008abff070) 
thrown [s\src\hotspot\share\interpreter\linkResolver.cpp, line 759]
Event: 10.137 Thread 0x0000018c08920d90 Exception <a 'java/lang/IncompatibleClassChangeError'{0x000000008aa02808}: Found class java.lang.Object, but interface was expected> (0x000000008aa02808) 
thrown [s\src\hotspot\share\interpreter\linkResolver.cpp, line 826]
Event: 10.311 Thread 0x0000018c7f907bd0 Exception <a 'java/lang/NoSuchMethodError'{0x0000000089dada00}: 'void java.lang.invoke.DirectMethodHandle$Holder.invokeSpecial(java.lang.Object, java.lang.Object, java.lang.Object, java.lang.Object, java.lang.Object, java.lang.Object)'> (0x0000000089dada00) 
thrown [s\src\hotspot\share\interpreter\linkResolver.cpp, line 759]
Event: 10.397 Thread 0x0000018c7f907bd0 Exception <a 'java/io/FileNotFoundException'{0x0000000088b47518}> (0x0000000088b47518) 
thrown [s\src\hotspot\share\prims\jni.cpp, line 516]
Event: 10.492 Thread 0x0000018c7f907bd0 Exception <a 'java/lang/ClassNotFoundException'{0x0000000087e6b790}: com/sun/javafx/scene/control/skin/resources/controls> (0x0000000087e6b790) 
thrown [s\src\hotspot\share\prims\jni.cpp, line 535]
Event: 10.493 Thread 0x0000018c7f907bd0 Exception <a 'java/lang/ClassNotFoundException'{0x0000000087e79700}: com/sun/javafx/scene/control/skin/resources/controls_fr> (0x0000000087e79700) 
thrown [s\src\hotspot\share\prims\jni.cpp, line 535]
Event: 10.494 Thread 0x0000018c7f907bd0 Exception <a 'java/lang/ClassNotFoundException'{0x0000000087e87408}: com/sun/javafx/scene/control/skin/resources/controls_fr_FR> (0x0000000087e87408) 
thrown [s\src\hotspot\share\prims\jni.cpp, line 535]
Event: 11.087 Thread 0x0000018c7f907bd0 Exception <a 'java/io/FileNotFoundException'{0x000000008a2985c0}> (0x000000008a2985c0) 
thrown [s\src\hotspot\share\prims\jni.cpp, line 516]
Event: 11.207 Thread 0x0000018c7f907bd0 Exception <a 'java/io/FileNotFoundException'{0x0000000088a358d0}> (0x0000000088a358d0) 
thrown [s\src\hotspot\share\prims\jni.cpp, line 516]
Event: 11.303 Thread 0x0000018c7f907bd0 Exception <a 'java/io/FileNotFoundException'{0x00000000877e2168}> (0x00000000877e2168) 
thrown [s\src\hotspot\share\prims\jni.cpp, line 516]
Event: 11.303 Thread 0x0000018c7f907bd0 Exception <a 'java/io/FileNotFoundException'{0x00000000877e3748}> (0x00000000877e3748) 
thrown [s\src\hotspot\share\prims\jni.cpp, line 516]
Event: 11.306 Thread 0x0000018c7f907bd0 Exception <a 'java/io/FileNotFoundException'{0x00000000877e8040}> (0x00000000877e8040) 
thrown [s\src\hotspot\share\prims\jni.cpp, line 516]
Event: 11.306 Thread 0x0000018c7f907bd0 Exception <a 'java/io/FileNotFoundException'{0x00000000877e9618}> (0x00000000877e9618) 
thrown [s\src\hotspot\share\prims\jni.cpp, line 516]
Event: 11.628 Thread 0x0000018c7f833080 Exception <a 'java/lang/NoSuchMethodError'{0x000000008679ae40}: 'java.lang.Object java.lang.invoke.DirectMethodHandle$Holder.invokeStaticInit(java.lang.Object, int)'> (0x000000008679ae40) 
thrown [s\src\hotspot\share\interpreter\linkResolver.cpp, line 759]
Event: 13.188 Thread 0x0000018c08920d90 Exception <a 'java/lang/ClassNotFoundException'{0x00000000859eabe8}: sun/awt/resources/spi/awtProvider> (0x00000000859eabe8) 
thrown [s\src\hotspot\share\classfile\systemDictionary.cpp, line 256]
Event: 13.195 Thread 0x0000018c08920d90 Exception <a 'java/io/FileNotFoundException'{0x00000000859edce0}> (0x00000000859edce0) 
thrown [s\src\hotspot\share\prims\jni.cpp, line 516]
Event: 13.195 Thread 0x0000018c08920d90 Exception <a 'java/io/FileNotFoundException'{0x00000000859ef1e0}> (0x00000000859ef1e0) 
thrown [s\src\hotspot\share\prims\jni.cpp, line 516]

VM Operations (20 events):
Event: 13.056 Executing VM operation: ICBufferFull done
Event: 13.147 Executing VM operation: HandshakeAllThreads
Event: 13.147 Executing VM operation: HandshakeAllThreads done
Event: 13.300 Executing VM operation: G1CollectForAllocation
Event: 13.303 Executing VM operation: G1CollectForAllocation done
Event: 13.304 Executing VM operation: G1CollectForAllocation
Event: 13.306 Executing VM operation: G1CollectForAllocation done
Event: 13.609 Executing VM operation: G1CollectForAllocation
Event: 13.610 Executing VM operation: G1CollectForAllocation done
Event: 13.871 Executing VM operation: G1CollectForAllocation
Event: 13.871 Executing VM operation: G1CollectForAllocation done
Event: 13.871 Executing VM operation: G1CollectForAllocation
Event: 13.873 Executing VM operation: G1CollectForAllocation done
Event: 14.103 Executing VM operation: G1CollectForAllocation
Event: 14.106 Executing VM operation: G1CollectForAllocation done
Event: 14.314 Executing VM operation: G1CollectForAllocation
Event: 14.316 Executing VM operation: G1CollectForAllocation done
Event: 14.479 Executing VM operation: G1CollectForAllocation
Event: 14.482 Executing VM operation: G1CollectForAllocation done
Event: 14.626 Executing VM operation: G1CollectForAllocation

Memory protections (0 events):
No events

Nmethod flushes (0 events):
No events

Events (20 events):
Event: 0.583 Thread 0x0000018c1f908f50 Thread added: 0x0000018c7f8fba30
Event: 0.586 Thread 0x0000018c1f908f50 Thread added: 0x0000018c7f907bd0
Event: 0.643 Thread 0x0000018c1f908f50 Thread added: 0x0000018c7fa92590
Event: 0.654 Thread 0x0000018c7faf9f70 Thread added: 0x0000018c7faf9f70
Event: 1.331 Thread 0x0000018c7f907bd0 Thread added: 0x0000018c09860a90
Event: 1.714 Thread 0x0000018c7f833080 Thread added: 0x0000018c0891fe60
Event: 2.687 Thread 0x0000018c7f137f40 Thread exited: 0x0000018c7f137f40
Event: 10.102 Thread 0x0000018c7f907bd0 Thread added: 0x0000018c08920d90
Event: 10.157 Thread 0x0000018c3dc4be60 Thread added: 0x0000018c09df35a0
Event: 10.226 Thread 0x0000018c09df35a0 Thread added: 0x0000018c09df3af0
Event: 11.340 Thread 0x0000018c08920d90 Thread added: 0x0000018c089212a0
Event: 13.234 Thread 0x0000018c08920d90 Thread added: 0x0000018c0891f950
Event: 13.234 Thread 0x0000018c08920d90 Thread added: 0x0000018c08920880
Event: 13.235 Thread 0x0000018c08920d90 Thread added: 0x0000018c0d0d7740
Event: 13.235 Thread 0x0000018c08920d90 Thread added: 0x0000018c0d0d6810
Event: 13.235 Thread 0x0000018c08920d90 Thread added: 0x0000018c0d0d6d20
Event: 13.239 Thread 0x0000018c08920d90 Thread added: 0x0000018c0d0d5df0
Event: 13.239 Thread 0x0000018c08920d90 Thread added: 0x0000018c0d0dd770
Event: 13.239 Thread 0x0000018c08920d90 Thread added: 0x0000018c0d0dcd50
Event: 14.451 Thread 0x0000018c09df3af0 Thread exited: 0x0000018c09df3af0


Dynamic libraries:
0x00007ff677b60000 - 0x00007ff677b6e000 	C:\Program Files\Microsoft\jdk-17.0.17.10-hotspot\bin\java.exe
0x00007ffe70070000 - 0x00007ffe70286000 	C:\WINDOWS\SYSTEM32\ntdll.dll
0x00007ffe6fe80000 - 0x00007ffe6ff44000 	C:\WINDOWS\System32\KERNEL32.DLL
0x00007ffe6d380000 - 0x00007ffe6d726000 	C:\WINDOWS\System32\KERNELBASE.dll
0x00007ffe6d8c0000 - 0x00007ffe6d9d1000 	C:\WINDOWS\System32\ucrtbase.dll
0x00007ffe4bc60000 - 0x00007ffe4bc7e000 	C:\Program Files\Microsoft\jdk-17.0.17.10-hotspot\bin\VCRUNTIME140.dll
0x00007ffe4bc40000 - 0x00007ffe4bc58000 	C:\Program Files\Microsoft\jdk-17.0.17.10-hotspot\bin\jli.dll
0x00007ffe6e0e0000 - 0x00007ffe6e28d000 	C:\WINDOWS\System32\USER32.dll
0x00007ffe6da60000 - 0x00007ffe6da86000 	C:\WINDOWS\System32\win32u.dll
0x00007ffe4d790000 - 0x00007ffe4da23000 	C:\WINDOWS\WinSxS\amd64_microsoft.windows.common-controls_6595b64144ccf1df_6.0.22621.3235_none_270f74e173860f98\COMCTL32.dll
0x00007ffe6f280000 - 0x00007ffe6f2a9000 	C:\WINDOWS\System32\GDI32.dll
0x00007ffe6ff50000 - 0x00007ffe6fff7000 	C:\WINDOWS\System32\msvcrt.dll
0x00007ffe6dc00000 - 0x00007ffe6dd18000 	C:\WINDOWS\System32\gdi32full.dll
0x00007ffe6d730000 - 0x00007ffe6d7ca000 	C:\WINDOWS\System32\msvcp_win.dll
0x00007ffe6de00000 - 0x00007ffe6de31000 	C:\WINDOWS\System32\IMM32.DLL
0x00007ffe64f10000 - 0x00007ffe64f1c000 	C:\Program Files\Microsoft\jdk-17.0.17.10-hotspot\bin\vcruntime140_1.dll
0x00007ffe41d80000 - 0x00007ffe41e09000 	C:\Program Files\Microsoft\jdk-17.0.17.10-hotspot\bin\msvcp140.dll
0x00007ffe09840000 - 0x00007ffe0a4ba000 	C:\Program Files\Microsoft\jdk-17.0.17.10-hotspot\bin\server\jvm.dll
0x00007ffe6f790000 - 0x00007ffe6f842000 	C:\WINDOWS\System32\ADVAPI32.dll
0x00007ffe6fdd0000 - 0x00007ffe6fe78000 	C:\WINDOWS\System32\sechost.dll
0x00007ffe6d7d0000 - 0x00007ffe6d7f8000 	C:\WINDOWS\System32\bcrypt.dll
0x00007ffe6f5a0000 - 0x00007ffe6f6b5000 	C:\WINDOWS\System32\RPCRT4.dll
0x00007ffe6f200000 - 0x00007ffe6f271000 	C:\WINDOWS\System32\WS2_32.dll
0x00007ffe6d250000 - 0x00007ffe6d29d000 	C:\WINDOWS\SYSTEM32\POWRPROF.dll
0x00007ffe62890000 - 0x00007ffe628c4000 	C:\WINDOWS\SYSTEM32\WINMM.dll
0x00007ffe5ff00000 - 0x00007ffe5ff0a000 	C:\WINDOWS\SYSTEM32\VERSION.dll
0x00007ffe6d230000 - 0x00007ffe6d243000 	C:\WINDOWS\SYSTEM32\UMPDC.dll
0x00007ffe6c3c0000 - 0x00007ffe6c3d8000 	C:\WINDOWS\SYSTEM32\kernel.appcore.dll
0x00007ffe56350000 - 0x00007ffe5635a000 	C:\Program Files\Microsoft\jdk-17.0.17.10-hotspot\bin\jimage.dll
0x00007ffe67260000 - 0x00007ffe67493000 	C:\WINDOWS\SYSTEM32\DBGHELP.DLL
0x00007ffe6ed00000 - 0x00007ffe6f088000 	C:\WINDOWS\System32\combase.dll
0x00007ffe6de40000 - 0x00007ffe6df17000 	C:\WINDOWS\System32\OLEAUT32.dll
0x00007ffe4e9d0000 - 0x00007ffe4ea02000 	C:\WINDOWS\SYSTEM32\dbgcore.DLL
0x00007ffe6d9e0000 - 0x00007ffe6da5a000 	C:\WINDOWS\System32\bcryptPrimitives.dll
0x00007ffe41d50000 - 0x00007ffe41d76000 	C:\Program Files\Microsoft\jdk-17.0.17.10-hotspot\bin\java.dll
0x00007ffe41c70000 - 0x00007ffe41d46000 	C:\Program Files\Microsoft\jdk-17.0.17.10-hotspot\bin\jsvml.dll
0x00007ffe6e450000 - 0x00007ffe6ecad000 	C:\WINDOWS\System32\SHELL32.dll
0x00007ffe6b2e0000 - 0x00007ffe6bbd8000 	C:\WINDOWS\SYSTEM32\windows.storage.dll
0x00007ffe6b1a0000 - 0x00007ffe6b2de000 	C:\WINDOWS\SYSTEM32\wintypes.dll
0x00007ffe6f4a0000 - 0x00007ffe6f593000 	C:\WINDOWS\System32\SHCORE.dll
0x00007ffe6f440000 - 0x00007ffe6f49e000 	C:\WINDOWS\System32\shlwapi.dll
0x00007ffe6d2b0000 - 0x00007ffe6d2d6000 	C:\WINDOWS\SYSTEM32\profapi.dll
0x00007ffe4bc20000 - 0x00007ffe4bc3b000 	C:\Program Files\Microsoft\jdk-17.0.17.10-hotspot\bin\net.dll
0x00007ffe62af0000 - 0x00007ffe62c27000 	C:\WINDOWS\SYSTEM32\WINHTTP.dll
0x00007ffe6c840000 - 0x00007ffe6c8a9000 	C:\WINDOWS\system32\mswsock.dll
0x00007ffe4b950000 - 0x00007ffe4b966000 	C:\Program Files\Microsoft\jdk-17.0.17.10-hotspot\bin\nio.dll
0x00007ffe41c50000 - 0x00007ffe41c68000 	C:\Program Files\Microsoft\jdk-17.0.17.10-hotspot\bin\zip.dll
0x0000018c1d7b0000 - 0x0000018c1d7b3000 	C:\Users\HP\.openjfx\cache\17.0.2-ea\api-ms-win-core-console-l1-1-0.dll
0x0000018c1f860000 - 0x0000018c1f863000 	C:\Users\HP\.openjfx\cache\17.0.2-ea\api-ms-win-core-console-l1-2-0.dll
0x0000018c1f870000 - 0x0000018c1f873000 	C:\Users\HP\.openjfx\cache\17.0.2-ea\api-ms-win-core-datetime-l1-1-0.dll
0x0000018c1f880000 - 0x0000018c1f883000 	C:\Users\HP\.openjfx\cache\17.0.2-ea\api-ms-win-core-debug-l1-1-0.dll
0x0000018c1f890000 - 0x0000018c1f893000 	C:\Users\HP\.openjfx\cache\17.0.2-ea\api-ms-win-core-errorhandling-l1-1-0.dll
0x0000018c3dc70000 - 0x0000018c3dc74000 	C:\Users\HP\.openjfx\cache\17.0.2-ea\api-ms-win-core-file-l1-1-0.dll
0x0000018c3dc80000 - 0x0000018c3dc83000 	C:\Users\HP\.openjfx\cache\17.0.2-ea\api-ms-win-core-file-l1-2-0.dll
0x0000018c3dc90000 - 0x0000018c3dc93000 	C:\Users\HP\.openjfx\cache\17.0.2-ea\api-ms-win-core-file-l2-1-0.dll
0x0000018c3dca0000 - 0x0000018c3dca3000 	C:\Users\HP\.openjfx\cache\17.0.2-ea\api-ms-win-core-handle-l1-1-0.dll
0x0000018c3dcb0000 - 0x0000018c3dcb3000 	C:\Users\HP\.openjfx\cache\17.0.2-ea\api-ms-win-core-heap-l1-1-0.dll
0x0000018c3dcc0000 - 0x0000018c3dcc3000 	C:\Users\HP\.openjfx\cache\17.0.2-ea\api-ms-win-core-interlocked-l1-1-0.dll
0x0000018c3dcd0000 - 0x0000018c3dcd3000 	C:\Users\HP\.openjfx\cache\17.0.2-ea\api-ms-win-core-libraryloader-l1-1-0.dll
0x0000018c3dce0000 - 0x0000018c3dce3000 	C:\Users\HP\.openjfx\cache\17.0.2-ea\api-ms-win-core-localization-l1-2-0.dll
0x0000018c3dcf0000 - 0x0000018c3dcf3000 	C:\Users\HP\.openjfx\cache\17.0.2-ea\api-ms-win-core-memory-l1-1-0.dll
0x0000018c3dd00000 - 0x0000018c3dd03000 	C:\Users\HP\.openjfx\cache\17.0.2-ea\api-ms-win-core-namedpipe-l1-1-0.dll
0x0000018c3dd10000 - 0x0000018c3dd13000 	C:\Users\HP\.openjfx\cache\17.0.2-ea\api-ms-win-core-processenvironment-l1-1-0.dll
0x0000018c3dd20000 - 0x0000018c3dd23000 	C:\Users\HP\.openjfx\cache\17.0.2-ea\api-ms-win-core-processthreads-l1-1-0.dll
0x0000018c3dd30000 - 0x0000018c3dd33000 	C:\Users\HP\.openjfx\cache\17.0.2-ea\api-ms-win-core-processthreads-l1-1-1.dll
0x0000018c3dd40000 - 0x0000018c3dd43000 	C:\Users\HP\.openjfx\cache\17.0.2-ea\api-ms-win-core-profile-l1-1-0.dll
0x0000018c3dd50000 - 0x0000018c3dd53000 	C:\Users\HP\.openjfx\cache\17.0.2-ea\api-ms-win-core-rtlsupport-l1-1-0.dll
0x0000018c3dd60000 - 0x0000018c3dd63000 	C:\Users\HP\.openjfx\cache\17.0.2-ea\api-ms-win-core-string-l1-1-0.dll
0x0000018c3dd70000 - 0x0000018c3dd73000 	C:\Users\HP\.openjfx\cache\17.0.2-ea\api-ms-win-core-synch-l1-1-0.dll
0x0000018c3dd80000 - 0x0000018c3dd83000 	C:\Users\HP\.openjfx\cache\17.0.2-ea\api-ms-win-core-synch-l1-2-0.dll
0x0000018c3dd90000 - 0x0000018c3dd93000 	C:\Users\HP\.openjfx\cache\17.0.2-ea\api-ms-win-core-sysinfo-l1-1-0.dll
0x0000018c3dda0000 - 0x0000018c3dda3000 	C:\Users\HP\.openjfx\cache\17.0.2-ea\api-ms-win-core-timezone-l1-1-0.dll
0x0000018c3ddb0000 - 0x0000018c3ddb3000 	C:\Users\HP\.openjfx\cache\17.0.2-ea\api-ms-win-core-util-l1-1-0.dll
0x0000018c3ddc0000 - 0x0000018c3ddc3000 	C:\Users\HP\.openjfx\cache\17.0.2-ea\api-ms-win-crt-conio-l1-1-0.dll
0x0000018c3ddd0000 - 0x0000018c3ddd4000 	C:\Users\HP\.openjfx\cache\17.0.2-ea\api-ms-win-crt-convert-l1-1-0.dll
0x0000018c3dde0000 - 0x0000018c3dde3000 	C:\Users\HP\.openjfx\cache\17.0.2-ea\api-ms-win-crt-environment-l1-1-0.dll
0x0000018c3ddf0000 - 0x0000018c3ddf3000 	C:\Users\HP\.openjfx\cache\17.0.2-ea\api-ms-win-crt-filesystem-l1-1-0.dll
0x0000018c3de00000 - 0x0000018c3de03000 	C:\Users\HP\.openjfx\cache\17.0.2-ea\api-ms-win-crt-heap-l1-1-0.dll
0x0000018c3de10000 - 0x0000018c3de13000 	C:\Users\HP\.openjfx\cache\17.0.2-ea\api-ms-win-crt-locale-l1-1-0.dll
0x0000018c3de20000 - 0x0000018c3de25000 	C:\Users\HP\.openjfx\cache\17.0.2-ea\api-ms-win-crt-math-l1-1-0.dll
0x0000018c3de30000 - 0x0000018c3de35000 	C:\Users\HP\.openjfx\cache\17.0.2-ea\api-ms-win-crt-multibyte-l1-1-0.dll
0x0000018c3de40000 - 0x0000018c3de50000 	C:\Users\HP\.openjfx\cache\17.0.2-ea\api-ms-win-crt-private-l1-1-0.dll
0x0000018c3de50000 - 0x0000018c3de53000 	C:\Users\HP\.openjfx\cache\17.0.2-ea\api-ms-win-crt-process-l1-1-0.dll
0x0000018c3de60000 - 0x0000018c3de64000 	C:\Users\HP\.openjfx\cache\17.0.2-ea\api-ms-win-crt-runtime-l1-1-0.dll
0x0000018c3de70000 - 0x0000018c3de74000 	C:\Users\HP\.openjfx\cache\17.0.2-ea\api-ms-win-crt-stdio-l1-1-0.dll
0x0000018c3de80000 - 0x0000018c3de84000 	C:\Users\HP\.openjfx\cache\17.0.2-ea\api-ms-win-crt-string-l1-1-0.dll
0x0000018c3de90000 - 0x0000018c3de93000 	C:\Users\HP\.openjfx\cache\17.0.2-ea\api-ms-win-crt-time-l1-1-0.dll
0x0000018c3dea0000 - 0x0000018c3dea3000 	C:\Users\HP\.openjfx\cache\17.0.2-ea\api-ms-win-crt-utility-l1-1-0.dll
0x00007ffe3ec00000 - 0x00007ffe3ecfc000 	C:\Users\HP\.openjfx\cache\17.0.2-ea\ucrtbase.dll
0x00007ffe41be0000 - 0x00007ffe41bfa000 	C:\Users\HP\.openjfx\cache\17.0.2-ea\vcruntime140.dll
0x00007ffe49490000 - 0x00007ffe4949c000 	C:\Users\HP\.openjfx\cache\17.0.2-ea\vcruntime140_1.dll
0x00007ffe3eb70000 - 0x00007ffe3ebfd000 	C:\Users\HP\.openjfx\cache\17.0.2-ea\msvcp140.dll
0x00007ffe41bb0000 - 0x00007ffe41bda000 	C:\Users\HP\.openjfx\cache\17.0.2-ea\prism_d3d.dll
0x00007ffe177f0000 - 0x00007ffe17999000 	C:\WINDOWS\system32\d3d9.dll
0x00007ffe677d0000 - 0x00007ffe677fb000 	C:\WINDOWS\SYSTEM32\dwmapi.dll
0x00007ffe674a0000 - 0x00007ffe674d9000 	C:\WINDOWS\SYSTEM32\dxcore.dll
0x00007ffe670b0000 - 0x00007ffe6715b000 	C:\WINDOWS\system32\uxtheme.dll
0x00007ffe41ee0000 - 0x00007ffe4208c000 	C:\WINDOWS\System32\DriverStore\FileRepository\iigd_dch.inf_amd64_9b53505f87f3498b\igdumdim64.dll
0x00007ffe6df20000 - 0x00007ffe6e0bf000 	C:\WINDOWS\System32\ole32.dll
0x00007ffdbe990000 - 0x00007ffdc31f4000 	C:\WINDOWS\System32\DriverStore\FileRepository\iigd_dch.inf_amd64_9b53505f87f3498b\igd9dxva64.dll
0x00007ffe6f8b0000 - 0x00007ffe6fd24000 	C:\WINDOWS\System32\SETUPAPI.dll
0x00007ffe6cf80000 - 0x00007ffe6cfce000 	C:\WINDOWS\SYSTEM32\cfgmgr32.dll
0x00007ffe5d860000 - 0x00007ffe5dc69000 	C:\WINDOWS\System32\DriverStore\FileRepository\iigd_dch.inf_amd64_9b53505f87f3498b\igdgmm64.dll
0x00007ffe62c30000 - 0x00007ffe62c7a000 	C:\WINDOWS\SYSTEM32\directxdatabasehelper.dll
0x00007ffe419d0000 - 0x00007ffe41a12000 	C:\Users\HP\.openjfx\cache\17.0.2-ea\glass.dll
0x00007ffe6f2b0000 - 0x00007ffe6f3a9000 	C:\WINDOWS\System32\COMDLG32.dll
0x00007ffe6f0a0000 - 0x00007ffe6f1f4000 	C:\WINDOWS\System32\MSCTF.dll
0x00007ffe0cad0000 - 0x00007ffe0caf7000 	C:\WINDOWS\System32\DriverStore\FileRepository\iigd_dch.inf_amd64_9b53505f87f3498b\igdinfo64.dll
0x00007ffe58fd0000 - 0x00007ffe5d654000 	C:\WINDOWS\System32\DriverStore\FileRepository\iigd_dch.inf_amd64_9b53505f87f3498b\igc64.dll
0x00007ffe41b90000 - 0x00007ffe41ba4000 	C:\Users\HP\.openjfx\cache\17.0.2-ea\javafx_font.dll
0x00007ffe659a0000 - 0x00007ffe65c14000 	C:\WINDOWS\SYSTEM32\dwrite.dll
0x00007ffe6f6c0000 - 0x00007ffe6f770000 	C:\WINDOWS\System32\clbcatq.dll
0x00007ffe65740000 - 0x00007ffe658f0000 	C:\WINDOWS\SYSTEM32\WindowsCodecs.dll
0x00007ffe3d350000 - 0x00007ffe3d3ae000 	C:\WINDOWS\system32\dataexchange.dll
0x00007ffe60570000 - 0x00007ffe607ff000 	C:\WINDOWS\system32\twinapi.appcore.dll
0x00007ffe4bbe0000 - 0x00007ffe4bc12000 	C:\Program Files\Common Files\Microsoft Shared\Ink\rtscom.dll
0x00007ffe50b20000 - 0x00007ffe50c6a000 	C:\WINDOWS\SYSTEM32\textinputframework.dll
0x00007ffe66ae0000 - 0x00007ffe66c14000 	C:\WINDOWS\SYSTEM32\CoreMessaging.dll
0x00007ffe61940000 - 0x00007ffe61cac000 	C:\WINDOWS\SYSTEM32\CoreUIComponents.dll
0x00007ffe6ca90000 - 0x00007ffe6ca9c000 	C:\WINDOWS\SYSTEM32\CRYPTBASE.DLL
0x0000018c0a6a0000 - 0x0000018c0a6a4000 	C:\Program Files\Microsoft\jdk-17.0.17.10-hotspot\bin\api-ms-win-crt-locale-l1-1-0.dll
0x0000018c0a6b0000 - 0x0000018c0a6b5000 	C:\Program Files\Microsoft\jdk-17.0.17.10-hotspot\bin\api-ms-win-crt-string-l1-1-0.dll
0x0000018c0a6c0000 - 0x0000018c0a6c5000 	C:\Program Files\Microsoft\jdk-17.0.17.10-hotspot\bin\api-ms-win-crt-stdio-l1-1-0.dll
0x0000018c0a6d0000 - 0x0000018c0a6d6000 	C:\Program Files\Microsoft\jdk-17.0.17.10-hotspot\bin\api-ms-win-crt-math-l1-1-0.dll
0x0000018c0a6e0000 - 0x0000018c0a6e4000 	C:\Program Files\Microsoft\jdk-17.0.17.10-hotspot\bin\api-ms-win-crt-heap-l1-1-0.dll
0x0000018c0a710000 - 0x0000018c0a715000 	C:\Program Files\Microsoft\jdk-17.0.17.10-hotspot\bin\api-ms-win-crt-runtime-l1-1-0.dll
0x0000018c0a720000 - 0x0000018c0a725000 	C:\Program Files\Microsoft\jdk-17.0.17.10-hotspot\bin\api-ms-win-crt-convert-l1-1-0.dll
0x0000018c0a730000 - 0x0000018c0a734000 	C:\Program Files\Microsoft\jdk-17.0.17.10-hotspot\bin\api-ms-win-crt-environment-l1-1-0.dll

dbghelp: loaded successfully - version: 4.0.5 - missing functions: none
symbol engine: initialized successfully - sym options: 0x614 - pdb path: .;C:\Program Files\Microsoft\jdk-17.0.17.10-hotspot\bin;C:\WINDOWS\SYSTEM32;C:\WINDOWS\WinSxS\amd64_microsoft.windows.common-controls_6595b64144ccf1df_6.0.22621.3235_none_270f74e173860f98;C:\Program Files\Microsoft\jdk-17.0.17.10-hotspot\bin\server;C:\Users\HP\.openjfx\cache\17.0.2-ea;C:\WINDOWS\System32\DriverStore\FileRepository\iigd_dch.inf_amd64_9b53505f87f3498b;C:\Program Files\Common Files\Microsoft Shared\Ink;C:\Users\HP\.javacpp\cache\openblas-0.3.28-1.5.11-windows-x86_64.jar\org\bytedeco\openblas\windows-x86_64;C:\Users\HP\.javacpp\cache\javacpp-1.5.11-windows-x86_64.jar\org\bytedeco\javacpp\windows-x86_64;C:\Users\HP\.javacpp\cache\opencv-4.10.0-1.5.11-windows-x86_64.jar\org\bytedeco\opencv\windows-x86_64

VM Arguments:
jvm_args: --module-path=C:\Users\HP\.m2\repository\org\openjfx\javafx-base\17.0.2\javafx-base-17.0.2-win.jar;C:\Users\HP\.m2\repository\org\openjfx\javafx-base\17.0.2\javafx-base-17.0.2.jar;C:\Users\HP\.m2\repository\org\openjfx\javafx-controls\17.0.2\javafx-controls-17.0.2-win.jar;C:\Users\HP\.m2\repository\org\openjfx\javafx-controls\17.0.2\javafx-controls-17.0.2.jar;C:\Users\HP\.m2\repository\org\openjfx\javafx-fxml\17.0.2\javafx-fxml-17.0.2-win.jar;C:\Users\HP\.m2\repository\org\openjfx\javafx-fxml\17.0.2\javafx-fxml-17.0.2.jar;C:\Users\HP\.m2\repository\org\openjfx\javafx-graphics\17.0.2\javafx-graphics-17.0.2-win.jar;C:\Users\HP\.m2\repository\org\openjfx\javafx-graphics\17.0.2\javafx-graphics-17.0.2.jar --add-modules=javafx.base,javafx.controls,javafx.fxml,javafx.graphics 
java_command: tech.HTECH.ui.AppJavaFX
java_class_path (initial): D:\Dossier Harold\CompFaceModule\target\classes;C:\Users\HP\.m2\repository\ch\qos\logback\logback-classic\1.5.8\logback-classic-1.5.8.jar;C:\Users\HP\.m2\repository\ch\qos\logback\logback-core\1.5.8\logback-core-1.5.8.jar;C:\Users\HP\.m2\repository\net\imagej\ij\1.53f\ij-1.53f.jar;C:\Users\HP\.m2\repository\org\bytedeco\artoolkitplus\2.3.1-1.5.9\artoolkitplus-2.3.1-1.5.9-android-arm.jar;C:\Users\HP\.m2\repository\org\bytedeco\artoolkitplus\2.3.1-1.5.9\artoolkitplus-2.3.1-1.5.9-android-arm64.jar;C:\Users\HP\.m2\repository\org\bytedeco\artoolkitplus\2.3.1-1.5.9\artoolkitplus-2.3.1-1.5.9-android-x86.jar;C:\Users\HP\.m2\repository\org\bytedeco\artoolkitplus\2.3.1-1.5.9\artoolkitplus-2.3.1-1.5.9-android-x86_64.jar;C:\Users\HP\.m2\repository\org\bytedeco\artoolkitplus\2.3.1-1.5.9\artoolkitplus-2.3.1-1.5.9-linux-arm64.jar;C:\Users\HP\.m2\repository\org\bytedeco\artoolkitplus\2.3.1-1.5.9\artoolkitplus-2.3.1-1.5.9-linux-armhf.jar;C:\Users\HP\.m2\repository\org\bytedeco\artoolkitplus\2.3.1-1.5.9\artoolkitplus-2.3.1-1.5.9-linux-ppc64le.jar;C:\Users\HP\.m2\repository\org\bytedeco\artoolkitplus\2.3.1-1.5.9\artoolkitplus-2.3.1-1.5.9-linux-x86.jar;C:\Users\HP\.m2\repository\org\bytedeco\artoolkitplus\2.3.1-1.5.9\artoolkitplus-2.3.1-1.5.9-linux-x86_64.jar;C:\Users\HP\.m2\repository\org\bytedeco\artoolkitplus\2.3.1-1.5.9\artoolkitplus-2.3.1-1.5.9-macosx-x86_64.jar;C:\Users\HP\.m2\repository\org\bytedeco\artoolkitplus\2.3.1-1.5.9\artoolkitplus-2.3.1-1.5.9-windows-x86.jar;C:\Users\HP\.m2\repository\org\bytedeco\artoolkitplus\2.3.1-1.5.9\artoolkitplus-2.3.1-1.5.9-windows-x86_64.jar;C:\Users\HP\.m2\repository\org\bytedeco\artoolkitplus\2.3.1-1.5.9\artoolkitplus-2.3.1-1.5.9.jar;C:\Users\HP\.m2\repository\org\bytedeco\artoolkitplus-platform\2.3.1-1.5.9\artoolkitplus-platform-2.3.1-1.5.9.jar;C:\Users\HP\.m2\repository\org\bytedeco\ffmpeg\7.1-1.5.11\ffmpeg-7.1-1.5.11-android-arm64.jar;C:\Users\HP\.m2\repository\org\bytedeco\ffmpeg\7.1-1.5.11\ffmpeg-7.1-1.5.11-an
Launcher Type: SUN_STANDARD

[Global flags]
     intx CICompilerCount                          = 4                                         {product} {ergonomic}
     uint ConcGCThreads                            = 2                                         {product} {ergonomic}
     uint G1ConcRefinementThreads                  = 8                                         {product} {ergonomic}
   size_t G1HeapRegionSize                         = 1048576                                   {product} {ergonomic}
    uintx GCDrainStackTargetSize                   = 64                                        {product} {ergonomic}
   size_t InitialHeapSize                          = 132120576                                 {product} {ergonomic}
   size_t MarkStackSize                            = 4194304                                   {product} {ergonomic}
   size_t MaxHeapSize                              = 2090860544                                {product} {ergonomic}
   size_t MaxNewSize                               = 1254096896                                {product} {ergonomic}
   size_t MinHeapDeltaBytes                        = 1048576                                   {product} {ergonomic}
   size_t MinHeapSize                              = 8388608                                   {product} {ergonomic}
    uintx NonNMethodCodeHeapSize                   = 5839372                                {pd product} {ergonomic}
    uintx NonProfiledCodeHeapSize                  = 122909434                              {pd product} {ergonomic}
    uintx ProfiledCodeHeapSize                     = 122909434                              {pd product} {ergonomic}
    uintx ReservedCodeCacheSize                    = 251658240                              {pd product} {ergonomic}
     bool SegmentedCodeCache                       = true                                      {product} {ergonomic}
   size_t SoftMaxHeapSize                          = 2090860544                             {manageable} {ergonomic}
     bool UseCompressedClassPointers               = true                           {product lp64_product} {ergonomic}
     bool UseCompressedOops                        = true                           {product lp64_product} {ergonomic}
     bool UseG1GC                                  = true                                      {product} {ergonomic}
     bool UseLargePagesIndividualAllocation        = false                                  {pd product} {ergonomic}

Logging:
Log output configuration:
 #0: stdout all=warning uptime,level,tags
 #1: stderr all=off uptime,level,tags

Environment Variables:
JAVA_HOME=C:\Program Files\Microsoft\jdk-17.0.17.10-hotspot\
PATH=C:\Program Files\Microsoft\jdk-17.0.17.10-hotspot\bin;C:\WINDOWS\system32;C:\WINDOWS;C:\WINDOWS\System32\Wbem;C:\WINDOWS\System32\WindowsPowerShell\v1.0\;C:\WINDOWS\System32\OpenSSH\;C:\Program Files (x86)\dotnet\;C:\Program Files (x86)\HP\HP OCR\DB_Lib\;C:\Program Files\HP\Common\HPDestPlgIn\;C:\Program Files (x86)\HP\Common\HPDestPlgIn\;C:\Program Files\Git\cmd;C:\Program Files\nodejs\;C:\xampp\php;C:\ProgramData\ComposerSetup\bin;C:\Users\HP\AppData\Local\Programs\Python\Python312\Scripts\;C:\Users\HP\AppData\Local\Programs\Python\Python312\;C:\Users\HP\AppData\Local\Programs\Python\Launcher\;C:\Program Files\Microsoft\jdk-17.0.17.10-hotspot\bin;C:\WINDOWS\system32;C:\WINDOWS;C:\WINDOWS\System32\Wbem;C:\WINDOWS\System32\WindowsPowerShell\v1.0\;C:\WINDOWS\System32\OpenSSH\;C:\Program Files (x86)\dotnet\;C:\Program Files (x86)\HP\HP OCR\DB_Lib\;C:\Program Files\HP\Common\HPDestPlgIn\;C:\Program Files (x86)\HP\Common\HPDestPlgIn\;C:\Program Files\Git\cmd;C:\Users\HP\AppData\Local\Microsoft\WindowsApps;C:\Program Files\HP\Common\HPDestPlgIn\;C:\Program Files (x86)\HP\Common\HPDestPlgIn\;C:\Users\HP\AppData\Local\Programs\Antigravity\bin;C:\Users\HP\AppData\Local\Programs\Microsoft VS Code\bin;C:\Program Files\JetBrains\IntelliJ IDEA 2025.3.1.1\bin;E:\CompFaceModule\apache-maven-3.9.9\bin;C:\Program Files (x86)\Apache\apache-maven-3.9.12\bin;C:\Users\HP\AppData\Roaming\npm;C:\Users\HP\AppData\Roaming\Composer\vendor\bin;c:\Users\HP\.antigravity\extensions\vscjava.vscode-java-debug-0.58.5-universal\bundled\scripts\noConfigScripts;c:\Users\HP\.antigravity\extensions\ms-python.debugpy-2025.18.0-win32-x64\bundled\scripts\noConfigScripts
USERNAME=HP
LANG=en_US.UTF-8
OS=Windows_NT
PROCESSOR_IDENTIFIER=Intel64 Family 6 Model 126 Stepping 5, GenuineIntel
TMP=C:\Users\HP\AppData\Local\Temp
TEMP=C:\Users\HP\AppData\Local\Temp



Periodic native trim disabled


---------------  S Y S T E M  ---------------

OS:
 Windows 11 , 64 bit Build 22621 (10.0.22621.3235)
OS uptime: 0 days 2:44 hours

CPU: total 8 (initial active 8) (4 cores per cpu, 2 threads per core) family 6 model 126 stepping 5 microcode 0xa0, cx8, cmov, fxsr, ht, mmx, 3dnowpref, sse, sse2, sse3, ssse3, sse4.1, sse4.2, popcnt, lzcnt, tsc, tscinvbit, avx, avx2, aes, erms, clmul, bmi1, bmi2, adx, avx512f, avx512dq, avx512cd, avx512bw, avx512vl, sha, fma, vzeroupper, avx512_vpopcntdq, avx512_vpclmulqdq, avx512_vaes, avx512_vnni, clflush, clflushopt, avx512_vbmi2, avx512_vbmi
Processor Information for the first 8 processors :
  Max Mhz: 1190, Current Mhz: 991, Mhz Limit: 987

Memory: 4k page, system-wide physical 7973M (473M free)
TotalPageFile size 25767M (AvailPageFile size 23M)
current process WorkingSet (physical memory assigned to process): 304M, peak: 304M
current process commit charge ("private bytes"): 2124M, peak: 2168M

vm_info: OpenJDK 64-Bit Server VM (17.0.17+10-LTS) for windows-amd64 JRE (17.0.17+10-LTS), built on Oct 13 2025 22:19:56 by "MicrosoftCorporation" with unknown MS VC++:1944

END.
